Component: ARM Compiler 5.06 update 6 (build 750) Tool: armlink [4d35ed]

==============================================================================

Section Cross References

    startup_stm32f407xx.o(RESET) refers to startup_stm32f407xx.o(STACK) for __initial_sp
    startup_stm32f407xx.o(RESET) refers to startup_stm32f407xx.o(.text) for Reset_Handler
    startup_stm32f407xx.o(RESET) refers to stm32f4xx_it.o(i.NMI_Handler) for NMI_Handler
    startup_stm32f407xx.o(RESET) refers to stm32f4xx_it.o(i.HardFault_Handler) for HardFault_Handler
    startup_stm32f407xx.o(RESET) refers to stm32f4xx_it.o(i.MemManage_Handler) for MemManage_Handler
    startup_stm32f407xx.o(RESET) refers to stm32f4xx_it.o(i.BusFault_Handler) for BusFault_Handler
    startup_stm32f407xx.o(RESET) refers to stm32f4xx_it.o(i.UsageFault_Handler) for UsageFault_Handler
    startup_stm32f407xx.o(RESET) refers to stm32f4xx_it.o(i.SVC_Handler) for SVC_Handler
    startup_stm32f407xx.o(RESET) refers to stm32f4xx_it.o(i.DebugMon_Handler) for DebugMon_Handler
    startup_stm32f407xx.o(RESET) refers to stm32f4xx_it.o(i.PendSV_Handler) for PendSV_Handler
    startup_stm32f407xx.o(RESET) refers to stm32f4xx_it.o(i.SysTick_Handler) for SysTick_Handler
    startup_stm32f407xx.o(RESET) refers to stm32f4xx_it.o(i.EXTI1_IRQHandler) for EXTI1_IRQHandler
    startup_stm32f407xx.o(RESET) refers to stm32f4xx_it.o(i.EXTI9_5_IRQHandler) for EXTI9_5_IRQHandler
    startup_stm32f407xx.o(RESET) refers to stm32f4xx_it.o(i.EXTI15_10_IRQHandler) for EXTI15_10_IRQHandler
    startup_stm32f407xx.o(.text) refers to system_stm32f4xx.o(i.SystemInit) for SystemInit
    startup_stm32f407xx.o(.text) refers to entry.o(.ARM.Collect$$$$00000000) for __main
    main.o(i.SystemClock_Config) refers to stm32f4xx_hal_rcc.o(i.HAL_RCC_OscConfig) for HAL_RCC_OscConfig
    main.o(i.SystemClock_Config) refers to stm32f4xx_hal_rcc.o(i.HAL_RCC_ClockConfig) for HAL_RCC_ClockConfig
    main.o(i.SystemClock_Config) refers to stm32f4xx_hal_rcc.o(i.HAL_RCC_GetHCLKFreq) for HAL_RCC_GetHCLKFreq
    main.o(i.SystemClock_Config) refers to stm32f4xx_hal_cortex.o(i.HAL_SYSTICK_Config) for HAL_SYSTICK_Config
    main.o(i.SystemClock_Config) refers to stm32f4xx_hal_cortex.o(i.HAL_SYSTICK_CLKSourceConfig) for HAL_SYSTICK_CLKSourceConfig
    main.o(i.SystemClock_Config) refers to stm32f4xx_hal_cortex.o(i.HAL_NVIC_SetPriority) for HAL_NVIC_SetPriority
    main.o(i.func) refers to dflti.o(.text) for __aeabi_i2d
    main.o(i.func) refers to pow.o(i.__hardfp_pow) for __hardfp_pow
    main.o(i.func) refers to d2f.o(.text) for __aeabi_d2f
    main.o(i.main) refers to stm32f4xx_hal.o(i.HAL_GetTick) for HAL_GetTick
    main.o(i.main) refers to pid.o(i.set_Gains_distance) for set_Gains_distance
    main.o(i.main) refers to stm32f4xx_hal.o(i.HAL_Init) for HAL_Init
    main.o(i.main) refers to main.o(i.SystemClock_Config) for SystemClock_Config
    main.o(i.main) refers to gpio.o(i.MX_GPIO_Init) for MX_GPIO_Init
    main.o(i.main) refers to adc.o(i.MX_ADC1_Init) for MX_ADC1_Init
    main.o(i.main) refers to tim.o(i.MX_TIM8_Init) for MX_TIM8_Init
    main.o(i.main) refers to usart.o(i.MX_USART1_UART_Init) for MX_USART1_UART_Init
    main.o(i.main) refers to usart.o(i.MX_USART3_UART_Init) for MX_USART3_UART_Init
    main.o(i.main) refers to robo_init.o(i.wheel_init) for wheel_init
    main.o(i.main) refers to encoder.o(i.init_encoder) for init_encoder
    main.o(i.main) refers to pid.o(i.set_OutputLimit) for set_OutputLimit
    main.o(i.main) refers to stm32f4xx_hal_tim.o(i.HAL_TIM_Base_Start) for HAL_TIM_Base_Start
    main.o(i.main) refers to stm32f4xx_hal_tim.o(i.HAL_TIM_PWM_Start) for HAL_TIM_PWM_Start
    main.o(i.main) refers to printfa.o(i.__0printf) for __2printf
    main.o(i.main) refers to pid.o(i.calculate_velocity_with_pid) for calculate_velocity_with_pid
    main.o(i.main) refers to encoder.o(i.calculate_robot_distance) for calculate_robot_distance
    main.o(i.main) refers to pid.o(.data) for update_tick
    main.o(i.main) refers to pid.o(.bss) for pid_dis_1
    main.o(i.main) refers to tim.o(.bss) for htim8
    main.o(i.main) refers to drive.o(.bss) for velocity
    adc.o(i.HAL_ADC_MspDeInit) refers to stm32f4xx_hal_gpio.o(i.HAL_GPIO_DeInit) for HAL_GPIO_DeInit
    adc.o(i.HAL_ADC_MspInit) refers to stm32f4xx_hal_gpio.o(i.HAL_GPIO_Init) for HAL_GPIO_Init
    adc.o(i.MX_ADC1_Init) refers to stm32f4xx_hal_adc.o(i.HAL_ADC_Init) for HAL_ADC_Init
    adc.o(i.MX_ADC1_Init) refers to main.o(i._Error_Handler) for _Error_Handler
    adc.o(i.MX_ADC1_Init) refers to stm32f4xx_hal_adc.o(i.HAL_ADC_ConfigChannel) for HAL_ADC_ConfigChannel
    adc.o(i.MX_ADC1_Init) refers to adc.o(.bss) for .bss
    tim.o(i.HAL_TIM_Base_MspInit) refers to stm32f4xx_hal_cortex.o(i.HAL_NVIC_SetPriority) for HAL_NVIC_SetPriority
    tim.o(i.HAL_TIM_Base_MspInit) refers to stm32f4xx_hal_cortex.o(i.HAL_NVIC_EnableIRQ) for HAL_NVIC_EnableIRQ
[...]
    Removing stm32f4xx_hal_dma.o(i.HAL_DMA_IRQHandler), (416 bytes).
    Removing stm32f4xx_hal_dma.o(i.HAL_DMA_Init), (736 bytes).
    Removing stm32f4xx_hal_dma.o(i.HAL_DMA_PollForTransfer), (292 bytes).
    Removing stm32f4xx_hal_dma.o(i.HAL_DMA_RegisterCallback), (80 bytes).
    Removing stm32f4xx_hal_dma.o(i.HAL_DMA_Start), (164 bytes).
    Removing stm32f4xx_hal_dma.o(i.HAL_DMA_Start_IT), (208 bytes).
    Removing stm32f4xx_hal_dma.o(i.HAL_DMA_UnRegisterCallback), (96 bytes).
    Removing stm32f4xx_hal_dma.o(.constdata), (8 bytes).
    Removing stm32f4xx_hal_pwr.o(.rev16_text), (4 bytes).
    Removing stm32f4xx_hal_pwr.o(.revsh_text), (4 bytes).
    Removing stm32f4xx_hal_pwr.o(.rrx_text), (6 bytes).
    Removing stm32f4xx_hal_pwr.o(i.HAL_PWR_ConfigPVD), (280 bytes).
    Removing stm32f4xx_hal_pwr.o(i.HAL_PWR_DeInit), (24 bytes).
    Removing stm32f4xx_hal_pwr.o(i.HAL_PWR_DisableBkUpAccess), (12 bytes).
    Removing stm32f4xx_hal_pwr.o(i.HAL_PWR_DisablePVD), (12 bytes).
    Removing stm32f4xx_hal_pwr.o(i.HAL_PWR_DisableSEVOnPend), (16 bytes).
    Removing stm32f4xx_hal_pwr.o(i.HAL_PWR_DisableSleepOnExit), (16 bytes).
    Removing stm32f4xx_hal_pwr.o(i.HAL_PWR_DisableWakeUpPin), (92 bytes).
    Removing stm32f4xx_hal_pwr.o(i.HAL_PWR_EnableBkUpAccess), (12 bytes).
    Removing stm32f4xx_hal_pwr.o(i.HAL_PWR_EnablePVD), (12 bytes).
    Removing stm32f4xx_hal_pwr.o(i.HAL_PWR_EnableSEVOnPend), (16 bytes).
    Removing stm32f4xx_hal_pwr.o(i.HAL_PWR_EnableSleepOnExit), (16 bytes).
    Removing stm32f4xx_hal_pwr.o(i.HAL_PWR_EnableWakeUpPin), (92 bytes).
    Removing stm32f4xx_hal_pwr.o(i.HAL_PWR_EnterSLEEPMode), (124 bytes).
    Removing stm32f4xx_hal_pwr.o(i.HAL_PWR_EnterSTANDBYMode), (32 bytes).
    Removing stm32f4xx_hal_pwr.o(i.HAL_PWR_EnterSTOPMode), (152 bytes).
    Removing stm32f4xx_hal_pwr.o(i.HAL_PWR_PVDCallback), (2 bytes).
    Removing stm32f4xx_hal_pwr.o(i.HAL_PWR_PVD_IRQHandler), (28 bytes).
    Removing stm32f4xx_hal_pwr_ex.o(.rev16_text), (4 bytes).
    Removing stm32f4xx_hal_pwr_ex.o(.revsh_text), (4 bytes).
    Removing stm32f4xx_hal_pwr_ex.o(.rrx_text), (6 bytes).
    Removing stm32f4xx_hal_pwr_ex.o(i.HAL_PWREx_ControlVoltageScaling), (168 bytes).
    Removing stm32f4xx_hal_pwr_ex.o(i.HAL_PWREx_DisableBkUpReg), (60 bytes).
    Removing stm32f4xx_hal_pwr_ex.o(i.HAL_PWREx_DisableFlashPowerDown), (12 bytes).
    Removing stm32f4xx_hal_pwr_ex.o(i.HAL_PWREx_EnableBkUpReg), (60 bytes).
    Removing stm32f4xx_hal_pwr_ex.o(i.HAL_PWREx_EnableFlashPowerDown), (12 bytes).
    Removing stm32f4xx_hal_pwr_ex.o(i.HAL_PWREx_GetVoltageRange), (16 bytes).
    Removing stm32f4xx_hal_cortex.o(.rev16_text), (4 bytes).
    Removing stm32f4xx_hal_cortex.o(.revsh_text), (4 bytes).
    Removing stm32f4xx_hal_cortex.o(.rrx_text), (6 bytes).
    Removing stm32f4xx_hal_cortex.o(i.HAL_MPU_ConfigRegion), (480 bytes).
    Removing stm32f4xx_hal_cortex.o(i.HAL_MPU_Disable), (28 bytes).
    Removing stm32f4xx_hal_cortex.o(i.HAL_MPU_Enable), (36 bytes).
    Removing stm32f4xx_hal_cortex.o(i.HAL_NVIC_ClearPendingIRQ), (100 bytes).
    Removing stm32f4xx_hal_cortex.o(i.HAL_NVIC_DisableIRQ), (96 bytes).
    Removing stm32f4xx_hal_cortex.o(i.HAL_NVIC_GetActive), (104 bytes).
    Removing stm32f4xx_hal_cortex.o(i.HAL_NVIC_GetPendingIRQ), (104 bytes).
    Removing stm32f4xx_hal_cortex.o(i.HAL_NVIC_GetPriority), (184 bytes).
    Removing stm32f4xx_hal_cortex.o(i.HAL_NVIC_GetPriorityGrouping), (16 bytes).
    Removing stm32f4xx_hal_cortex.o(i.HAL_NVIC_SetPendingIRQ), (100 bytes).
    Removing stm32f4xx_hal_cortex.o(i.HAL_NVIC_SystemReset), (36 bytes).
    Removing stm32f4xx_hal.o(.rev16_text), (4 bytes).
    Removing stm32f4xx_hal.o(.revsh_text), (4 bytes).
    Removing stm32f4xx_hal.o(.rrx_text), (6 bytes).
    Removing stm32f4xx_hal.o(i.HAL_DBGMCU_DisableDBGSleepMode), (16 bytes).
    Removing stm32f4xx_hal.o(i.HAL_DBGMCU_DisableDBGStandbyMode), (16 bytes).
    Removing stm32f4xx_hal.o(i.HAL_DBGMCU_DisableDBGStopMode), (16 bytes).
    Removing stm32f4xx_hal.o(i.HAL_DBGMCU_EnableDBGSleepMode), (16 bytes).
    Removing stm32f4xx_hal.o(i.HAL_DBGMCU_EnableDBGStandbyMode), (16 bytes).
    Removing stm32f4xx_hal.o(i.HAL_DBGMCU_EnableDBGStopMode), (16 bytes).
    Removing stm32f4xx_hal.o(i.HAL_DeInit), (52 bytes).
    Removing stm32f4xx_hal.o(i.HAL_Delay), (36 bytes).
    Removing stm32f4xx_hal.o(i.HAL_DisableCompensationCell), (12 bytes).
    Removing stm32f4xx_hal.o(i.HAL_EnableCompensationCell), (12 bytes).
    Removing stm32f4xx_hal.o(i.HAL_GetDEVID), (16 bytes).
    Removing stm32f4xx_hal.o(i.HAL_GetHalVersion), (8 bytes).
    Removing stm32f4xx_hal.o(i.HAL_GetREVID), (12 bytes).
    Removing stm32f4xx_hal.o(i.HAL_GetTickFreq), (12 bytes).
    Removing stm32f4xx_hal.o(i.HAL_GetTickPrio), (12 bytes).
    Removing stm32f4xx_hal.o(i.HAL_GetUID), (28 bytes).
    Removing stm32f4xx_hal.o(i.HAL_MspDeInit), (2 bytes).
    Removing stm32f4xx_hal.o(i.HAL_MspInit), (2 bytes).
    Removing stm32f4xx_hal.o(i.HAL_ResumeTick), (14 bytes).
    Removing stm32f4xx_hal.o(i.HAL_SetTickFreq), (108 bytes).
    Removing stm32f4xx_hal.o(i.HAL_SuspendTick), (14 bytes).
    Removing system_stm32f4xx.o(.rev16_text), (4 bytes).
    Removing system_stm32f4xx.o(.revsh_text), (4 bytes).
    Removing system_stm32f4xx.o(.rrx_text), (6 bytes).
    Removing system_stm32f4xx.o(i.SystemCoreClockUpdate), (120 bytes).
    Removing dneg.o(.text), (6 bytes).
    Removing dscalb.o(.text), (46 bytes).
    Removing dsqrt.o(.text), (162 bytes).

463 unused section(s) (total 62568 bytes) removed from the image.

==============================================================================

Image Symbol Table

    Local Symbols

    Symbol Name                              Value     Ov Type        Size  Object(Section)

    ../Core/Src/adc.c                        0x00000000   Number         0  adc.o ABSOLUTE
    ../Core/Src/gpio.c                       0x00000000   Number         0  gpio.o ABSOLUTE
    ../Core/Src/main.c                       0x00000000   Number         0  main.o ABSOLUTE
    ../Core/Src/stm32f4xx_hal_msp.c          0x00000000   Number         0  stm32f4xx_hal_msp.o ABSOLUTE
    ../Core/Src/stm32f4xx_it.c               0x00000000   Number         0  stm32f4xx_it.o ABSOLUTE
    ../Core/Src/system_stm32f4xx.c           0x00000000   Number         0  system_stm32f4xx.o ABSOLUTE
    ../Core/Src/tim.c                        0x00000000   Number         0  tim.o ABSOLUTE
    ../Core/Src/usart.c                      0x00000000   Number         0  usart.o ABSOLUTE
    ../Drivers/STM32F4xx_HAL_Driver/Src/stm32f4xx_hal.c 0x00000000   Number         0  stm32f4xx_hal.o ABSOLUTE
    ../Drivers/STM32F4xx_HAL_Driver/Src/stm32f4xx_hal_adc.c 0x00000000   Number         0  stm32f4xx_hal_adc.o ABSOLUTE
    ../Drivers/STM32F4xx_HAL_Driver/Src/stm32f4xx_hal_adc_ex.c 0x00000000   Number         0  stm32f4xx_hal_adc_ex.o ABSOLUTE
    ../Drivers/STM32F4xx_HAL_Driver/Src/stm32f4xx_hal_cortex.c 0x00000000   Number         0  stm32f4xx_hal_cortex.o ABSOLUTE
    ../Drivers/STM32F4xx_HAL_Driver/Src/stm32f4xx_hal_dma.c 0x00000000   Number         0  stm32f4xx_hal_dma.o ABSOLUTE
    ../Drivers/STM32F4xx_HAL_Driver/Src/stm32f4xx_hal_dma_ex.c 0x00000000   Number         0  stm32f4xx_hal_dma_ex.o ABSOLUTE
    ../Drivers/STM32F4xx_HAL_Driver/Src/stm32f4xx_hal_flash.c 0x00000000   Number         0  stm32f4xx_hal_flash.o ABSOLUTE
    ../Drivers/STM32F4xx_HAL_Driver/Src/stm32f4xx_hal_flash_ex.c 0x00000000   Number         0  stm32f4xx_hal_flash_ex.o ABSOLUTE
    ../Drivers/STM32F4xx_HAL_Driver/Src/stm32f4xx_hal_flash_ramfunc.c 0x00000000   Number         0  stm32f4xx_hal_flash_ramfunc.o ABSOLUTE
    ../Drivers/STM32F4xx_HAL_Driver/Src/stm32f4xx_hal_gpio.c 0x00000000   Number         0  stm32f4xx_hal_gpio.o ABSOLUTE
    ../Drivers/STM32F4xx_HAL_Driver/Src/stm32f4xx_hal_pwr.c 0x00000000   Number         0  stm32f4xx_hal_pwr.o ABSOLUTE
    ../Drivers/STM32F4xx_HAL_Driver/Src/stm32f4xx_hal_pwr_ex.c 0x00000000   Number         0  stm32f4xx_hal_pwr_ex.o ABSOLUTE
    ../Drivers/STM32F4xx_HAL_Driver/Src/stm32f4xx_hal_rcc.c 0x00000000   Number         0  stm32f4xx_hal_rcc.o ABSOLUTE
    ../Drivers/STM32F4xx_HAL_Driver/Src/stm32f4xx_hal_rcc_ex.c 0x00000000   Number         0  stm32f4xx_hal_rcc_ex.o ABSOLUTE
    ../Drivers/STM32F4xx_HAL_Driver/Src/stm32f4xx_hal_tim.c 0x00000000   Number         0  stm32f4xx_hal_tim.o ABSOLUTE
    ../Drivers/STM32F4xx_HAL_Driver/Src/stm32f4xx_hal_tim_ex.c 0x00000000   Number         0  stm32f4xx_hal_tim_ex.o ABSOLUTE
    ../Drivers/STM32F4xx_HAL_Driver/Src/stm32f4xx_hal_uart.c 0x00000000   Number         0  stm32f4xx_hal_uart.o ABSOLUTE
    ../clib/microlib/division.c              0x00000000   Number         0  uldiv.o ABSOLUTE
    ../clib/microlib/division.c              0x00000000   Number         0  uidiv.o ABSOLUTE
    ../clib/microlib/errno.c                 0x00000000   Number         0  errno.o ABSOLUTE
    ../clib/microlib/init/entry.s            0x00000000   Number         0  entry10b.o ABSOLUTE
    ../clib/microlib/init/entry.s            0x00000000   Number         0  entry.o ABSOLUTE
    ../clib/microlib/init/entry.s            0x00000000   Number         0  entry2.o ABSOLUTE
    ../clib/microlib/init/entry.s            0x00000000   Number         0  entry5.o ABSOLUTE
    ../clib/microlib/init/entry.s            0x00000000   Number         0  entry11b.o ABSOLUTE
    ../clib/microlib/init/entry.s            0x00000000   Number         0  entry11a.o ABSOLUTE
    ../clib/microlib/init/entry.s            0x00000000   Number         0  entry10a.o ABSOLUTE
    ../clib/microlib/init/entry.s            0x00000000   Number         0  entry9b.o ABSOLUTE
    ../clib/microlib/init/entry.s            0x00000000   Number         0  entry7a.o ABSOLUTE
    ../clib/microlib/init/entry.s            0x00000000   Number         0  entry8a.o ABSOLUTE
    ../clib/microlib/init/entry.s            0x00000000   Number         0  entry9a.o ABSOLUTE
    ../clib/microlib/init/entry.s            0x00000000   Number         0  entry7b.o ABSOLUTE
    ../clib/microlib/init/entry.s            0x00000000   Number         0  entry8b.o ABSOLUTE
    ../clib/microlib/longlong.c              0x00000000   Number         0  llushr.o ABSOLUTE
    ../clib/microlib/longlong.c              0x00000000   Number         0  llshl.o ABSOLUTE
    ../clib/microlib/longlong.c              0x00000000   Number         0  llsshr.o ABSOLUTE
    ../clib/microlib/printf/printf.c         0x00000000   Number         0  printf6.o ABSOLUTE
    ../clib/microlib/printf/printf.c         0x00000000   Number         0  printf3.o ABSOLUTE
    ../clib/microlib/printf/printf.c         0x00000000   Number         0  printf5.o ABSOLUTE
    ../clib/microlib/printf/printf.c         0x00000000   Number         0  printf4.o ABSOLUTE
    ../clib/microlib/printf/printf.c         0x00000000   Number         0  printf1.o ABSOLUTE
    ../clib/microlib/printf/printf.c         0x00000000   Number         0  printf0.o ABSOLUTE
    ../clib/microlib/printf/printf.c         0x00000000   Number         0  printfb.o ABSOLUTE
    ../clib/microlib/printf/printf.c         0x00000000   Number         0  printf2.o ABSOLUTE
    ../clib/microlib/printf/printf.c         0x00000000   Number         0  printfa.o ABSOLUTE
    ../clib/microlib/printf/printf.c         0x00000000   Number         0  printf8.o ABSOLUTE
    ../clib/microlib/printf/printf.c         0x00000000   Number         0  printf7.o ABSOLUTE
    ../clib/microlib/printf/stubs.s          0x00000000   Number         0  stubs.o ABSOLUTE
    ../clib/microlib/stubs.s                 0x00000000   Number         0  iusefp.o ABSOLUTE
    ../fplib/microlib/d2f.c                  0x00000000   Number         0  d2f.o ABSOLUTE
    ../fplib/microlib/f2d.c                  0x00000000   Number         0  f2d.o ABSOLUTE
    ../fplib/microlib/fpadd.c                0x00000000   Number         0  dadd.o ABSOLUTE
    ../fplib/microlib/fpdiv.c                0x00000000   Number         0  ddiv.o ABSOLUTE
    ../fplib/microlib/fpepilogue.c           0x00000000   Number         0  fepilogue.o ABSOLUTE
    ../fplib/microlib/fpepilogue.c           0x00000000   Number         0  depilogue.o ABSOLUTE
    ../fplib/microlib/fpfix.c                0x00000000   Number         0  dfixui.o ABSOLUTE
    ../fplib/microlib/fpfix.c                0x00000000   Number         0  dfixi.o ABSOLUTE
    ../fplib/microlib/fpfix.c                0x00000000   Number         0  dfixul.o ABSOLUTE
    ../fplib/microlib/fpflt.c                0x00000000   Number         0  dfltui.o ABSOLUTE
    ../fplib/microlib/fpflt.c                0x00000000   Number         0  dflti.o ABSOLUTE
    ../fplib/microlib/fpmul.c                0x00000000   Number         0  dmul.o ABSOLUTE
    ../fplib/microlib/fpneg.c                0x00000000   Number         0  dneg.o ABSOLUTE
    ../fplib/microlib/fpscalb.c              0x00000000   Number         0  dscalb.o ABSOLUTE
    ../fplib/microlib/fpsqrt.c               0x00000000   Number         0  dsqrt.o ABSOLUTE
    ../mathlib/cos.c                         0x00000000   Number         0  cos.o ABSOLUTE
    ../mathlib/cos.c                         0x00000000   Number         0  cos_x.o ABSOLUTE
    ../mathlib/cos_i.c                       0x00000000   Number         0  cos_i.o ABSOLUTE
    ../mathlib/dunder.c                      0x00000000   Number         0  dunder.o ABSOLUTE
    ../mathlib/fabs.c                        0x00000000   Number         0  fabs.o ABSOLUTE
    ../mathlib/fpclassify.c                  0x00000000   Number         0  fpclassify.o ABSOLUTE
    ../mathlib/poly.c                        0x00000000   Number         0  poly.o ABSOLUTE
    ../mathlib/pow.c                         0x00000000   Number         0  pow_x.o ABSOLUTE
    ../mathlib/pow.c                         0x00000000   Number         0  pow.o ABSOLUTE
    ../mathlib/qnan.c                        0x00000000   Number         0  qnan.o ABSOLUTE
    ../mathlib/rred.c                        0x00000000   Number         0  rred.o ABSOLUTE
    ../mathlib/sin.c                         0x00000000   Number         0  sin_x.o ABSOLUTE
    ../mathlib/sin.c                         0x00000000   Number         0  sin.o ABSOLUTE
    ../mathlib/sin_i.c                       0x00000000   Number         0  sin_i_x.o ABSOLUTE
    ../mathlib/sin_i.c                       0x00000000   Number         0  sin_i.o ABSOLUTE
    ../mathlib/sqrt.c                        0x00000000   Number         0  sqrt_x.o ABSOLUTE
    ../mathlib/sqrt.c                        0x00000000   Number         0  sqrt.o ABSOLUTE
    ..\Core\Src\adc.c                        0x00000000   Number         0  adc.o ABSOLUTE
    ..\Core\Src\drive.c                      0x00000000   Number         0  drive.o ABSOLUTE
    ..\Core\Src\encoder.c                    0x00000000   Number         0  encoder.o ABSOLUTE
    ..\Core\Src\gpio.c                       0x00000000   Number         0  gpio.o ABSOLUTE
    ..\Core\Src\main.c                       0x00000000   Number         0  main.o ABSOLUTE
    ..\Core\Src\pid.c                        0x00000000   Number         0  pid.o ABSOLUTE
    ..\Core\Src\robo_init.c                  0x00000000   Number         0  robo_init.o ABSOLUTE
    ..\Core\Src\robot.c                      0x00000000   Number         0  robot.o ABSOLUTE
    ..\Core\Src\stm32f4xx_hal_msp.c          0x00000000   Number         0  stm32f4xx_hal_msp.o ABSOLUTE
    ..\Core\Src\stm32f4xx_it.c               0x00000000   Number         0  stm32f4xx_it.o ABSOLUTE
    ..\Core\Src\system_stm32f4xx.c           0x00000000   Number         0  system_stm32f4xx.o ABSOLUTE
    ..\Core\Src\tim.c                        0x00000000   Number         0  tim.o ABSOLUTE
    ..\Core\Src\usart.c                      0x00000000   Number         0  usart.o ABSOLUTE
    ..\Core\Src\wheel.c                      0x00000000   Number         0  wheel.o ABSOLUTE
    ..\Drivers\STM32F4xx_HAL_Driver\Src\stm32f4xx_hal.c 0x00000000   Number         0  stm32f4xx_hal.o ABSOLUTE
    ..\Drivers\STM32F4xx_HAL_Driver\Src\stm32f4xx_hal_adc.c 0x00000000   Number         0  stm32f4xx_hal_adc.o ABSOLUTE
    ..\Drivers\STM32F4xx_HAL_Driver\Src\stm32f4xx_hal_adc_ex.c 0x00000000   Number         0  stm32f4xx_hal_adc_ex.o ABSOLUTE
    ..\Drivers\STM32F4xx_HAL_Driver\Src\stm32f4xx_hal_cortex.c 0x00000000   Number         0  stm32f4xx_hal_cortex.o ABSOLUTE
    ..\Drivers\STM32F4xx_HAL_Driver\Src\stm32f4xx_hal_dma.c 0x00000000   Number         0  stm32f4xx_hal_dma.o ABSOLUTE
    ..\Drivers\STM32F4xx_HAL_Driver\Src\stm32f4xx_hal_dma_ex.c 0x00000000   Number         0  stm32f4xx_hal_dma_ex.o ABSOLUTE
    ..\Drivers\STM32F4xx_HAL_Driver\Src\stm32f4xx_hal_flash.c 0x00000000   Number         0  stm32f4xx_hal_flash.o ABSOLUTE
    ..\Drivers\STM32F4xx_HAL_Driver\Src\stm32f4xx_hal_flash_ex.c 0x00000000   Number         0  stm32f4xx_hal_flash_ex.o ABSOLUTE
    ..\Drivers\STM32F4xx_HAL_Driver\Src\stm32f4xx_hal_flash_ramfunc.c 0x00000000   Number         0  stm32f4xx_hal_flash_ramfunc.o ABSOLUTE
    ..\Drivers\STM32F4xx_HAL_Driver\Src\stm32f4xx_hal_gpio.c 0x00000000   Number         0  stm32f4xx_hal_gpio.o ABSOLUTE
    ..\Drivers\STM32F4xx_HAL_Driver\Src\stm32f4xx_hal_pwr.c 0x00000000   Number         0  stm32f4xx_hal_pwr.o ABSOLUTE
    ..\Drivers\STM32F4xx_HAL_Driver\Src\stm32f4xx_hal_pwr_ex.c 0x00000000   Number         0  stm32f4xx_hal_pwr_ex.o ABSOLUTE
    ..\Drivers\STM32F4xx_HAL_Driver\Src\stm32f4xx_hal_rcc.c 0x00000000   Number         0  stm32f4xx_hal_rcc.o ABSOLUTE
    ..\Drivers\STM32F4xx_HAL_Driver\Src\stm32f4xx_hal_rcc_ex.c 0x00000000   Number         0  stm32f4xx_hal_rcc_ex.o ABSOLUTE
    ..\Drivers\STM32F4xx_HAL_Driver\Src\stm32f4xx_hal_tim.c 0x00000000   Number         0  stm32f4xx_hal_tim.o ABSOLUTE
    ..\Drivers\STM32F4xx_HAL_Driver\Src\stm32f4xx_hal_tim_ex.c 0x00000000   Number         0  stm32f4xx_hal_tim_ex.o ABSOLUTE
    ..\Drivers\STM32F4xx_HAL_Driver\Src\stm32f4xx_hal_uart.c 0x00000000   Number         0  stm32f4xx_hal_uart.o ABSOLUTE
    ..\\Core\\Src\\drive.c                   0x00000000   Number         0  drive.o ABSOLUTE
    ..\\Core\\Src\\encoder.c                 0x00000000   Number         0  encoder.o ABSOLUTE
    ..\\Core\\Src\\pid.c                     0x00000000   Number         0  pid.o ABSOLUTE
    ..\\Core\\Src\\robo_init.c               0x00000000   Number         0  robo_init.o ABSOLUTE
    ..\\Core\\Src\\robot.c                   0x00000000   Number         0  robot.o ABSOLUTE
    ..\\Core\\Src\\wheel.c                   0x00000000   Number         0  wheel.o ABSOLUTE
    cdcmple.s                                0x00000000   Number         0  cdcmple.o ABSOLUTE
    cdrcmple.s                               0x00000000   Number         0  cdrcmple.o ABSOLUTE
    dc.s                                     0x00000000   Number         0  dc.o ABSOLUTE
    handlers.s                               0x00000000   Number         0  handlers.o ABSOLUTE
    init.s                                   0x00000000   Number         0  init.o ABSOLUTE
    startup_stm32f407xx.s                    0x00000000   Number         0  startup_stm32f407xx.o ABSOLUTE
    uart_transmit.c                          0x00000000   Number         0  uart_transmit.o ABSOLUTE
    uart_transmit.c                          0x00000000   Number         0  uart_transmit.o ABSOLUTE
    RESET                                    0x08000000   Section      392  startup_stm32f407xx.o(RESET)
    .ARM.Collect$$$$00000000                 0x08000188   Section        0  entry.o(.ARM.Collect$$$$00000000)
    .ARM.Collect$$$$00000001                 0x08000188   Section        4  entry2.o(.ARM.Collect$$$$00000001)
    .ARM.Collect$$$$00000004                 0x0800018c   Section        4  entry5.o(.ARM.Collect$$$$00000004)
    .ARM.Collect$$$$00000008                 0x08000190   Section        0  entry7b.o(.ARM.Collect$$$$00000008)
    .ARM.Collect$$$$0000000A                 0x08000190   Section        0  entry8b.o(.ARM.Collect$$$$0000000A)
    .ARM.Collect$$$$0000000B                 0x08000190   Section        8  entry9a.o(.ARM.Collect$$$$0000000B)
    .ARM.Collect$$$$0000000D                 0x08000198   Section        0  entry10a.o(.ARM.Collect$$$$0000000D)
    .ARM.Collect$$$$0000000F                 0x08000198   Section        0  entry11a.o(.ARM.Collect$$$$0000000F)
    .ARM.Collect$$$$00002712                 0x08000198   Section        4  entry2.o(.ARM.Collect$$$$00002712)
    __lit__00000000                          0x08000198   Data           4  entry2.o(.ARM.Collect$$$$00002712)
    .text                                    0x0800019c   Section       36  startup_stm32f407xx.o(.text)
    $v0                                      0x0800019c   Number         0  startup_stm32f407xx.o(.text)
    .text                                    0x080001c0   Section        0  uldiv.o(.text)
    .text                                    0x08000222   Section        0  dadd.o(.text)
    .text                                    0x08000370   Section        0  dmul.o(.text)
    .text                                    0x08000454   Section        0  ddiv.o(.text)
    .text                                    0x08000532   Section        0  dflti.o(.text)
    .text                                    0x08000554   Section        0  dfltui.o(.text)
    .text                                    0x0800056e   Section        0  dfixui.o(.text)
    .text                                    0x080005a0   Section        0  f2d.o(.text)
    .text                                    0x080005c8   Section       48  cdcmple.o(.text)
    .text                                    0x080005f8   Section       48  cdrcmple.o(.text)
    .text                                    0x08000628   Section        0  d2f.o(.text)
    .text                                    0x08000660   Section        0  uidiv.o(.text)
    .text                                    0x0800068c   Section        0  llshl.o(.text)
    .text                                    0x080006aa   Section        0  llushr.o(.text)
    .text                                    0x080006ca   Section        0  llsshr.o(.text)
    .text                                    0x080006ee   Section        0  fepilogue.o(.text)
    .text                                    0x080006ee   Section        0  iusefp.o(.text)
    .text                                    0x0800075c   Section        0  depilogue.o(.text)
    .text                                    0x08000816   Section        0  dfixul.o(.text)
    .text                                    0x08000848   Section       36  init.o(.text)
    .text                                    0x0800086c   Section        0  dfixi.o(.text)
    i.ADC_Init                               0x080008ac   Section        0  stm32f4xx_hal_adc.o(i.ADC_Init)
    ADC_Init                                 0x080008ad   Thumb Code   304  stm32f4xx_hal_adc.o(i.ADC_Init)
    i.BusFault_Handler                       0x08000a20   Section        0  stm32f4xx_it.o(i.BusFault_Handler)
    i.DebugMon_Handler                       0x08000a22   Section        0  stm32f4xx_it.o(i.DebugMon_Handler)
    i.EXTI15_10_IRQHandler                   0x08000a24   Section        0  stm32f4xx_it.o(i.EXTI15_10_IRQHandler)
    i.EXTI1_IRQHandler                       0x08000a3a   Section        0  stm32f4xx_it.o(i.EXTI1_IRQHandler)
    i.EXTI9_5_IRQHandler                     0x08000a40   Section        0  stm32f4xx_it.o(i.EXTI9_5_IRQHandler)
    i.HAL_ADC_ConfigChannel                  0x08000a48   Section        0  stm32f4xx_hal_adc.o(i.HAL_ADC_ConfigChannel)
    i.HAL_ADC_Init                           0x08000c1c   Section        0  stm32f4xx_hal_adc.o(i.HAL_ADC_Init)
    i.HAL_ADC_MspInit                        0x08000e38   Section        0  adc.o(i.HAL_ADC_MspInit)
    i.HAL_GPIO_EXTI_Callback                 0x08000e7c   Section        0  encoder.o(i.HAL_GPIO_EXTI_Callback)
    i.HAL_GPIO_EXTI_IRQHandler               0x08000f3c   Section        0  stm32f4xx_hal_gpio.o(i.HAL_GPIO_EXTI_IRQHandler)
    i.HAL_GPIO_Init                          0x08000f54   Section        0  stm32f4xx_hal_gpio.o(i.HAL_GPIO_Init)
    i.HAL_GPIO_ReadPin                       0x08001260   Section        0  stm32f4xx_hal_gpio.o(i.HAL_GPIO_ReadPin)
    i.HAL_GPIO_WritePin                      0x080012b8   Section        0  stm32f4xx_hal_gpio.o(i.HAL_GPIO_WritePin)
    i.HAL_GetTick                            0x08001324   Section        0  stm32f4xx_hal.o(i.HAL_GetTick)
    i.HAL_IncTick                            0x08001330   Section        0  stm32f4xx_hal.o(i.HAL_IncTick)
    i.HAL_Init                               0x08001340   Section        0  stm32f4xx_hal.o(i.HAL_Init)
    i.HAL_InitTick                           0x08001374   Section        0  stm32f4xx_hal.o(i.HAL_InitTick)
    i.HAL_MspInit                            0x080013b4   Section        0  stm32f4xx_hal_msp.o(i.HAL_MspInit)
    i.HAL_NVIC_EnableIRQ                     0x08001438   Section        0  stm32f4xx_hal_cortex.o(i.HAL_NVIC_EnableIRQ)
    i.HAL_NVIC_SetPriority                   0x08001498   Section        0  stm32f4xx_hal_cortex.o(i.HAL_NVIC_SetPriority)
    i.HAL_NVIC_SetPriorityGrouping           0x08001538   Section        0  stm32f4xx_hal_cortex.o(i.HAL_NVIC_SetPriorityGrouping)
    i.HAL_RCC_ClockConfig                    0x080015b8   Section        0  stm32f4xx_hal_rcc.o(i.HAL_RCC_ClockConfig)
    i.HAL_RCC_GetHCLKFreq                    0x08001800   Section        0  stm32f4xx_hal_rcc.o(i.HAL_RCC_GetHCLKFreq)
    i.HAL_RCC_GetPCLK1Freq                   0x0800180c   Section        0  stm32f4xx_hal_rcc.o(i.HAL_RCC_GetPCLK1Freq)
    i.HAL_RCC_GetPCLK2Freq                   0x0800182c   Section        0  stm32f4xx_hal_rcc.o(i.HAL_RCC_GetPCLK2Freq)
    i.HAL_RCC_GetSysClockFreq                0x0800184c   Section        0  stm32f4xx_hal_rcc.o(i.HAL_RCC_GetSysClockFreq)
    i.HAL_RCC_OscConfig                      0x080018ac   Section        0  stm32f4xx_hal_rcc.o(i.HAL_RCC_OscConfig)
    i.HAL_SYSTICK_CLKSourceConfig            0x08001d0c   Section        0  stm32f4xx_hal_cortex.o(i.HAL_SYSTICK_CLKSourceConfig)
    i.HAL_SYSTICK_Callback                   0x08001d70   Section        0  stm32f4xx_hal_cortex.o(i.HAL_SYSTICK_Callback)
    i.HAL_SYSTICK_Config                     0x08001d72   Section        0  stm32f4xx_hal_cortex.o(i.HAL_SYSTICK_Config)
    i.HAL_SYSTICK_IRQHandler                 0x08001d9a   Section        0  stm32f4xx_hal_cortex.o(i.HAL_SYSTICK_IRQHandler)
    i.HAL_TIMEx_ConfigBreakDeadTime          0x08001da4   Section        0  stm32f4xx_hal_tim_ex.o(i.HAL_TIMEx_ConfigBreakDeadTime)
    i.HAL_TIMEx_MasterConfigSynchronization  0x08001ef4   Section        0  stm32f4xx_hal_tim_ex.o(i.HAL_TIMEx_MasterConfigSynchronization)
    i.HAL_TIM_Base_Start                     0x08002018   Section        0  stm32f4xx_hal_tim.o(i.HAL_TIM_Base_Start)
    i.HAL_TIM_MspPostInit                    0x08002104   Section        0  tim.o(i.HAL_TIM_MspPostInit)
    i.HAL_TIM_PWM_ConfigChannel              0x08002138   Section        0  stm32f4xx_hal_tim.o(i.HAL_TIM_PWM_ConfigChannel)
    i.HAL_TIM_PWM_Init                       0x080023b4   Section        0  stm32f4xx_hal_tim.o(i.HAL_TIM_PWM_Init)
    i.HAL_TIM_PWM_MspInit                    0x080024f0   Section        0  tim.o(i.HAL_TIM_PWM_MspInit)
    i.HAL_TIM_PWM_Start                      0x0800252c   Section        0  stm32f4xx_hal_tim.o(i.HAL_TIM_PWM_Start)
    i.HAL_UART_Init                          0x0800268c   Section        0  stm32f4xx_hal_uart.o(i.HAL_UART_Init)
    i.HAL_UART_MspInit                       0x080027d4   Section        0  usart.o(i.HAL_UART_MspInit)
    i.HardFault_Handler                      0x08002848   Section        0  stm32f4xx_it.o(i.HardFault_Handler)
    i.MX_ADC1_Init                           0x0800284c   Section        0  adc.o(i.MX_ADC1_Init)
    i.MX_GPIO_Init                           0x080028c0   Section        0  gpio.o(i.MX_GPIO_Init)
    i.MX_TIM8_Init                           0x08002a94   Section        0  tim.o(i.MX_TIM8_Init)
    i.MX_USART1_UART_Init                    0x08002b84   Section        0  usart.o(i.MX_USART1_UART_Init)
    i.MX_USART3_UART_Init                    0x08002bd4   Section        0  usart.o(i.MX_USART3_UART_Init)
    i.MemManage_Handler                      0x08002c24   Section        0  stm32f4xx_it.o(i.MemManage_Handler)
    i.NMI_Handler                            0x08002c26   Section        0  stm32f4xx_it.o(i.NMI_Handler)
    i.NVIC_SetPriority                       0x08002c28   Section        0  stm32f4xx_hal_cortex.o(i.NVIC_SetPriority)
    NVIC_SetPriority                         0x08002c29   Thumb Code    32  stm32f4xx_hal_cortex.o(i.NVIC_SetPriority)
    i.PendSV_Handler                         0x08002c48   Section        0  stm32f4xx_it.o(i.PendSV_Handler)
    i.SVC_Handler                            0x08002c4a   Section        0  stm32f4xx_it.o(i.SVC_Handler)
    i.SysTick_Handler                        0x08002c4c   Section        0  stm32f4xx_it.o(i.SysTick_Handler)
    i.SystemClock_Config                     0x08002c5c   Section        0  main.o(i.SystemClock_Config)
    i.SystemInit                             0x08002cfc   Section        0  system_stm32f4xx.o(i.SystemInit)
    i.TIM_Base_SetConfig                     0x08002d50   Section        0  stm32f4xx_hal_tim.o(i.TIM_Base_SetConfig)
    i.TIM_CCxChannelCmd                      0x08002e10   Section        0  stm32f4xx_hal_tim.o(i.TIM_CCxChannelCmd)
    i.TIM_OC1_SetConfig                      0x08002f00   Section        0  stm32f4xx_hal_tim.o(i.TIM_OC1_SetConfig)
    TIM_OC1_SetConfig                        0x08002f01   Thumb Code    80  stm32f4xx_hal_tim.o(i.TIM_OC1_SetConfig)
    i.TIM_OC2_SetConfig                      0x08002f58   Section        0  stm32f4xx_hal_tim.o(i.TIM_OC2_SetConfig)
    i.TIM_OC3_SetConfig                      0x08003010   Section        0  stm32f4xx_hal_tim.o(i.TIM_OC3_SetConfig)
    TIM_OC3_SetConfig                        0x08003011   Thumb Code   158  stm32f4xx_hal_tim.o(i.TIM_OC3_SetConfig)
    i.TIM_OC4_SetConfig                      0x080030f0   Section        0  stm32f4xx_hal_tim.o(i.TIM_OC4_SetConfig)
    TIM_OC4_SetConfig                        0x080030f1   Thumb Code   100  stm32f4xx_hal_tim.o(i.TIM_OC4_SetConfig)
    i.UART_SetConfig                         0x08003194   Section        0  stm32f4xx_hal_uart.o(i.UART_SetConfig)
    UART_SetConfig                           0x08003195   Thumb Code   762  stm32f4xx_hal_uart.o(i.UART_SetConfig)
    i.UsageFault_Handler                     0x080034d8   Section        0  stm32f4xx_it.o(i.UsageFault_Handler)
    i._Error_Handler                         0x080034da   Section        0  main.o(i._Error_Handler)
    i.__0printf                              0x080034dc   Section        0  printfa.o(i.__0printf)
    i.__ARM_fpclassify                       0x080034fc   Section        0  fpclassify.o(i.__ARM_fpclassify)
    i.__hardfp_cos                           0x08003530   Section        0  cos.o(i.__hardfp_cos)
    i.__hardfp_sin                           0x080035f8   Section        0  sin.o(i.__hardfp_sin)
    i.__ieee754_rem_pio2                     0x080036c0   Section        0  rred.o(i.__ieee754_rem_pio2)
    i.__kernel_cos                           0x08003af8   Section        0  cos_i.o(i.__kernel_cos)
    i.__kernel_poly                          0x08003c68   Section        0  poly.o(i.__kernel_poly)
    i.__kernel_sin                           0x08003d60   Section        0  sin_i.o(i.__kernel_sin)
    i.__mathlib_dbl_infnan                   0x08003e90   Section        0  dunder.o(i.__mathlib_dbl_infnan)
    i.__mathlib_dbl_invalid                  0x08003ea8   Section        0  dunder.o(i.__mathlib_dbl_invalid)
    i.__mathlib_dbl_underflow                0x08003ec8   Section        0  dunder.o(i.__mathlib_dbl_underflow)
    i.__scatterload_copy                     0x08003ee8   Section       14  handlers.o(i.__scatterload_copy)
    i.__scatterload_null                     0x08003ef6   Section        2  handlers.o(i.__scatterload_null)
    i.__scatterload_zeroinit                 0x08003ef8   Section       14  handlers.o(i.__scatterload_zeroinit)
    i.__set_errno                            0x08003f08   Section        0  errno.o(i.__set_errno)
    i._fp_digits                             0x08003f14   Section        0  printfa.o(i._fp_digits)
    _fp_digits                               0x08003f15   Thumb Code   366  printfa.o(i._fp_digits)
    i._printf_core                           0x08004098   Section        0  printfa.o(i._printf_core)
    _printf_core                             0x08004099   Thumb Code  1744  printfa.o(i._printf_core)
    i._printf_post_padding                   0x08004774   Section        0  printfa.o(i._printf_post_padding)
    _printf_post_padding                     0x08004775   Thumb Code    36  printfa.o(i._printf_post_padding)
    i._printf_pre_padding                    0x08004798   Section        0  printfa.o(i._printf_pre_padding)
    _printf_pre_padding                      0x08004799   Thumb Code    46  printfa.o(i._printf_pre_padding)
    i.assert_failed                          0x080047c6   Section        0  main.o(i.assert_failed)
    i.calculate_encoder_distance             0x080047c8   Section        0  encoder.o(i.calculate_encoder_distance)
    i.calculate_robot_distance               0x08004814   Section        0  encoder.o(i.calculate_robot_distance)
    i.calculate_robot_velocity               0x080049d4   Section        0  drive.o(i.calculate_robot_velocity)
    i.calculate_velocity_with_pid            0x08004ab8   Section        0  pid.o(i.calculate_velocity_with_pid)
    i.fabs                                   0x08004cb0   Section        0  fabs.o(i.fabs)
    i.float_abs                              0x08004cc8   Section        0  wheel.o(i.float_abs)
    i.fputc                                  0x08004d0c   Section        0  main.o(i.fputc)
    i.init_encoder                           0x08004d34   Section        0  encoder.o(i.init_encoder)
    i.main                                   0x08004d48   Section        0  main.o(i.main)
    i.pid_Compute                            0x08004ec0   Section        0  pid.o(i.pid_Compute)
    i.ramp                                   0x08004fb4   Section        0  drive.o(i.ramp)
    i.set_Direction                          0x080050a8   Section        0  wheel.o(i.set_Direction)
    i.set_DutyCycle                          0x080050e0   Section        0  wheel.o(i.set_DutyCycle)
    i.set_DutyCycle_Primary                  0x080050ec   Section        0  wheel.o(i.set_DutyCycle_Primary)
    i.set_Gains_distance                     0x08005114   Section        0  pid.o(i.set_Gains_distance)
    i.set_Omega                              0x08005128   Section        0  wheel.o(i.set_Omega)
    i.set_OutputLimit                        0x080051d8   Section        0  pid.o(i.set_OutputLimit)
    i.set_ocr                                0x080051e4   Section        0  wheel.o(i.set_ocr)
    i.time_period                            0x0800527c   Section        0  wheel.o(i.time_period)
    i.wheel_init                             0x080052b4   Section        0  robo_init.o(i.wheel_init)
    .constdata                               0x08005350   Section       48  drive.o(.constdata)
    .constdata                               0x08005380   Section       16  system_stm32f4xx.o(.constdata)
    .constdata                               0x08005390   Section        8  system_stm32f4xx.o(.constdata)
    .constdata                               0x08005398   Section       48  cos_i.o(.constdata)
    C                                        0x08005398   Data          48  cos_i.o(.constdata)
    .constdata                               0x080053c8   Section      200  rred.o(.constdata)
    pio2s                                    0x080053c8   Data          48  rred.o(.constdata)
    twooverpi                                0x080053f8   Data         152  rred.o(.constdata)
    .constdata                               0x08005490   Section       40  sin_i.o(.constdata)
    S                                        0x08005490   Data          40  sin_i.o(.constdata)
    .data                                    0x20000000   Section        4  main.o(.data)
    .data                                    0x20000004   Section       20  encoder.o(.data)
    .data                                    0x20000018   Section       24  pid.o(.data)
    .data                                    0x20000030   Section       12  stm32f4xx_hal.o(.data)
    .data                                    0x2000003c   Section        4  system_stm32f4xx.o(.data)
    .data                                    0x20000040   Section        4  errno.o(.data)
    _errno                                   0x20000040   Data           4  errno.o(.data)
    .bss                                     0x20000044   Section       72  adc.o(.bss)
    .bss                                     0x2000008c   Section      120  tim.o(.bss)
    .bss                                     0x20000104   Section      128  usart.o(.bss)
    .bss                                     0x20000188   Section      192  robo_init.o(.bss)
    .bss                                     0x20000248   Section       32  encoder.o(.bss)
    .bss                                     0x20000268   Section       12  drive.o(.bss)
    .bss                                     0x20000278   Section      440  pid.o(.bss)
    STACK                                    0x20000430   Section     1024  startup_stm32f407xx.o(STACK)

    Global Symbols

    Symbol Name                              Value     Ov Type        Size  Object(Section)

    BuildAttributes$$THM_ISAv4$E$P$D$K$B$S$7EM$VFPi3$EXTD16$VFPS$VFMA$PE$A:L22UL41UL21$X:L11$S22US41US21$IEEE1$IW$USESV6$~STKCKD$USESV7$~SHL$OTIME$ROPI$IEEEX$EBA8$MICROLIB$REQ8$PRES8$EABIv2 0x00000000   Number         0  anon$$obj.o ABSOLUTE
    __ARM_use_no_argv                        0x00000000   Number         0  main.o ABSOLUTE
    _printf_a                                0x00000000   Number         0  stubs.o ABSOLUTE
    _printf_c                                0x00000000   Number         0  stubs.o ABSOLUTE
    _printf_charcount                        0x00000000   Number         0  stubs.o ABSOLUTE
    _printf_d                                0x00000000   Number         0  stubs.o ABSOLUTE
    _printf_e                                0x00000000   Number         0  stubs.o ABSOLUTE
    _printf_f                                0x00000000   Number         0  stubs.o ABSOLUTE
    _printf_flags                            0x00000000   Number         0  stubs.o ABSOLUTE
    _printf_fp_dec                           0x00000000   Number         0  stubs.o ABSOLUTE
    _printf_fp_hex                           0x00000000   Number         0  stubs.o ABSOLUTE
    _printf_g                                0x00000000   Number         0  stubs.o ABSOLUTE
    _printf_i                                0x00000000   Number         0  stubs.o ABSOLUTE
    _printf_int_dec                          0x00000000   Number         0  stubs.o ABSOLUTE
    _printf_l                                0x00000000   Number         0  stubs.o ABSOLUTE
    _printf_lc                               0x00000000   Number         0  stubs.o ABSOLUTE
    _printf_ll                               0x00000000   Number         0  stubs.o ABSOLUTE
    _printf_lld                              0x00000000   Number         0  stubs.o ABSOLUTE
    _printf_lli                              0x00000000   Number         0  stubs.o ABSOLUTE
    _printf_llo                              0x00000000   Number         0  stubs.o ABSOLUTE
    _printf_llu                              0x00000000   Number         0  stubs.o ABSOLUTE
    _printf_llx                              0x00000000   Number         0  stubs.o ABSOLUTE
    _printf_longlong_dec                     0x00000000   Number         0  stubs.o ABSOLUTE
    _printf_longlong_hex                     0x00000000   Number         0  stubs.o ABSOLUTE
    _printf_longlong_oct                     0x00000000   Number         0  stubs.o ABSOLUTE
    _printf_ls                               0x00000000   Number         0  stubs.o ABSOLUTE
    _printf_mbtowc                           0x00000000   Number         0  stubs.o ABSOLUTE
    _printf_n                                0x00000000   Number         0  stubs.o ABSOLUTE
    _printf_o                                0x00000000   Number         0  stubs.o ABSOLUTE
    _printf_p                                0x00000000   Number         0  stubs.o ABSOLUTE
    _printf_percent                          0x00000000   Number         0  stubs.o ABSOLUTE
    _printf_pre_padding                      0x00000000   Number         0  stubs.o ABSOLUTE
    _printf_return_value                     0x00000000   Number         0  stubs.o ABSOLUTE
    _printf_s                                0x00000000   Number         0  stubs.o ABSOLUTE
    _printf_sizespec                         0x00000000   Number         0  stubs.o ABSOLUTE
    _printf_str                              0x00000000   Number         0  stubs.o ABSOLUTE
    _printf_truncate_signed                  0x00000000   Number         0  stubs.o ABSOLUTE
    _printf_truncate_unsigned                0x00000000   Number         0  stubs.o ABSOLUTE
    _printf_u                                0x00000000   Number         0  stubs.o ABSOLUTE
    _printf_wc                               0x00000000   Number         0  stubs.o ABSOLUTE
    _printf_wctomb                           0x00000000   Number         0  stubs.o ABSOLUTE
    _printf_widthprec                        0x00000000   Number         0  stubs.o ABSOLUTE
    _printf_x                                0x00000000   Number         0  stubs.o ABSOLUTE
    __cpp_initialize__aeabi_                  - Undefined Weak Reference
    __cxa_finalize                            - Undefined Weak Reference
    __decompress                              - Undefined Weak Reference
    _clock_init                               - Undefined Weak Reference
    _microlib_exit                            - Undefined Weak Reference
    __Vectors_Size                           0x00000188   Number         0  startup_stm32f407xx.o ABSOLUTE
    __Vectors                                0x08000000   Data           4  startup_stm32f407xx.o(RESET)
    __Vectors_End                            0x08000188   Data           0  startup_stm32f407xx.o(RESET)
    __main                                   0x08000189   Thumb Code     0  entry.o(.ARM.Collect$$$$00000000)
    _main_stk                                0x08000189   Thumb Code     0  entry2.o(.ARM.Collect$$$$00000001)
    _main_scatterload                        0x0800018d   Thumb Code     0  entry5.o(.ARM.Collect$$$$00000004)
    __main_after_scatterload                 0x08000191   Thumb Code     0  entry5.o(.ARM.Collect$$$$00000004)
    _main_clock                              0x08000191   Thumb Code     0  entry7b.o(.ARM.Collect$$$$00000008)
    _main_cpp_init                           0x08000191   Thumb Code     0  entry8b.o(.ARM.Collect$$$$0000000A)
    _main_init                               0x08000191   Thumb Code     0  entry9a.o(.ARM.Collect$$$$0000000B)
    __rt_final_cpp                           0x08000199   Thumb Code     0  entry10a.o(.ARM.Collect$$$$0000000D)
    __rt_final_exit                          0x08000199   Thumb Code     0  entry11a.o(.ARM.Collect$$$$0000000F)
    Reset_Handler                            0x0800019d   Thumb Code     8  startup_stm32f407xx.o(.text)
    ADC_IRQHandler                           0x080001b7   Thumb Code     0  startup_stm32f407xx.o(.text)
    CAN1_RX0_IRQHandler                      0x080001b7   Thumb Code     0  startup_stm32f407xx.o(.text)
    CAN1_RX1_IRQHandler                      0x080001b7   Thumb Code     0  startup_stm32f407xx.o(.text)
    CAN1_SCE_IRQHandler                      0x080001b7   Thumb Code     0  startup_stm32f407xx.o(.text)
    CAN1_TX_IRQHandler                       0x080001b7   Thumb Code     0  startup_stm32f407xx.o(.text)
    CAN2_RX0_IRQHandler                      0x080001b7   Thumb Code     0  startup_stm32f407xx.o(.text)
    CAN2_RX1_IRQHandler                      0x080001b7   Thumb Code     0  startup_stm32f407xx.o(.text)
    CAN2_SCE_IRQHandler                      0x080001b7   Thumb Code     0  startup_stm32f407xx.o(.text)
    CAN2_TX_IRQHandler                       0x080001b7   Thumb Code     0  startup_stm32f407xx.o(.text)
    DCMI_IRQHandler                          0x080001b7   Thumb Code     0  startup_stm32f407xx.o(.text)
    DMA1_Stream0_IRQHandler                  0x080001b7   Thumb Code     0  startup_stm32f407xx.o(.text)
    DMA1_Stream1_IRQHandler                  0x080001b7   Thumb Code     0  startup_stm32f407xx.o(.text)
    DMA1_Stream2_IRQHandler                  0x080001b7   Thumb Code     0  startup_stm32f407xx.o(.text)
    DMA1_Stream3_IRQHandler                  0x080001b7   Thumb Code     0  startup_stm32f407xx.o(.text)
    DMA1_Stream4_IRQHandler                  0x080001b7   Thumb Code     0  startup_stm32f407xx.o(.text)
    DMA1_Stream5_IRQHandler                  0x080001b7   Thumb Code     0  startup_stm32f407xx.o(.text)
    DMA1_Stream6_IRQHandler                  0x080001b7   Thumb Code     0  startup_stm32f407xx.o(.text)
    DMA1_Stream7_IRQHandler                  0x080001b7   Thumb Code     0  startup_stm32f407xx.o(.text)
    DMA2_Stream0_IRQHandler                  0x080001b7   Thumb Code     0  startup_stm32f407xx.o(.text)
    DMA2_Stream1_IRQHandler                  0x080001b7   Thumb Code     0  startup_stm32f407xx.o(.text)
    DMA2_Stream2_IRQHandler                  0x080001b7   Thumb Code     0  startup_stm32f407xx.o(.text)
    DMA2_Stream3_IRQHandler                  0x080001b7   Thumb Code     0  startup_stm32f407xx.o(.text)
    DMA2_Stream4_IRQHandler                  0x080001b7   Thumb Code     0  startup_stm32f407xx.o(.text)
    DMA2_Stream5_IRQHandler                  0x080001b7   Thumb Code     0  startup_stm32f407xx.o(.text)
    DMA2_Stream6_IRQHandler                  0x080001b7   Thumb Code     0  startup_stm32f407xx.o(.text)
    DMA2_Stream7_IRQHandler                  0x080001b7   Thumb Code     0  startup_stm32f407xx.o(.text)
    ETH_IRQHandler                           0x080001b7   Thumb Code     0  startup_stm32f407xx.o(.text)
    ETH_WKUP_IRQHandler                      0x080001b7   Thumb Code     0  startup_stm32f407xx.o(.text)
    EXTI0_IRQHandler                         0x080001b7   Thumb Code     0  startup_stm32f407xx.o(.text)
    EXTI2_IRQHandler                         0x080001b7   Thumb Code     0  startup_stm32f407xx.o(.text)
    EXTI3_IRQHandler                         0x080001b7   Thumb Code     0  startup_stm32f407xx.o(.text)
    EXTI4_IRQHandler                         0x080001b7   Thumb Code     0  startup_stm32f407xx.o(.text)
    FLASH_IRQHandler                         0x080001b7   Thumb Code     0  startup_stm32f407xx.o(.text)
    FMC_IRQHandler                           0x080001b7   Thumb Code     0  startup_stm32f407xx.o(.text)
    FPU_IRQHandler                           0x080001b7   Thumb Code     0  startup_stm32f407xx.o(.text)
    HASH_RNG_IRQHandler                      0x080001b7   Thumb Code     0  startup_stm32f407xx.o(.text)
    I2C1_ER_IRQHandler                       0x080001b7   Thumb Code     0  startup_stm32f407xx.o(.text)
    I2C1_EV_IRQHandler                       0x080001b7   Thumb Code     0  startup_stm32f407xx.o(.text)
    I2C2_ER_IRQHandler                       0x080001b7   Thumb Code     0  startup_stm32f407xx.o(.text)
    I2C2_EV_IRQHandler                       0x080001b7   Thumb Code     0  startup_stm32f407xx.o(.text)
    I2C3_ER_IRQHandler                       0x080001b7   Thumb Code     0  startup_stm32f407xx.o(.text)
    I2C3_EV_IRQHandler                       0x080001b7   Thumb Code     0  startup_stm32f407xx.o(.text)
    OTG_FS_IRQHandler                        0x080001b7   Thumb Code     0  startup_stm32f407xx.o(.text)
    OTG_FS_WKUP_IRQHandler                   0x080001b7   Thumb Code     0  startup_stm32f407xx.o(.text)
    OTG_HS_EP1_IN_IRQHandler                 0x080001b7   Thumb Code     0  startup_stm32f407xx.o(.text)
    OTG_HS_EP1_OUT_IRQHandler                0x080001b7   Thumb Code     0  startup_stm32f407xx.o(.text)
    OTG_HS_IRQHandler                        0x080001b7   Thumb Code     0  startup_stm32f407xx.o(.text)
    OTG_HS_WKUP_IRQHandler                   0x080001b7   Thumb Code     0  startup_stm32f407xx.o(.text)
    PVD_IRQHandler                           0x080001b7   Thumb Code     0  startup_stm32f407xx.o(.text)
    RCC_IRQHandler                           0x080001b7   Thumb Code     0  startup_stm32f407xx.o(.text)
    RTC_Alarm_IRQHandler                     0x080001b7   Thumb Code     0  startup_stm32f407xx.o(.text)
    RTC_WKUP_IRQHandler                      0x080001b7   Thumb Code     0  startup_stm32f407xx.o(.text)
    SDIO_IRQHandler                          0x080001b7   Thumb Code     0  startup_stm32f407xx.o(.text)
    SPI1_IRQHandler                          0x080001b7   Thumb Code     0  startup_stm32f407xx.o(.text)
    SPI2_IRQHandler                          0x080001b7   Thumb Code     0  startup_stm32f407xx.o(.text)
    SPI3_IRQHandler                          0x080001b7   Thumb Code     0  startup_stm32f407xx.o(.text)
    TAMP_STAMP_IRQHandler                    0x080001b7   Thumb Code     0  startup_stm32f407xx.o(.text)
    TIM1_BRK_TIM9_IRQHandler                 0x080001b7   Thumb Code     0  startup_stm32f407xx.o(.text)
    TIM1_CC_IRQHandler                       0x080001b7   Thumb Code     0  startup_stm32f407xx.o(.text)
    TIM1_TRG_COM_TIM11_IRQHandler            0x080001b7   Thumb Code     0  startup_stm32f407xx.o(.text)
    TIM1_UP_TIM10_IRQHandler                 0x080001b7   Thumb Code     0  startup_stm32f407xx.o(.text)
    TIM2_IRQHandler                          0x080001b7   Thumb Code     0  startup_stm32f407xx.o(.text)
    TIM3_IRQHandler                          0x080001b7   Thumb Code     0  startup_stm32f407xx.o(.text)
    TIM4_IRQHandler                          0x080001b7   Thumb Code     0  startup_stm32f407xx.o(.text)
    TIM5_IRQHandler                          0x080001b7   Thumb Code     0  startup_stm32f407xx.o(.text)
    TIM6_DAC_IRQHandler                      0x080001b7   Thumb Code     0  startup_stm32f407xx.o(.text)
    TIM7_IRQHandler                          0x080001b7   Thumb Code     0  startup_stm32f407xx.o(.text)
    TIM8_BRK_TIM12_IRQHandler                0x080001b7   Thumb Code     0  startup_stm32f407xx.o(.text)
    TIM8_CC_IRQHandler                       0x080001b7   Thumb Code     0  startup_stm32f407xx.o(.text)
    TIM8_TRG_COM_TIM14_IRQHandler            0x080001b7   Thumb Code     0  startup_stm32f407xx.o(.text)
    TIM8_UP_TIM13_IRQHandler                 0x080001b7   Thumb Code     0  startup_stm32f407xx.o(.text)
    UART4_IRQHandler                         0x080001b7   Thumb Code     0  startup_stm32f407xx.o(.text)
    UART5_IRQHandler                         0x080001b7   Thumb Code     0  startup_stm32f407xx.o(.text)
    USART1_IRQHandler                        0x080001b7   Thumb Code     0  startup_stm32f407xx.o(.text)
    USART2_IRQHandler                        0x080001b7   Thumb Code     0  startup_stm32f407xx.o(.text)
    USART3_IRQHandler                        0x080001b7   Thumb Code     0  startup_stm32f407xx.o(.text)
    USART6_IRQHandler                        0x080001b7   Thumb Code     0  startup_stm32f407xx.o(.text)
    WWDG_IRQHandler                          0x080001b7   Thumb Code     0  startup_stm32f407xx.o(.text)
    __aeabi_uldivmod                         0x080001c1   Thumb Code    98  uldiv.o(.text)
    __aeabi_dadd                             0x08000223   Thumb Code   322  dadd.o(.text)
    __aeabi_dsub                             0x08000365   Thumb Code     6  dadd.o(.text)
    __aeabi_drsub                            0x0800036b   Thumb Code     6  dadd.o(.text)
    __aeabi_dmul                             0x08000371   Thumb Code   228  dmul.o(.text)
    __aeabi_ddiv                             0x08000455   Thumb Code   222  ddiv.o(.text)
    __aeabi_i2d                              0x08000533   Thumb Code    34  dflti.o(.text)
    __aeabi_ui2d                             0x08000555   Thumb Code    26  dfltui.o(.text)
    __aeabi_d2uiz                            0x0800056f   Thumb Code    50  dfixui.o(.text)
    __aeabi_f2d                              0x080005a1   Thumb Code    38  f2d.o(.text)
    __aeabi_cdcmpeq                          0x080005c9   Thumb Code     0  cdcmple.o(.text)
    __aeabi_cdcmple                          0x080005c9   Thumb Code    48  cdcmple.o(.text)
    __aeabi_cdrcmple                         0x080005f9   Thumb Code    48  cdrcmple.o(.text)
    __aeabi_d2f                              0x08000629   Thumb Code    56  d2f.o(.text)
    __aeabi_uidiv                            0x08000661   Thumb Code     0  uidiv.o(.text)
    __aeabi_uidivmod                         0x08000661   Thumb Code    44  uidiv.o(.text)
    __aeabi_llsl                             0x0800068d   Thumb Code    30  llshl.o(.text)
    _ll_shift_l                              0x0800068d   Thumb Code     0  llshl.o(.text)
    __aeabi_llsr                             0x080006ab   Thumb Code    32  llushr.o(.text)
    _ll_ushift_r                             0x080006ab   Thumb Code     0  llushr.o(.text)
    __aeabi_lasr                             0x080006cb   Thumb Code    36  llsshr.o(.text)
    _ll_sshift_r                             0x080006cb   Thumb Code     0  llsshr.o(.text)
    __I$use$fp                               0x080006ef   Thumb Code     0  iusefp.o(.text)
    _float_round                             0x080006ef   Thumb Code    18  fepilogue.o(.text)
    _float_epilogue                          0x08000701   Thumb Code    92  fepilogue.o(.text)
    _double_round                            0x0800075d   Thumb Code    30  depilogue.o(.text)
    _double_epilogue                         0x0800077b   Thumb Code   156  depilogue.o(.text)
    __aeabi_d2ulz                            0x08000817   Thumb Code    48  dfixul.o(.text)
    __scatterload                            0x08000849   Thumb Code    28  init.o(.text)
    __scatterload_rt2                        0x08000849   Thumb Code     0  init.o(.text)
    __aeabi_d2iz                             0x0800086d   Thumb Code    62  dfixi.o(.text)
    BusFault_Handler                         0x08000a21   Thumb Code     2  stm32f4xx_it.o(i.BusFault_Handler)
    DebugMon_Handler                         0x08000a23   Thumb Code     2  stm32f4xx_it.o(i.DebugMon_Handler)
    EXTI15_10_IRQHandler                     0x08000a25   Thumb Code    22  stm32f4xx_it.o(i.EXTI15_10_IRQHandler)
    EXTI1_IRQHandler                         0x08000a3b   Thumb Code     6  stm32f4xx_it.o(i.EXTI1_IRQHandler)
    EXTI9_5_IRQHandler                       0x08000a41   Thumb Code     6  stm32f4xx_it.o(i.EXTI9_5_IRQHandler)
    HAL_ADC_ConfigChannel                    0x08000a49   Thumb Code   396  stm32f4xx_hal_adc.o(i.HAL_ADC_ConfigChannel)
    HAL_ADC_Init                             0x08000c1d   Thumb Code   466  stm32f4xx_hal_adc.o(i.HAL_ADC_Init)
    HAL_ADC_MspInit                          0x08000e39   Thumb Code    54  adc.o(i.HAL_ADC_MspInit)
    HAL_GPIO_EXTI_Callback                   0x08000e7d   Thumb Code   172  encoder.o(i.HAL_GPIO_EXTI_Callback)
    HAL_GPIO_EXTI_IRQHandler                 0x08000f3d   Thumb Code    18  stm32f4xx_hal_gpio.o(i.HAL_GPIO_EXTI_IRQHandler)
    HAL_GPIO_Init                            0x08000f55   Thumb Code   646  stm32f4xx_hal_gpio.o(i.HAL_GPIO_Init)
    HAL_GPIO_ReadPin                         0x08001261   Thumb Code    28  stm32f4xx_hal_gpio.o(i.HAL_GPIO_ReadPin)
    HAL_GPIO_WritePin                        0x080012b9   Thumb Code    46  stm32f4xx_hal_gpio.o(i.HAL_GPIO_WritePin)
    HAL_GetTick                              0x08001325   Thumb Code     6  stm32f4xx_hal.o(i.HAL_GetTick)
    HAL_IncTick                              0x08001331   Thumb Code    12  stm32f4xx_hal.o(i.HAL_IncTick)
    HAL_Init                                 0x08001341   Thumb Code    48  stm32f4xx_hal.o(i.HAL_Init)
    HAL_InitTick                             0x08001375   Thumb Code    54  stm32f4xx_hal.o(i.HAL_InitTick)
    HAL_MspInit                              0x080013b5   Thumb Code   126  stm32f4xx_hal_msp.o(i.HAL_MspInit)
    HAL_NVIC_EnableIRQ                       0x08001439   Thumb Code    36  stm32f4xx_hal_cortex.o(i.HAL_NVIC_EnableIRQ)
    HAL_NVIC_SetPriority                     0x08001499   Thumb Code    94  stm32f4xx_hal_cortex.o(i.HAL_NVIC_SetPriority)
    HAL_NVIC_SetPriorityGrouping             0x08001539   Thumb Code    58  stm32f4xx_hal_cortex.o(i.HAL_NVIC_SetPriorityGrouping)
    HAL_RCC_ClockConfig                      0x080015b9   Thumb Code   510  stm32f4xx_hal_rcc.o(i.HAL_RCC_ClockConfig)
    HAL_RCC_GetHCLKFreq                      0x08001801   Thumb Code     6  stm32f4xx_hal_rcc.o(i.HAL_RCC_GetHCLKFreq)
    HAL_RCC_GetPCLK1Freq                     0x0800180d   Thumb Code    20  stm32f4xx_hal_rcc.o(i.HAL_RCC_GetPCLK1Freq)
    HAL_RCC_GetPCLK2Freq                     0x0800182d   Thumb Code    20  stm32f4xx_hal_rcc.o(i.HAL_RCC_GetPCLK2Freq)
    HAL_RCC_GetSysClockFreq                  0x0800184d   Thumb Code    88  stm32f4xx_hal_rcc.o(i.HAL_RCC_GetSysClockFreq)
    HAL_RCC_OscConfig                        0x080018ad   Thumb Code  1118  stm32f4xx_hal_rcc.o(i.HAL_RCC_OscConfig)
    HAL_SYSTICK_CLKSourceConfig              0x08001d0d   Thumb Code    40  stm32f4xx_hal_cortex.o(i.HAL_SYSTICK_CLKSourceConfig)
    HAL_SYSTICK_Callback                     0x08001d71   Thumb Code     2  stm32f4xx_hal_cortex.o(i.HAL_SYSTICK_Callback)
    HAL_SYSTICK_Config                       0x08001d73   Thumb Code    40  stm32f4xx_hal_cortex.o(i.HAL_SYSTICK_Config)
    HAL_SYSTICK_IRQHandler                   0x08001d9b   Thumb Code     8  stm32f4xx_hal_cortex.o(i.HAL_SYSTICK_IRQHandler)
    HAL_TIMEx_ConfigBreakDeadTime            0x08001da5   Thumb Code   266  stm32f4xx_hal_tim_ex.o(i.HAL_TIMEx_ConfigBreakDeadTime)
    HAL_TIMEx_MasterConfigSynchronization    0x08001ef5   Thumb Code   202  stm32f4xx_hal_tim_ex.o(i.HAL_TIMEx_MasterConfigSynchronization)
    HAL_TIM_Base_Start                       0x08002019   Thumb Code   126  stm32f4xx_hal_tim.o(i.HAL_TIM_Base_Start)
    HAL_TIM_MspPostInit                      0x08002105   Thumb Code    44  tim.o(i.HAL_TIM_MspPostInit)
    HAL_TIM_PWM_ConfigChannel                0x08002139   Thumb Code   536  stm32f4xx_hal_tim.o(i.HAL_TIM_PWM_ConfigChannel)
    HAL_TIM_PWM_Init                         0x080023b5   Thumb Code   206  stm32f4xx_hal_tim.o(i.HAL_TIM_PWM_Init)
    HAL_TIM_PWM_MspInit                      0x080024f1   Thumb Code    50  tim.o(i.HAL_TIM_PWM_MspInit)
    HAL_TIM_PWM_Start                        0x0800252d   Thumb Code   252  stm32f4xx_hal_tim.o(i.HAL_TIM_PWM_Start)
    HAL_UART_Init                            0x0800268d   Thumb Code   244  stm32f4xx_hal_uart.o(i.HAL_UART_Init)
    HAL_UART_MspInit                         0x080027d5   Thumb Code    96  usart.o(i.HAL_UART_MspInit)
    HardFault_Handler                        0x08002849   Thumb Code     2  stm32f4xx_it.o(i.HardFault_Handler)
    MX_ADC1_Init                             0x0800284d   Thumb Code    84  adc.o(i.MX_ADC1_Init)
    MX_GPIO_Init                             0x080028c1   Thumb Code   440  gpio.o(i.MX_GPIO_Init)
    MX_TIM8_Init                             0x08002a95   Thumb Code   212  tim.o(i.MX_TIM8_Init)
    MX_USART1_UART_Init                      0x08002b85   Thumb Code    52  usart.o(i.MX_USART1_UART_Init)
    MX_USART3_UART_Init                      0x08002bd5   Thumb Code    52  usart.o(i.MX_USART3_UART_Init)
    MemManage_Handler                        0x08002c25   Thumb Code     2  stm32f4xx_it.o(i.MemManage_Handler)
    NMI_Handler                              0x08002c27   Thumb Code     2  stm32f4xx_it.o(i.NMI_Handler)
    PendSV_Handler                           0x08002c49   Thumb Code     2  stm32f4xx_it.o(i.PendSV_Handler)
    SVC_Handler                              0x08002c4b   Thumb Code     2  stm32f4xx_it.o(i.SVC_Handler)
    SysTick_Handler                          0x08002c4d   Thumb Code    14  stm32f4xx_it.o(i.SysTick_Handler)
    SystemClock_Config                       0x08002c5d   Thumb Code   152  main.o(i.SystemClock_Config)
    SystemInit                               0x08002cfd   Thumb Code    66  system_stm32f4xx.o(i.SystemInit)
    TIM_Base_SetConfig                       0x08002d51   Thumb Code   148  stm32f4xx_hal_tim.o(i.TIM_Base_SetConfig)
    TIM_CCxChannelCmd                        0x08002e11   Thumb Code   138  stm32f4xx_hal_tim.o(i.TIM_CCxChannelCmd)
    TIM_OC2_SetConfig                        0x08002f59   Thumb Code   118  stm32f4xx_hal_tim.o(i.TIM_OC2_SetConfig)
    UsageFault_Handler                       0x080034d9   Thumb Code     2  stm32f4xx_it.o(i.UsageFault_Handler)
    _Error_Handler                           0x080034db   Thumb Code     2  main.o(i._Error_Handler)
    __0printf                                0x080034dd   Thumb Code    22  printfa.o(i.__0printf)
    __1printf                                0x080034dd   Thumb Code     0  printfa.o(i.__0printf)
    __2printf                                0x080034dd   Thumb Code     0  printfa.o(i.__0printf)
    __c89printf                              0x080034dd   Thumb Code     0  printfa.o(i.__0printf)
    printf                                   0x080034dd   Thumb Code     0  printfa.o(i.__0printf)
    __ARM_fpclassify                         0x080034fd   Thumb Code    48  fpclassify.o(i.__ARM_fpclassify)
    __hardfp_cos                             0x08003531   Thumb Code   180  cos.o(i.__hardfp_cos)
    __hardfp_sin                             0x080035f9   Thumb Code   180  sin.o(i.__hardfp_sin)
    __ieee754_rem_pio2                       0x080036c1   Thumb Code   938  rred.o(i.__ieee754_rem_pio2)
    __kernel_cos                             0x08003af9   Thumb Code   322  cos_i.o(i.__kernel_cos)
    __kernel_poly                            0x08003c69   Thumb Code   248  poly.o(i.__kernel_poly)
    __kernel_sin                             0x08003d61   Thumb Code   280  sin_i.o(i.__kernel_sin)
    __mathlib_dbl_infnan                     0x08003e91   Thumb Code    20  dunder.o(i.__mathlib_dbl_infnan)
    __mathlib_dbl_invalid                    0x08003ea9   Thumb Code    24  dunder.o(i.__mathlib_dbl_invalid)
    __mathlib_dbl_underflow                  0x08003ec9   Thumb Code    24  dunder.o(i.__mathlib_dbl_underflow)
    __scatterload_copy                       0x08003ee9   Thumb Code    14  handlers.o(i.__scatterload_copy)
    __scatterload_null                       0x08003ef7   Thumb Code     2  handlers.o(i.__scatterload_null)
    __scatterload_zeroinit                   0x08003ef9   Thumb Code    14  handlers.o(i.__scatterload_zeroinit)
    __set_errno                              0x08003f09   Thumb Code     6  errno.o(i.__set_errno)
    assert_failed                            0x080047c7   Thumb Code     2  main.o(i.assert_failed)
    calculate_encoder_distance               0x080047c9   Thumb Code    66  encoder.o(i.calculate_encoder_distance)
    calculate_robot_distance                 0x08004815   Thumb Code   428  encoder.o(i.calculate_robot_distance)
    calculate_robot_velocity                 0x080049d5   Thumb Code   192  drive.o(i.calculate_robot_velocity)
    calculate_velocity_with_pid              0x08004ab9   Thumb Code   466  pid.o(i.calculate_velocity_with_pid)
    fabs                                     0x08004cb1   Thumb Code    24  fabs.o(i.fabs)
    float_abs                                0x08004cc9   Thumb Code    60  wheel.o(i.float_abs)
    fputc                                    0x08004d0d   Thumb Code    36  main.o(i.fputc)
    init_encoder                             0x08004d35   Thumb Code    16  encoder.o(i.init_encoder)
    main                                     0x08004d49   Thumb Code   238  main.o(i.main)
    pid_Compute                              0x08004ec1   Thumb Code   218  pid.o(i.pid_Compute)
    ramp                                     0x08004fb5   Thumb Code   210  drive.o(i.ramp)
    set_Direction                            0x080050a9   Thumb Code    56  wheel.o(i.set_Direction)
    set_DutyCycle                            0x080050e1   Thumb Code    12  wheel.o(i.set_DutyCycle)
    set_DutyCycle_Primary                    0x080050ed   Thumb Code    40  wheel.o(i.set_DutyCycle_Primary)
    set_Gains_distance                       0x08005115   Thumb Code    14  pid.o(i.set_Gains_distance)
    set_Omega                                0x08005129   Thumb Code   150  wheel.o(i.set_Omega)
    set_OutputLimit                          0x080051d9   Thumb Code    10  pid.o(i.set_OutputLimit)
    set_ocr                                  0x080051e5   Thumb Code   126  wheel.o(i.set_ocr)
    time_period                              0x0800527d   Thumb Code    30  wheel.o(i.time_period)
    wheel_init                               0x080052b5   Thumb Code   126  robo_init.o(i.wheel_init)
    coupling_matrix                          0x08005350   Data          48  drive.o(.constdata)
    AHBPrescTable                            0x08005380   Data          16  system_stm32f4xx.o(.constdata)
    APBPrescTable                            0x08005390   Data           8  system_stm32f4xx.o(.constdata)
    Region$$Table$$Base                      0x080054b8   Number         0  anon$$obj.o(Region$$Table)
    Region$$Table$$Limit                     0x080054d8   Number         0  anon$$obj.o(Region$$Table)
    __stdout                                 0x20000000   Data           4  main.o(.data)
    robotx                                   0x20000004   Data           4  encoder.o(.data)
    roboty                                   0x20000008   Data           4  encoder.o(.data)
    actual_robotx                            0x2000000c   Data           4  encoder.o(.data)
    actual_roboty                            0x20000010   Data           4  encoder.o(.data)
    theta                                    0x20000014   Data           4  encoder.o(.data)
    dt                                       0x20000018   Data           2  pid.o(.data)
    sample_time                              0x2000001c   Data           4  pid.o(.data)
    update_tick                              0x20000020   Data           4  pid.o(.data)
    del_distance_pid                         0x20000024   Data          12  pid.o(.data)
    uwTickFreq                               0x20000030   Data           1  stm32f4xx_hal.o(.data)
    uwTickPrio                               0x20000034   Data           4  stm32f4xx_hal.o(.data)
    uwTick                                   0x20000038   Data           4  stm32f4xx_hal.o(.data)
    SystemCoreClock                          0x2000003c   Data           4  system_stm32f4xx.o(.data)
    hadc1                                    0x20000044   Data          72  adc.o(.bss)
    htim8                                    0x2000008c   Data          60  tim.o(.bss)
    htim14                                   0x200000c8   Data          60  tim.o(.bss)
    huart1                                   0x20000104   Data          64  usart.o(.bss)
    huart3                                   0x20000144   Data          64  usart.o(.bss)
    Wheel_arr                                0x20000188   Data         192  robo_init.o(.bss)
    e                                        0x20000248   Data          32  encoder.o(.bss)
    velocity                                 0x20000268   Data          12  drive.o(.bss)
    omega                                    0x20000278   Data          16  pid.o(.bss)
    new_omega                                0x20000288   Data          32  pid.o(.bss)
    counts                                   0x200002a8   Data          16  pid.o(.bss)
    counts_per_st                            0x200002b8   Data          16  pid.o(.bss)
    Previous_distance_pid                    0x200002c8   Data          12  pid.o(.bss)
    req_omega                                0x200002d4   Data          16  pid.o(.bss)
    pid_1                                    0x200002e8   Data          48  pid.o(.bss)
    pid_2                                    0x20000318   Data          48  pid.o(.bss)
    pid_3                                    0x20000348   Data          48  pid.o(.bss)
    pid_4                                    0x20000378   Data          48  pid.o(.bss)
    distance_pid                             0x200003a8   Data          12  pid.o(.bss)
    pid_dis_1                                0x200003b8   Data          40  pid.o(.bss)
    pid_dis_2                                0x200003e0   Data          40  pid.o(.bss)
    pid_dis_3                                0x20000408   Data          40  pid.o(.bss)
    __initial_sp                             0x20000830   Data           0  startup_stm32f407xx.o(STACK)



==============================================================================

Memory Map of the image

  Image Entry point : 0x08000189

  Load Region LR_IROM1 (Base: 0x08000000, Size: 0x0000551c, Max: 0x00100000, ABSOLUTE)

    Execution Region ER_IROM1 (Exec base: 0x08000000, Load base: 0x08000000, Size: 0x000054d8, Max: 0x00100000, ABSOLUTE)

    Exec Addr    Load Addr    Size         Type   Attr      Idx    E Section Name        Object

    0x08000000   0x08000000   0x00000188   Data   RO            3    RESET               startup_stm32f407xx.o
    0x08000188   0x08000188   0x00000000   Code   RO         3444  * .ARM.Collect$$$$00000000  mc_w.l(entry.o)
    0x08000188   0x08000188   0x00000004   Code   RO         3783    .ARM.Collect$$$$00000001  mc_w.l(entry2.o)
    0x0800018c   0x0800018c   0x00000004   Code   RO         3786    .ARM.Collect$$$$00000004  mc_w.l(entry5.o)
    0x08000190   0x08000190   0x00000000   Code   RO         3788    .ARM.Collect$$$$00000008  mc_w.l(entry7b.o)
    0x08000190   0x08000190   0x00000000   Code   RO         3790    .ARM.Collect$$$$0000000A  mc_w.l(entry8b.o)
    0x08000190   0x08000190   0x00000008   Code   RO         3791    .ARM.Collect$$$$0000000B  mc_w.l(entry9a.o)
    0x08000198   0x08000198   0x00000000   Code   RO         3793    .ARM.Collect$$$$0000000D  mc_w.l(entry10a.o)
    0x08000198   0x08000198   0x00000000   Code   RO         3795    .ARM.Collect$$$$0000000F  mc_w.l(entry11a.o)
    0x08000198   0x08000198   0x00000004   Code   RO         3784    .ARM.Collect$$$$00002712  mc_w.l(entry2.o)
    0x0800019c   0x0800019c   0x00000024   Code   RO            4    .text               startup_stm32f407xx.o
    0x080001c0   0x080001c0   0x00000062   Code   RO         3447    .text               mc_w.l(uldiv.o)
    0x08000222   0x08000222   0x0000014e   Code   RO         3710    .text               mf_w.l(dadd.o)
    0x08000370   0x08000370   0x000000e4   Code   RO         3712    .text               mf_w.l(dmul.o)
    0x08000454   0x08000454   0x000000de   Code   RO         3714    .text               mf_w.l(ddiv.o)
    0x08000532   0x08000532   0x00000022   Code   RO         3718    .text               mf_w.l(dflti.o)
    0x08000554   0x08000554   0x0000001a   Code   RO         3720    .text               mf_w.l(dfltui.o)
    0x0800056e   0x0800056e   0x00000032   Code   RO         3722    .text               mf_w.l(dfixui.o)
    0x080005a0   0x080005a0   0x00000026   Code   RO         3724    .text               mf_w.l(f2d.o)
    0x080005c6   0x080005c6   0x00000002   PAD
    0x080005c8   0x080005c8   0x00000030   Code   RO         3726    .text               mf_w.l(cdcmple.o)
    0x080005f8   0x080005f8   0x00000030   Code   RO         3728    .text               mf_w.l(cdrcmple.o)
    0x08000628   0x08000628   0x00000038   Code   RO         3730    .text               mf_w.l(d2f.o)
    0x08000660   0x08000660   0x0000002c   Code   RO         3797    .text               mc_w.l(uidiv.o)
    0x0800068c   0x0800068c   0x0000001e   Code   RO         3799    .text               mc_w.l(llshl.o)
    0x080006aa   0x080006aa   0x00000020   Code   RO         3801    .text               mc_w.l(llushr.o)
    0x080006ca   0x080006ca   0x00000024   Code   RO         3803    .text               mc_w.l(llsshr.o)
    0x080006ee   0x080006ee   0x00000000   Code   RO         3812    .text               mc_w.l(iusefp.o)
    0x080006ee   0x080006ee   0x0000006e   Code   RO         3813    .text               mf_w.l(fepilogue.o)
    0x0800075c   0x0800075c   0x000000ba   Code   RO         3815    .text               mf_w.l(depilogue.o)
    0x08000816   0x08000816   0x00000030   Code   RO         3819    .text               mf_w.l(dfixul.o)
    0x08000846   0x08000846   0x00000002   PAD
    0x08000848   0x08000848   0x00000024   Code   RO         3821    .text               mc_w.l(init.o)
    0x0800086c   0x0800086c   0x0000003e   Code   RO         3825    .text               mf_w.l(dfixi.o)
    0x080008aa   0x080008aa   0x00000002   PAD
    0x080008ac   0x080008ac   0x00000174   Code   RO          843    i.ADC_Init          stm32f4xx_hal_adc.o
    0x08000a20   0x08000a20   0x00000002   Code   RO          383    i.BusFault_Handler  stm32f4xx_it.o
    0x08000a22   0x08000a22   0x00000002   Code   RO          384    i.DebugMon_Handler  stm32f4xx_it.o
    0x08000a24   0x08000a24   0x00000016   Code   RO          385    i.EXTI15_10_IRQHandler  stm32f4xx_it.o
    0x08000a3a   0x08000a3a   0x00000006   Code   RO          386    i.EXTI1_IRQHandler  stm32f4xx_it.o
    0x08000a40   0x08000a40   0x00000006   Code   RO          387    i.EXTI9_5_IRQHandler  stm32f4xx_it.o
    0x08000a46   0x08000a46   0x00000002   PAD
    0x08000a48   0x08000a48   0x000001d4   Code   RO          845    i.HAL_ADC_ConfigChannel  stm32f4xx_hal_adc.o
    0x08000c1c   0x08000c1c   0x0000021c   Code   RO          854    i.HAL_ADC_Init      stm32f4xx_hal_adc.o
    0x08000e38   0x08000e38   0x00000044   Code   RO          220    i.HAL_ADC_MspInit   adc.o
    0x08000e7c   0x08000e7c   0x000000c0   Code   RO          657    i.HAL_GPIO_EXTI_Callback  encoder.o
    0x08000f3c   0x08000f3c   0x00000018   Code   RO         2680    i.HAL_GPIO_EXTI_IRQHandler  stm32f4xx_hal_gpio.o
    0x08000f54   0x08000f54   0x0000030c   Code   RO         2681    i.HAL_GPIO_Init     stm32f4xx_hal_gpio.o
    0x08001260   0x08001260   0x00000058   Code   RO         2683    i.HAL_GPIO_ReadPin  stm32f4xx_hal_gpio.o
    0x080012b8   0x080012b8   0x0000006c   Code   RO         2685    i.HAL_GPIO_WritePin  stm32f4xx_hal_gpio.o
    0x08001324   0x08001324   0x0000000c   Code   RO         3213    i.HAL_GetTick       stm32f4xx_hal.o
    0x08001330   0x08001330   0x00000010   Code   RO         3217    i.HAL_IncTick       stm32f4xx_hal.o
    0x08001340   0x08001340   0x00000034   Code   RO         3218    i.HAL_Init          stm32f4xx_hal.o
    0x08001374   0x08001374   0x00000040   Code   RO         3219    i.HAL_InitTick      stm32f4xx_hal.o
    0x080013b4   0x080013b4   0x00000084   Code   RO          476    i.HAL_MspInit       stm32f4xx_hal_msp.o
    0x08001438   0x08001438   0x00000060   Code   RO         3070    i.HAL_NVIC_EnableIRQ  stm32f4xx_hal_cortex.o
    0x08001498   0x08001498   0x000000a0   Code   RO         3076    i.HAL_NVIC_SetPriority  stm32f4xx_hal_cortex.o
    0x08001538   0x08001538   0x00000080   Code   RO         3077    i.HAL_NVIC_SetPriorityGrouping  stm32f4xx_hal_cortex.o
    0x080015b8   0x080015b8   0x00000248   Code   RO         2312    i.HAL_RCC_ClockConfig  stm32f4xx_hal_rcc.o
    0x08001800   0x08001800   0x0000000c   Code   RO         2317    i.HAL_RCC_GetHCLKFreq  stm32f4xx_hal_rcc.o
    0x0800180c   0x0800180c   0x00000020   Code   RO         2319    i.HAL_RCC_GetPCLK1Freq  stm32f4xx_hal_rcc.o
    0x0800182c   0x0800182c   0x00000020   Code   RO         2320    i.HAL_RCC_GetPCLK2Freq  stm32f4xx_hal_rcc.o
    0x0800184c   0x0800184c   0x00000060   Code   RO         2321    i.HAL_RCC_GetSysClockFreq  stm32f4xx_hal_rcc.o
    0x080018ac   0x080018ac   0x0000045e   Code   RO         2324    i.HAL_RCC_OscConfig  stm32f4xx_hal_rcc.o
    0x08001d0a   0x08001d0a   0x00000002   PAD
    0x08001d0c   0x08001d0c   0x00000064   Code   RO         3079    i.HAL_SYSTICK_CLKSourceConfig  stm32f4xx_hal_cortex.o
    0x08001d70   0x08001d70   0x00000002   Code   RO         3080    i.HAL_SYSTICK_Callback  stm32f4xx_hal_cortex.o
    0x08001d72   0x08001d72   0x00000028   Code   RO         3081    i.HAL_SYSTICK_Config  stm32f4xx_hal_cortex.o
    0x08001d9a   0x08001d9a   0x00000008   Code   RO         3082    i.HAL_SYSTICK_IRQHandler  stm32f4xx_hal_cortex.o
    0x08001da2   0x08001da2   0x00000002   PAD
    0x08001da4   0x08001da4   0x00000150   Code   RO         1748    i.HAL_TIMEx_ConfigBreakDeadTime  stm32f4xx_hal_tim_ex.o
    0x08001ef4   0x08001ef4   0x00000124   Code   RO         1763    i.HAL_TIMEx_MasterConfigSynchronization  stm32f4xx_hal_tim_ex.o
    0x08002018   0x08002018   0x000000ec   Code   RO         1120    i.HAL_TIM_Base_Start  stm32f4xx_hal_tim.o
    0x08002104   0x08002104   0x00000034   Code   RO          271    i.HAL_TIM_MspPostInit  tim.o
    0x08002138   0x08002138   0x0000027c   Code   RO         1183    i.HAL_TIM_PWM_ConfigChannel  stm32f4xx_hal_tim.o
    0x080023b4   0x080023b4   0x0000013c   Code   RO         1186    i.HAL_TIM_PWM_Init  stm32f4xx_hal_tim.o
    0x080024f0   0x080024f0   0x0000003c   Code   RO          273    i.HAL_TIM_PWM_MspInit  tim.o
    0x0800252c   0x0800252c   0x00000160   Code   RO         1190    i.HAL_TIM_PWM_Start  stm32f4xx_hal_tim.o
    0x0800268c   0x0800268c   0x00000148   Code   RO         2010    i.HAL_UART_Init     stm32f4xx_hal_uart.o
    0x080027d4   0x080027d4   0x00000074   Code   RO          336    i.HAL_UART_MspInit  usart.o
    0x08002848   0x08002848   0x00000002   Code   RO          388    i.HardFault_Handler  stm32f4xx_it.o
    0x0800284a   0x0800284a   0x00000002   PAD
    0x0800284c   0x0800284c   0x00000074   Code   RO          221    i.MX_ADC1_Init      adc.o
    0x080028c0   0x080028c0   0x000001d4   Code   RO          500    i.MX_GPIO_Init      gpio.o
    0x08002a94   0x08002a94   0x000000f0   Code   RO          275    i.MX_TIM8_Init      tim.o
    0x08002b84   0x08002b84   0x00000050   Code   RO          337    i.MX_USART1_UART_Init  usart.o
    0x08002bd4   0x08002bd4   0x00000050   Code   RO          338    i.MX_USART3_UART_Init  usart.o
    0x08002c24   0x08002c24   0x00000002   Code   RO          389    i.MemManage_Handler  stm32f4xx_it.o
    0x08002c26   0x08002c26   0x00000002   Code   RO          390    i.NMI_Handler       stm32f4xx_it.o
    0x08002c28   0x08002c28   0x00000020   Code   RO         3083    i.NVIC_SetPriority  stm32f4xx_hal_cortex.o
    0x08002c48   0x08002c48   0x00000002   Code   RO          391    i.PendSV_Handler    stm32f4xx_it.o
    0x08002c4a   0x08002c4a   0x00000002   Code   RO          392    i.SVC_Handler       stm32f4xx_it.o
    0x08002c4c   0x08002c4c   0x0000000e   Code   RO          393    i.SysTick_Handler   stm32f4xx_it.o
    0x08002c5a   0x08002c5a   0x00000002   PAD
    0x08002c5c   0x08002c5c   0x000000a0   Code   RO           13    i.SystemClock_Config  main.o
    0x08002cfc   0x08002cfc   0x00000054   Code   RO         3372    i.SystemInit        system_stm32f4xx.o
    0x08002d50   0x08002d50   0x000000c0   Code   RO         1201    i.TIM_Base_SetConfig  stm32f4xx_hal_tim.o
    0x08002e10   0x08002e10   0x000000f0   Code   RO         1202    i.TIM_CCxChannelCmd  stm32f4xx_hal_tim.o
    0x08002f00   0x08002f00   0x00000058   Code   RO         1210    i.TIM_OC1_SetConfig  stm32f4xx_hal_tim.o
    0x08002f58   0x08002f58   0x000000b8   Code   RO         1211    i.TIM_OC2_SetConfig  stm32f4xx_hal_tim.o
    0x08003010   0x08003010   0x000000e0   Code   RO         1212    i.TIM_OC3_SetConfig  stm32f4xx_hal_tim.o
    0x080030f0   0x080030f0   0x000000a4   Code   RO         1213    i.TIM_OC4_SetConfig  stm32f4xx_hal_tim.o
    0x08003194   0x08003194   0x00000344   Code   RO         2036    i.UART_SetConfig    stm32f4xx_hal_uart.o
    0x080034d8   0x080034d8   0x00000002   Code   RO          394    i.UsageFault_Handler  stm32f4xx_it.o
    0x080034da   0x080034da   0x00000002   Code   RO           14    i._Error_Handler    main.o
    0x080034dc   0x080034dc   0x00000020   Code   RO         3682    i.__0printf         mc_w.l(printfa.o)
    0x080034fc   0x080034fc   0x00000030   Code   RO         3755    i.__ARM_fpclassify  m_wm.l(fpclassify.o)
    0x0800352c   0x0800352c   0x00000004   PAD
    0x08003530   0x08003530   0x000000c8   Code   RO         3406    i.__hardfp_cos      m_wm.l(cos.o)
    0x080035f8   0x080035f8   0x000000c8   Code   RO         3432    i.__hardfp_sin      m_wm.l(sin.o)
    0x080036c0   0x080036c0   0x00000438   Code   RO         3760    i.__ieee754_rem_pio2  m_wm.l(rred.o)
    0x08003af8   0x08003af8   0x00000170   Code   RO         3732    i.__kernel_cos      m_wm.l(cos_i.o)
    0x08003c68   0x08003c68   0x000000f8   Code   RO         3757    i.__kernel_poly     m_wm.l(poly.o)
    0x08003d60   0x08003d60   0x00000130   Code   RO         3765    i.__kernel_sin      m_wm.l(sin_i.o)
    0x08003e90   0x08003e90   0x00000014   Code   RO         3736    i.__mathlib_dbl_infnan  m_wm.l(dunder.o)
    0x08003ea4   0x08003ea4   0x00000004   PAD
    0x08003ea8   0x08003ea8   0x00000020   Code   RO         3738    i.__mathlib_dbl_invalid  m_wm.l(dunder.o)
    0x08003ec8   0x08003ec8   0x00000020   Code   RO         3741    i.__mathlib_dbl_underflow  m_wm.l(dunder.o)
    0x08003ee8   0x08003ee8   0x0000000e   Code   RO         3829    i.__scatterload_copy  mc_w.l(handlers.o)
    0x08003ef6   0x08003ef6   0x00000002   Code   RO         3830    i.__scatterload_null  mc_w.l(handlers.o)
    0x08003ef8   0x08003ef8   0x0000000e   Code   RO         3831    i.__scatterload_zeroinit  mc_w.l(handlers.o)
    0x08003f06   0x08003f06   0x00000002   PAD
    0x08003f08   0x08003f08   0x0000000c   Code   RO         3807    i.__set_errno       mc_w.l(errno.o)
    0x08003f14   0x08003f14   0x00000184   Code   RO         3689    i._fp_digits        mc_w.l(printfa.o)
    0x08004098   0x08004098   0x000006dc   Code   RO         3690    i._printf_core      mc_w.l(printfa.o)
    0x08004774   0x08004774   0x00000024   Code   RO         3691    i._printf_post_padding  mc_w.l(printfa.o)
    0x08004798   0x08004798   0x0000002e   Code   RO         3692    i._printf_pre_padding  mc_w.l(printfa.o)
    0x080047c6   0x080047c6   0x00000002   Code   RO           15    i.assert_failed     main.o
    0x080047c8   0x080047c8   0x0000004c   Code   RO          658    i.calculate_encoder_distance  encoder.o
    0x08004814   0x08004814   0x000001c0   Code   RO          659    i.calculate_robot_distance  encoder.o
    0x080049d4   0x080049d4   0x000000e4   Code   RO          711    i.calculate_robot_velocity  drive.o
    0x08004ab8   0x08004ab8   0x000001f8   Code   RO          747    i.calculate_velocity_with_pid  pid.o
    0x08004cb0   0x08004cb0   0x00000018   Code   RO         3751    i.fabs              m_wm.l(fabs.o)
    0x08004cc8   0x08004cc8   0x00000044   Code   RO          600    i.float_abs         wheel.o
    0x08004d0c   0x08004d0c   0x00000028   Code   RO           16    i.fputc             main.o
    0x08004d34   0x08004d34   0x00000014   Code   RO          660    i.init_encoder      encoder.o
    0x08004d48   0x08004d48   0x00000178   Code   RO           18    i.main              main.o
    0x08004ec0   0x08004ec0   0x000000f4   Code   RO          749    i.pid_Compute       pid.o
    0x08004fb4   0x08004fb4   0x000000f4   Code   RO          712    i.ramp              drive.o
    0x080050a8   0x080050a8   0x00000038   Code   RO          601    i.set_Direction     wheel.o
    0x080050e0   0x080050e0   0x0000000c   Code   RO          602    i.set_DutyCycle     wheel.o
    0x080050ec   0x080050ec   0x00000028   Code   RO          603    i.set_DutyCycle_Primary  wheel.o
    0x08005114   0x08005114   0x00000014   Code   RO          752    i.set_Gains_distance  pid.o
    0x08005128   0x08005128   0x000000b0   Code   RO          604    i.set_Omega         wheel.o
    0x080051d8   0x080051d8   0x0000000a   Code   RO          753    i.set_OutputLimit   pid.o
    0x080051e2   0x080051e2   0x00000002   PAD
    0x080051e4   0x080051e4   0x00000098   Code   RO          605    i.set_ocr           wheel.o
    0x0800527c   0x0800527c   0x00000038   Code   RO          606    i.time_period       wheel.o
    0x080052b4   0x080052b4   0x0000009c   Code   RO          524    i.wheel_init        robo_init.o
    0x08005350   0x08005350   0x00000030   Data   RO          714    .constdata          drive.o
    0x08005380   0x08005380   0x00000010   Data   RO         3373    .constdata          system_stm32f4xx.o
    0x08005390   0x08005390   0x00000008   Data   RO         3374    .constdata          system_stm32f4xx.o
    0x08005398   0x08005398   0x00000030   Data   RO         3733    .constdata          m_wm.l(cos_i.o)
    0x080053c8   0x080053c8   0x000000c8   Data   RO         3762    .constdata          m_wm.l(rred.o)
    0x08005490   0x08005490   0x00000028   Data   RO         3766    .constdata          m_wm.l(sin_i.o)
    0x080054b8   0x080054b8   0x00000020   Data   RO         3827    Region$$Table       anon$$obj.o


    Execution Region RW_IRAM1 (Exec base: 0x20000000, Load base: 0x080054d8, Size: 0x00000830, Max: 0x00020000, ABSOLUTE)

    Exec Addr    Load Addr    Size         Type   Attr      Idx    E Section Name        Object

    0x20000000   0x080054d8   0x00000004   Data   RW           20    .data               main.o
    0x20000004   0x080054dc   0x00000014   Data   RW          664    .data               encoder.o
    0x20000018   0x080054f0   0x00000018   Data   RW          755    .data               pid.o
    0x20000030   0x08005508   0x0000000c   Data   RW         3225    .data               stm32f4xx_hal.o
    0x2000003c   0x08005514   0x00000004   Data   RW         3375    .data               system_stm32f4xx.o
    0x20000040   0x08005518   0x00000004   Data   RW         3808    .data               mc_w.l(errno.o)
    0x20000044        -       0x00000048   Zero   RW          222    .bss                adc.o
    0x2000008c        -       0x00000078   Zero   RW          276    .bss                tim.o
    0x20000104        -       0x00000080   Zero   RW          339    .bss                usart.o
    0x20000184   0x0800551c   0x00000004   PAD
    0x20000188        -       0x000000c0   Zero   RW          525    .bss                robo_init.o
    0x20000248        -       0x00000020   Zero   RW          662    .bss                encoder.o
    0x20000268        -       0x0000000c   Zero   RW          713    .bss                drive.o
    0x20000274   0x0800551c   0x00000004   PAD
    0x20000278        -       0x000001b8   Zero   RW          754    .bss                pid.o
    0x20000430        -       0x00000400   Zero   RW            1    STACK               startup_stm32f407xx.o


==============================================================================

Image component sizes


      Code (inc. data)   RO Data    RW Data    ZI Data      Debug   Object Name

       184         46          0          0         72       1725   adc.o
       472         70         48          0         12       2194   drive.o
       736         54          0         20         32       3586   encoder.o
       468         28          0          0          0       1235   gpio.o
       580        150          0          4          0     726711   main.o
       778         70          0         24        440       4681   pid.o
       156         30          0          0        192       1133   robo_init.o
        36          8        392          0       1024        856   startup_stm32f407xx.o
       144         24          0         12          0       4069   stm32f4xx_hal.o
      1380        214          0          0          0       3147   stm32f4xx_hal_adc.o
       566        256          0          0          0      32521   stm32f4xx_hal_cortex.o
      1000        262          0          0          0       4046   stm32f4xx_hal_gpio.o
       132          6          0          0          0        970   stm32f4xx_hal_msp.o
      1874        194          0          0          0       5972   stm32f4xx_hal_rcc.o
      2632        770          0          0          0       9445   stm32f4xx_hal_tim.o
       628        160          0          0          0       2212   stm32f4xx_hal_tim_ex.o
      1164        158          0          0          0       2224   stm32f4xx_hal_uart.o
        64          0          0          0          0       5929   stm32f4xx_it.o
        84         18         24          4          0       1247   system_stm32f4xx.o
       352         46          0          0        120       2558   tim.o
       276         76          0          0        128       2435   usart.o
       560         86          0          0          0       5006   wheel.o

    ----------------------------------------------------------------------
     14278       2726        496         64       2028     823902   Object Totals
         0          0         32          0          0          0   (incl. Generated)
        12          0          0          0          8          0   (incl. Padding)

    ----------------------------------------------------------------------

      Code (inc. data)   RO Data    RW Data    ZI Data      Debug   Library Member Name

       200         20          0          0          0        164   cos.o
       368         46         48          0          0        200   cos_i.o
        84         16          0          0          0        372   dunder.o
        24          0          0          0          0        124   fabs.o
        48          0          0          0          0        124   fpclassify.o
       248          0          0          0          0        152   poly.o
      1080        142        200          0          0        188   rred.o
       200         20          0          0          0        164   sin.o
       304         24         40          0          0        208   sin_i.o
         0          0          0          0          0          0   entry.o
         0          0          0          0          0          0   entry10a.o
         0          0          0          0          0          0   entry11a.o
         8          4          0          0          0          0   entry2.o
         4          0          0          0          0          0   entry5.o
         0          0          0          0          0          0   entry7b.o
         0          0          0          0          0          0   entry8b.o
         8          4          0          0          0          0   entry9a.o
        12          6          0          4          0         68   errno.o
        30          0          0          0          0          0   handlers.o
        36          8          0          0          0         68   init.o
         0          0          0          0          0          0   iusefp.o
        30          0          0          0          0         68   llshl.o
        36          0          0          0          0         68   llsshr.o
        32          0          0          0          0         68   llushr.o
      2258         90          0          0          0        452   printfa.o
        44          0          0          0          0         80   uidiv.o
        98          0          0          0          0         92   uldiv.o
        48          0          0          0          0         68   cdcmple.o
        48          0          0          0          0         68   cdrcmple.o
        56          0          0          0          0         88   d2f.o
       334          0          0          0          0        148   dadd.o
       222          0          0          0          0        100   ddiv.o
       186          0          0          0          0        176   depilogue.o
        62          0          0          0          0         80   dfixi.o
        50          0          0          0          0         76   dfixui.o
        48          0          0          0          0         68   dfixul.o
        34          0          0          0          0         76   dflti.o
        26          0          0          0          0         76   dfltui.o
       228          0          0          0          0         96   dmul.o
        38          0          0          0          0         68   f2d.o
       110          0          0          0          0        168   fepilogue.o

    ----------------------------------------------------------------------
      6658        380        288          4          0       4016   Library Totals
        16          0          0          0          0          0   (incl. Padding)

    ----------------------------------------------------------------------

      Code (inc. data)   RO Data    RW Data    ZI Data      Debug   Library Name

      2556        268        288          0          0       1696   m_wm.l
      2596        112          0          4          0        964   mc_w.l
      1490          0          0          0          0       1356   mf_w.l

    ----------------------------------------------------------------------
      6658        380        288          4          0       4016   Library Totals

    ----------------------------------------------------------------------

==============================================================================


      Code (inc. data)   RO Data    RW Data    ZI Data      Debug   

     20936       3106        784         68       2028     818326   Grand Totals
     20936       3106        784         68       2028     818326   ELF Image Totals
     20936       3106        784         68          0          0   ROM Totals

==============================================================================

    Total RO  Size (Code + RO Data)                21720 (  21.21kB)
    Total RW  Size (RW Data + ZI Data)              2096 (   2.05kB)
    Total ROM Size (Code + RO Data + RW Data)      21788 (  21.28kB)

==============================================================================

