Archive member included to satisfy reference by file (symbol)

c:/program files (x86)/gnu tools arm embedded/7 2017-q4-major/bin/../lib/gcc/arm-none-eabi/7.2.1/../../../../arm-none-eabi/lib/thumb/v7e-m/fpv4-sp/hard\libstdc++_nano.a(guard.o)
                              Build/robo_states.o (__cxa_guard_acquire)
c:/program files (x86)/gnu tools arm embedded/7 2017-q4-major/bin/../lib/gcc/arm-none-eabi/7.2.1/../../../../arm-none-eabi/lib/thumb/v7e-m/fpv4-sp/hard\libstdc++_nano.a(atexit_arm.o)
                              Build/robo_states.o (__aeabi_atexit)
c:/program files (x86)/gnu tools arm embedded/7 2017-q4-major/bin/../lib/gcc/arm-none-eabi/7.2.1/../../../../arm-none-eabi/lib/thumb/v7e-m/fpv4-sp/hard\libstdc++_nano.a(del_ops.o)
                              Build/exp_smooth.o (operator delete(void*, unsigned int))
c:/program files (x86)/gnu tools arm embedded/7 2017-q4-major/bin/../lib/gcc/arm-none-eabi/7.2.1/../../../../arm-none-eabi/lib/thumb/v7e-m/fpv4-sp/hard\libstdc++_nano.a(si_class_type_info.o)
                              Build/exp_smooth.o (vtable for __cxxabiv1::__si_class_type_info)
c:/program files (x86)/gnu tools arm embedded/7 2017-q4-major/bin/../lib/gcc/arm-none-eabi/7.2.1/../../../../arm-none-eabi/lib/thumb/v7e-m/fpv4-sp/hard\libstdc++_nano.a(tinfo.o)
                              c:/program files (x86)/gnu tools arm embedded/7 2017-q4-major/bin/../lib/gcc/arm-none-eabi/7.2.1/../../../../arm-none-eabi/lib/thumb/v7e-m/fpv4-sp/hard\libstdc++_nano.a(si_class_type_info.o) (std::type_info::__is_pointer_p() const)
c:/program files (x86)/gnu tools arm embedded/7 2017-q4-major/bin/../lib/gcc/arm-none-eabi/7.2.1/../../../../arm-none-eabi/lib/thumb/v7e-m/fpv4-sp/hard\libstdc++_nano.a(class_type_info.o)
                              c:/program files (x86)/gnu tools arm embedded/7 2017-q4-major/bin/../lib/gcc/arm-none-eabi/7.2.1/../../../../arm-none-eabi/lib/thumb/v7e-m/fpv4-sp/hard\libstdc++_nano.a(si_class_type_info.o) (__cxxabiv1::__class_type_info::__do_upcast(__cxxabiv1::__class_type_info const*, void**) const)
c:/program files (x86)/gnu tools arm embedded/7 2017-q4-major/bin/../lib/gcc/arm-none-eabi/7.2.1/../../../../arm-none-eabi/lib/thumb/v7e-m/fpv4-sp/hard\libstdc++_nano.a(del_op.o)
                              c:/program files (x86)/gnu tools arm embedded/7 2017-q4-major/bin/../lib/gcc/arm-none-eabi/7.2.1/../../../../arm-none-eabi/lib/thumb/v7e-m/fpv4-sp/hard\libstdc++_nano.a(del_ops.o) (operator delete(void*))
c:/program files (x86)/gnu tools arm embedded/7 2017-q4-major/bin/../lib/gcc/arm-none-eabi/7.2.1/../../../../arm-none-eabi/lib/thumb/v7e-m/fpv4-sp/hard\libc_nano.a(lib_a-cxa_atexit.o)
                              c:/program files (x86)/gnu tools arm embedded/7 2017-q4-major/bin/../lib/gcc/arm-none-eabi/7.2.1/../../../../arm-none-eabi/lib/thumb/v7e-m/fpv4-sp/hard\libstdc++_nano.a(atexit_arm.o) (__cxa_atexit)
c:/program files (x86)/gnu tools arm embedded/7 2017-q4-major/bin/../lib/gcc/arm-none-eabi/7.2.1/../../../../arm-none-eabi/lib/thumb/v7e-m/fpv4-sp/hard\libc_nano.a(lib_a-exit.o)
                              c:/program files (x86)/gnu tools arm embedded/7 2017-q4-major/bin/../lib/gcc/arm-none-eabi/7.2.1/../../../../arm-none-eabi/lib/thumb/v7e-m/fpv4-sp/hard/crt0.o (exit)
c:/program files (x86)/gnu tools arm embedded/7 2017-q4-major/bin/../lib/gcc/arm-none-eabi/7.2.1/../../../../arm-none-eabi/lib/thumb/v7e-m/fpv4-sp/hard\libc_nano.a(lib_a-impure.o)
                              c:/program files (x86)/gnu tools arm embedded/7 2017-q4-major/bin/../lib/gcc/arm-none-eabi/7.2.1/../../../../arm-none-eabi/lib/thumb/v7e-m/fpv4-sp/hard\libc_nano.a(lib_a-exit.o) (_global_impure_ptr)
c:/program files (x86)/gnu tools arm embedded/7 2017-q4-major/bin/../lib/gcc/arm-none-eabi/7.2.1/../../../../arm-none-eabi/lib/thumb/v7e-m/fpv4-sp/hard\libc_nano.a(lib_a-init.o)
                              c:/program files (x86)/gnu tools arm embedded/7 2017-q4-major/bin/../lib/gcc/arm-none-eabi/7.2.1/../../../../arm-none-eabi/lib/thumb/v7e-m/fpv4-sp/hard/crt0.o (__libc_init_array)
c:/program files (x86)/gnu tools arm embedded/7 2017-q4-major/bin/../lib/gcc/arm-none-eabi/7.2.1/../../../../arm-none-eabi/lib/thumb/v7e-m/fpv4-sp/hard\libc_nano.a(lib_a-malloc.o)
                              c:/program files (x86)/gnu tools arm embedded/7 2017-q4-major/bin/../lib/gcc/arm-none-eabi/7.2.1/../../../../arm-none-eabi/lib/thumb/v7e-m/fpv4-sp/hard\libstdc++_nano.a(del_op.o) (free)
c:/program files (x86)/gnu tools arm embedded/7 2017-q4-major/bin/../lib/gcc/arm-none-eabi/7.2.1/../../../../arm-none-eabi/lib/thumb/v7e-m/fpv4-sp/hard\libc_nano.a(lib_a-memcpy-stub.o)
                              Build/queue.o (memcpy)
c:/program files (x86)/gnu tools arm embedded/7 2017-q4-major/bin/../lib/gcc/arm-none-eabi/7.2.1/../../../../arm-none-eabi/lib/thumb/v7e-m/fpv4-sp/hard\libc_nano.a(lib_a-memset.o)
[...]
Memory Configuration

Name             Origin             Length             Attributes
RAM              0x20000000         0x00020000         xrw
CCMRAM           0x10000000         0x00010000         rw
FLASH            0x08000000         0x00100000         xr
*default*        0x00000000         0xffffffff

Linker script and memory map

LOAD c:/program files (x86)/gnu tools arm embedded/7 2017-q4-major/bin/../lib/gcc/arm-none-eabi/7.2.1/thumb/v7e-m/fpv4-sp/hard/crti.o
LOAD c:/program files (x86)/gnu tools arm embedded/7 2017-q4-major/bin/../lib/gcc/arm-none-eabi/7.2.1/thumb/v7e-m/fpv4-sp/hard/crtbegin.o
LOAD c:/program files (x86)/gnu tools arm embedded/7 2017-q4-major/bin/../lib/gcc/arm-none-eabi/7.2.1/../../../../arm-none-eabi/lib/thumb/v7e-m/fpv4-sp/hard/crt0.o
LOAD Build/gpio.o
LOAD Build/tim.o
LOAD Build/usart.o
LOAD Build/freertos.o
LOAD Build/printf_config.o
LOAD Build/stm32f4xx_it.o
LOAD Build/stm32f4xx_hal_msp.o
LOAD Build/stm32f4xx_hal_timebase_tim.o
LOAD Build/system_stm32f4xx.o
LOAD Build/stm32f4xx_hal_tim.o
LOAD Build/stm32f4xx_hal_tim_ex.o
LOAD Build/stm32f4xx_hal_uart.o
LOAD Build/stm32f4xx_hal_rcc.o
LOAD Build/stm32f4xx_hal_rcc_ex.o
LOAD Build/stm32f4xx_hal_flash.o
LOAD Build/stm32f4xx_hal_flash_ex.o
LOAD Build/stm32f4xx_hal_flash_ramfunc.o
LOAD Build/stm32f4xx_hal_gpio.o
LOAD Build/stm32f4xx_hal_pwr.o
LOAD Build/stm32f4xx_hal_pwr_ex.o
LOAD Build/stm32f4xx_hal_cortex.o
LOAD Build/stm32f4xx_hal.o
LOAD Build/croutine.o
LOAD Build/event_groups.o
LOAD Build/list.o
LOAD Build/queue.o
LOAD Build/tasks.o
LOAD Build/timers.o
LOAD Build/cmsis_os.o
LOAD Build/port.o
LOAD Build/startup_stm32f407xx.o
LOAD Build/encoder.o
LOAD Build/motor.o
LOAD Build/pneumatic.o
LOAD Build/blnc_motor.o
LOAD Build/check.o
LOAD Build/feed_forward.o
LOAD Build/fsm_tasks.o
LOAD Build/fsm.o
LOAD Build/interrupt.o
LOAD Build/robo_init.o
LOAD Build/robo_states.o
LOAD Build/mat.o
LOAD Build/exp_smooth.o
LOAD Build/logger.o
LOAD Build/pid.o
LOAD Build/robo_tasks.o
LOAD Build/main.o
LOAD c:/program files (x86)/gnu tools arm embedded/7 2017-q4-major/bin/../lib/gcc/arm-none-eabi/7.2.1/../../../../arm-none-eabi/lib/thumb/v7e-m/fpv4-sp/hard\libnosys.a
LOAD c:/program files (x86)/gnu tools arm embedded/7 2017-q4-major/bin/../lib/gcc/arm-none-eabi/7.2.1/../../../../arm-none-eabi/lib/thumb/v7e-m/fpv4-sp/hard\libstdc++_nano.a
LOAD c:/program files (x86)/gnu tools arm embedded/7 2017-q4-major/bin/../lib/gcc/arm-none-eabi/7.2.1/../../../../arm-none-eabi/lib/thumb/v7e-m/fpv4-sp/hard\libm.a
LOAD c:/program files (x86)/gnu tools arm embedded/7 2017-q4-major/bin/../lib/gcc/arm-none-eabi/7.2.1/../../../../arm-none-eabi/lib/thumb/v7e-m/fpv4-sp/hard\libc_nano.a
START GROUP
LOAD c:/program files (x86)/gnu tools arm embedded/7 2017-q4-major/bin/../lib/gcc/arm-none-eabi/7.2.1/thumb/v7e-m/fpv4-sp/hard\libgcc.a
LOAD c:/program files (x86)/gnu tools arm embedded/7 2017-q4-major/bin/../lib/gcc/arm-none-eabi/7.2.1/../../../../arm-none-eabi/lib/thumb/v7e-m/fpv4-sp/hard\libc_nano.a
END GROUP
START GROUP
LOAD c:/program files (x86)/gnu tools arm embedded/7 2017-q4-major/bin/../lib/gcc/arm-none-eabi/7.2.1/thumb/v7e-m/fpv4-sp/hard\libgcc.a
LOAD c:/program files (x86)/gnu tools arm embedded/7 2017-q4-major/bin/../lib/gcc/arm-none-eabi/7.2.1/../../../../arm-none-eabi/lib/thumb/v7e-m/fpv4-sp/hard\libc_nano.a
LOAD c:/program files (x86)/gnu tools arm embedded/7 2017-q4-major/bin/../lib/gcc/arm-none-eabi/7.2.1/../../../../arm-none-eabi/lib/thumb/v7e-m/fpv4-sp/hard\libnosys.a
END GROUP
START GROUP
LOAD c:/program files (x86)/gnu tools arm embedded/7 2017-q4-major/bin/../lib/gcc/arm-none-eabi/7.2.1/thumb/v7e-m/fpv4-sp/hard\libgcc.a
LOAD c:/program files (x86)/gnu tools arm embedded/7 2017-q4-major/bin/../lib/gcc/arm-none-eabi/7.2.1/../../../../arm-none-eabi/lib/thumb/v7e-m/fpv4-sp/hard\libc_nano.a
LOAD c:/program files (x86)/gnu tools arm embedded/7 2017-q4-major/bin/../lib/gcc/arm-none-eabi/7.2.1/../../../../arm-none-eabi/lib/thumb/v7e-m/fpv4-sp/hard\libnosys.a
END GROUP
LOAD c:/program files (x86)/gnu tools arm embedded/7 2017-q4-major/bin/../lib/gcc/arm-none-eabi/7.2.1/thumb/v7e-m/fpv4-sp/hard/crtend.o
LOAD c:/program files (x86)/gnu tools arm embedded/7 2017-q4-major/bin/../lib/gcc/arm-none-eabi/7.2.1/thumb/v7e-m/fpv4-sp/hard/crtn.o
                0x20020000                _estack = 0x20020000
                0x00000200                _Min_Heap_Size = 0x200
                0x00006000                _Min_Stack_Size = 0x6000

.isr_vector     0x08000000      0x188
                0x08000000                . = ALIGN (0x4)
 *(.isr_vector)
 .isr_vector    0x08000000      0x188 Build/startup_stm32f407xx.o
                0x08000000                g_pfnVectors
                0x08000188                . = ALIGN (0x4)

.text           0x08000190     0x628c
                0x08000190                . = ALIGN (0x4)
 *(.text)
 .text          0x08000190       0x40 c:/program files (x86)/gnu tools arm embedded/7 2017-q4-major/bin/../lib/gcc/arm-none-eabi/7.2.1/thumb/v7e-m/fpv4-sp/hard/crtbegin.o
 .text          0x080001d0      0x378 c:/program files (x86)/gnu tools arm embedded/7 2017-q4-major/bin/../lib/gcc/arm-none-eabi/7.2.1/thumb/v7e-m/fpv4-sp/hard\libgcc.a(_arm_addsubdf3.o)
                0x080001d0                __aeabi_drsub
                0x080001d8                __aeabi_dsub
                0x080001d8                __subdf3
                0x080001dc                __aeabi_dadd
                0x080001dc                __adddf3
                0x08000454                __floatunsidf
                0x08000454                __aeabi_ui2d
                0x08000474                __floatsidf
                0x08000474                __aeabi_i2d
                0x08000498                __aeabi_f2d
                0x08000498                __extendsfdf2
                0x080004dc                __floatundidf
                0x080004dc                __aeabi_ul2d
                0x080004ec                __floatdidf
                0x080004ec                __aeabi_l2d
 .text          0x08000548      0x424 c:/program files (x86)/gnu tools arm embedded/7 2017-q4-major/bin/../lib/gcc/arm-none-eabi/7.2.1/thumb/v7e-m/fpv4-sp/hard\libgcc.a(_arm_muldivdf3.o)
                0x08000548                __aeabi_dmul
                0x08000548                __muldf3
                0x0800079c                __divdf3
                0x0800079c                __aeabi_ddiv
 .text          0x0800096c      0x110 c:/program files (x86)/gnu tools arm embedded/7 2017-q4-major/bin/../lib/gcc/arm-none-eabi/7.2.1/thumb/v7e-m/fpv4-sp/hard\libgcc.a(_arm_cmpdf2.o)
                0x0800096c                __gtdf2
                0x0800096c                __gedf2
                0x08000974                __ltdf2
                0x08000974                __ledf2
                0x0800097c                __nedf2
                0x0800097c                __eqdf2
                0x0800097c                __cmpdf2
                0x080009f8                __aeabi_cdrcmple
                0x08000a08                __aeabi_cdcmpeq
                0x08000a08                __aeabi_cdcmple
                0x08000a18                __aeabi_dcmpeq
                0x08000a2c                __aeabi_dcmplt
                0x08000a40                __aeabi_dcmple
                0x08000a54                __aeabi_dcmpge
                0x08000a68                __aeabi_dcmpgt
 .text          0x08000a7c       0x40 c:/program files (x86)/gnu tools arm embedded/7 2017-q4-major/bin/../lib/gcc/arm-none-eabi/7.2.1/thumb/v7e-m/fpv4-sp/hard\libgcc.a(_arm_fixunsdfsi.o)
                0x08000a7c                __aeabi_d2uiz
                0x08000a7c                __fixunsdfsi
 .text          0x08000abc       0xa0 c:/program files (x86)/gnu tools arm embedded/7 2017-q4-major/bin/../lib/gcc/arm-none-eabi/7.2.1/thumb/v7e-m/fpv4-sp/hard\libgcc.a(_arm_truncdfsf2.o)
                0x08000abc                __truncdfsf2
                0x08000abc                __aeabi_d2f
 .text          0x08000b5c       0x30 c:/program files (x86)/gnu tools arm embedded/7 2017-q4-major/bin/../lib/gcc/arm-none-eabi/7.2.1/thumb/v7e-m/fpv4-sp/hard\libgcc.a(_aeabi_uldivmod.o)
                0x08000b5c                __aeabi_uldivmod
 .text          0x08000b8c      0x2cc c:/program files (x86)/gnu tools arm embedded/7 2017-q4-major/bin/../lib/gcc/arm-none-eabi/7.2.1/thumb/v7e-m/fpv4-sp/hard\libgcc.a(_udivmoddi4.o)
                0x08000b8c                __udivmoddi4
 .text          0x08000e58        0x4 c:/program files (x86)/gnu tools arm embedded/7 2017-q4-major/bin/../lib/gcc/arm-none-eabi/7.2.1/thumb/v7e-m/fpv4-sp/hard\libgcc.a(_dvmd_tls.o)
                0x08000e58                __aeabi_idiv0
                0x08000e58                __aeabi_ldiv0
 *(.text*)
 .text.MX_GPIO_Init
                0x08000e5c      0x268 Build/gpio.o
                0x08000e5c                MX_GPIO_Init
 .text.MX_TIM1_Init
                0x080010c4       0x64 Build/tim.o
                0x080010c4                MX_TIM1_Init
 .text.MX_TIM2_Init
                0x08001128       0x60 Build/tim.o
                0x08001128                MX_TIM2_Init
 .text.MX_TIM3_Init
                0x08001188       0x64 Build/tim.o
                0x08001188                MX_TIM3_Init
 .text.MX_TIM4_Init
                0x080011ec       0x64 Build/tim.o
                0x080011ec                MX_TIM4_Init
 .text.HAL_TIM_Encoder_MspInit
                0x08001250      0x158 Build/tim.o
                0x08001250                HAL_TIM_Encoder_MspInit
 .text.HAL_TIM_PWM_MspInit
                0x080013a8       0x54 Build/tim.o
                0x080013a8                HAL_TIM_PWM_MspInit
 .text.HAL_TIM_MspPostInit
                0x080013fc       0x94 Build/tim.o
                0x080013fc                HAL_TIM_MspPostInit
 .text.MX_TIM5_Init
                0x08001490       0x80 Build/tim.o
                0x08001490                MX_TIM5_Init
 .text.MX_TIM8_Init
                0x08001510       0xf4 Build/tim.o
                0x08001510                MX_TIM8_Init
 .text.MX_USART3_UART_Init
                0x08001604       0x34 Build/usart.o
                0x08001604                MX_USART3_UART_Init
 .text.HAL_UART_MspInit
                0x08001638       0x74 Build/usart.o
                0x08001638                HAL_UART_MspInit
 .text.vApplicationGetIdleTaskMemory
                0x080016ac       0x18 Build/freertos.o
                0x080016ac                vApplicationGetIdleTaskMemory
 .text.MX_FREERTOS_Init
                0x080016c4       0x94 Build/freertos.o
                0x080016c4                MX_FREERTOS_Init
 .text._write   0x08001758        0xc Build/printf_config.o
                0x08001758                _write
 .text.NMI_Handler
                0x08001764        0x2 Build/stm32f4xx_it.o
                0x08001764                NMI_Handler
 .text.HardFault_Handler
                0x08001766        0x2 Build/stm32f4xx_it.o
                0x08001766                HardFault_Handler
 .text.MemManage_Handler
                0x08001768        0x2 Build/stm32f4xx_it.o
                0x08001768                MemManage_Handler
 .text.BusFault_Handler
                0x0800176a        0x2 Build/stm32f4xx_it.o
                0x0800176a                BusFault_Handler
 .text.UsageFault_Handler
                0x0800176c        0x2 Build/stm32f4xx_it.o
                0x0800176c                UsageFault_Handler
 .text.DebugMon_Handler
                0x0800176e        0x2 Build/stm32f4xx_it.o
                0x0800176e                DebugMon_Handler
 .text.EXTI0_IRQHandler
                0x08001770        0xa Build/stm32f4xx_it.o
                0x08001770                EXTI0_IRQHandler
 .text.EXTI1_IRQHandler
                0x0800177a        0xa Build/stm32f4xx_it.o
                0x0800177a                EXTI1_IRQHandler
 .text.EXTI3_IRQHandler
                0x08001784        0xa Build/stm32f4xx_it.o
                0x08001784                EXTI3_IRQHandler
 .text.EXTI9_5_IRQHandler
                0x0800178e       0x18 Build/stm32f4xx_it.o
                0x0800178e                EXTI9_5_IRQHandler
 .text.EXTI15_10_IRQHandler
                0x080017a6       0x24 Build/stm32f4xx_it.o
                0x080017a6                EXTI15_10_IRQHandler
 *fill*         0x080017ca        0x2 
 .text.TIM8_TRG_COM_TIM14_IRQHandler
                0x080017cc       0x18 Build/stm32f4xx_it.o
                0x080017cc                TIM8_TRG_COM_TIM14_IRQHandler
 .text.HAL_MspInit
                0x080017e4       0x44 Build/stm32f4xx_hal_msp.o
                0x080017e4                HAL_MspInit
 .text.HAL_InitTick
                0x08001828       0x7c Build/stm32f4xx_hal_timebase_tim.o
                0x08001828                HAL_InitTick
 .text.SystemInit
                0x080018a4       0x4c Build/system_stm32f4xx.o
                0x080018a4                SystemInit
 .text.TIM_OC1_SetConfig
                0x080018f0       0x5c Build/stm32f4xx_hal_tim.o
 .text.TIM_OC3_SetConfig
                0x0800194c       0xb0 Build/stm32f4xx_hal_tim.o
 .text.TIM_OC4_SetConfig
                0x080019fc       0x74 Build/stm32f4xx_hal_tim.o
 .text.HAL_TIM_Base_MspInit
                0x08001a70        0x2 Build/stm32f4xx_hal_tim.o
                0x08001a70                HAL_TIM_Base_MspInit
 *fill*         0x08001a72        0x2 
 .text.HAL_TIM_Base_Start
                0x08001a74       0xa0 Build/stm32f4xx_hal_tim.o
                0x08001a74                HAL_TIM_Base_Start
 .text.HAL_TIM_Base_Start_IT
                0x08001b14       0x9c Build/stm32f4xx_hal_tim.o
                0x08001b14                HAL_TIM_Base_Start_IT
 .text.HAL_TIM_OC_DelayElapsedCallback
                0x08001bb0        0x2 Build/stm32f4xx_hal_tim.o
                0x08001bb0                HAL_TIM_OC_DelayElapsedCallback
 .text.HAL_TIM_IC_CaptureCallback
                0x08001bb2        0x2 Build/stm32f4xx_hal_tim.o
                0x08001bb2                HAL_TIM_IC_CaptureCallback
 .text.HAL_TIM_PWM_PulseFinishedCallback
                0x08001bb4        0x2 Build/stm32f4xx_hal_tim.o
                0x08001bb4                HAL_TIM_PWM_PulseFinishedCallback
 .text.HAL_TIM_TriggerCallback
                0x08001bb6        0x2 Build/stm32f4xx_hal_tim.o
                0x08001bb6                HAL_TIM_TriggerCallback
 .text.HAL_TIM_IRQHandler
                0x08001bb8      0x17a Build/stm32f4xx_hal_tim.o
                0x08001bb8                HAL_TIM_IRQHandler
 *fill*         0x08001d32        0x2 
 .text.TIM_Base_SetConfig
                0x08001d34       0xc0 Build/stm32f4xx_hal_tim.o
                0x08001d34                TIM_Base_SetConfig
 .text.HAL_TIM_Base_Init
                0x08001df4       0xec Build/stm32f4xx_hal_tim.o
                0x08001df4                HAL_TIM_Base_Init
 .text.HAL_TIM_PWM_Init
                0x08001ee0       0xf4 Build/stm32f4xx_hal_tim.o
                0x08001ee0                HAL_TIM_PWM_Init
 .text.HAL_TIM_Encoder_Init
                0x08001fd4      0x1b4 Build/stm32f4xx_hal_tim.o
                0x08001fd4                HAL_TIM_Encoder_Init
 .text.TIM_OC2_SetConfig
                0x08002188       0x84 Build/stm32f4xx_hal_tim.o
                0x08002188                TIM_OC2_SetConfig
 .text.HAL_TIM_PWM_ConfigChannel
                0x0800220c      0x278 Build/stm32f4xx_hal_tim.o
                0x0800220c                HAL_TIM_PWM_ConfigChannel
 .text.TIM_CCxChannelCmd
                0x08002484       0xac Build/stm32f4xx_hal_tim.o
                0x08002484                TIM_CCxChannelCmd
 .text.HAL_TIM_PWM_Start
                0x08002530       0xec Build/stm32f4xx_hal_tim.o
                0x08002530                HAL_TIM_PWM_Start
 .text.HAL_TIM_Encoder_Start
                0x0800261c       0x98 Build/stm32f4xx_hal_tim.o
                0x0800261c                HAL_TIM_Encoder_Start
 .text.HAL_TIMEx_MasterConfigSynchronization
                0x080026b4       0xe4 Build/stm32f4xx_hal_tim_ex.o
                0x080026b4                HAL_TIMEx_MasterConfigSynchronization
 .text.HAL_TIMEx_ConfigBreakDeadTime
                0x08002798      0x128 Build/stm32f4xx_hal_tim_ex.o
                0x08002798                HAL_TIMEx_ConfigBreakDeadTime
 .text.HAL_TIMEx_CommutationCallback
                0x080028c0        0x2 Build/stm32f4xx_hal_tim_ex.o
                0x080028c0                HAL_TIMEx_CommutationCallback
 .text.HAL_TIMEx_BreakCallback
                0x080028c2        0x2 Build/stm32f4xx_hal_tim_ex.o
                0x080028c2                HAL_TIMEx_BreakCallback
 .text.UART_SetConfig
                0x080028c4      0x3a0 Build/stm32f4xx_hal_uart.o
 .text.HAL_UART_Init
                0x08002c64      0x128 Build/stm32f4xx_hal_uart.o
                0x08002c64                HAL_UART_Init
 .text.HAL_RCC_OscConfig
                0x08002d8c      0x4a0 Build/stm32f4xx_hal_rcc.o
                0x08002d8c                HAL_RCC_OscConfig
 .text.HAL_RCC_GetSysClockFreq
                0x0800322c       0xd8 Build/stm32f4xx_hal_rcc.o
                0x0800322c                HAL_RCC_GetSysClockFreq
 .text.HAL_RCC_ClockConfig
                0x08003304      0x214 Build/stm32f4xx_hal_rcc.o
                0x08003304                HAL_RCC_ClockConfig
 .text.HAL_RCC_GetHCLKFreq
                0x08003518        0xc Build/stm32f4xx_hal_rcc.o
                0x08003518                HAL_RCC_GetHCLKFreq
 .text.HAL_RCC_GetPCLK1Freq
                0x08003524       0x20 Build/stm32f4xx_hal_rcc.o
                0x08003524                HAL_RCC_GetPCLK1Freq
 .text.HAL_RCC_GetPCLK2Freq
                0x08003544       0x20 Build/stm32f4xx_hal_rcc.o
                0x08003544                HAL_RCC_GetPCLK2Freq
 .text.HAL_RCC_GetClockConfig
                0x08003564       0x3c Build/stm32f4xx_hal_rcc.o
                0x08003564                HAL_RCC_GetClockConfig
 .text.HAL_GPIO_Init
                0x080035a0      0x2fc Build/stm32f4xx_hal_gpio.o
                0x080035a0                HAL_GPIO_Init
 .text.HAL_GPIO_ReadPin
                0x0800389c       0x28 Build/stm32f4xx_hal_gpio.o
                0x0800389c                HAL_GPIO_ReadPin
 .text.HAL_GPIO_WritePin
                0x080038c4       0x38 Build/stm32f4xx_hal_gpio.o
                0x080038c4                HAL_GPIO_WritePin
 .text.HAL_GPIO_EXTI_IRQHandler
                0x080038fc       0x1c Build/stm32f4xx_hal_gpio.o
                0x080038fc                HAL_GPIO_EXTI_IRQHandler
 .text.HAL_NVIC_SetPriorityGrouping
                0x08003918       0x3c Build/stm32f4xx_hal_cortex.o
                0x08003918                HAL_NVIC_SetPriorityGrouping
 .text.HAL_NVIC_SetPriority
                0x08003954       0x8c Build/stm32f4xx_hal_cortex.o
                0x08003954                HAL_NVIC_SetPriority
 .text.HAL_NVIC_EnableIRQ
                0x080039e0       0x2c Build/stm32f4xx_hal_cortex.o
                0x080039e0                HAL_NVIC_EnableIRQ
 .text.HAL_Init
                0x08003a0c       0x34 Build/stm32f4xx_hal.o
                0x08003a0c                HAL_Init
 .text.HAL_IncTick
                0x08003a40       0x18 Build/stm32f4xx_hal.o
                0x08003a40                HAL_IncTick
 .text.HAL_GetTick
                0x08003a58        0xc Build/stm32f4xx_hal.o
                0x08003a58                HAL_GetTick
 .text.vListInitialise
                0x08003a64       0x16 Build/list.o
                0x08003a64                vListInitialise
 .text.vListInitialiseItem
                0x08003a7a        0x6 Build/list.o
                0x08003a7a                vListInitialiseItem
 .text.vListInsertEnd
                0x08003a80       0x18 Build/list.o
                0x08003a80                vListInsertEnd
 .text.vListInsert
                0x08003a98       0x34 Build/list.o
                0x08003a98                vListInsert
 .text.uxListRemove
                0x08003acc       0x26 Build/list.o
                0x08003acc                uxListRemove
 *fill*         0x08003af2        0x2 
 .text.prvResetNextTaskUnblockTime
                0x08003af4       0x2c Build/tasks.o
 .text.prvInitialiseNewTask
                0x08003b20       0x80 Build/tasks.o
 .text.prvInitialiseTaskLists
                0x08003ba0       0x68 Build/tasks.o
 .text.prvAddNewTaskToReadyList
                0x08003c08       0xa8 Build/tasks.o
 .text.prvAddCurrentTaskToDelayedList
                0x08003cb0       0x98 Build/tasks.o
 .text.xTaskCreateStatic
                0x08003d48       0x50 Build/tasks.o
                0x08003d48                xTaskCreateStatic
 .text.vTaskStartScheduler
                0x08003d98       0x6c Build/tasks.o
                0x08003d98                vTaskStartScheduler
 .text.vTaskSuspendAll
                0x08003e04       0x10 Build/tasks.o
                0x08003e04                vTaskSuspendAll
 .text.xTaskIncrementTick
                0x08003e14      0x118 Build/tasks.o
                0x08003e14                xTaskIncrementTick
 .text.xTaskResumeAll
                0x08003f2c       0xf4 Build/tasks.o
                0x08003f2c                xTaskResumeAll
 .text.vTaskDelay
                0x08004020       0x4c Build/tasks.o
                0x08004020                vTaskDelay
 .text.prvCheckTasksWaitingTermination
                0x0800406c       0x54 Build/tasks.o
 .text.prvIdleTask
                0x080040c0       0x28 Build/tasks.o
 .text.vTaskSwitchContext
                0x080040e8       0x98 Build/tasks.o
                0x080040e8                vTaskSwitchContext
 .text.makeFreeRtosPriority
                0x08004180        0xc Build/cmsis_os.o
 .text.osKernelStart
                0x0800418c        0xa Build/cmsis_os.o
                0x0800418c                osKernelStart
 .text.osThreadCreate
                0x08004196       0x34 Build/cmsis_os.o
                0x08004196                osThreadCreate
 .text.osDelay  0x080041ca       0x12 Build/cmsis_os.o
                0x080041ca                osDelay
 .text.prvTaskExitError
                0x080041dc       0x34 Build/port.o
 .text.prvPortStartFirstTask
                0x08004210       0x20 Build/port.o
 .text.vPortEnableVFP
                0x08004230       0x14 Build/port.o
 .text.pxPortInitialiseStack
                0x08004244       0x2c Build/port.o
                0x08004244                pxPortInitialiseStack
 .text.SVC_Handler
                0x08004270       0x24 Build/port.o
                0x08004270                SVC_Handler
 .text.vPortEnterCritical
                0x08004294       0x44 Build/port.o
                0x08004294                vPortEnterCritical
 .text.vPortExitCritical
                0x080042d8       0x2c Build/port.o
                0x080042d8                vPortExitCritical
 *fill*         0x08004304        0xc 
 .text.PendSV_Handler
                0x08004310       0x64 Build/port.o
                0x08004310                PendSV_Handler
 .text.SysTick_Handler
                0x08004374       0x2c Build/port.o
                0x08004374                SysTick_Handler
 .text.vPortSetupTimerInterrupt
                0x080043a0       0x2c Build/port.o
                0x080043a0                vPortSetupTimerInterrupt
 .text.xPortStartScheduler
                0x080043cc       0xec Build/port.o
                0x080043cc                xPortStartScheduler
 .text.Reset_Handler
                0x080044b8       0x50 Build/startup_stm32f407xx.o
                0x080044b8                Reset_Handler
 .text.Default_Handler
                0x08004508        0x2 Build/startup_stm32f407xx.o
                0x08004508                RTC_Alarm_IRQHandler
                0x08004508                HASH_RNG_IRQHandler
                0x08004508                EXTI2_IRQHandler
                0x08004508                TIM8_CC_IRQHandler
                0x08004508                TIM1_CC_IRQHandler
                0x08004508                DMA2_Stream5_IRQHandler
                0x08004508                DMA1_Stream5_IRQHandler
                0x08004508                PVD_IRQHandler
                0x08004508                SDIO_IRQHandler
                0x08004508                TAMP_STAMP_IRQHandler
                0x08004508                CAN2_RX1_IRQHandler
                0x08004508                TIM1_UP_TIM10_IRQHandler
                0x08004508                TIM8_UP_TIM13_IRQHandler
                0x08004508                I2C3_ER_IRQHandler
                0x08004508                I2C2_EV_IRQHandler
                0x08004508                DMA1_Stream2_IRQHandler
                0x08004508                CAN1_RX0_IRQHandler
                0x08004508                FPU_IRQHandler
                0x08004508                OTG_HS_WKUP_IRQHandler
                0x08004508                CAN2_SCE_IRQHandler
                0x08004508                DMA2_Stream2_IRQHandler
                0x08004508                SPI1_IRQHandler
                0x08004508                TIM6_DAC_IRQHandler
                0x08004508                TIM1_BRK_TIM9_IRQHandler
                0x08004508                DCMI_IRQHandler
                0x08004508                CAN2_RX0_IRQHandler
                0x08004508                DMA2_Stream3_IRQHandler
                0x08004508                USART6_IRQHandler
                0x08004508                USART3_IRQHandler
                0x08004508                CAN1_RX1_IRQHandler
                0x08004508                UART5_IRQHandler
                0x08004508                DMA2_Stream0_IRQHandler
                0x08004508                TIM4_IRQHandler
                0x08004508                I2C1_EV_IRQHandler
                0x08004508                DMA1_Stream6_IRQHandler
                0x08004508                DMA1_Stream1_IRQHandler
                0x08004508                UART4_IRQHandler
                0x08004508                TIM3_IRQHandler
                0x08004508                RCC_IRQHandler
                0x08004508                TIM8_BRK_TIM12_IRQHandler
                0x08004508                Default_Handler
                0x08004508                ADC_IRQHandler
                0x08004508                DMA1_Stream7_IRQHandler
                0x08004508                TIM7_IRQHandler
                0x08004508                CAN2_TX_IRQHandler
                0x08004508                TIM5_IRQHandler
                0x08004508                DMA2_Stream7_IRQHandler
                0x08004508                I2C3_EV_IRQHandler
                0x08004508                RTC_WKUP_IRQHandler
                0x08004508                ETH_WKUP_IRQHandler
                0x08004508                SPI2_IRQHandler
                0x08004508                OTG_HS_EP1_IN_IRQHandler
                0x08004508                DMA1_Stream0_IRQHandler
                0x08004508                CAN1_TX_IRQHandler
                0x08004508                EXTI4_IRQHandler
                0x08004508                FSMC_IRQHandler
                0x08004508                ETH_IRQHandler
                0x08004508                OTG_HS_EP1_OUT_IRQHandler
                0x08004508                WWDG_IRQHandler
                0x08004508                TIM2_IRQHandler
                0x08004508                OTG_FS_WKUP_IRQHandler
                0x08004508                TIM1_TRG_COM_TIM11_IRQHandler
                0x08004508                OTG_HS_IRQHandler
                0x08004508                USART2_IRQHandler
                0x08004508                I2C2_ER_IRQHandler
                0x08004508                DMA2_Stream1_IRQHandler
                0x08004508                CAN1_SCE_IRQHandler
                0x08004508                FLASH_IRQHandler
                0x08004508                DMA2_Stream4_IRQHandler
                0x08004508                USART1_IRQHandler
                0x08004508                OTG_FS_IRQHandler
                0x08004508                SPI3_IRQHandler
                0x08004508                DMA1_Stream4_IRQHandler
                0x08004508                I2C1_ER_IRQHandler
                0x08004508                DMA2_Stream6_IRQHandler
                0x08004508                DMA1_Stream3_IRQHandler
 *fill*         0x0800450a        0x6 
 .text._Z14calculateOmegaP10encoderStr
                0x08004510       0x64 Build/encoder.o
                0x08004510                calculateOmega(encoderStr*)
 *fill*         0x08004574        0x4 
 .text._Z14calculateAngleP10encoderStr
                0x08004578       0x98 Build/encoder.o
                0x08004578                calculateAngle(encoderStr*)
 .text._Z17resetEncoderAngleP10encoderStr
                0x08004610        0xa Build/encoder.o
                0x08004610                resetEncoderAngle(encoderStr*)
 .text._Z12setDirectionP8motorStr14motorDirection
                0x0800461a       0x6c Build/motor.o
                0x0800461a                setDirection(motorStr*, motorDirection)
 *fill*         0x08004686        0x2 
 .text._Z12setDutyCycleP8motorStrt
                0x08004688       0x28 Build/motor.o
                0x08004688                setDutyCycle(motorStr*, unsigned short)
 .text._Z8setOmegaP8motorStrf
                0x080046b0       0x80 Build/motor.o
                0x080046b0                setOmega(motorStr*, float)
 .text._Z8getAngleP8motorStr
                0x08004730       0x10 Build/motor.o
                0x08004730                getAngle(motorStr*)
 .text._Z8getOmegaP8motorStr
                0x08004740       0x10 Build/motor.o
                0x08004740                getOmega(motorStr*)
 .text._Z10resetAngleP8motorStr
                0x08004750        0xa Build/motor.o
                0x08004750                resetAngle(motorStr*)
 .text._ZN9Pneumatic3setEv
                0x0800475a        0xe Build/pneumatic.o
                0x0800475a                Pneumatic::set()
 .text._ZN9Pneumatic5resetEv
                0x08004768        0xe Build/pneumatic.o
                0x08004768                Pneumatic::reset()
 *fill*         0x08004776        0x2 
 .text._ZL9set_IndexRA4_9Pneumatic10Pneu_Index
                0x08004778       0x3c Build/pneumatic.o
 .text._Z9pneu_Initv
                0x080047b4       0x34 Build/pneumatic.o
                0x080047b4                pneu_Init()
 .text._Z9pneu_Loopv
                0x080047e8       0x50 Build/pneumatic.o
                0x080047e8                pneu_Loop()
 .text._Z12balance_Initv
                0x08004838       0xcc Build/blnc_motor.o
                0x08004838                balance_Init()
 .text._Z12balance_Loopv
                0x08004904       0x9c Build/blnc_motor.o
                0x08004904                balance_Loop()
 .text._Z10checkAnglei
                0x080049a0       0x70 Build/check.o
                0x080049a0                checkAngle(int)
 .text._Z17checkHomePositionv
                0x08004a10       0x3c Build/check.o
                0x08004a10                checkHomePosition()
 .text._Z6ffInitP7feedStrfff
                0x08004a4c       0x16 Build/feed_forward.o
                0x08004a4c                ffInit(feedStr*, float, float, float)
 *fill*         0x08004a62        0x2 
 .text._Z10ffSetAngleP7feedStrf
                0x08004a64       0x88 Build/feed_forward.o
                0x08004a64                ffSetAngle(feedStr*, float)
 .text._Z10ffGenerateP7feedStrf
                0x08004aec      0x108 Build/feed_forward.o
                0x08004aec                ffGenerate(feedStr*, float)
 .text._Z13ffResetParamsP7feedStr
                0x08004bf4        0x6 Build/feed_forward.o
                0x08004bf4                ffResetParams(feedStr*)
 .text._Z9ffRestartP7feedStr
                0x08004bfa        0xe Build/feed_forward.o
                0x08004bfa                ffRestart(feedStr*)
 .text._Z14phaseOneChoresP6fsmStr
                0x08004c08       0xb0 Build/fsm_tasks.o
                0x08004c08                phaseOneChores(fsmStr*)
 .text._Z14phaseTwoChoresP6fsmStr
                0x08004cb8       0x80 Build/fsm_tasks.o
                0x08004cb8                phaseTwoChores(fsmStr*)
 .text._Z16phaseThreeChoresP6fsmStr
                0x08004d38       0x80 Build/fsm_tasks.o
                0x08004d38                phaseThreeChores(fsmStr*)
 .text._Z15phaseFourChoresP6fsmStr
                0x08004db8       0x80 Build/fsm_tasks.o
                0x08004db8                phaseFourChores(fsmStr*)
 .text._Z15setHomePositionv
                0x08004e38       0x3c Build/fsm_tasks.o
                0x08004e38                setHomePosition()
 .text._Z12check_N_Stopv
                0x08004e74       0x40 Build/fsm_tasks.o
                0x08004e74                check_N_Stop()
 .text._Z18homePositionChoresP6fsmStr
                0x08004eb4        0xc Build/fsm_tasks.o
                0x08004eb4                homePositionChores(fsmStr*)
 .text._Z12updateOmegasv
                0x08004ec0       0x24 Build/fsm_tasks.o
                0x08004ec0                updateOmegas()
 .text._Z11resetAnglesv
                0x08004ee4       0x20 Build/fsm_tasks.o
                0x08004ee4                resetAngles()
 .text._Z8resetPIDv
                0x08004f04       0x24 Build/fsm_tasks.o
                0x08004f04                resetPID()
 .text._Z10omegaResetv
                0x08004f28       0x20 Build/fsm_tasks.o
                0x08004f28                omegaReset()
 .text._Z18feedForwardRestartv
                0x08004f48       0x24 Build/fsm_tasks.o
                0x08004f48                feedForwardRestart()
 .text._Z13resetIntStatev
                0x08004f6c       0x70 Build/fsm_tasks.o
                0x08004f6c                resetIntState()
 .text._Z10stateResetv
                0x08004fdc       0x18 Build/fsm_tasks.o
                0x08004fdc                stateReset()
 .text._Z8startFSMP6fsmStr
                0x08004ff4      0x13c Build/fsm.o
                0x08004ff4                startFSM(fsmStr*)
 .text.HAL_GPIO_EXTI_Callback
                0x08005130      0x204 Build/interrupt.o
                0x08005130                HAL_GPIO_EXTI_Callback
 .text._Z15feedForwardInitv
                0x08005334       0x34 Build/robo_init.o
                0x08005334                feedForwardInit()
 .text._Z13interruptInitv
                0x08005368       0x60 Build/robo_init.o
                0x08005368                interruptInit()
 .text._Z7pidInitv
                0x080053c8       0x64 Build/robo_init.o
                0x080053c8                pidInit()
 .text._Z11encoderInitv
                0x0800542c       0x50 Build/robo_init.o
                0x0800542c                encoderInit()
 .text._Z9motorInitv
                0x0800547c       0xd8 Build/robo_init.o
                0x0800547c                motorInit()
 .text._Z8roboInitv
                0x08005554       0x18 Build/robo_init.o
                0x08005554                roboInit()
 .text._ZN5StateD2Ev
                0x0800556c        0x2 Build/robo_states.o
                0x0800556c                State::~State()
                0x0800556c                State::~State()
 .text._ZN4NodeI8State_IDED2Ev
                0x0800556e        0x2 Build/robo_states.o
                0x0800556e                Node<State_ID>::~Node()
                0x0800556e                Node<State_ID>::~Node()
 .text._Z41__static_initialization_and_destruction_0ii
                0x08005570       0x98 Build/robo_states.o
 .text._ZN5State12get_InstanceEv
                0x08005608       0x48 Build/robo_states.o
                0x08005608                State::get_Instance()
 .text._ZN5State12update_StateEv
                0x08005650        0x8 Build/robo_states.o
                0x08005650                State::update_State()
 .text._ZN5State6get_IDEv
                0x08005658        0x6 Build/robo_states.o
                0x08005658                State::get_ID()
 .text._GLOBAL__sub_I_gHomeState
                0x0800565e        0xe Build/robo_states.o
 .text.ITM_SendString
                0x0800566c       0x4e Build/logger.o
                0x0800566c                ITM_SendString
 .text._Z8PID_InitP6pidStr
                0x080056ba        0xc Build/pid.o
                0x080056ba                PID_Init(pidStr*)
 *fill*         0x080056c6        0x2 
 .text._Z11PID_ComputeP6pidStrfft
                0x080056c8      0x138 Build/pid.o
                0x080056c8                PID_Compute(pidStr*, float, float, unsigned short)
 .text._Z15PID_resetParamsP6pidStr
                0x08005800        0xc Build/pid.o
                0x08005800                PID_resetParams(pidStr*)
 .text._Z41__static_initialization_and_destruction_0ii
                0x0800580c       0x34 Build/robo_tasks.o
 .text.StartDefaultTask
                0x08005840        0xc Build/robo_tasks.o
                0x08005840                StartDefaultTask
 .text.MotorThread
                0x0800584c       0x60 Build/robo_tasks.o
                0x0800584c                MotorThread
 .text.PneumaticThread
                0x080058ac       0x32 Build/robo_tasks.o
                0x080058ac                PneumaticThread
 .text.MovingMassThread
                0x080058de       0x32 Build/robo_tasks.o
                0x080058de                MovingMassThread
 .text._GLOBAL__sub_I_gHorse_State
                0x08005910        0xe Build/robo_tasks.o
 *fill*         0x0800591e        0x2 
 .text.HAL_TIM_PeriodElapsedCallback
                0x08005920       0x18 Build/main.o
                0x08005920                HAL_TIM_PeriodElapsedCallback
 .text._Error_Handler
                0x08005938        0x2 Build/main.o
                0x08005938                _Error_Handler
 *fill*         0x0800593a        0x2 
 .text.Error_Handler
                0x0800593c       0x10 Build/main.o
                0x0800593c                Error_Handler
 .text._Z18SystemClock_Configv
                0x0800594c       0xa8 Build/main.o
                0x0800594c                SystemClock_Config()
 .text.main     0x080059f4       0x34 Build/main.o
                0x080059f4                main
 .text.assert_failed
                0x08005a28        0x2 Build/main.o
                0x08005a28                assert_failed
 .text.__cxa_guard_acquire
                0x08005a2a       0x18 c:/program files (x86)/gnu tools arm embedded/7 2017-q4-major/bin/../lib/gcc/arm-none-eabi/7.2.1/../../../../arm-none-eabi/lib/thumb/v7e-m/fpv4-sp/hard\libstdc++_nano.a(guard.o)
                0x08005a2a                __cxa_guard_acquire
 .text.__cxa_guard_release
                0x08005a42        0x6 c:/program files (x86)/gnu tools arm embedded/7 2017-q4-major/bin/../lib/gcc/arm-none-eabi/7.2.1/../../../../arm-none-eabi/lib/thumb/v7e-m/fpv4-sp/hard\libstdc++_nano.a(guard.o)
                0x08005a42                __cxa_guard_release
 .text.__aeabi_atexit
                0x08005a48        0xa c:/program files (x86)/gnu tools arm embedded/7 2017-q4-major/bin/../lib/gcc/arm-none-eabi/7.2.1/../../../../arm-none-eabi/lib/thumb/v7e-m/fpv4-sp/hard\libstdc++_nano.a(atexit_arm.o)
                0x08005a48                __aeabi_atexit
 *fill*         0x08005a52        0x2 
 .text.__cxa_atexit
                0x08005a54       0x1c c:/program files (x86)/gnu tools arm embedded/7 2017-q4-major/bin/../lib/gcc/arm-none-eabi/7.2.1/../../../../arm-none-eabi/lib/thumb/v7e-m/fpv4-sp/hard\libc_nano.a(lib_a-cxa_atexit.o)
                0x08005a54                __cxa_atexit
 .text.__libc_init_array
                0x08005a70       0x48 c:/program files (x86)/gnu tools arm embedded/7 2017-q4-major/bin/../lib/gcc/arm-none-eabi/7.2.1/../../../../arm-none-eabi/lib/thumb/v7e-m/fpv4-sp/hard\libc_nano.a(lib_a-init.o)
                0x08005a70                __libc_init_array
 .text.memset   0x08005ab8       0x10 c:/program files (x86)/gnu tools arm embedded/7 2017-q4-major/bin/../lib/gcc/arm-none-eabi/7.2.1/../../../../arm-none-eabi/lib/thumb/v7e-m/fpv4-sp/hard\libc_nano.a(lib_a-memset.o)
                0x08005ab8                memset
 .text._free_r  0x08005ac8       0x9c c:/program files (x86)/gnu tools arm embedded/7 2017-q4-major/bin/../lib/gcc/arm-none-eabi/7.2.1/../../../../arm-none-eabi/lib/thumb/v7e-m/fpv4-sp/hard\libc_nano.a(lib_a-nano-freer.o)
                0x08005ac8                _free_r
 .text._malloc_r
                0x08005b64       0xb4 c:/program files (x86)/gnu tools arm embedded/7 2017-q4-major/bin/../lib/gcc/arm-none-eabi/7.2.1/../../../../arm-none-eabi/lib/thumb/v7e-m/fpv4-sp/hard\libc_nano.a(lib_a-nano-mallocr.o)
                0x08005b64                _malloc_r
 .text._puts_r  0x08005c18       0xb8 c:/program files (x86)/gnu tools arm embedded/7 2017-q4-major/bin/../lib/gcc/arm-none-eabi/7.2.1/../../../../arm-none-eabi/lib/thumb/v7e-m/fpv4-sp/hard\libc_nano.a(lib_a-puts.o)
                0x08005c18                _puts_r
 .text.puts     0x08005cd0       0x10 c:/program files (x86)/gnu tools arm embedded/7 2017-q4-major/bin/../lib/gcc/arm-none-eabi/7.2.1/../../../../arm-none-eabi/lib/thumb/v7e-m/fpv4-sp/hard\libc_nano.a(lib_a-puts.o)
                0x08005cd0                puts
 .text._sbrk_r  0x08005ce0       0x20 c:/program files (x86)/gnu tools arm embedded/7 2017-q4-major/bin/../lib/gcc/arm-none-eabi/7.2.1/../../../../arm-none-eabi/lib/thumb/v7e-m/fpv4-sp/hard\libc_nano.a(lib_a-sbrkr.o)
                0x08005ce0                _sbrk_r
 .text.__swbuf_r
                0x08005d00       0xa4 c:/program files (x86)/gnu tools arm embedded/7 2017-q4-major/bin/../lib/gcc/arm-none-eabi/7.2.1/../../../../arm-none-eabi/lib/thumb/v7e-m/fpv4-sp/hard\libc_nano.a(lib_a-wbuf.o)
                0x08005d00                __swbuf_r
 .text.__swsetup_r
                0x08005da4       0xdc c:/program files (x86)/gnu tools arm embedded/7 2017-q4-major/bin/../lib/gcc/arm-none-eabi/7.2.1/../../../../arm-none-eabi/lib/thumb/v7e-m/fpv4-sp/hard\libc_nano.a(lib_a-wsetup.o)
                0x08005da4                __swsetup_r
 .text.__sflush_r
                0x08005e80      0x10c c:/program files (x86)/gnu tools arm embedded/7 2017-q4-major/bin/../lib/gcc/arm-none-eabi/7.2.1/../../../../arm-none-eabi/lib/thumb/v7e-m/fpv4-sp/hard\libc_nano.a(lib_a-fflush.o)
                0x08005e80                __sflush_r
 .text._fflush_r
                0x08005f8c       0x54 c:/program files (x86)/gnu tools arm embedded/7 2017-q4-major/bin/../lib/gcc/arm-none-eabi/7.2.1/../../../../arm-none-eabi/lib/thumb/v7e-m/fpv4-sp/hard\libc_nano.a(lib_a-fflush.o)
                0x08005f8c                _fflush_r
 .text.std      0x08005fe0       0x48 c:/program files (x86)/gnu tools arm embedded/7 2017-q4-major/bin/../lib/gcc/arm-none-eabi/7.2.1/../../../../arm-none-eabi/lib/thumb/v7e-m/fpv4-sp/hard\libc_nano.a(lib_a-findfp.o)
 .text._cleanup_r
                0x08006028        0xc c:/program files (x86)/gnu tools arm embedded/7 2017-q4-major/bin/../lib/gcc/arm-none-eabi/7.2.1/../../../../arm-none-eabi/lib/thumb/v7e-m/fpv4-sp/hard\libc_nano.a(lib_a-findfp.o)
                0x08006028                _cleanup_r
 .text.__sfmoreglue
                0x08006034       0x2c c:/program files (x86)/gnu tools arm embedded/7 2017-q4-major/bin/../lib/gcc/arm-none-eabi/7.2.1/../../../../arm-none-eabi/lib/thumb/v7e-m/fpv4-sp/hard\libc_nano.a(lib_a-findfp.o)
                0x08006034                __sfmoreglue
 .text.__sinit  0x08006060       0x60 c:/program files (x86)/gnu tools arm embedded/7 2017-q4-major/bin/../lib/gcc/arm-none-eabi/7.2.1/../../../../arm-none-eabi/lib/thumb/v7e-m/fpv4-sp/hard\libc_nano.a(lib_a-findfp.o)
                0x08006060                __sinit
 .text.__sfp    0x080060c0       0x78 c:/program files (x86)/gnu tools arm embedded/7 2017-q4-major/bin/../lib/gcc/arm-none-eabi/7.2.1/../../../../arm-none-eabi/lib/thumb/v7e-m/fpv4-sp/hard\libc_nano.a(lib_a-findfp.o)
                0x080060c0                __sfp
 .text._fwalk_reent
                0x08006138       0x3c c:/program files (x86)/gnu tools arm embedded/7 2017-q4-major/bin/../lib/gcc/arm-none-eabi/7.2.1/../../../../arm-none-eabi/lib/thumb/v7e-m/fpv4-sp/hard\libc_nano.a(lib_a-fwalk.o)
                0x08006138                _fwalk_reent
 .text.__swhatbuf_r
                0x08006174       0x48 c:/program files (x86)/gnu tools arm embedded/7 2017-q4-major/bin/../lib/gcc/arm-none-eabi/7.2.1/../../../../arm-none-eabi/lib/thumb/v7e-m/fpv4-sp/hard\libc_nano.a(lib_a-makebuf.o)
                0x08006174                __swhatbuf_r
 .text.__smakebuf_r
                0x080061bc       0x80 c:/program files (x86)/gnu tools arm embedded/7 2017-q4-major/bin/../lib/gcc/arm-none-eabi/7.2.1/../../../../arm-none-eabi/lib/thumb/v7e-m/fpv4-sp/hard\libc_nano.a(lib_a-makebuf.o)
                0x080061bc                __smakebuf_r
 .text.__malloc_lock
                0x0800623c        0x2 c:/program files (x86)/gnu tools arm embedded/7 2017-q4-major/bin/../lib/gcc/arm-none-eabi/7.2.1/../../../../arm-none-eabi/lib/thumb/v7e-m/fpv4-sp/hard\libc_nano.a(lib_a-mlock.o)
                0x0800623c                __malloc_lock
 .text.__malloc_unlock
                0x0800623e        0x2 c:/program files (x86)/gnu tools arm embedded/7 2017-q4-major/bin/../lib/gcc/arm-none-eabi/7.2.1/../../../../arm-none-eabi/lib/thumb/v7e-m/fpv4-sp/hard\libc_nano.a(lib_a-mlock.o)
                0x0800623e                __malloc_unlock
 .text.__sread  0x08006240       0x22 c:/program files (x86)/gnu tools arm embedded/7 2017-q4-major/bin/../lib/gcc/arm-none-eabi/7.2.1/../../../../arm-none-eabi/lib/thumb/v7e-m/fpv4-sp/hard\libc_nano.a(lib_a-stdio.o)
                0x08006240                __sread
 .text.__swrite
                0x08006262       0x38 c:/program files (x86)/gnu tools arm embedded/7 2017-q4-major/bin/../lib/gcc/arm-none-eabi/7.2.1/../../../../arm-none-eabi/lib/thumb/v7e-m/fpv4-sp/hard\libc_nano.a(lib_a-stdio.o)
                0x08006262                __swrite
 .text.__sseek  0x0800629a       0x24 c:/program files (x86)/gnu tools arm embedded/7 2017-q4-major/bin/../lib/gcc/arm-none-eabi/7.2.1/../../../../arm-none-eabi/lib/thumb/v7e-m/fpv4-sp/hard\libc_nano.a(lib_a-stdio.o)
                0x0800629a                __sseek
 .text.__sclose
                0x080062be        0x8 c:/program files (x86)/gnu tools arm embedded/7 2017-q4-major/bin/../lib/gcc/arm-none-eabi/7.2.1/../../../../arm-none-eabi/lib/thumb/v7e-m/fpv4-sp/hard\libc_nano.a(lib_a-stdio.o)
                0x080062be                __sclose
 *fill*         0x080062c6        0x2 
 .text._write_r
                0x080062c8       0x24 c:/program files (x86)/gnu tools arm embedded/7 2017-q4-major/bin/../lib/gcc/arm-none-eabi/7.2.1/../../../../arm-none-eabi/lib/thumb/v7e-m/fpv4-sp/hard\libc_nano.a(lib_a-writer.o)
                0x080062c8                _write_r
 .text._close_r
                0x080062ec       0x20 c:/program files (x86)/gnu tools arm embedded/7 2017-q4-major/bin/../lib/gcc/arm-none-eabi/7.2.1/../../../../arm-none-eabi/lib/thumb/v7e-m/fpv4-sp/hard\libc_nano.a(lib_a-closer.o)
                0x080062ec                _close_r
 .text._fstat_r
                0x0800630c       0x24 c:/program files (x86)/gnu tools arm embedded/7 2017-q4-major/bin/../lib/gcc/arm-none-eabi/7.2.1/../../../../arm-none-eabi/lib/thumb/v7e-m/fpv4-sp/hard\libc_nano.a(lib_a-fstatr.o)
                0x0800630c                _fstat_r
 .text._isatty_r
                0x08006330       0x20 c:/program files (x86)/gnu tools arm embedded/7 2017-q4-major/bin/../lib/gcc/arm-none-eabi/7.2.1/../../../../arm-none-eabi/lib/thumb/v7e-m/fpv4-sp/hard\libc_nano.a(lib_a-isattyr.o)
                0x08006330                _isatty_r
 .text._lseek_r
                0x08006350       0x24 c:/program files (x86)/gnu tools arm embedded/7 2017-q4-major/bin/../lib/gcc/arm-none-eabi/7.2.1/../../../../arm-none-eabi/lib/thumb/v7e-m/fpv4-sp/hard\libc_nano.a(lib_a-lseekr.o)
                0x08006350                _lseek_r
 .text._read_r  0x08006374       0x24 c:/program files (x86)/gnu tools arm embedded/7 2017-q4-major/bin/../lib/gcc/arm-none-eabi/7.2.1/../../../../arm-none-eabi/lib/thumb/v7e-m/fpv4-sp/hard\libc_nano.a(lib_a-readr.o)
                0x08006374                _read_r
 .text._close   0x08006398       0x10 c:/program files (x86)/gnu tools arm embedded/7 2017-q4-major/bin/../lib/gcc/arm-none-eabi/7.2.1/../../../../arm-none-eabi/lib/thumb/v7e-m/fpv4-sp/hard\libnosys.a(close.o)
                0x08006398                _close
 .text._fstat   0x080063a8       0x10 c:/program files (x86)/gnu tools arm embedded/7 2017-q4-major/bin/../lib/gcc/arm-none-eabi/7.2.1/../../../../arm-none-eabi/lib/thumb/v7e-m/fpv4-sp/hard\libnosys.a(fstat.o)
                0x080063a8                _fstat
 .text._isatty  0x080063b8       0x10 c:/program files (x86)/gnu tools arm embedded/7 2017-q4-major/bin/../lib/gcc/arm-none-eabi/7.2.1/../../../../arm-none-eabi/lib/thumb/v7e-m/fpv4-sp/hard\libnosys.a(isatty.o)
                0x080063b8                _isatty
 .text._lseek   0x080063c8       0x10 c:/program files (x86)/gnu tools arm embedded/7 2017-q4-major/bin/../lib/gcc/arm-none-eabi/7.2.1/../../../../arm-none-eabi/lib/thumb/v7e-m/fpv4-sp/hard\libnosys.a(lseek.o)
                0x080063c8                _lseek
 .text._read    0x080063d8       0x10 c:/program files (x86)/gnu tools arm embedded/7 2017-q4-major/bin/../lib/gcc/arm-none-eabi/7.2.1/../../../../arm-none-eabi/lib/thumb/v7e-m/fpv4-sp/hard\libnosys.a(read.o)
                0x080063d8                _read
 .text._sbrk    0x080063e8       0x1c c:/program files (x86)/gnu tools arm embedded/7 2017-q4-major/bin/../lib/gcc/arm-none-eabi/7.2.1/../../../../arm-none-eabi/lib/thumb/v7e-m/fpv4-sp/hard\libnosys.a(sbrk.o)
                0x080063e8                _sbrk
 *(.glue_7)
 .glue_7        0x08006404        0x0 linker stubs
 *(.glue_7t)
 .glue_7t       0x08006404        0x0 linker stubs
 *(.eh_frame)
 .eh_frame      0x08006404        0x0 c:/program files (x86)/gnu tools arm embedded/7 2017-q4-major/bin/../lib/gcc/arm-none-eabi/7.2.1/thumb/v7e-m/fpv4-sp/hard/crtbegin.o
 *(.init)
 .init          0x08006404        0x4 c:/program files (x86)/gnu tools arm embedded/7 2017-q4-major/bin/../lib/gcc/arm-none-eabi/7.2.1/thumb/v7e-m/fpv4-sp/hard/crti.o
                0x08006404                _init
 .init          0x08006408        0x8 c:/program files (x86)/gnu tools arm embedded/7 2017-q4-major/bin/../lib/gcc/arm-none-eabi/7.2.1/thumb/v7e-m/fpv4-sp/hard/crtn.o
 *(.fini)
 .fini          0x08006410        0x4 c:/program files (x86)/gnu tools arm embedded/7 2017-q4-major/bin/../lib/gcc/arm-none-eabi/7.2.1/thumb/v7e-m/fpv4-sp/hard/crti.o
                0x08006410                _fini
 .fini          0x08006414        0x8 c:/program files (x86)/gnu tools arm embedded/7 2017-q4-major/bin/../lib/gcc/arm-none-eabi/7.2.1/thumb/v7e-m/fpv4-sp/hard/crtn.o
                0x0800641c                . = ALIGN (0x4)
                0x0800641c                _etext = .

.vfp11_veneer   0x0800641c        0x0
 .vfp11_veneer  0x0800641c        0x0 linker stubs

.v4_bx          0x0800641c        0x0
 .v4_bx         0x0800641c        0x0 linker stubs

.iplt           0x0800641c        0x0
 .iplt          0x0800641c        0x0 c:/program files (x86)/gnu tools arm embedded/7 2017-q4-major/bin/../lib/gcc/arm-none-eabi/7.2.1/thumb/v7e-m/fpv4-sp/hard/crtbegin.o

.rodata         0x0800641c      0x45c
                0x0800641c                . = ALIGN (0x4)
 *(.rodata)
 .rodata        0x0800641c       0x70 Build/freertos.o
 *(.rodata*)
 .rodata.str1.4
                0x0800648c       0x2c Build/freertos.o
 .rodata.AHBPrescTable
                0x080064b8       0x10 Build/system_stm32f4xx.o
                0x080064b8                AHBPrescTable
 .rodata.APBPrescTable
                0x080064c8        0x8 Build/system_stm32f4xx.o
                0x080064c8                APBPrescTable
 .rodata.TIM_OC3_SetConfig.str1.4
                0x080064d0       0x74 Build/stm32f4xx_hal_tim.o
 .rodata.TIM_CCxNChannelCmd.str1.4
                0x08006544       0x77 Build/stm32f4xx_hal_tim_ex.o
 *fill*         0x080065bb        0x1 
 .rodata.UART_SetConfig.str1.4
                0x080065bc       0x75 Build/stm32f4xx_hal_uart.o
 *fill*         0x08006631        0x3 
 .rodata.HAL_RCC_OscConfig.str1.4
                0x08006634       0x74 Build/stm32f4xx_hal_rcc.o
 .rodata.HAL_GPIO_Init.str1.4
                0x080066a8       0x75 Build/stm32f4xx_hal_gpio.o
 *fill*         0x0800671d        0x3 
 .rodata.HAL_NVIC_SetPriorityGrouping.str1.4
                0x08006720       0x77 Build/stm32f4xx_hal_cortex.o
 *fill*         0x08006797        0x1 
 .rodata.vTaskStartScheduler.str1.4
                0x08006798        0x5 Build/tasks.o
 *fill*         0x0800679d        0x3 
 .rodata._Z8startFSMP6fsmStr.str1.4
                0x080067a0       0x20 Build/fsm.o
 .rodata.HAL_GPIO_EXTI_Callback.str1.4
                0x080067c0       0x3e Build/interrupt.o
 *fill*         0x080067fe        0x2 
 .rodata.Error_Handler.str1.4
                0x08006800       0x14 Build/main.o
                                 0x12 (size before relaxing)
 .rodata._global_impure_ptr
                0x08006814        0x4 c:/program files (x86)/gnu tools arm embedded/7 2017-q4-major/bin/../lib/gcc/arm-none-eabi/7.2.1/../../../../arm-none-eabi/lib/thumb/v7e-m/fpv4-sp/hard\libc_nano.a(lib_a-impure.o)
                0x08006814                _global_impure_ptr
 .rodata.__sf_fake_stderr
                0x08006818       0x20 c:/program files (x86)/gnu tools arm embedded/7 2017-q4-major/bin/../lib/gcc/arm-none-eabi/7.2.1/../../../../arm-none-eabi/lib/thumb/v7e-m/fpv4-sp/hard\libc_nano.a(lib_a-findfp.o)
                0x08006818                __sf_fake_stderr
 .rodata.__sf_fake_stdin
                0x08006838       0x20 c:/program files (x86)/gnu tools arm embedded/7 2017-q4-major/bin/../lib/gcc/arm-none-eabi/7.2.1/../../../../arm-none-eabi/lib/thumb/v7e-m/fpv4-sp/hard\libc_nano.a(lib_a-findfp.o)
                0x08006838                __sf_fake_stdin
 .rodata.__sf_fake_stdout
                0x08006858       0x20 c:/program files (x86)/gnu tools arm embedded/7 2017-q4-major/bin/../lib/gcc/arm-none-eabi/7.2.1/../../../../arm-none-eabi/lib/thumb/v7e-m/fpv4-sp/hard\libc_nano.a(lib_a-findfp.o)
                0x08006858                __sf_fake_stdout
                0x08006878                . = ALIGN (0x4)

.ARM.extab
 *(.ARM.extab* .gnu.linkonce.armextab.*)

.ARM            0x08006878        0x8
                0x08006878                __exidx_start = .
 *(.ARM.exidx*)
 .ARM.exidx     0x08006878        0x8 c:/program files (x86)/gnu tools arm embedded/7 2017-q4-major/bin/../lib/gcc/arm-none-eabi/7.2.1/thumb/v7e-m/fpv4-sp/hard\libgcc.a(_udivmoddi4.o)
                0x08006880                __exidx_end = .

.rel.dyn        0x08006880        0x0
 .rel.iplt      0x08006880        0x0 c:/program files (x86)/gnu tools arm embedded/7 2017-q4-major/bin/../lib/gcc/arm-none-eabi/7.2.1/thumb/v7e-m/fpv4-sp/hard/crtbegin.o

.preinit_array  0x08006880        0x0
                0x08006880                PROVIDE (__preinit_array_start, .)
 *(.preinit_array*)
                0x08006880                PROVIDE (__preinit_array_end, .)

.init_array     0x08006880        0xc
                0x08006880                PROVIDE (__init_array_start, .)
 *(SORT_BY_NAME(.init_array.*))
 *(.init_array*)
 .init_array    0x08006880        0x4 c:/program files (x86)/gnu tools arm embedded/7 2017-q4-major/bin/../lib/gcc/arm-none-eabi/7.2.1/thumb/v7e-m/fpv4-sp/hard/crtbegin.o
 .init_array    0x08006884        0x4 Build/robo_states.o
 .init_array    0x08006888        0x4 Build/robo_tasks.o
                0x0800688c                PROVIDE (__init_array_end, .)

.fini_array     0x0800688c        0x4
                [!provide]                PROVIDE (__fini_array_start, .)
 *(SORT_BY_NAME(.fini_array.*))
 *(.fini_array*)
 .fini_array    0x0800688c        0x4 c:/program files (x86)/gnu tools arm embedded/7 2017-q4-major/bin/../lib/gcc/arm-none-eabi/7.2.1/thumb/v7e-m/fpv4-sp/hard/crtbegin.o
                [!provide]                PROVIDE (__fini_array_end, .)
                0x08006890                _sidata = LOADADDR (.data)

.data           0x20000000       0x7c load address 0x08006890
                0x20000000                . = ALIGN (0x4)
                0x20000000                _sdata = .
 *(.data)
 .data          0x20000000        0x4 c:/program files (x86)/gnu tools arm embedded/7 2017-q4-major/bin/../lib/gcc/arm-none-eabi/7.2.1/thumb/v7e-m/fpv4-sp/hard/crtbegin.o
                0x20000000                __dso_handle
 *(.data*)
 .data.SystemCoreClock
                0x20000004        0x4 Build/system_stm32f4xx.o
                0x20000004                SystemCoreClock
 .data.uwTickFreq
                0x20000008        0x1 Build/stm32f4xx_hal.o
                0x20000008                uwTickFreq
 *fill*         0x20000009        0x3 
 .data.uxCriticalNesting
                0x2000000c        0x4 Build/port.o
 .data.bvel     0x20000010        0x2 Build/blnc_motor.o
                0x20000010                bvel
 .data._ZL9gIs_First
                0x20000012        0x1 Build/fsm_tasks.o
 .data._ZL21gFirst_Home_Interrupt
                0x20000013        0x1 Build/interrupt.o
 .data.gCurrent_Position
                0x20000014        0x4 Build/interrupt.o
                0x20000014                gCurrent_Position
 .data._impure_ptr
                0x20000018        0x4 c:/program files (x86)/gnu tools arm embedded/7 2017-q4-major/bin/../lib/gcc/arm-none-eabi/7.2.1/../../../../arm-none-eabi/lib/thumb/v7e-m/fpv4-sp/hard\libc_nano.a(lib_a-impure.o)
                0x20000018                _impure_ptr
 .data.impure_data
                0x2000001c       0x60 c:/program files (x86)/gnu tools arm embedded/7 2017-q4-major/bin/../lib/gcc/arm-none-eabi/7.2.1/../../../../arm-none-eabi/lib/thumb/v7e-m/fpv4-sp/hard\libc_nano.a(lib_a-impure.o)
                0x2000007c                . = ALIGN (0x4)
                0x2000007c                _edata = .
                0x0800690c                _siccmram = LOADADDR (.ccmram)

.igot.plt       0x2000007c        0x0 load address 0x0800690c
 .igot.plt      0x2000007c        0x0 c:/program files (x86)/gnu tools arm embedded/7 2017-q4-major/bin/../lib/gcc/arm-none-eabi/7.2.1/thumb/v7e-m/fpv4-sp/hard/crtbegin.o

.ccmram         0x10000000        0x0 load address 0x0800690c
                0x10000000                . = ALIGN (0x4)
                0x10000000                _sccmram = .
 *(.ccmram)
 *(.ccmram*)
                0x10000000                . = ALIGN (0x4)
                0x10000000                _eccmram = .
                0x10000000                . = ALIGN (0x4)

.bss            0x20000080     0x6d6c
                0x20000080                _sbss = .
                0x20000080                __bss_start__ = _sbss
 *(.bss)
 .bss           0x20000080       0x1c c:/program files (x86)/gnu tools arm embedded/7 2017-q4-major/bin/../lib/gcc/arm-none-eabi/7.2.1/thumb/v7e-m/fpv4-sp/hard/crtbegin.o
 *(.bss*)
 .bss.xIdleStack
                0x2000009c      0x200 Build/freertos.o
 .bss.xIdleTaskTCBBuffer
                0x2000029c       0x54 Build/freertos.o
 .bss.pxCurrentTCB
                0x200002f0        0x4 Build/tasks.o
                0x200002f0                pxCurrentTCB
 .bss.pxDelayedTaskList
                0x200002f4        0x4 Build/tasks.o
 .bss.pxOverflowDelayedTaskList
                0x200002f8        0x4 Build/tasks.o
 .bss.pxReadyTasksLists
                0x200002fc       0x8c Build/tasks.o
 .bss.uxCurrentNumberOfTasks
                0x20000388        0x4 Build/tasks.o
 .bss.uxDeletedTasksWaitingCleanUp
                0x2000038c        0x4 Build/tasks.o
 .bss.uxPendedTicks
                0x20000390        0x4 Build/tasks.o
 .bss.uxSchedulerSuspended
                0x20000394        0x4 Build/tasks.o
 .bss.uxTaskNumber
                0x20000398        0x4 Build/tasks.o
 .bss.uxTopReadyPriority
                0x2000039c        0x4 Build/tasks.o
 .bss.xDelayedTaskList1
                0x200003a0       0x14 Build/tasks.o
 .bss.xDelayedTaskList2
                0x200003b4       0x14 Build/tasks.o
 .bss.xNextTaskUnblockTime
                0x200003c8        0x4 Build/tasks.o
 .bss.xNumOfOverflows
                0x200003cc        0x4 Build/tasks.o
 .bss.xPendingReadyList
                0x200003d0       0x14 Build/tasks.o
 .bss.xSchedulerRunning
                0x200003e4        0x4 Build/tasks.o
 .bss.xSuspendedTaskList
                0x200003e8       0x14 Build/tasks.o
 .bss.xTasksWaitingTermination
                0x200003fc       0x14 Build/tasks.o
 .bss.xTickCount
                0x20000410        0x4 Build/tasks.o
 .bss.xYieldPending
                0x20000414        0x4 Build/tasks.o
 .bss.ucMaxSysCallPriority
                0x20000418        0x1 Build/port.o
 *fill*         0x20000419        0x3 
 .bss.ulMaxPRIGROUPValue
                0x2000041c        0x4 Build/port.o
 .bss.gPneu     0x20000420       0x20 Build/pneumatic.o
                0x20000420                gPneu
 .bss.gBallet   0x20000440       0xa0 Build/blnc_motor.o
                0x20000440                gBallet
 .bss.gReady_To_Go
                0x200004e0        0x1 Build/blnc_motor.o
                0x200004e0                gReady_To_Go
 *fill*         0x200004e1        0x3 
 .bss.balance_motor
                0x200004e4       0x34 Build/robo_init.o
                0x200004e4                balance_motor
 .bss.blnc_int_arr
                0x20000518       0x30 Build/robo_init.o
                0x20000518                blnc_int_arr
 .bss.encoder_arr
                0x20000548       0x40 Build/robo_init.o
                0x20000548                encoder_arr
 .bss.ff_arr    0x20000588       0xf0 Build/robo_init.o
                0x20000588                ff_arr
 .bss.fsm       0x20000678        0x1 Build/robo_init.o
                0x20000678                fsm
 *fill*         0x20000679        0x3 
 .bss.int_arr   0x2000067c       0x30 Build/robo_init.o
                0x2000067c                int_arr
 .bss.motor_arr
                0x200006ac       0xd0 Build/robo_init.o
                0x200006ac                motor_arr
 *fill*         0x2000077c        0x4 
 .bss.pid_arr   0x20000780       0xe0 Build/robo_init.o
                0x20000780                pid_arr
 .bss._ZGVZN5State12get_InstanceEvE11sRobo_State
                0x20000860        0x4 Build/robo_states.o
 .bss._ZZN5State12get_InstanceEvE11sRobo_State
                0x20000864        0x4 Build/robo_states.o
 .bss.gHomeState
                0x20000868        0x8 Build/robo_states.o
                0x20000868                gHomeState
 .bss.gWalkState1
                0x20000870        0x8 Build/robo_states.o
                0x20000870                gWalkState1
 .bss.gWalkState2
                0x20000878        0x8 Build/robo_states.o
                0x20000878                gWalkState2
 .bss.gWalkState3
                0x20000880        0x8 Build/robo_states.o
                0x20000880                gWalkState3
 .bss.gWalkState4
                0x20000888        0x8 Build/robo_states.o
                0x20000888                gWalkState4
 .bss.gHorse_State
                0x20000890        0x4 Build/robo_tasks.o
                0x20000890                gHorse_State
 .bss.__malloc_free_list
                0x20000894        0x4 c:/program files (x86)/gnu tools arm embedded/7 2017-q4-major/bin/../lib/gcc/arm-none-eabi/7.2.1/../../../../arm-none-eabi/lib/thumb/v7e-m/fpv4-sp/hard\libc_nano.a(lib_a-nano-mallocr.o)
                0x20000894                __malloc_free_list
 .bss.__malloc_sbrk_start
                0x20000898        0x4 c:/program files (x86)/gnu tools arm embedded/7 2017-q4-major/bin/../lib/gcc/arm-none-eabi/7.2.1/../../../../arm-none-eabi/lib/thumb/v7e-m/fpv4-sp/hard\libc_nano.a(lib_a-nano-mallocr.o)
                0x20000898                __malloc_sbrk_start
 .bss.heap_end.5377
                0x2000089c        0x4 c:/program files (x86)/gnu tools arm embedded/7 2017-q4-major/bin/../lib/gcc/arm-none-eabi/7.2.1/../../../../arm-none-eabi/lib/thumb/v7e-m/fpv4-sp/hard\libnosys.a(sbrk.o)
 *(COMMON)
 COMMON         0x200008a0      0x168 Build/tim.o
                0x200008a0                htim8
                0x200008dc                htim4
                0x20000918                htim5
                0x20000954                htim3
                0x20000990                htim1
                0x200009cc                htim2
 COMMON         0x20000a08       0x40 Build/usart.o
                0x20000a08                huart3
 COMMON         0x20000a48     0x6360 Build/freertos.o
                0x20000a48                MovingMassHandle
                0x20000a4c                MovingMassThreadBuffer
                0x20002a4c                defaultTaskHandle
                0x20002a50                MovingMassThreadControlBlock
                0x20002aa4                PneumaticThreadBuffer
                0x20004aa4                PnematicHandle
                0x20004aa8                MotorThreadBuffer
                0x20006aa8                defaultTaskBuffer
                0x20006ca8                MotorHandle
                0x20006cac                defaultTaskControlBlock
                0x20006d00                MotorThreadControlBlock
                0x20006d54                PneumaticThreadControlBlock
 COMMON         0x20006da8       0x3c Build/stm32f4xx_hal_timebase_tim.o
                0x20006da8                htim14
 COMMON         0x20006de4        0x4 Build/stm32f4xx_hal.o
                0x20006de4                uwTick
 COMMON         0x20006de8        0x4 c:/program files (x86)/gnu tools arm embedded/7 2017-q4-major/bin/../lib/gcc/arm-none-eabi/7.2.1/../../../../arm-none-eabi/lib/thumb/v7e-m/fpv4-sp/hard\libc_nano.a(lib_a-reent.o)
                0x20006de8                errno
                0x20006dec                . = ALIGN (0x4)
                0x20006dec                _ebss = .
                0x20006dec                __bss_end__ = _ebss

._user_heap_stack
                0x20006dec     0x6204
                0x20006df0                . = ALIGN (0x8)
 *fill*         0x20006dec        0x4 
                0x20006df0                PROVIDE (end, .)
                [!provide]                PROVIDE (_end, .)
                0x20006ff0                . = (. + _Min_Heap_Size)
 *fill*         0x20006df0      0x200 
                0x2000cff0                . = (. + _Min_Stack_Size)
 *fill*         0x20006ff0     0x6000 
                0x2000cff0                . = ALIGN (0x8)

/DISCARD/
 libc.a(*)
 libm.a(*)
 libgcc.a(*)

.ARM.attributes
                0x00000000       0x30
 *(.ARM.attributes)
 .ARM.attributes
                0x00000000       0x22 c:/program files (x86)/gnu tools arm embedded/7 2017-q4-major/bin/../lib/gcc/arm-none-eabi/7.2.1/thumb/v7e-m/fpv4-sp/hard/crti.o
 .ARM.attributes
                0x00000022       0x34 c:/program files (x86)/gnu tools arm embedded/7 2017-q4-major/bin/../lib/gcc/arm-none-eabi/7.2.1/thumb/v7e-m/fpv4-sp/hard/crtbegin.o
 .ARM.attributes
                0x00000056       0x39 Build/gpio.o
 .ARM.attributes
                0x0000008f       0x39 Build/tim.o
 .ARM.attributes
                0x000000c8       0x39 Build/usart.o
 .ARM.attributes
                0x00000101       0x39 Build/freertos.o
 .ARM.attributes
                0x0000013a       0x39 Build/printf_config.o
 .ARM.attributes
                0x00000173       0x39 Build/stm32f4xx_it.o
 .ARM.attributes
                0x000001ac       0x39 Build/stm32f4xx_hal_msp.o
 .ARM.attributes
                0x000001e5       0x39 Build/stm32f4xx_hal_timebase_tim.o
 .ARM.attributes
                0x0000021e       0x39 Build/system_stm32f4xx.o
 .ARM.attributes
                0x00000257       0x39 Build/stm32f4xx_hal_tim.o
 .ARM.attributes
                0x00000290       0x39 Build/stm32f4xx_hal_tim_ex.o
 .ARM.attributes
                0x000002c9       0x39 Build/stm32f4xx_hal_uart.o
 .ARM.attributes
                0x00000302       0x39 Build/stm32f4xx_hal_rcc.o
 .ARM.attributes
                0x0000033b       0x39 Build/stm32f4xx_hal_gpio.o
 .ARM.attributes
                0x00000374       0x39 Build/stm32f4xx_hal_cortex.o
 .ARM.attributes
                0x000003ad       0x39 Build/stm32f4xx_hal.o
 .ARM.attributes
                0x000003e6       0x39 Build/list.o
 .ARM.attributes
                0x0000041f       0x39 Build/tasks.o
 .ARM.attributes
                0x00000458       0x39 Build/cmsis_os.o
 .ARM.attributes
                0x00000491       0x39 Build/port.o
 .ARM.attributes
                0x000004ca       0x21 Build/startup_stm32f407xx.o
 .ARM.attributes
                0x000004eb       0x39 Build/encoder.o
 .ARM.attributes
                0x00000524       0x39 Build/motor.o
 .ARM.attributes
                0x0000055d       0x39 Build/pneumatic.o
 .ARM.attributes
                0x00000596       0x39 Build/blnc_motor.o
 .ARM.attributes
                0x000005cf       0x39 Build/check.o
 .ARM.attributes
                0x00000608       0x39 Build/feed_forward.o
 .ARM.attributes
                0x00000641       0x39 Build/fsm_tasks.o
 .ARM.attributes
                0x0000067a       0x39 Build/fsm.o
 .ARM.attributes
                0x000006b3       0x39 Build/interrupt.o
 .ARM.attributes
                0x000006ec       0x39 Build/robo_init.o
 .ARM.attributes
                0x00000725       0x39 Build/robo_states.o
 .ARM.attributes
                0x0000075e       0x39 Build/logger.o
 .ARM.attributes
                0x00000797       0x39 Build/pid.o
 .ARM.attributes
                0x000007d0       0x39 Build/robo_tasks.o
 .ARM.attributes
                0x00000809       0x39 Build/main.o
 .ARM.attributes
                0x00000842       0x34 c:/program files (x86)/gnu tools arm embedded/7 2017-q4-major/bin/../lib/gcc/arm-none-eabi/7.2.1/../../../../arm-none-eabi/lib/thumb/v7e-m/fpv4-sp/hard\libstdc++_nano.a(guard.o)
 .ARM.attributes
                0x00000876       0x34 c:/program files (x86)/gnu tools arm embedded/7 2017-q4-major/bin/../lib/gcc/arm-none-eabi/7.2.1/../../../../arm-none-eabi/lib/thumb/v7e-m/fpv4-sp/hard\libstdc++_nano.a(atexit_arm.o)
 .ARM.attributes
                0x000008aa       0x34 c:/program files (x86)/gnu tools arm embedded/7 2017-q4-major/bin/../lib/gcc/arm-none-eabi/7.2.1/../../../../arm-none-eabi/lib/thumb/v7e-m/fpv4-sp/hard\libc_nano.a(lib_a-cxa_atexit.o)
 .ARM.attributes
                0x000008de       0x34 c:/program files (x86)/gnu tools arm embedded/7 2017-q4-major/bin/../lib/gcc/arm-none-eabi/7.2.1/../../../../arm-none-eabi/lib/thumb/v7e-m/fpv4-sp/hard\libc_nano.a(lib_a-impure.o)
 .ARM.attributes
                0x00000912       0x34 c:/program files (x86)/gnu tools arm embedded/7 2017-q4-major/bin/../lib/gcc/arm-none-eabi/7.2.1/../../../../arm-none-eabi/lib/thumb/v7e-m/fpv4-sp/hard\libc_nano.a(lib_a-init.o)
 .ARM.attributes
                0x00000946       0x34 c:/program files (x86)/gnu tools arm embedded/7 2017-q4-major/bin/../lib/gcc/arm-none-eabi/7.2.1/../../../../arm-none-eabi/lib/thumb/v7e-m/fpv4-sp/hard\libc_nano.a(lib_a-memset.o)
 .ARM.attributes
                0x0000097a       0x34 c:/program files (x86)/gnu tools arm embedded/7 2017-q4-major/bin/../lib/gcc/arm-none-eabi/7.2.1/../../../../arm-none-eabi/lib/thumb/v7e-m/fpv4-sp/hard\libc_nano.a(lib_a-nano-freer.o)
 .ARM.attributes
                0x000009ae       0x34 c:/program files (x86)/gnu tools arm embedded/7 2017-q4-major/bin/../lib/gcc/arm-none-eabi/7.2.1/../../../../arm-none-eabi/lib/thumb/v7e-m/fpv4-sp/hard\libc_nano.a(lib_a-nano-mallocr.o)
 .ARM.attributes
                0x000009e2       0x34 c:/program files (x86)/gnu tools arm embedded/7 2017-q4-major/bin/../lib/gcc/arm-none-eabi/7.2.1/../../../../arm-none-eabi/lib/thumb/v7e-m/fpv4-sp/hard\libc_nano.a(lib_a-puts.o)
 .ARM.attributes
                0x00000a16       0x34 c:/program files (x86)/gnu tools arm embedded/7 2017-q4-major/bin/../lib/gcc/arm-none-eabi/7.2.1/../../../../arm-none-eabi/lib/thumb/v7e-m/fpv4-sp/hard\libc_nano.a(lib_a-sbrkr.o)
 .ARM.attributes
                0x00000a4a       0x34 c:/program files (x86)/gnu tools arm embedded/7 2017-q4-major/bin/../lib/gcc/arm-none-eabi/7.2.1/../../../../arm-none-eabi/lib/thumb/v7e-m/fpv4-sp/hard\libc_nano.a(lib_a-wbuf.o)
 .ARM.attributes
                0x00000a7e       0x34 c:/program files (x86)/gnu tools arm embedded/7 2017-q4-major/bin/../lib/gcc/arm-none-eabi/7.2.1/../../../../arm-none-eabi/lib/thumb/v7e-m/fpv4-sp/hard\libc_nano.a(lib_a-wsetup.o)
 .ARM.attributes
                0x00000ab2       0x34 c:/program files (x86)/gnu tools arm embedded/7 2017-q4-major/bin/../lib/gcc/arm-none-eabi/7.2.1/../../../../arm-none-eabi/lib/thumb/v7e-m/fpv4-sp/hard\libc_nano.a(lib_a-fflush.o)
 .ARM.attributes
                0x00000ae6       0x34 c:/program files (x86)/gnu tools arm embedded/7 2017-q4-major/bin/../lib/gcc/arm-none-eabi/7.2.1/../../../../arm-none-eabi/lib/thumb/v7e-m/fpv4-sp/hard\libc_nano.a(lib_a-findfp.o)
 .ARM.attributes
                0x00000b1a       0x34 c:/program files (x86)/gnu tools arm embedded/7 2017-q4-major/bin/../lib/gcc/arm-none-eabi/7.2.1/../../../../arm-none-eabi/lib/thumb/v7e-m/fpv4-sp/hard\libc_nano.a(lib_a-fwalk.o)
 .ARM.attributes
                0x00000b4e       0x34 c:/program files (x86)/gnu tools arm embedded/7 2017-q4-major/bin/../lib/gcc/arm-none-eabi/7.2.1/../../../../arm-none-eabi/lib/thumb/v7e-m/fpv4-sp/hard\libc_nano.a(lib_a-makebuf.o)
 .ARM.attributes
                0x00000b82       0x34 c:/program files (x86)/gnu tools arm embedded/7 2017-q4-major/bin/../lib/gcc/arm-none-eabi/7.2.1/../../../../arm-none-eabi/lib/thumb/v7e-m/fpv4-sp/hard\libc_nano.a(lib_a-mlock.o)
 .ARM.attributes
                0x00000bb6       0x34 c:/program files (x86)/gnu tools arm embedded/7 2017-q4-major/bin/../lib/gcc/arm-none-eabi/7.2.1/../../../../arm-none-eabi/lib/thumb/v7e-m/fpv4-sp/hard\libc_nano.a(lib_a-reent.o)
 .ARM.attributes
                0x00000bea       0x34 c:/program files (x86)/gnu tools arm embedded/7 2017-q4-major/bin/../lib/gcc/arm-none-eabi/7.2.1/../../../../arm-none-eabi/lib/thumb/v7e-m/fpv4-sp/hard\libc_nano.a(lib_a-stdio.o)
 .ARM.attributes
                0x00000c1e       0x34 c:/program files (x86)/gnu tools arm embedded/7 2017-q4-major/bin/../lib/gcc/arm-none-eabi/7.2.1/../../../../arm-none-eabi/lib/thumb/v7e-m/fpv4-sp/hard\libc_nano.a(lib_a-writer.o)
 .ARM.attributes
                0x00000c52       0x34 c:/program files (x86)/gnu tools arm embedded/7 2017-q4-major/bin/../lib/gcc/arm-none-eabi/7.2.1/../../../../arm-none-eabi/lib/thumb/v7e-m/fpv4-sp/hard\libc_nano.a(lib_a-closer.o)
 .ARM.attributes
                0x00000c86       0x34 c:/program files (x86)/gnu tools arm embedded/7 2017-q4-major/bin/../lib/gcc/arm-none-eabi/7.2.1/../../../../arm-none-eabi/lib/thumb/v7e-m/fpv4-sp/hard\libc_nano.a(lib_a-fstatr.o)
 .ARM.attributes
                0x00000cba       0x34 c:/program files (x86)/gnu tools arm embedded/7 2017-q4-major/bin/../lib/gcc/arm-none-eabi/7.2.1/../../../../arm-none-eabi/lib/thumb/v7e-m/fpv4-sp/hard\libc_nano.a(lib_a-isattyr.o)
 .ARM.attributes
                0x00000cee       0x34 c:/program files (x86)/gnu tools arm embedded/7 2017-q4-major/bin/../lib/gcc/arm-none-eabi/7.2.1/../../../../arm-none-eabi/lib/thumb/v7e-m/fpv4-sp/hard\libc_nano.a(lib_a-lseekr.o)
 .ARM.attributes
                0x00000d22       0x34 c:/program files (x86)/gnu tools arm embedded/7 2017-q4-major/bin/../lib/gcc/arm-none-eabi/7.2.1/../../../../arm-none-eabi/lib/thumb/v7e-m/fpv4-sp/hard\libc_nano.a(lib_a-readr.o)
 .ARM.attributes
                0x00000d56       0x22 c:/program files (x86)/gnu tools arm embedded/7 2017-q4-major/bin/../lib/gcc/arm-none-eabi/7.2.1/thumb/v7e-m/fpv4-sp/hard\libgcc.a(_arm_addsubdf3.o)
 .ARM.attributes
                0x00000d78       0x22 c:/program files (x86)/gnu tools arm embedded/7 2017-q4-major/bin/../lib/gcc/arm-none-eabi/7.2.1/thumb/v7e-m/fpv4-sp/hard\libgcc.a(_arm_muldivdf3.o)
 .ARM.attributes
                0x00000d9a       0x22 c:/program files (x86)/gnu tools arm embedded/7 2017-q4-major/bin/../lib/gcc/arm-none-eabi/7.2.1/thumb/v7e-m/fpv4-sp/hard\libgcc.a(_arm_cmpdf2.o)
 .ARM.attributes
                0x00000dbc       0x22 c:/program files (x86)/gnu tools arm embedded/7 2017-q4-major/bin/../lib/gcc/arm-none-eabi/7.2.1/thumb/v7e-m/fpv4-sp/hard\libgcc.a(_arm_fixunsdfsi.o)
 .ARM.attributes
                0x00000dde       0x22 c:/program files (x86)/gnu tools arm embedded/7 2017-q4-major/bin/../lib/gcc/arm-none-eabi/7.2.1/thumb/v7e-m/fpv4-sp/hard\libgcc.a(_arm_truncdfsf2.o)
 .ARM.attributes
                0x00000e00       0x22 c:/program files (x86)/gnu tools arm embedded/7 2017-q4-major/bin/../lib/gcc/arm-none-eabi/7.2.1/thumb/v7e-m/fpv4-sp/hard\libgcc.a(_aeabi_uldivmod.o)
 .ARM.attributes
                0x00000e22       0x34 c:/program files (x86)/gnu tools arm embedded/7 2017-q4-major/bin/../lib/gcc/arm-none-eabi/7.2.1/thumb/v7e-m/fpv4-sp/hard\libgcc.a(_udivmoddi4.o)
 .ARM.attributes
                0x00000e56       0x22 c:/program files (x86)/gnu tools arm embedded/7 2017-q4-major/bin/../lib/gcc/arm-none-eabi/7.2.1/thumb/v7e-m/fpv4-sp/hard\libgcc.a(_dvmd_tls.o)
 .ARM.attributes
                0x00000e78       0x34 c:/program files (x86)/gnu tools arm embedded/7 2017-q4-major/bin/../lib/gcc/arm-none-eabi/7.2.1/../../../../arm-none-eabi/lib/thumb/v7e-m/fpv4-sp/hard\libnosys.a(close.o)
 .ARM.attributes
                0x00000eac       0x34 c:/program files (x86)/gnu tools arm embedded/7 2017-q4-major/bin/../lib/gcc/arm-none-eabi/7.2.1/../../../../arm-none-eabi/lib/thumb/v7e-m/fpv4-sp/hard\libnosys.a(fstat.o)
 .ARM.attributes
                0x00000ee0       0x34 c:/program files (x86)/gnu tools arm embedded/7 2017-q4-major/bin/../lib/gcc/arm-none-eabi/7.2.1/../../../../arm-none-eabi/lib/thumb/v7e-m/fpv4-sp/hard\libnosys.a(isatty.o)
 .ARM.attributes
                0x00000f14       0x34 c:/program files (x86)/gnu tools arm embedded/7 2017-q4-major/bin/../lib/gcc/arm-none-eabi/7.2.1/../../../../arm-none-eabi/lib/thumb/v7e-m/fpv4-sp/hard\libnosys.a(lseek.o)
 .ARM.attributes
                0x00000f48       0x34 c:/program files (x86)/gnu tools arm embedded/7 2017-q4-major/bin/../lib/gcc/arm-none-eabi/7.2.1/../../../../arm-none-eabi/lib/thumb/v7e-m/fpv4-sp/hard\libnosys.a(read.o)
 .ARM.attributes
                0x00000f7c       0x34 c:/program files (x86)/gnu tools arm embedded/7 2017-q4-major/bin/../lib/gcc/arm-none-eabi/7.2.1/../../../../arm-none-eabi/lib/thumb/v7e-m/fpv4-sp/hard\libnosys.a(sbrk.o)
 .ARM.attributes
                0x00000fb0       0x22 c:/program files (x86)/gnu tools arm embedded/7 2017-q4-major/bin/../lib/gcc/arm-none-eabi/7.2.1/thumb/v7e-m/fpv4-sp/hard/crtn.o
OUTPUT(Build/horse.elf elf32-littlearm)

.debug_info     0x00000000    0x34895
 .debug_info    0x00000000     0x13a3 Build/gpio.o
 .debug_info    0x000013a3     0x1d7f Build/tim.o
 .debug_info    0x00003122     0x1373 Build/usart.o
 .debug_info    0x00004495      0xed2 Build/freertos.o
 .debug_info    0x00005367      0xaa2 Build/printf_config.o
 .debug_info    0x00005e09     0x1195 Build/stm32f4xx_it.o
 .debug_info    0x00006f9e      0xeb1 Build/stm32f4xx_hal_msp.o
 .debug_info    0x00007e4f     0x158e Build/stm32f4xx_hal_timebase_tim.o
 .debug_info    0x000093dd      0xe82 Build/system_stm32f4xx.o
 .debug_info    0x0000a25f     0x4f56 Build/stm32f4xx_hal_tim.o
 .debug_info    0x0000f1b5     0x238e Build/stm32f4xx_hal_tim_ex.o
 .debug_info    0x00011543     0x2465 Build/stm32f4xx_hal_uart.o
 .debug_info    0x000139a8     0x16b8 Build/stm32f4xx_hal_rcc.o
 .debug_info    0x00015060     0x1280 Build/stm32f4xx_hal_gpio.o
 .debug_info    0x000162e0     0x1bb5 Build/stm32f4xx_hal_cortex.o
 .debug_info    0x00017e95     0x13b7 Build/stm32f4xx_hal.o
 .debug_info    0x0001924c      0xbdc Build/list.o
 .debug_info    0x00019e28     0x2bbb Build/tasks.o
 .debug_info    0x0001c9e3     0x27dd Build/cmsis_os.o
 .debug_info    0x0001f1c0      0x56c Build/port.o
 .debug_info    0x0001f72c       0x22 Build/startup_stm32f407xx.o
 .debug_info    0x0001f74e     0x1f23 Build/encoder.o
 .debug_info    0x00021671     0x1d83 Build/motor.o
 .debug_info    0x000233f4     0x11cf Build/pneumatic.o
 .debug_info    0x000245c3     0x17c3 Build/blnc_motor.o
 .debug_info    0x00025d86     0x1556 Build/check.o
 .debug_info    0x000272dc     0x145a Build/feed_forward.o
 .debug_info    0x00028736     0x1ddc Build/fsm_tasks.o
 .debug_info    0x0002a512     0x18f3 Build/fsm.o
 .debug_info    0x0002be05     0x19e8 Build/interrupt.o
 .debug_info    0x0002d7ed     0x1818 Build/robo_init.o
 .debug_info    0x0002f005      0xa80 Build/robo_states.o
 .debug_info    0x0002fa85      0xd60 Build/logger.o
 .debug_info    0x000307e5      0xc5c Build/pid.o
 .debug_info    0x00031441     0x1b84 Build/robo_tasks.o
 .debug_info    0x00032fc5     0x18d0 Build/main.o

.debug_abbrev   0x00000000     0x665f
 .debug_abbrev  0x00000000      0x228 Build/gpio.o
 .debug_abbrev  0x00000228      0x2c7 Build/tim.o
 .debug_abbrev  0x000004ef      0x246 Build/usart.o
 .debug_abbrev  0x00000735      0x244 Build/freertos.o
 .debug_abbrev  0x00000979      0x1ec Build/printf_config.o
 .debug_abbrev  0x00000b65      0x253 Build/stm32f4xx_it.o
 .debug_abbrev  0x00000db8      0x209 Build/stm32f4xx_hal_msp.o
 .debug_abbrev  0x00000fc1      0x27b Build/stm32f4xx_hal_timebase_tim.o
 .debug_abbrev  0x0000123c      0x1e6 Build/system_stm32f4xx.o
 .debug_abbrev  0x00001422      0x310 Build/stm32f4xx_hal_tim.o
 .debug_abbrev  0x00001732      0x2f8 Build/stm32f4xx_hal_tim_ex.o
 .debug_abbrev  0x00001a2a      0x375 Build/stm32f4xx_hal_uart.o
 .debug_abbrev  0x00001d9f      0x341 Build/stm32f4xx_hal_rcc.o
 .debug_abbrev  0x000020e0      0x2da Build/stm32f4xx_hal_gpio.o
 .debug_abbrev  0x000023ba      0x414 Build/stm32f4xx_hal_cortex.o
 .debug_abbrev  0x000027ce      0x2e1 Build/stm32f4xx_hal.o
 .debug_abbrev  0x00002aaf      0x217 Build/list.o
 .debug_abbrev  0x00002cc6      0x40f Build/tasks.o
 .debug_abbrev  0x000030d5      0x3d3 Build/cmsis_os.o
 .debug_abbrev  0x000034a8      0x230 Build/port.o
 .debug_abbrev  0x000036d8       0x12 Build/startup_stm32f407xx.o
 .debug_abbrev  0x000036ea      0x391 Build/encoder.o
 .debug_abbrev  0x00003a7b      0x3e0 Build/motor.o
 .debug_abbrev  0x00003e5b      0x440 Build/pneumatic.o
 .debug_abbrev  0x0000429b      0x331 Build/blnc_motor.o
 .debug_abbrev  0x000045cc      0x25e Build/check.o
 .debug_abbrev  0x0000482a      0x36e Build/feed_forward.o
 .debug_abbrev  0x00004b98      0x399 Build/fsm_tasks.o
 .debug_abbrev  0x00004f31      0x334 Build/fsm.o
 .debug_abbrev  0x00005265      0x35c Build/interrupt.o
 .debug_abbrev  0x000055c1      0x2af Build/robo_init.o
 .debug_abbrev  0x00005870      0x28c Build/robo_states.o
 .debug_abbrev  0x00005afc      0x265 Build/logger.o
 .debug_abbrev  0x00005d61      0x229 Build/pid.o
 .debug_abbrev  0x00005f8a      0x406 Build/robo_tasks.o
 .debug_abbrev  0x00006390      0x2cf Build/main.o

.debug_loc      0x00000000     0xc466
 .debug_loc     0x00000000       0x39 Build/gpio.o
 .debug_loc     0x00000039      0x3d9 Build/tim.o
 .debug_loc     0x00000412       0xf8 Build/usart.o
 .debug_loc     0x0000050a       0x39 Build/freertos.o
 .debug_loc     0x00000543       0x8e Build/printf_config.o
 .debug_loc     0x000005d1       0xc0 Build/stm32f4xx_it.o
 .debug_loc     0x00000691       0x38 Build/stm32f4xx_hal_msp.o
 .debug_loc     0x000006c9       0xae Build/stm32f4xx_hal_timebase_tim.o
 .debug_loc     0x00000777      0x13e Build/system_stm32f4xx.o
 .debug_loc     0x000008b5     0x30cb Build/stm32f4xx_hal_tim.o
 .debug_loc     0x00003980     0x11d6 Build/stm32f4xx_hal_tim_ex.o
 .debug_loc     0x00004b56     0x1a0a Build/stm32f4xx_hal_uart.o
 .debug_loc     0x00006560      0x55d Build/stm32f4xx_hal_rcc.o
 .debug_loc     0x00006abd      0x6aa Build/stm32f4xx_hal_gpio.o
 .debug_loc     0x00007167      0x8dc Build/stm32f4xx_hal_cortex.o
 .debug_loc     0x00007a43      0x18e Build/stm32f4xx_hal.o
 .debug_loc     0x00007bd1       0x9c Build/list.o
 .debug_loc     0x00007c6d     0x1607 Build/tasks.o
 .debug_loc     0x00009274     0x1504 Build/cmsis_os.o
 .debug_loc     0x0000a778      0x128 Build/port.o
 .debug_loc     0x0000a8a0      0x15d Build/encoder.o
 .debug_loc     0x0000a9fd      0x2ee Build/motor.o
 .debug_loc     0x0000aceb      0x276 Build/pneumatic.o
 .debug_loc     0x0000af61       0x40 Build/blnc_motor.o
 .debug_loc     0x0000afa1      0x13b Build/check.o
 .debug_loc     0x0000b0dc      0x28d Build/feed_forward.o
 .debug_loc     0x0000b369      0x463 Build/fsm_tasks.o
 .debug_loc     0x0000b7cc       0x3e Build/fsm.o
 .debug_loc     0x0000b80a       0x5a Build/interrupt.o
 .debug_loc     0x0000b864      0x192 Build/robo_init.o
 .debug_loc     0x0000b9f6      0x42a Build/robo_states.o
 .debug_loc     0x0000be20       0xad Build/logger.o
 .debug_loc     0x0000becd      0x1ba Build/pid.o
 .debug_loc     0x0000c087      0x2ff Build/robo_tasks.o
 .debug_loc     0x0000c386       0xe0 Build/main.o

.debug_aranges  0x00000000     0x12f0
 .debug_aranges
                0x00000000       0x20 Build/gpio.o
 .debug_aranges
                0x00000020       0x70 Build/tim.o
 .debug_aranges
                0x00000090       0x30 Build/usart.o
 .debug_aranges
                0x000000c0       0x28 Build/freertos.o
 .debug_aranges
                0x000000e8       0x20 Build/printf_config.o
 .debug_aranges
                0x00000108       0x78 Build/stm32f4xx_it.o
 .debug_aranges
                0x00000180       0x20 Build/stm32f4xx_hal_msp.o
 .debug_aranges
                0x000001a0       0x30 Build/stm32f4xx_hal_timebase_tim.o
 .debug_aranges
                0x000001d0       0x28 Build/system_stm32f4xx.o
 .debug_aranges
                0x000001f8      0x368 Build/stm32f4xx_hal_tim.o
 .debug_aranges
                0x00000560      0x140 Build/stm32f4xx_hal_tim_ex.o
 .debug_aranges
                0x000006a0      0x1d0 Build/stm32f4xx_hal_uart.o
 .debug_aranges
                0x00000870       0x88 Build/stm32f4xx_hal_rcc.o
 .debug_aranges
                0x000008f8       0x58 Build/stm32f4xx_hal_gpio.o
 .debug_aranges
                0x00000950       0xa8 Build/stm32f4xx_hal_cortex.o
 .debug_aranges
                0x000009f8       0xe0 Build/stm32f4xx_hal.o
 .debug_aranges
                0x00000ad8       0x40 Build/list.o
 .debug_aranges
                0x00000b18      0x188 Build/tasks.o
 .debug_aranges
                0x00000ca0      0x1d8 Build/cmsis_os.o
 .debug_aranges
                0x00000e78       0x80 Build/port.o
 .debug_aranges
                0x00000ef8       0x28 Build/startup_stm32f407xx.o
 .debug_aranges
                0x00000f20       0x38 Build/encoder.o
 .debug_aranges
                0x00000f58       0x58 Build/motor.o
 .debug_aranges
                0x00000fb0       0x40 Build/pneumatic.o
 .debug_aranges
                0x00000ff0       0x28 Build/blnc_motor.o
 .debug_aranges
                0x00001018       0x28 Build/check.o
 .debug_aranges
                0x00001040       0x40 Build/feed_forward.o
 .debug_aranges
                0x00001080       0x88 Build/fsm_tasks.o
 .debug_aranges
                0x00001108       0x20 Build/fsm.o
 .debug_aranges
                0x00001128       0x20 Build/interrupt.o
 .debug_aranges
                0x00001148       0x50 Build/robo_init.o
 .debug_aranges
                0x00001198       0x58 Build/robo_states.o
 .debug_aranges
                0x000011f0       0x28 Build/logger.o
 .debug_aranges
                0x00001218       0x40 Build/pid.o
 .debug_aranges
                0x00001258       0x50 Build/robo_tasks.o
 .debug_aranges
                0x000012a8       0x48 Build/main.o

.debug_ranges   0x00000000     0x1208
 .debug_ranges  0x00000000       0x10 Build/gpio.o
 .debug_ranges  0x00000010       0x60 Build/tim.o
 .debug_ranges  0x00000070       0x20 Build/usart.o
 .debug_ranges  0x00000090       0x18 Build/freertos.o
 .debug_ranges  0x000000a8       0x10 Build/printf_config.o
 .debug_ranges  0x000000b8       0x68 Build/stm32f4xx_it.o
 .debug_ranges  0x00000120       0x10 Build/stm32f4xx_hal_msp.o
 .debug_ranges  0x00000130       0x20 Build/stm32f4xx_hal_timebase_tim.o
 .debug_ranges  0x00000150       0x18 Build/system_stm32f4xx.o
 .debug_ranges  0x00000168      0x358 Build/stm32f4xx_hal_tim.o
 .debug_ranges  0x000004c0      0x130 Build/stm32f4xx_hal_tim_ex.o
 .debug_ranges  0x000005f0      0x1c0 Build/stm32f4xx_hal_uart.o
 .debug_ranges  0x000007b0       0x90 Build/stm32f4xx_hal_rcc.o
 .debug_ranges  0x00000840       0x48 Build/stm32f4xx_hal_gpio.o
 .debug_ranges  0x00000888       0xf8 Build/stm32f4xx_hal_cortex.o
 .debug_ranges  0x00000980       0xd0 Build/stm32f4xx_hal.o
 .debug_ranges  0x00000a50       0x30 Build/list.o
 .debug_ranges  0x00000a80      0x1f0 Build/tasks.o
 .debug_ranges  0x00000c70      0x1c8 Build/cmsis_os.o
 .debug_ranges  0x00000e38       0x70 Build/port.o
 .debug_ranges  0x00000ea8       0x20 Build/startup_stm32f407xx.o
 .debug_ranges  0x00000ec8       0x28 Build/encoder.o
 .debug_ranges  0x00000ef0       0x48 Build/motor.o
 .debug_ranges  0x00000f38       0x30 Build/pneumatic.o
 .debug_ranges  0x00000f68       0x18 Build/blnc_motor.o
 .debug_ranges  0x00000f80       0x48 Build/check.o
 .debug_ranges  0x00000fc8       0x30 Build/feed_forward.o
 .debug_ranges  0x00000ff8       0x78 Build/fsm_tasks.o
 .debug_ranges  0x00001070       0x10 Build/fsm.o
 .debug_ranges  0x00001080       0x10 Build/interrupt.o
 .debug_ranges  0x00001090       0x58 Build/robo_init.o
 .debug_ranges  0x000010e8       0x48 Build/robo_states.o
 .debug_ranges  0x00001130       0x30 Build/logger.o
 .debug_ranges  0x00001160       0x30 Build/pid.o
 .debug_ranges  0x00001190       0x40 Build/robo_tasks.o
 .debug_ranges  0x000011d0       0x38 Build/main.o

.debug_line     0x00000000     0xea0c
 .debug_line    0x00000000      0x389 Build/gpio.o
 .debug_line    0x00000389      0x568 Build/tim.o
 .debug_line    0x000008f1      0x3d1 Build/usart.o
 .debug_line    0x00000cc2      0x45f Build/freertos.o
 .debug_line    0x00001121      0x296 Build/printf_config.o
 .debug_line    0x000013b7      0x424 Build/stm32f4xx_it.o
 .debug_line    0x000017db      0x326 Build/stm32f4xx_hal_msp.o
 .debug_line    0x00001b01      0x3ba Build/stm32f4xx_hal_timebase_tim.o
 .debug_line    0x00001ebb      0x2dc Build/system_stm32f4xx.o
 .debug_line    0x00002197     0x31bd Build/stm32f4xx_hal_tim.o
 .debug_line    0x00005354      0xe92 Build/stm32f4xx_hal_tim_ex.o
 .debug_line    0x000061e6      0xebf Build/stm32f4xx_hal_uart.o
 .debug_line    0x000070a5      0x7b3 Build/stm32f4xx_hal_rcc.o
 .debug_line    0x00007858      0x667 Build/stm32f4xx_hal_gpio.o
 .debug_line    0x00007ebf      0x679 Build/stm32f4xx_hal_cortex.o
 .debug_line    0x00008538      0x5b5 Build/stm32f4xx_hal.o
 .debug_line    0x00008aed      0x401 Build/list.o
 .debug_line    0x00008eee      0xc48 Build/tasks.o
 .debug_line    0x00009b36      0x9dd Build/cmsis_os.o
 .debug_line    0x0000a513      0x3b9 Build/port.o
 .debug_line    0x0000a8cc       0x74 Build/startup_stm32f407xx.o
 .debug_line    0x0000a940      0x55f Build/encoder.o
 .debug_line    0x0000ae9f      0x5b8 Build/motor.o
 .debug_line    0x0000b457      0x3d0 Build/pneumatic.o
 .debug_line    0x0000b827      0x445 Build/blnc_motor.o
 .debug_line    0x0000bc6c      0x425 Build/check.o
 .debug_line    0x0000c091      0x391 Build/feed_forward.o
 .debug_line    0x0000c422      0x600 Build/fsm_tasks.o
 .debug_line    0x0000ca22      0x43e Build/fsm.o
 .debug_line    0x0000ce60      0x491 Build/interrupt.o
 .debug_line    0x0000d2f1      0x552 Build/robo_init.o
 .debug_line    0x0000d843      0x16d Build/robo_states.o
 .debug_line    0x0000d9b0      0x2db Build/logger.o
 .debug_line    0x0000dc8b      0x300 Build/pid.o
 .debug_line    0x0000df8b      0x5bb Build/robo_tasks.o
 .debug_line    0x0000e546      0x4c6 Build/main.o

.debug_str      0x00000000     0x69d3
 .debug_str     0x00000000      0xc0f Build/gpio.o
                                0xccb (size before relaxing)
 .debug_str     0x00000c0f      0x6c8 Build/tim.o
                                0xf39 (size before relaxing)
 .debug_str     0x000012d7      0x1c4 Build/usart.o
                                0xbf9 (size before relaxing)
 .debug_str     0x0000149b      0x3bc Build/freertos.o
                                0x9ce (size before relaxing)
 .debug_str     0x00001857       0x33 Build/printf_config.o
                                0x60d (size before relaxing)
 .debug_str     0x0000188a      0x12d Build/stm32f4xx_it.o
                                0xb24 (size before relaxing)
 .debug_str     0x000019b7       0x2d Build/stm32f4xx_hal_msp.o
                                0xc03 (size before relaxing)
 .debug_str     0x000019e4      0x12a Build/stm32f4xx_hal_timebase_tim.o
                               0x1172 (size before relaxing)
 .debug_str     0x00001b0e       0xb0 Build/system_stm32f4xx.o
                                0x77c (size before relaxing)
 .debug_str     0x00001bbe      0xbf0 Build/stm32f4xx_hal_tim.o
                               0x1821 (size before relaxing)
 .debug_str     0x000027ae      0x433 Build/stm32f4xx_hal_tim_ex.o
                               0x10e1 (size before relaxing)
 .debug_str     0x00002be1      0x581 Build/stm32f4xx_hal_uart.o
                               0x105e (size before relaxing)
 .debug_str     0x00003162      0x258 Build/stm32f4xx_hal_rcc.o
                                0xb2f (size before relaxing)
 .debug_str     0x000033ba      0x13d Build/stm32f4xx_hal_gpio.o
                                0x95c (size before relaxing)
 .debug_str     0x000034f7      0x3dc Build/stm32f4xx_hal_cortex.o
                               0x109a (size before relaxing)
 .debug_str     0x000038d3      0x295 Build/stm32f4xx_hal.o
                                0xfaf (size before relaxing)
 .debug_str     0x00003b68      0x17f Build/list.o
                                0x73a (size before relaxing)
 .debug_str     0x00003ce7      0xb3a Build/tasks.o
                               0x130b (size before relaxing)
 .debug_str     0x00004821      0x91e Build/cmsis_os.o
                               0x13a7 (size before relaxing)
 .debug_str     0x0000513f      0x1b4 Build/port.o
                                0x4a5 (size before relaxing)