Archive member included to satisfy reference by file (symbol)

c:/program files (x86)/gnu tools arm embedded/7 2017-q4-major/bin/../lib/gcc/arm-none-eabi/7.2.1/../../../../arm-none-eabi/lib/thumb/v7e-m/fpv4-sp/hard\libstdc++_nano.a(atexit_arm.o)
                              Build/blnc_motor.o (__aeabi_atexit)
c:/program files (x86)/gnu tools arm embedded/7 2017-q4-major/bin/../lib/gcc/arm-none-eabi/7.2.1/../../../../arm-none-eabi/lib/thumb/v7e-m/fpv4-sp/hard\libc_nano.a(lib_a-cxa_atexit.o)
                              c:/program files (x86)/gnu tools arm embedded/7 2017-q4-major/bin/../lib/gcc/arm-none-eabi/7.2.1/../../../../arm-none-eabi/lib/thumb/v7e-m/fpv4-sp/hard\libstdc++_nano.a(atexit_arm.o) (__cxa_atexit)
c:/program files (x86)/gnu tools arm embedded/7 2017-q4-major/bin/../lib/gcc/arm-none-eabi/7.2.1/../../../../arm-none-eabi/lib/thumb/v7e-m/fpv4-sp/hard\libc_nano.a(lib_a-exit.o)
                              c:/program files (x86)/gnu tools arm embedded/7 2017-q4-major/bin/../lib/gcc/arm-none-eabi/7.2.1/../../../../arm-none-eabi/lib/thumb/v7e-m/fpv4-sp/hard/crt0.o (exit)
c:/program files (x86)/gnu tools arm embedded/7 2017-q4-major/bin/../lib/gcc/arm-none-eabi/7.2.1/../../../../arm-none-eabi/lib/thumb/v7e-m/fpv4-sp/hard\libc_nano.a(lib_a-impure.o)
                              c:/program files (x86)/gnu tools arm embedded/7 2017-q4-major/bin/../lib/gcc/arm-none-eabi/7.2.1/../../../../arm-none-eabi/lib/thumb/v7e-m/fpv4-sp/hard\libc_nano.a(lib_a-exit.o) (_global_impure_ptr)
c:/program files (x86)/gnu tools arm embedded/7 2017-q4-major/bin/../lib/gcc/arm-none-eabi/7.2.1/../../../../arm-none-eabi/lib/thumb/v7e-m/fpv4-sp/hard\libc_nano.a(lib_a-init.o)
                              c:/program files (x86)/gnu tools arm embedded/7 2017-q4-major/bin/../lib/gcc/arm-none-eabi/7.2.1/../../../../arm-none-eabi/lib/thumb/v7e-m/fpv4-sp/hard/crt0.o (__libc_init_array)
c:/program files (x86)/gnu tools arm embedded/7 2017-q4-major/bin/../lib/gcc/arm-none-eabi/7.2.1/../../../../arm-none-eabi/lib/thumb/v7e-m/fpv4-sp/hard\libc_nano.a(lib_a-memcpy-stub.o)
                              Build/queue.o (memcpy)
c:/program files (x86)/gnu tools arm embedded/7 2017-q4-major/bin/../lib/gcc/arm-none-eabi/7.2.1/../../../../arm-none-eabi/lib/thumb/v7e-m/fpv4-sp/hard\libc_nano.a(lib_a-memset.o)
                              c:/program files (x86)/gnu tools arm embedded/7 2017-q4-major/bin/../lib/gcc/arm-none-eabi/7.2.1/../../../../arm-none-eabi/lib/thumb/v7e-m/fpv4-sp/hard/crt0.o (memset)
c:/program files (x86)/gnu tools arm embedded/7 2017-q4-major/bin/../lib/gcc/arm-none-eabi/7.2.1/../../../../arm-none-eabi/lib/thumb/v7e-m/fpv4-sp/hard\libc_nano.a(lib_a-on_exit_args.o)
                              c:/program files (x86)/gnu tools arm embedded/7 2017-q4-major/bin/../lib/gcc/arm-none-eabi/7.2.1/../../../../arm-none-eabi/lib/thumb/v7e-m/fpv4-sp/hard\libc_nano.a(lib_a-cxa_atexit.o) (__on_exit_args)
c:/program files (x86)/gnu tools arm embedded/7 2017-q4-major/bin/../lib/gcc/arm-none-eabi/7.2.1/../../../../arm-none-eabi/lib/thumb/v7e-m/fpv4-sp/hard\libc_nano.a(lib_a-puts.o)
                              Build/interrupt.o (puts)
c:/program files (x86)/gnu tools arm embedded/7 2017-q4-major/bin/../lib/gcc/arm-none-eabi/7.2.1/../../../../arm-none-eabi/lib/thumb/v7e-m/fpv4-sp/hard\libc_nano.a(lib_a-wbuf.o)
                              c:/program files (x86)/gnu tools arm embedded/7 2017-q4-major/bin/../lib/gcc/arm-none-eabi/7.2.1/../../../../arm-none-eabi/lib/thumb/v7e-m/fpv4-sp/hard\libc_nano.a(lib_a-puts.o) (__swbuf_r)
c:/program files (x86)/gnu tools arm embedded/7 2017-q4-major/bin/../lib/gcc/arm-none-eabi/7.2.1/../../../../arm-none-eabi/lib/thumb/v7e-m/fpv4-sp/hard\libc_nano.a(lib_a-wsetup.o)
                              c:/program files (x86)/gnu tools arm embedded/7 2017-q4-major/bin/../lib/gcc/arm-none-eabi/7.2.1/../../../../arm-none-eabi/lib/thumb/v7e-m/fpv4-sp/hard\libc_nano.a(lib_a-puts.o) (__swsetup_r)
c:/program files (x86)/gnu tools arm embedded/7 2017-q4-major/bin/../lib/gcc/arm-none-eabi/7.2.1/../../../../arm-none-eabi/lib/thumb/v7e-m/fpv4-sp/hard\libc_nano.a(lib_a-fflush.o)
                              c:/program files (x86)/gnu tools arm embedded/7 2017-q4-major/bin/../lib/gcc/arm-none-eabi/7.2.1/../../../../arm-none-eabi/lib/thumb/v7e-m/fpv4-sp/hard\libc_nano.a(lib_a-wbuf.o) (_fflush_r)
c:/program files (x86)/gnu tools arm embedded/7 2017-q4-major/bin/../lib/gcc/arm-none-eabi/7.2.1/../../../../arm-none-eabi/lib/thumb/v7e-m/fpv4-sp/hard\libc_nano.a(lib_a-findfp.o)
                              c:/program files (x86)/gnu tools arm embedded/7 2017-q4-major/bin/../lib/gcc/arm-none-eabi/7.2.1/../../../../arm-none-eabi/lib/thumb/v7e-m/fpv4-sp/hard\libc_nano.a(lib_a-puts.o) (__sinit)
c:/program files (x86)/gnu tools arm embedded/7 2017-q4-major/bin/../lib/gcc/arm-none-eabi/7.2.1/../../../../arm-none-eabi/lib/thumb/v7e-m/fpv4-sp/hard\libc_nano.a(lib_a-fwalk.o)
[...]
Memory Configuration

Name             Origin             Length             Attributes
RAM              0x20000000         0x00020000         xrw
CCMRAM           0x10000000         0x00010000         rw
FLASH            0x08000000         0x00100000         xr
*default*        0x00000000         0xffffffff

Linker script and memory map

LOAD c:/program files (x86)/gnu tools arm embedded/7 2017-q4-major/bin/../lib/gcc/arm-none-eabi/7.2.1/thumb/v7e-m/fpv4-sp/hard/crti.o
LOAD c:/program files (x86)/gnu tools arm embedded/7 2017-q4-major/bin/../lib/gcc/arm-none-eabi/7.2.1/thumb/v7e-m/fpv4-sp/hard/crtbegin.o
LOAD c:/program files (x86)/gnu tools arm embedded/7 2017-q4-major/bin/../lib/gcc/arm-none-eabi/7.2.1/../../../../arm-none-eabi/lib/thumb/v7e-m/fpv4-sp/hard/crt0.o
LOAD Build/gpio.o
LOAD Build/tim.o
LOAD Build/usart.o
LOAD Build/freertos.o
LOAD Build/printf_config.o
LOAD Build/encoder.o
LOAD Build/interrupt.o
LOAD Build/stm32f4xx_it.o
LOAD Build/stm32f4xx_hal_msp.o
LOAD Build/stm32f4xx_hal_timebase_tim.o
LOAD Build/system_stm32f4xx.o
LOAD Build/stm32f4xx_hal_tim.o
LOAD Build/stm32f4xx_hal_tim_ex.o
LOAD Build/stm32f4xx_hal_uart.o
LOAD Build/stm32f4xx_hal_rcc.o
LOAD Build/stm32f4xx_hal_rcc_ex.o
LOAD Build/stm32f4xx_hal_flash.o
LOAD Build/stm32f4xx_hal_flash_ex.o
LOAD Build/stm32f4xx_hal_flash_ramfunc.o
LOAD Build/stm32f4xx_hal_gpio.o
LOAD Build/stm32f4xx_hal_pwr.o
LOAD Build/stm32f4xx_hal_pwr_ex.o
LOAD Build/stm32f4xx_hal_cortex.o
LOAD Build/stm32f4xx_hal.o
LOAD Build/croutine.o
LOAD Build/event_groups.o
LOAD Build/list.o
LOAD Build/queue.o
LOAD Build/tasks.o
LOAD Build/timers.o
LOAD Build/cmsis_os.o
LOAD Build/port.o
LOAD Build/startup_stm32f407xx.o
LOAD Build/robo_tasks.o
LOAD Build/blnc_motor.o
LOAD Build/pid.o
LOAD Build/motor.o
LOAD Build/main.o
LOAD c:/program files (x86)/gnu tools arm embedded/7 2017-q4-major/bin/../lib/gcc/arm-none-eabi/7.2.1/../../../../arm-none-eabi/lib/thumb/v7e-m/fpv4-sp/hard\libnosys.a
LOAD c:/program files (x86)/gnu tools arm embedded/7 2017-q4-major/bin/../lib/gcc/arm-none-eabi/7.2.1/../../../../arm-none-eabi/lib/thumb/v7e-m/fpv4-sp/hard\libstdc++_nano.a
LOAD c:/program files (x86)/gnu tools arm embedded/7 2017-q4-major/bin/../lib/gcc/arm-none-eabi/7.2.1/../../../../arm-none-eabi/lib/thumb/v7e-m/fpv4-sp/hard\libm.a
LOAD c:/program files (x86)/gnu tools arm embedded/7 2017-q4-major/bin/../lib/gcc/arm-none-eabi/7.2.1/../../../../arm-none-eabi/lib/thumb/v7e-m/fpv4-sp/hard\libc_nano.a
START GROUP
LOAD c:/program files (x86)/gnu tools arm embedded/7 2017-q4-major/bin/../lib/gcc/arm-none-eabi/7.2.1/thumb/v7e-m/fpv4-sp/hard\libgcc.a
LOAD c:/program files (x86)/gnu tools arm embedded/7 2017-q4-major/bin/../lib/gcc/arm-none-eabi/7.2.1/../../../../arm-none-eabi/lib/thumb/v7e-m/fpv4-sp/hard\libc_nano.a
END GROUP
START GROUP
LOAD c:/program files (x86)/gnu tools arm embedded/7 2017-q4-major/bin/../lib/gcc/arm-none-eabi/7.2.1/thumb/v7e-m/fpv4-sp/hard\libgcc.a
LOAD c:/program files (x86)/gnu tools arm embedded/7 2017-q4-major/bin/../lib/gcc/arm-none-eabi/7.2.1/../../../../arm-none-eabi/lib/thumb/v7e-m/fpv4-sp/hard\libc_nano.a
LOAD c:/program files (x86)/gnu tools arm embedded/7 2017-q4-major/bin/../lib/gcc/arm-none-eabi/7.2.1/../../../../arm-none-eabi/lib/thumb/v7e-m/fpv4-sp/hard\libnosys.a
END GROUP
START GROUP
LOAD c:/program files (x86)/gnu tools arm embedded/7 2017-q4-major/bin/../lib/gcc/arm-none-eabi/7.2.1/thumb/v7e-m/fpv4-sp/hard\libgcc.a
LOAD c:/program files (x86)/gnu tools arm embedded/7 2017-q4-major/bin/../lib/gcc/arm-none-eabi/7.2.1/../../../../arm-none-eabi/lib/thumb/v7e-m/fpv4-sp/hard\libc_nano.a
LOAD c:/program files (x86)/gnu tools arm embedded/7 2017-q4-major/bin/../lib/gcc/arm-none-eabi/7.2.1/../../../../arm-none-eabi/lib/thumb/v7e-m/fpv4-sp/hard\libnosys.a
END GROUP
LOAD c:/program files (x86)/gnu tools arm embedded/7 2017-q4-major/bin/../lib/gcc/arm-none-eabi/7.2.1/thumb/v7e-m/fpv4-sp/hard/crtend.o
LOAD c:/program files (x86)/gnu tools arm embedded/7 2017-q4-major/bin/../lib/gcc/arm-none-eabi/7.2.1/thumb/v7e-m/fpv4-sp/hard/crtn.o
                0x20020000                _estack = 0x20020000
                0x00000200                _Min_Heap_Size = 0x200
                0x00006000                _Min_Stack_Size = 0x6000

.isr_vector     0x08000000      0x188
                0x08000000                . = ALIGN (0x4)
 *(.isr_vector)
 .isr_vector    0x08000000      0x188 Build/startup_stm32f407xx.o
                0x08000000                g_pfnVectors
                0x08000188                . = ALIGN (0x4)

.text           0x08000190     0x4740
                0x08000190                . = ALIGN (0x4)
 *(.text)
 .text          0x08000190       0x40 c:/program files (x86)/gnu tools arm embedded/7 2017-q4-major/bin/../lib/gcc/arm-none-eabi/7.2.1/thumb/v7e-m/fpv4-sp/hard/crtbegin.o
 .text          0x080001d0       0x30 c:/program files (x86)/gnu tools arm embedded/7 2017-q4-major/bin/../lib/gcc/arm-none-eabi/7.2.1/thumb/v7e-m/fpv4-sp/hard\libgcc.a(_aeabi_uldivmod.o)
                0x080001d0                __aeabi_uldivmod
 .text          0x08000200      0x2cc c:/program files (x86)/gnu tools arm embedded/7 2017-q4-major/bin/../lib/gcc/arm-none-eabi/7.2.1/thumb/v7e-m/fpv4-sp/hard\libgcc.a(_udivmoddi4.o)
                0x08000200                __udivmoddi4
 .text          0x080004cc        0x4 c:/program files (x86)/gnu tools arm embedded/7 2017-q4-major/bin/../lib/gcc/arm-none-eabi/7.2.1/thumb/v7e-m/fpv4-sp/hard\libgcc.a(_dvmd_tls.o)
                0x080004cc                __aeabi_idiv0
                0x080004cc                __aeabi_ldiv0
 *(.text*)
 .text.MX_GPIO_Init
                0x080004d0      0x260 Build/gpio.o
                0x080004d0                MX_GPIO_Init
 .text.MX_TIM1_Init
                0x08000730       0x64 Build/tim.o
                0x08000730                MX_TIM1_Init
 .text.MX_TIM2_Init
                0x08000794       0x60 Build/tim.o
                0x08000794                MX_TIM2_Init
 .text.MX_TIM3_Init
                0x080007f4       0x60 Build/tim.o
                0x080007f4                MX_TIM3_Init
 .text.MX_TIM4_Init
                0x08000854       0x64 Build/tim.o
                0x08000854                MX_TIM4_Init
 .text.HAL_TIM_Encoder_MspInit
                0x080008b8      0x180 Build/tim.o
                0x080008b8                HAL_TIM_Encoder_MspInit
 .text.HAL_TIM_PWM_MspInit
                0x08000a38       0x68 Build/tim.o
                0x08000a38                HAL_TIM_PWM_MspInit
 .text.HAL_TIM_MspPostInit
                0x08000aa0       0x94 Build/tim.o
                0x08000aa0                HAL_TIM_MspPostInit
 .text.MX_TIM5_Init
                0x08000b34       0x7c Build/tim.o
                0x08000b34                MX_TIM5_Init
 .text.MX_TIM8_Init
                0x08000bb0       0xf4 Build/tim.o
                0x08000bb0                MX_TIM8_Init
 .text.MX_USART3_UART_Init
                0x08000ca4       0x34 Build/usart.o
                0x08000ca4                MX_USART3_UART_Init
 .text.HAL_UART_MspInit
                0x08000cd8       0x74 Build/usart.o
                0x08000cd8                HAL_UART_MspInit
 .text.vApplicationGetIdleTaskMemory
                0x08000d4c       0x18 Build/freertos.o
                0x08000d4c                vApplicationGetIdleTaskMemory
 .text.MX_FREERTOS_Init
                0x08000d64       0x94 Build/freertos.o
                0x08000d64                MX_FREERTOS_Init
 .text.ITM_SendString
                0x08000df8       0x4e Build/printf_config.o
                0x08000df8                ITM_SendString
 .text._write   0x08000e46        0xc Build/printf_config.o
                0x08000e46                _write
 *fill*         0x08000e52        0x2 
 .text.HAL_GPIO_EXTI_Callback
                0x08000e54       0xa0 Build/interrupt.o
                0x08000e54                HAL_GPIO_EXTI_Callback
 .text.NMI_Handler
                0x08000ef4        0x2 Build/stm32f4xx_it.o
                0x08000ef4                NMI_Handler
 .text.HardFault_Handler
                0x08000ef6        0x2 Build/stm32f4xx_it.o
                0x08000ef6                HardFault_Handler
 .text.MemManage_Handler
                0x08000ef8        0x2 Build/stm32f4xx_it.o
                0x08000ef8                MemManage_Handler
 .text.BusFault_Handler
                0x08000efa        0x2 Build/stm32f4xx_it.o
                0x08000efa                BusFault_Handler
 .text.UsageFault_Handler
                0x08000efc        0x2 Build/stm32f4xx_it.o
                0x08000efc                UsageFault_Handler
 .text.DebugMon_Handler
                0x08000efe        0x2 Build/stm32f4xx_it.o
                0x08000efe                DebugMon_Handler
 .text.EXTI0_IRQHandler
                0x08000f00        0xa Build/stm32f4xx_it.o
                0x08000f00                EXTI0_IRQHandler
 .text.EXTI1_IRQHandler
                0x08000f0a        0xa Build/stm32f4xx_it.o
                0x08000f0a                EXTI1_IRQHandler
 .text.EXTI2_IRQHandler
                0x08000f14        0xa Build/stm32f4xx_it.o
                0x08000f14                EXTI2_IRQHandler
 .text.EXTI3_IRQHandler
                0x08000f1e        0xa Build/stm32f4xx_it.o
                0x08000f1e                EXTI3_IRQHandler
 .text.EXTI9_5_IRQHandler
                0x08000f28       0x18 Build/stm32f4xx_it.o
                0x08000f28                EXTI9_5_IRQHandler
 .text.EXTI15_10_IRQHandler
                0x08000f40       0x24 Build/stm32f4xx_it.o
                0x08000f40                EXTI15_10_IRQHandler
 .text.TIM8_TRG_COM_TIM14_IRQHandler
                0x08000f64       0x18 Build/stm32f4xx_it.o
                0x08000f64                TIM8_TRG_COM_TIM14_IRQHandler
 .text.HAL_MspInit
                0x08000f7c       0x44 Build/stm32f4xx_hal_msp.o
                0x08000f7c                HAL_MspInit
 .text.HAL_InitTick
                0x08000fc0       0x7c Build/stm32f4xx_hal_timebase_tim.o
                0x08000fc0                HAL_InitTick
 .text.SystemInit
                0x0800103c       0x4c Build/system_stm32f4xx.o
                0x0800103c                SystemInit
 .text.TIM_OC1_SetConfig
                0x08001088       0x5c Build/stm32f4xx_hal_tim.o
 .text.TIM_OC3_SetConfig
                0x080010e4       0xb0 Build/stm32f4xx_hal_tim.o
 .text.TIM_OC4_SetConfig
                0x08001194       0x74 Build/stm32f4xx_hal_tim.o
 .text.HAL_TIM_Base_MspInit
                0x08001208        0x2 Build/stm32f4xx_hal_tim.o
                0x08001208                HAL_TIM_Base_MspInit
 *fill*         0x0800120a        0x2 
 .text.HAL_TIM_Base_Start
                0x0800120c       0xa0 Build/stm32f4xx_hal_tim.o
                0x0800120c                HAL_TIM_Base_Start
 .text.HAL_TIM_Base_Start_IT
                0x080012ac       0x9c Build/stm32f4xx_hal_tim.o
                0x080012ac                HAL_TIM_Base_Start_IT
 .text.HAL_TIM_OC_DelayElapsedCallback
                0x08001348        0x2 Build/stm32f4xx_hal_tim.o
                0x08001348                HAL_TIM_OC_DelayElapsedCallback
 .text.HAL_TIM_IC_CaptureCallback
                0x0800134a        0x2 Build/stm32f4xx_hal_tim.o
                0x0800134a                HAL_TIM_IC_CaptureCallback
 .text.HAL_TIM_PWM_PulseFinishedCallback
                0x0800134c        0x2 Build/stm32f4xx_hal_tim.o
                0x0800134c                HAL_TIM_PWM_PulseFinishedCallback
 .text.HAL_TIM_TriggerCallback
                0x0800134e        0x2 Build/stm32f4xx_hal_tim.o
                0x0800134e                HAL_TIM_TriggerCallback
 .text.HAL_TIM_IRQHandler
                0x08001350      0x17a Build/stm32f4xx_hal_tim.o
                0x08001350                HAL_TIM_IRQHandler
 *fill*         0x080014ca        0x2 
 .text.TIM_Base_SetConfig
                0x080014cc       0xc0 Build/stm32f4xx_hal_tim.o
                0x080014cc                TIM_Base_SetConfig
 .text.HAL_TIM_Base_Init
                0x0800158c       0xec Build/stm32f4xx_hal_tim.o
                0x0800158c                HAL_TIM_Base_Init
 .text.HAL_TIM_PWM_Init
                0x08001678       0xf4 Build/stm32f4xx_hal_tim.o
                0x08001678                HAL_TIM_PWM_Init
 .text.HAL_TIM_Encoder_Init
                0x0800176c      0x1b4 Build/stm32f4xx_hal_tim.o
                0x0800176c                HAL_TIM_Encoder_Init
 .text.TIM_OC2_SetConfig
                0x08001920       0x84 Build/stm32f4xx_hal_tim.o
                0x08001920                TIM_OC2_SetConfig
 .text.HAL_TIM_PWM_ConfigChannel
                0x080019a4      0x278 Build/stm32f4xx_hal_tim.o
                0x080019a4                HAL_TIM_PWM_ConfigChannel
 .text.TIM_CCxChannelCmd
                0x08001c1c       0xac Build/stm32f4xx_hal_tim.o
                0x08001c1c                TIM_CCxChannelCmd
 .text.HAL_TIM_PWM_Start
                0x08001cc8       0xec Build/stm32f4xx_hal_tim.o
                0x08001cc8                HAL_TIM_PWM_Start
 .text.HAL_TIMEx_MasterConfigSynchronization
                0x08001db4       0xe4 Build/stm32f4xx_hal_tim_ex.o
                0x08001db4                HAL_TIMEx_MasterConfigSynchronization
 .text.HAL_TIMEx_ConfigBreakDeadTime
                0x08001e98      0x128 Build/stm32f4xx_hal_tim_ex.o
                0x08001e98                HAL_TIMEx_ConfigBreakDeadTime
 .text.HAL_TIMEx_CommutationCallback
                0x08001fc0        0x2 Build/stm32f4xx_hal_tim_ex.o
                0x08001fc0                HAL_TIMEx_CommutationCallback
 .text.HAL_TIMEx_BreakCallback
                0x08001fc2        0x2 Build/stm32f4xx_hal_tim_ex.o
                0x08001fc2                HAL_TIMEx_BreakCallback
 .text.UART_SetConfig
                0x08001fc4      0x3a0 Build/stm32f4xx_hal_uart.o
 .text.HAL_UART_Init
                0x08002364      0x128 Build/stm32f4xx_hal_uart.o
                0x08002364                HAL_UART_Init
 .text.HAL_RCC_OscConfig
                0x0800248c      0x4a0 Build/stm32f4xx_hal_rcc.o
                0x0800248c                HAL_RCC_OscConfig
 .text.HAL_RCC_GetSysClockFreq
                0x0800292c       0xd8 Build/stm32f4xx_hal_rcc.o
                0x0800292c                HAL_RCC_GetSysClockFreq
 .text.HAL_RCC_ClockConfig
                0x08002a04      0x214 Build/stm32f4xx_hal_rcc.o
                0x08002a04                HAL_RCC_ClockConfig
 .text.HAL_RCC_GetHCLKFreq
                0x08002c18        0xc Build/stm32f4xx_hal_rcc.o
                0x08002c18                HAL_RCC_GetHCLKFreq
 .text.HAL_RCC_GetPCLK1Freq
                0x08002c24       0x20 Build/stm32f4xx_hal_rcc.o
                0x08002c24                HAL_RCC_GetPCLK1Freq
 .text.HAL_RCC_GetPCLK2Freq
                0x08002c44       0x20 Build/stm32f4xx_hal_rcc.o
                0x08002c44                HAL_RCC_GetPCLK2Freq
 .text.HAL_RCC_GetClockConfig
                0x08002c64       0x3c Build/stm32f4xx_hal_rcc.o
                0x08002c64                HAL_RCC_GetClockConfig
 .text.HAL_GPIO_Init
                0x08002ca0      0x2fc Build/stm32f4xx_hal_gpio.o
                0x08002ca0                HAL_GPIO_Init
 .text.HAL_GPIO_ReadPin
                0x08002f9c       0x28 Build/stm32f4xx_hal_gpio.o
                0x08002f9c                HAL_GPIO_ReadPin
 .text.HAL_GPIO_WritePin
                0x08002fc4       0x38 Build/stm32f4xx_hal_gpio.o
                0x08002fc4                HAL_GPIO_WritePin
 .text.HAL_GPIO_EXTI_IRQHandler
                0x08002ffc       0x1c Build/stm32f4xx_hal_gpio.o
                0x08002ffc                HAL_GPIO_EXTI_IRQHandler
 .text.HAL_NVIC_SetPriorityGrouping
                0x08003018       0x3c Build/stm32f4xx_hal_cortex.o
                0x08003018                HAL_NVIC_SetPriorityGrouping
 .text.HAL_NVIC_SetPriority
                0x08003054       0x8c Build/stm32f4xx_hal_cortex.o
                0x08003054                HAL_NVIC_SetPriority
 .text.HAL_NVIC_EnableIRQ
                0x080030e0       0x2c Build/stm32f4xx_hal_cortex.o
                0x080030e0                HAL_NVIC_EnableIRQ
 .text.HAL_Init
                0x0800310c       0x34 Build/stm32f4xx_hal.o
                0x0800310c                HAL_Init
 .text.HAL_IncTick
                0x08003140       0x18 Build/stm32f4xx_hal.o
                0x08003140                HAL_IncTick
 .text.HAL_GetTick
                0x08003158        0xc Build/stm32f4xx_hal.o
                0x08003158                HAL_GetTick
 .text.vListInitialise
                0x08003164       0x16 Build/list.o
                0x08003164                vListInitialise
 .text.vListInitialiseItem
                0x0800317a        0x6 Build/list.o
                0x0800317a                vListInitialiseItem
 .text.vListInsertEnd
                0x08003180       0x18 Build/list.o
                0x08003180                vListInsertEnd
 .text.vListInsert
                0x08003198       0x34 Build/list.o
                0x08003198                vListInsert
 .text.uxListRemove
                0x080031cc       0x26 Build/list.o
                0x080031cc                uxListRemove
 *fill*         0x080031f2        0x2 
 .text.prvResetNextTaskUnblockTime
                0x080031f4       0x2c Build/tasks.o
 .text.prvInitialiseNewTask
                0x08003220       0x80 Build/tasks.o
 .text.prvInitialiseTaskLists
                0x080032a0       0x68 Build/tasks.o
 .text.prvAddNewTaskToReadyList
                0x08003308       0xa8 Build/tasks.o
 .text.prvAddCurrentTaskToDelayedList
                0x080033b0       0x98 Build/tasks.o
 .text.xTaskCreateStatic
                0x08003448       0x50 Build/tasks.o
                0x08003448                xTaskCreateStatic
 .text.vTaskStartScheduler
                0x08003498       0x6c Build/tasks.o
                0x08003498                vTaskStartScheduler
 .text.vTaskSuspendAll
                0x08003504       0x10 Build/tasks.o
                0x08003504                vTaskSuspendAll
 .text.xTaskIncrementTick
                0x08003514      0x118 Build/tasks.o
                0x08003514                xTaskIncrementTick
 .text.xTaskResumeAll
                0x0800362c       0xf4 Build/tasks.o
                0x0800362c                xTaskResumeAll
 .text.vTaskDelay
                0x08003720       0x4c Build/tasks.o
                0x08003720                vTaskDelay
 .text.prvCheckTasksWaitingTermination
                0x0800376c       0x54 Build/tasks.o
 .text.prvIdleTask
                0x080037c0       0x28 Build/tasks.o
 .text.vTaskSwitchContext
                0x080037e8       0x98 Build/tasks.o
                0x080037e8                vTaskSwitchContext
 .text.makeFreeRtosPriority
                0x08003880        0xc Build/cmsis_os.o
 .text.osKernelStart
                0x0800388c        0xa Build/cmsis_os.o
                0x0800388c                osKernelStart
 .text.osThreadCreate
                0x08003896       0x34 Build/cmsis_os.o
                0x08003896                osThreadCreate
 .text.osDelay  0x080038ca       0x12 Build/cmsis_os.o
                0x080038ca                osDelay
 .text.prvTaskExitError
                0x080038dc       0x34 Build/port.o
 .text.prvPortStartFirstTask
                0x08003910       0x20 Build/port.o
 .text.vPortEnableVFP
                0x08003930       0x14 Build/port.o
 .text.pxPortInitialiseStack
                0x08003944       0x2c Build/port.o
                0x08003944                pxPortInitialiseStack
 .text.SVC_Handler
                0x08003970       0x24 Build/port.o
                0x08003970                SVC_Handler
 .text.vPortEnterCritical
                0x08003994       0x44 Build/port.o
                0x08003994                vPortEnterCritical
 .text.vPortExitCritical
                0x080039d8       0x2c Build/port.o
                0x080039d8                vPortExitCritical
 *fill*         0x08003a04        0xc 
 .text.PendSV_Handler
                0x08003a10       0x64 Build/port.o
                0x08003a10                PendSV_Handler
 .text.SysTick_Handler
                0x08003a74       0x2c Build/port.o
                0x08003a74                SysTick_Handler
 .text.vPortSetupTimerInterrupt
                0x08003aa0       0x2c Build/port.o
                0x08003aa0                vPortSetupTimerInterrupt
 .text.xPortStartScheduler
                0x08003acc       0xec Build/port.o
                0x08003acc                xPortStartScheduler
 .text.Reset_Handler
                0x08003bb8       0x50 Build/startup_stm32f407xx.o
                0x08003bb8                Reset_Handler
 .text.Default_Handler
                0x08003c08        0x2 Build/startup_stm32f407xx.o
                0x08003c08                RTC_Alarm_IRQHandler
                0x08003c08                HASH_RNG_IRQHandler
                0x08003c08                TIM8_CC_IRQHandler
                0x08003c08                TIM1_CC_IRQHandler
                0x08003c08                DMA2_Stream5_IRQHandler
                0x08003c08                DMA1_Stream5_IRQHandler
                0x08003c08                PVD_IRQHandler
                0x08003c08                SDIO_IRQHandler
                0x08003c08                TAMP_STAMP_IRQHandler
                0x08003c08                CAN2_RX1_IRQHandler
                0x08003c08                TIM1_UP_TIM10_IRQHandler
                0x08003c08                TIM8_UP_TIM13_IRQHandler
                0x08003c08                I2C3_ER_IRQHandler
                0x08003c08                I2C2_EV_IRQHandler
                0x08003c08                DMA1_Stream2_IRQHandler
                0x08003c08                CAN1_RX0_IRQHandler
                0x08003c08                FPU_IRQHandler
                0x08003c08                OTG_HS_WKUP_IRQHandler
                0x08003c08                CAN2_SCE_IRQHandler
                0x08003c08                DMA2_Stream2_IRQHandler
                0x08003c08                SPI1_IRQHandler
                0x08003c08                TIM6_DAC_IRQHandler
                0x08003c08                TIM1_BRK_TIM9_IRQHandler
                0x08003c08                DCMI_IRQHandler
                0x08003c08                CAN2_RX0_IRQHandler
                0x08003c08                DMA2_Stream3_IRQHandler
                0x08003c08                USART6_IRQHandler
                0x08003c08                USART3_IRQHandler
                0x08003c08                CAN1_RX1_IRQHandler
                0x08003c08                UART5_IRQHandler
                0x08003c08                DMA2_Stream0_IRQHandler
                0x08003c08                TIM4_IRQHandler
                0x08003c08                I2C1_EV_IRQHandler
                0x08003c08                DMA1_Stream6_IRQHandler
                0x08003c08                DMA1_Stream1_IRQHandler
                0x08003c08                UART4_IRQHandler
                0x08003c08                TIM3_IRQHandler
                0x08003c08                RCC_IRQHandler
                0x08003c08                TIM8_BRK_TIM12_IRQHandler
                0x08003c08                Default_Handler
                0x08003c08                ADC_IRQHandler
                0x08003c08                DMA1_Stream7_IRQHandler
                0x08003c08                TIM7_IRQHandler
                0x08003c08                CAN2_TX_IRQHandler
                0x08003c08                TIM5_IRQHandler
                0x08003c08                DMA2_Stream7_IRQHandler
                0x08003c08                I2C3_EV_IRQHandler
                0x08003c08                RTC_WKUP_IRQHandler
                0x08003c08                ETH_WKUP_IRQHandler
                0x08003c08                SPI2_IRQHandler
                0x08003c08                OTG_HS_EP1_IN_IRQHandler
                0x08003c08                DMA1_Stream0_IRQHandler
                0x08003c08                CAN1_TX_IRQHandler
                0x08003c08                EXTI4_IRQHandler
                0x08003c08                FSMC_IRQHandler
                0x08003c08                ETH_IRQHandler
                0x08003c08                OTG_HS_EP1_OUT_IRQHandler
                0x08003c08                WWDG_IRQHandler
                0x08003c08                TIM2_IRQHandler
                0x08003c08                OTG_FS_WKUP_IRQHandler
                0x08003c08                TIM1_TRG_COM_TIM11_IRQHandler
                0x08003c08                OTG_HS_IRQHandler
                0x08003c08                USART2_IRQHandler
                0x08003c08                I2C2_ER_IRQHandler
                0x08003c08                DMA2_Stream1_IRQHandler
                0x08003c08                CAN1_SCE_IRQHandler
                0x08003c08                FLASH_IRQHandler
                0x08003c08                DMA2_Stream4_IRQHandler
                0x08003c08                USART1_IRQHandler
                0x08003c08                OTG_FS_IRQHandler
                0x08003c08                SPI3_IRQHandler
                0x08003c08                DMA1_Stream4_IRQHandler
                0x08003c08                I2C1_ER_IRQHandler
                0x08003c08                DMA2_Stream6_IRQHandler
                0x08003c08                DMA1_Stream3_IRQHandler
 *fill*         0x08003c0a        0x2 
 .text.StartDefaultTask
                0x08003c0c       0x14 Build/robo_tasks.o
                0x08003c0c                StartDefaultTask
 .text.MotorThread
                0x08003c20       0x14 Build/robo_tasks.o
                0x08003c20                MotorThread
 .text.PneumaticThread
                0x08003c34       0x14 Build/robo_tasks.o
                0x08003c34                PneumaticThread
 .text.MovingMassThread
                0x08003c48       0x1c Build/robo_tasks.o
                0x08003c48                MovingMassThread
 .text._ZN5StateD2Ev
                0x08003c64        0x2 Build/blnc_motor.o
                0x08003c64                State::~State()
                0x08003c64                State::~State()
 *fill*         0x08003c66        0x2 
 .text._Z41__static_initialization_and_destruction_0ii
                0x08003c68       0x2c Build/blnc_motor.o
 *fill*         0x08003c94        0x4 
 .text._Z12balance_initv
                0x08003c98       0xb4 Build/blnc_motor.o
                0x08003c98                balance_init()
 .text._Z11check_N_runv
                0x08003d4c       0x1c Build/blnc_motor.o
                0x08003d4c                check_N_run()
 .text._GLOBAL__sub_I_balance
                0x08003d68        0xe Build/blnc_motor.o
 .text._Z8PID_InitP6pidStr
                0x08003d76        0xc Build/pid.o
                0x08003d76                PID_Init(pidStr*)
 .text._Z12setDirectionP8motorStr14motorDirection
                0x08003d82       0x6c Build/motor.o
                0x08003d82                setDirection(motorStr*, motorDirection)
 *fill*         0x08003dee        0x2 
 .text._Z12setDutyCycleP8motorStrt
                0x08003df0       0x28 Build/motor.o
                0x08003df0                setDutyCycle(motorStr*, unsigned short)
 .text._Z18SystemClock_Configv
                0x08003e18       0x94 Build/main.o
                0x08003e18                SystemClock_Config()
 .text.main     0x08003eac       0x34 Build/main.o
                0x08003eac                main
 .text.HAL_TIM_PeriodElapsedCallback
                0x08003ee0       0x18 Build/main.o
                0x08003ee0                HAL_TIM_PeriodElapsedCallback
 .text.Error_Handler
                0x08003ef8        0x2 Build/main.o
                0x08003ef8                Error_Handler
 .text.assert_failed
                0x08003efa        0x2 Build/main.o
                0x08003efa                assert_failed
 .text.__aeabi_atexit
                0x08003efc        0xa c:/program files (x86)/gnu tools arm embedded/7 2017-q4-major/bin/../lib/gcc/arm-none-eabi/7.2.1/../../../../arm-none-eabi/lib/thumb/v7e-m/fpv4-sp/hard\libstdc++_nano.a(atexit_arm.o)
                0x08003efc                __aeabi_atexit
 *fill*         0x08003f06        0x2 
 .text.__cxa_atexit
                0x08003f08       0x1c c:/program files (x86)/gnu tools arm embedded/7 2017-q4-major/bin/../lib/gcc/arm-none-eabi/7.2.1/../../../../arm-none-eabi/lib/thumb/v7e-m/fpv4-sp/hard\libc_nano.a(lib_a-cxa_atexit.o)
                0x08003f08                __cxa_atexit
 .text.__libc_init_array
                0x08003f24       0x48 c:/program files (x86)/gnu tools arm embedded/7 2017-q4-major/bin/../lib/gcc/arm-none-eabi/7.2.1/../../../../arm-none-eabi/lib/thumb/v7e-m/fpv4-sp/hard\libc_nano.a(lib_a-init.o)
                0x08003f24                __libc_init_array
 .text.memset   0x08003f6c       0x10 c:/program files (x86)/gnu tools arm embedded/7 2017-q4-major/bin/../lib/gcc/arm-none-eabi/7.2.1/../../../../arm-none-eabi/lib/thumb/v7e-m/fpv4-sp/hard\libc_nano.a(lib_a-memset.o)
                0x08003f6c                memset
 .text._puts_r  0x08003f7c       0xb8 c:/program files (x86)/gnu tools arm embedded/7 2017-q4-major/bin/../lib/gcc/arm-none-eabi/7.2.1/../../../../arm-none-eabi/lib/thumb/v7e-m/fpv4-sp/hard\libc_nano.a(lib_a-puts.o)
                0x08003f7c                _puts_r
 .text.puts     0x08004034       0x10 c:/program files (x86)/gnu tools arm embedded/7 2017-q4-major/bin/../lib/gcc/arm-none-eabi/7.2.1/../../../../arm-none-eabi/lib/thumb/v7e-m/fpv4-sp/hard\libc_nano.a(lib_a-puts.o)
                0x08004034                puts
 .text.__swbuf_r
                0x08004044       0xa4 c:/program files (x86)/gnu tools arm embedded/7 2017-q4-major/bin/../lib/gcc/arm-none-eabi/7.2.1/../../../../arm-none-eabi/lib/thumb/v7e-m/fpv4-sp/hard\libc_nano.a(lib_a-wbuf.o)
                0x08004044                __swbuf_r
 .text.__swsetup_r
                0x080040e8       0xdc c:/program files (x86)/gnu tools arm embedded/7 2017-q4-major/bin/../lib/gcc/arm-none-eabi/7.2.1/../../../../arm-none-eabi/lib/thumb/v7e-m/fpv4-sp/hard\libc_nano.a(lib_a-wsetup.o)
                0x080040e8                __swsetup_r
 .text.__sflush_r
                0x080041c4      0x10c c:/program files (x86)/gnu tools arm embedded/7 2017-q4-major/bin/../lib/gcc/arm-none-eabi/7.2.1/../../../../arm-none-eabi/lib/thumb/v7e-m/fpv4-sp/hard\libc_nano.a(lib_a-fflush.o)
                0x080041c4                __sflush_r
 .text._fflush_r
                0x080042d0       0x54 c:/program files (x86)/gnu tools arm embedded/7 2017-q4-major/bin/../lib/gcc/arm-none-eabi/7.2.1/../../../../arm-none-eabi/lib/thumb/v7e-m/fpv4-sp/hard\libc_nano.a(lib_a-fflush.o)
                0x080042d0                _fflush_r
 .text.std      0x08004324       0x48 c:/program files (x86)/gnu tools arm embedded/7 2017-q4-major/bin/../lib/gcc/arm-none-eabi/7.2.1/../../../../arm-none-eabi/lib/thumb/v7e-m/fpv4-sp/hard\libc_nano.a(lib_a-findfp.o)
 .text._cleanup_r
                0x0800436c        0xc c:/program files (x86)/gnu tools arm embedded/7 2017-q4-major/bin/../lib/gcc/arm-none-eabi/7.2.1/../../../../arm-none-eabi/lib/thumb/v7e-m/fpv4-sp/hard\libc_nano.a(lib_a-findfp.o)
                0x0800436c                _cleanup_r
 .text.__sfmoreglue
                0x08004378       0x2c c:/program files (x86)/gnu tools arm embedded/7 2017-q4-major/bin/../lib/gcc/arm-none-eabi/7.2.1/../../../../arm-none-eabi/lib/thumb/v7e-m/fpv4-sp/hard\libc_nano.a(lib_a-findfp.o)
                0x08004378                __sfmoreglue
 .text.__sinit  0x080043a4       0x60 c:/program files (x86)/gnu tools arm embedded/7 2017-q4-major/bin/../lib/gcc/arm-none-eabi/7.2.1/../../../../arm-none-eabi/lib/thumb/v7e-m/fpv4-sp/hard\libc_nano.a(lib_a-findfp.o)
                0x080043a4                __sinit
 .text.__sfp    0x08004404       0x78 c:/program files (x86)/gnu tools arm embedded/7 2017-q4-major/bin/../lib/gcc/arm-none-eabi/7.2.1/../../../../arm-none-eabi/lib/thumb/v7e-m/fpv4-sp/hard\libc_nano.a(lib_a-findfp.o)
                0x08004404                __sfp
 .text._fwalk_reent
                0x0800447c       0x3c c:/program files (x86)/gnu tools arm embedded/7 2017-q4-major/bin/../lib/gcc/arm-none-eabi/7.2.1/../../../../arm-none-eabi/lib/thumb/v7e-m/fpv4-sp/hard\libc_nano.a(lib_a-fwalk.o)
                0x0800447c                _fwalk_reent
 .text.__swhatbuf_r
                0x080044b8       0x48 c:/program files (x86)/gnu tools arm embedded/7 2017-q4-major/bin/../lib/gcc/arm-none-eabi/7.2.1/../../../../arm-none-eabi/lib/thumb/v7e-m/fpv4-sp/hard\libc_nano.a(lib_a-makebuf.o)
                0x080044b8                __swhatbuf_r
 .text.__smakebuf_r
                0x08004500       0x80 c:/program files (x86)/gnu tools arm embedded/7 2017-q4-major/bin/../lib/gcc/arm-none-eabi/7.2.1/../../../../arm-none-eabi/lib/thumb/v7e-m/fpv4-sp/hard\libc_nano.a(lib_a-makebuf.o)
                0x08004500                __smakebuf_r
 .text._free_r  0x08004580       0x9c c:/program files (x86)/gnu tools arm embedded/7 2017-q4-major/bin/../lib/gcc/arm-none-eabi/7.2.1/../../../../arm-none-eabi/lib/thumb/v7e-m/fpv4-sp/hard\libc_nano.a(lib_a-nano-freer.o)
                0x08004580                _free_r
 .text._malloc_r
                0x0800461c       0xb4 c:/program files (x86)/gnu tools arm embedded/7 2017-q4-major/bin/../lib/gcc/arm-none-eabi/7.2.1/../../../../arm-none-eabi/lib/thumb/v7e-m/fpv4-sp/hard\libc_nano.a(lib_a-nano-mallocr.o)
                0x0800461c                _malloc_r
 .text._sbrk_r  0x080046d0       0x20 c:/program files (x86)/gnu tools arm embedded/7 2017-q4-major/bin/../lib/gcc/arm-none-eabi/7.2.1/../../../../arm-none-eabi/lib/thumb/v7e-m/fpv4-sp/hard\libc_nano.a(lib_a-sbrkr.o)
                0x080046d0                _sbrk_r
 .text.__sread  0x080046f0       0x22 c:/program files (x86)/gnu tools arm embedded/7 2017-q4-major/bin/../lib/gcc/arm-none-eabi/7.2.1/../../../../arm-none-eabi/lib/thumb/v7e-m/fpv4-sp/hard\libc_nano.a(lib_a-stdio.o)
                0x080046f0                __sread
 .text.__swrite
                0x08004712       0x38 c:/program files (x86)/gnu tools arm embedded/7 2017-q4-major/bin/../lib/gcc/arm-none-eabi/7.2.1/../../../../arm-none-eabi/lib/thumb/v7e-m/fpv4-sp/hard\libc_nano.a(lib_a-stdio.o)
                0x08004712                __swrite
 .text.__sseek  0x0800474a       0x24 c:/program files (x86)/gnu tools arm embedded/7 2017-q4-major/bin/../lib/gcc/arm-none-eabi/7.2.1/../../../../arm-none-eabi/lib/thumb/v7e-m/fpv4-sp/hard\libc_nano.a(lib_a-stdio.o)
                0x0800474a                __sseek
 .text.__sclose
                0x0800476e        0x8 c:/program files (x86)/gnu tools arm embedded/7 2017-q4-major/bin/../lib/gcc/arm-none-eabi/7.2.1/../../../../arm-none-eabi/lib/thumb/v7e-m/fpv4-sp/hard\libc_nano.a(lib_a-stdio.o)
                0x0800476e                __sclose
 *fill*         0x08004776        0x2 
 .text._write_r
                0x08004778       0x24 c:/program files (x86)/gnu tools arm embedded/7 2017-q4-major/bin/../lib/gcc/arm-none-eabi/7.2.1/../../../../arm-none-eabi/lib/thumb/v7e-m/fpv4-sp/hard\libc_nano.a(lib_a-writer.o)
                0x08004778                _write_r
 .text._close_r
                0x0800479c       0x20 c:/program files (x86)/gnu tools arm embedded/7 2017-q4-major/bin/../lib/gcc/arm-none-eabi/7.2.1/../../../../arm-none-eabi/lib/thumb/v7e-m/fpv4-sp/hard\libc_nano.a(lib_a-closer.o)
                0x0800479c                _close_r
 .text._fstat_r
                0x080047bc       0x24 c:/program files (x86)/gnu tools arm embedded/7 2017-q4-major/bin/../lib/gcc/arm-none-eabi/7.2.1/../../../../arm-none-eabi/lib/thumb/v7e-m/fpv4-sp/hard\libc_nano.a(lib_a-fstatr.o)
                0x080047bc                _fstat_r
 .text._isatty_r
                0x080047e0       0x20 c:/program files (x86)/gnu tools arm embedded/7 2017-q4-major/bin/../lib/gcc/arm-none-eabi/7.2.1/../../../../arm-none-eabi/lib/thumb/v7e-m/fpv4-sp/hard\libc_nano.a(lib_a-isattyr.o)
                0x080047e0                _isatty_r
 .text._lseek_r
                0x08004800       0x24 c:/program files (x86)/gnu tools arm embedded/7 2017-q4-major/bin/../lib/gcc/arm-none-eabi/7.2.1/../../../../arm-none-eabi/lib/thumb/v7e-m/fpv4-sp/hard\libc_nano.a(lib_a-lseekr.o)
                0x08004800                _lseek_r
 .text.__malloc_lock
                0x08004824        0x2 c:/program files (x86)/gnu tools arm embedded/7 2017-q4-major/bin/../lib/gcc/arm-none-eabi/7.2.1/../../../../arm-none-eabi/lib/thumb/v7e-m/fpv4-sp/hard\libc_nano.a(lib_a-mlock.o)
                0x08004824                __malloc_lock
 .text.__malloc_unlock
                0x08004826        0x2 c:/program files (x86)/gnu tools arm embedded/7 2017-q4-major/bin/../lib/gcc/arm-none-eabi/7.2.1/../../../../arm-none-eabi/lib/thumb/v7e-m/fpv4-sp/hard\libc_nano.a(lib_a-mlock.o)
                0x08004826                __malloc_unlock
 .text._read_r  0x08004828       0x24 c:/program files (x86)/gnu tools arm embedded/7 2017-q4-major/bin/../lib/gcc/arm-none-eabi/7.2.1/../../../../arm-none-eabi/lib/thumb/v7e-m/fpv4-sp/hard\libc_nano.a(lib_a-readr.o)
                0x08004828                _read_r
 .text._close   0x0800484c       0x10 c:/program files (x86)/gnu tools arm embedded/7 2017-q4-major/bin/../lib/gcc/arm-none-eabi/7.2.1/../../../../arm-none-eabi/lib/thumb/v7e-m/fpv4-sp/hard\libnosys.a(close.o)
                0x0800484c                _close
 .text._fstat   0x0800485c       0x10 c:/program files (x86)/gnu tools arm embedded/7 2017-q4-major/bin/../lib/gcc/arm-none-eabi/7.2.1/../../../../arm-none-eabi/lib/thumb/v7e-m/fpv4-sp/hard\libnosys.a(fstat.o)
                0x0800485c                _fstat
 .text._isatty  0x0800486c       0x10 c:/program files (x86)/gnu tools arm embedded/7 2017-q4-major/bin/../lib/gcc/arm-none-eabi/7.2.1/../../../../arm-none-eabi/lib/thumb/v7e-m/fpv4-sp/hard\libnosys.a(isatty.o)
                0x0800486c                _isatty
 .text._lseek   0x0800487c       0x10 c:/program files (x86)/gnu tools arm embedded/7 2017-q4-major/bin/../lib/gcc/arm-none-eabi/7.2.1/../../../../arm-none-eabi/lib/thumb/v7e-m/fpv4-sp/hard\libnosys.a(lseek.o)
                0x0800487c                _lseek
 .text._read    0x0800488c       0x10 c:/program files (x86)/gnu tools arm embedded/7 2017-q4-major/bin/../lib/gcc/arm-none-eabi/7.2.1/../../../../arm-none-eabi/lib/thumb/v7e-m/fpv4-sp/hard\libnosys.a(read.o)
                0x0800488c                _read
 .text._sbrk    0x0800489c       0x1c c:/program files (x86)/gnu tools arm embedded/7 2017-q4-major/bin/../lib/gcc/arm-none-eabi/7.2.1/../../../../arm-none-eabi/lib/thumb/v7e-m/fpv4-sp/hard\libnosys.a(sbrk.o)
                0x0800489c                _sbrk
 *(.glue_7)
 .glue_7        0x080048b8        0x0 linker stubs
 *(.glue_7t)
 .glue_7t       0x080048b8        0x0 linker stubs
 *(.eh_frame)
 .eh_frame      0x080048b8        0x0 c:/program files (x86)/gnu tools arm embedded/7 2017-q4-major/bin/../lib/gcc/arm-none-eabi/7.2.1/thumb/v7e-m/fpv4-sp/hard/crtbegin.o
 *(.init)
 .init          0x080048b8        0x4 c:/program files (x86)/gnu tools arm embedded/7 2017-q4-major/bin/../lib/gcc/arm-none-eabi/7.2.1/thumb/v7e-m/fpv4-sp/hard/crti.o
                0x080048b8                _init
 .init          0x080048bc        0x8 c:/program files (x86)/gnu tools arm embedded/7 2017-q4-major/bin/../lib/gcc/arm-none-eabi/7.2.1/thumb/v7e-m/fpv4-sp/hard/crtn.o
 *(.fini)
 .fini          0x080048c4        0x4 c:/program files (x86)/gnu tools arm embedded/7 2017-q4-major/bin/../lib/gcc/arm-none-eabi/7.2.1/thumb/v7e-m/fpv4-sp/hard/crti.o
                0x080048c4                _fini
 .fini          0x080048c8        0x8 c:/program files (x86)/gnu tools arm embedded/7 2017-q4-major/bin/../lib/gcc/arm-none-eabi/7.2.1/thumb/v7e-m/fpv4-sp/hard/crtn.o
                0x080048d0                . = ALIGN (0x4)
                0x080048d0                _etext = .

.vfp11_veneer   0x080048d0        0x0
 .vfp11_veneer  0x080048d0        0x0 linker stubs

.v4_bx          0x080048d0        0x0
 .v4_bx         0x080048d0        0x0 linker stubs

.iplt           0x080048d0        0x0
 .iplt          0x080048d0        0x0 c:/program files (x86)/gnu tools arm embedded/7 2017-q4-major/bin/../lib/gcc/arm-none-eabi/7.2.1/thumb/v7e-m/fpv4-sp/hard/crtbegin.o

.rodata         0x080048d0      0x470
                0x080048d0                . = ALIGN (0x4)
 *(.rodata)
 .rodata        0x080048d0       0x70 Build/freertos.o
 *(.rodata*)
 .rodata.str1.4
                0x08004940       0x2c Build/freertos.o
 .rodata.HAL_GPIO_EXTI_Callback.str1.4
                0x0800496c        0xe Build/interrupt.o
 *fill*         0x0800497a        0x2 
 .rodata.AHBPrescTable
                0x0800497c       0x10 Build/system_stm32f4xx.o
                0x0800497c                AHBPrescTable
 .rodata.APBPrescTable
                0x0800498c        0x8 Build/system_stm32f4xx.o
                0x0800498c                APBPrescTable
 .rodata.TIM_OC3_SetConfig.str1.4
                0x08004994       0x74 Build/stm32f4xx_hal_tim.o
 .rodata.TIM_CCxNChannelCmd.str1.4
                0x08004a08       0x77 Build/stm32f4xx_hal_tim_ex.o
 *fill*         0x08004a7f        0x1 
 .rodata.UART_SetConfig.str1.4
                0x08004a80       0x75 Build/stm32f4xx_hal_uart.o
 *fill*         0x08004af5        0x3 
 .rodata.HAL_RCC_OscConfig.str1.4
                0x08004af8       0x74 Build/stm32f4xx_hal_rcc.o
 .rodata.HAL_GPIO_Init.str1.4
                0x08004b6c       0x75 Build/stm32f4xx_hal_gpio.o
 *fill*         0x08004be1        0x3 
 .rodata.HAL_NVIC_SetPriorityGrouping.str1.4
                0x08004be4       0x77 Build/stm32f4xx_hal_cortex.o
 *fill*         0x08004c5b        0x1 
 .rodata.vTaskStartScheduler.str1.4
                0x08004c5c        0x5 Build/tasks.o
 *fill*         0x08004c61        0x3 
 .rodata.MotorThread.str1.4
                0x08004c64       0x1a Build/robo_tasks.o
 *fill*         0x08004c7e        0x2 
 .rodata.MovingMassThread.str1.4
                0x08004c80       0x1f Build/robo_tasks.o
 *fill*         0x08004c9f        0x1 
 .rodata.PneumaticThread.str1.4
                0x08004ca0       0x1d Build/robo_tasks.o
 *fill*         0x08004cbd        0x3 
 .rodata.StartDefaultTask.str1.4
                0x08004cc0       0x1c Build/robo_tasks.o
 .rodata._global_impure_ptr
                0x08004cdc        0x4 c:/program files (x86)/gnu tools arm embedded/7 2017-q4-major/bin/../lib/gcc/arm-none-eabi/7.2.1/../../../../arm-none-eabi/lib/thumb/v7e-m/fpv4-sp/hard\libc_nano.a(lib_a-impure.o)
                0x08004cdc                _global_impure_ptr
 .rodata.__sf_fake_stderr
                0x08004ce0       0x20 c:/program files (x86)/gnu tools arm embedded/7 2017-q4-major/bin/../lib/gcc/arm-none-eabi/7.2.1/../../../../arm-none-eabi/lib/thumb/v7e-m/fpv4-sp/hard\libc_nano.a(lib_a-findfp.o)
                0x08004ce0                __sf_fake_stderr
 .rodata.__sf_fake_stdin
                0x08004d00       0x20 c:/program files (x86)/gnu tools arm embedded/7 2017-q4-major/bin/../lib/gcc/arm-none-eabi/7.2.1/../../../../arm-none-eabi/lib/thumb/v7e-m/fpv4-sp/hard\libc_nano.a(lib_a-findfp.o)
                0x08004d00                __sf_fake_stdin
 .rodata.__sf_fake_stdout
                0x08004d20       0x20 c:/program files (x86)/gnu tools arm embedded/7 2017-q4-major/bin/../lib/gcc/arm-none-eabi/7.2.1/../../../../arm-none-eabi/lib/thumb/v7e-m/fpv4-sp/hard\libc_nano.a(lib_a-findfp.o)
                0x08004d20                __sf_fake_stdout
                0x08004d40                . = ALIGN (0x4)

.ARM.extab
 *(.ARM.extab* .gnu.linkonce.armextab.*)

.ARM            0x08004d40        0x8
                0x08004d40                __exidx_start = .
 *(.ARM.exidx*)
 .ARM.exidx     0x08004d40        0x8 c:/program files (x86)/gnu tools arm embedded/7 2017-q4-major/bin/../lib/gcc/arm-none-eabi/7.2.1/thumb/v7e-m/fpv4-sp/hard\libgcc.a(_udivmoddi4.o)
                0x08004d48                __exidx_end = .

.rel.dyn        0x08004d48        0x0
 .rel.iplt      0x08004d48        0x0 c:/program files (x86)/gnu tools arm embedded/7 2017-q4-major/bin/../lib/gcc/arm-none-eabi/7.2.1/thumb/v7e-m/fpv4-sp/hard/crtbegin.o

.preinit_array  0x08004d48        0x0
                0x08004d48                PROVIDE (__preinit_array_start, .)
 *(.preinit_array*)
                0x08004d48                PROVIDE (__preinit_array_end, .)

.init_array     0x08004d48        0x8
                0x08004d48                PROVIDE (__init_array_start, .)
 *(SORT_BY_NAME(.init_array.*))
 *(.init_array*)
 .init_array    0x08004d48        0x4 c:/program files (x86)/gnu tools arm embedded/7 2017-q4-major/bin/../lib/gcc/arm-none-eabi/7.2.1/thumb/v7e-m/fpv4-sp/hard/crtbegin.o
 .init_array    0x08004d4c        0x4 Build/blnc_motor.o
                0x08004d50                PROVIDE (__init_array_end, .)

.fini_array     0x08004d50        0x4
                [!provide]                PROVIDE (__fini_array_start, .)
 *(SORT_BY_NAME(.fini_array.*))
 *(.fini_array*)
 .fini_array    0x08004d50        0x4 c:/program files (x86)/gnu tools arm embedded/7 2017-q4-major/bin/../lib/gcc/arm-none-eabi/7.2.1/thumb/v7e-m/fpv4-sp/hard/crtbegin.o
                [!provide]                PROVIDE (__fini_array_end, .)
                0x08004d54                _sidata = LOADADDR (.data)

.data           0x20000000       0x74 load address 0x08004d54
                0x20000000                . = ALIGN (0x4)
                0x20000000                _sdata = .
 *(.data)
 .data          0x20000000        0x4 c:/program files (x86)/gnu tools arm embedded/7 2017-q4-major/bin/../lib/gcc/arm-none-eabi/7.2.1/thumb/v7e-m/fpv4-sp/hard/crtbegin.o
                0x20000000                __dso_handle
 *(.data*)
 .data.SystemCoreClock
                0x20000004        0x4 Build/system_stm32f4xx.o
                0x20000004                SystemCoreClock
 .data.uwTickFreq
                0x20000008        0x1 Build/stm32f4xx_hal.o
                0x20000008                uwTickFreq
 *fill*         0x20000009        0x3 
 .data.uxCriticalNesting
                0x2000000c        0x4 Build/port.o
 .data._impure_ptr
                0x20000010        0x4 c:/program files (x86)/gnu tools arm embedded/7 2017-q4-major/bin/../lib/gcc/arm-none-eabi/7.2.1/../../../../arm-none-eabi/lib/thumb/v7e-m/fpv4-sp/hard\libc_nano.a(lib_a-impure.o)
                0x20000010                _impure_ptr
 .data.impure_data
                0x20000014       0x60 c:/program files (x86)/gnu tools arm embedded/7 2017-q4-major/bin/../lib/gcc/arm-none-eabi/7.2.1/../../../../arm-none-eabi/lib/thumb/v7e-m/fpv4-sp/hard\libc_nano.a(lib_a-impure.o)
                0x20000074                . = ALIGN (0x4)
                0x20000074                _edata = .
                0x08004dc8                _siccmram = LOADADDR (.ccmram)

.igot.plt       0x20000074        0x0 load address 0x08004dc8
 .igot.plt      0x20000074        0x0 c:/program files (x86)/gnu tools arm embedded/7 2017-q4-major/bin/../lib/gcc/arm-none-eabi/7.2.1/thumb/v7e-m/fpv4-sp/hard/crtbegin.o

.ccmram         0x10000000        0x0 load address 0x08004dc8
                0x10000000                . = ALIGN (0x4)
                0x10000000                _sccmram = .
 *(.ccmram)
 *(.ccmram*)
                0x10000000                . = ALIGN (0x4)
                0x10000000                _eccmram = .
                0x10000000                . = ALIGN (0x4)

.bss            0x20000078     0x699c
                0x20000078                _sbss = .
                0x20000078                __bss_start__ = _sbss
 *(.bss)
 .bss           0x20000078       0x1c c:/program files (x86)/gnu tools arm embedded/7 2017-q4-major/bin/../lib/gcc/arm-none-eabi/7.2.1/thumb/v7e-m/fpv4-sp/hard/crtbegin.o
 *(.bss*)
 .bss.xIdleStack
                0x20000094      0x200 Build/freertos.o
 .bss.xIdleTaskTCBBuffer
                0x20000294       0x54 Build/freertos.o
 .bss.pxCurrentTCB
                0x200002e8        0x4 Build/tasks.o
                0x200002e8                pxCurrentTCB
 .bss.pxDelayedTaskList
                0x200002ec        0x4 Build/tasks.o
 .bss.pxOverflowDelayedTaskList
                0x200002f0        0x4 Build/tasks.o
 .bss.pxReadyTasksLists
                0x200002f4       0x8c Build/tasks.o
 .bss.uxCurrentNumberOfTasks
                0x20000380        0x4 Build/tasks.o
 .bss.uxDeletedTasksWaitingCleanUp
                0x20000384        0x4 Build/tasks.o
 .bss.uxPendedTicks
                0x20000388        0x4 Build/tasks.o
 .bss.uxSchedulerSuspended
                0x2000038c        0x4 Build/tasks.o
 .bss.uxTaskNumber
                0x20000390        0x4 Build/tasks.o
 .bss.uxTopReadyPriority
                0x20000394        0x4 Build/tasks.o
 .bss.xDelayedTaskList1
                0x20000398       0x14 Build/tasks.o
 .bss.xDelayedTaskList2
                0x200003ac       0x14 Build/tasks.o
 .bss.xNextTaskUnblockTime
                0x200003c0        0x4 Build/tasks.o
 .bss.xNumOfOverflows
                0x200003c4        0x4 Build/tasks.o
 .bss.xPendingReadyList
                0x200003c8       0x14 Build/tasks.o
 .bss.xSchedulerRunning
                0x200003dc        0x4 Build/tasks.o
 .bss.xSuspendedTaskList
                0x200003e0       0x14 Build/tasks.o
 .bss.xTasksWaitingTermination
                0x200003f4       0x14 Build/tasks.o
 .bss.xTickCount
                0x20000408        0x4 Build/tasks.o
 .bss.xYieldPending
                0x2000040c        0x4 Build/tasks.o
 .bss.ucMaxSysCallPriority
                0x20000410        0x1 Build/port.o
 *fill*         0x20000411        0x3 
 .bss.ulMaxPRIGROUPValue
                0x20000414        0x4 Build/port.o
 .bss.balance   0x20000418       0xa0 Build/blnc_motor.o
                0x20000418                balance
 .bss.gRobo_State
                0x200004b8        0x1 Build/blnc_motor.o
                0x200004b8                gRobo_State
 *fill*         0x200004b9        0x3 
 .bss.__malloc_free_list
                0x200004bc        0x4 c:/program files (x86)/gnu tools arm embedded/7 2017-q4-major/bin/../lib/gcc/arm-none-eabi/7.2.1/../../../../arm-none-eabi/lib/thumb/v7e-m/fpv4-sp/hard\libc_nano.a(lib_a-nano-mallocr.o)
                0x200004bc                __malloc_free_list
 .bss.__malloc_sbrk_start
                0x200004c0        0x4 c:/program files (x86)/gnu tools arm embedded/7 2017-q4-major/bin/../lib/gcc/arm-none-eabi/7.2.1/../../../../arm-none-eabi/lib/thumb/v7e-m/fpv4-sp/hard\libc_nano.a(lib_a-nano-mallocr.o)
                0x200004c0                __malloc_sbrk_start
 .bss.heap_end.5377
                0x200004c4        0x4 c:/program files (x86)/gnu tools arm embedded/7 2017-q4-major/bin/../lib/gcc/arm-none-eabi/7.2.1/../../../../arm-none-eabi/lib/thumb/v7e-m/fpv4-sp/hard\libnosys.a(sbrk.o)
 *(COMMON)
 COMMON         0x200004c8      0x168 Build/tim.o
                0x200004c8                htim8
                0x20000504                htim4
                0x20000540                htim5
                0x2000057c                htim3
                0x200005b8                htim1
                0x200005f4                htim2
 COMMON         0x20000630       0x40 Build/usart.o
                0x20000630                huart3
 COMMON         0x20000670     0x6360 Build/freertos.o
                0x20000670                MovingMassHandle
                0x20000674                MovingMassThreadBuffer
                0x20002674                defaultTaskHandle
                0x20002678                MovingMassThreadControlBlock
                0x200026cc                PneumaticThreadBuffer
                0x200046cc                PnematicHandle
                0x200046d0                MotorThreadBuffer
                0x200066d0                defaultTaskBuffer
                0x200068d0                MotorHandle
                0x200068d4                defaultTaskControlBlock
                0x20006928                MotorThreadControlBlock
                0x2000697c                PneumaticThreadControlBlock
 COMMON         0x200069d0       0x3c Build/stm32f4xx_hal_timebase_tim.o
                0x200069d0                htim14
 COMMON         0x20006a0c        0x4 Build/stm32f4xx_hal.o
                0x20006a0c                uwTick
 COMMON         0x20006a10        0x4 c:/program files (x86)/gnu tools arm embedded/7 2017-q4-major/bin/../lib/gcc/arm-none-eabi/7.2.1/../../../../arm-none-eabi/lib/thumb/v7e-m/fpv4-sp/hard\libc_nano.a(lib_a-reent.o)
                0x20006a10                errno
                0x20006a14                . = ALIGN (0x4)
                0x20006a14                _ebss = .
                0x20006a14                __bss_end__ = _ebss

._user_heap_stack
                0x20006a14     0x6204
                0x20006a18                . = ALIGN (0x8)
 *fill*         0x20006a14        0x4 
                0x20006a18                PROVIDE (end, .)
                [!provide]                PROVIDE (_end, .)
                0x20006c18                . = (. + _Min_Heap_Size)
 *fill*         0x20006a18      0x200 
                0x2000cc18                . = (. + _Min_Stack_Size)
 *fill*         0x20006c18     0x6000 
                0x2000cc18                . = ALIGN (0x8)

/DISCARD/
 libc.a(*)
 libm.a(*)
 libgcc.a(*)

.ARM.attributes
                0x00000000       0x30
 *(.ARM.attributes)
 .ARM.attributes
                0x00000000       0x22 c:/program files (x86)/gnu tools arm embedded/7 2017-q4-major/bin/../lib/gcc/arm-none-eabi/7.2.1/thumb/v7e-m/fpv4-sp/hard/crti.o
 .ARM.attributes
                0x00000022       0x34 c:/program files (x86)/gnu tools arm embedded/7 2017-q4-major/bin/../lib/gcc/arm-none-eabi/7.2.1/thumb/v7e-m/fpv4-sp/hard/crtbegin.o
 .ARM.attributes
                0x00000056       0x39 Build/gpio.o
 .ARM.attributes
                0x0000008f       0x39 Build/tim.o
 .ARM.attributes
                0x000000c8       0x39 Build/usart.o
 .ARM.attributes
                0x00000101       0x39 Build/freertos.o
 .ARM.attributes
                0x0000013a       0x39 Build/printf_config.o
 .ARM.attributes
                0x00000173       0x39 Build/interrupt.o
 .ARM.attributes
                0x000001ac       0x39 Build/stm32f4xx_it.o
 .ARM.attributes
                0x000001e5       0x39 Build/stm32f4xx_hal_msp.o
 .ARM.attributes
                0x0000021e       0x39 Build/stm32f4xx_hal_timebase_tim.o
 .ARM.attributes
                0x00000257       0x39 Build/system_stm32f4xx.o
 .ARM.attributes
                0x00000290       0x39 Build/stm32f4xx_hal_tim.o
 .ARM.attributes
                0x000002c9       0x39 Build/stm32f4xx_hal_tim_ex.o
 .ARM.attributes
                0x00000302       0x39 Build/stm32f4xx_hal_uart.o
 .ARM.attributes
                0x0000033b       0x39 Build/stm32f4xx_hal_rcc.o
 .ARM.attributes
                0x00000374       0x39 Build/stm32f4xx_hal_gpio.o
 .ARM.attributes
                0x000003ad       0x39 Build/stm32f4xx_hal_cortex.o
 .ARM.attributes
                0x000003e6       0x39 Build/stm32f4xx_hal.o
 .ARM.attributes
                0x0000041f       0x39 Build/list.o
 .ARM.attributes
                0x00000458       0x39 Build/tasks.o
 .ARM.attributes
                0x00000491       0x39 Build/cmsis_os.o
 .ARM.attributes
                0x000004ca       0x39 Build/port.o
 .ARM.attributes
                0x00000503       0x21 Build/startup_stm32f407xx.o
 .ARM.attributes
                0x00000524       0x39 Build/robo_tasks.o
 .ARM.attributes
                0x0000055d       0x39 Build/blnc_motor.o
 .ARM.attributes
                0x00000596       0x39 Build/pid.o
 .ARM.attributes
                0x000005cf       0x39 Build/motor.o
 .ARM.attributes
                0x00000608       0x39 Build/main.o
 .ARM.attributes
                0x00000641       0x34 c:/program files (x86)/gnu tools arm embedded/7 2017-q4-major/bin/../lib/gcc/arm-none-eabi/7.2.1/../../../../arm-none-eabi/lib/thumb/v7e-m/fpv4-sp/hard\libstdc++_nano.a(atexit_arm.o)
 .ARM.attributes
                0x00000675       0x34 c:/program files (x86)/gnu tools arm embedded/7 2017-q4-major/bin/../lib/gcc/arm-none-eabi/7.2.1/../../../../arm-none-eabi/lib/thumb/v7e-m/fpv4-sp/hard\libc_nano.a(lib_a-cxa_atexit.o)
 .ARM.attributes
                0x000006a9       0x34 c:/program files (x86)/gnu tools arm embedded/7 2017-q4-major/bin/../lib/gcc/arm-none-eabi/7.2.1/../../../../arm-none-eabi/lib/thumb/v7e-m/fpv4-sp/hard\libc_nano.a(lib_a-impure.o)
 .ARM.attributes
                0x000006dd       0x34 c:/program files (x86)/gnu tools arm embedded/7 2017-q4-major/bin/../lib/gcc/arm-none-eabi/7.2.1/../../../../arm-none-eabi/lib/thumb/v7e-m/fpv4-sp/hard\libc_nano.a(lib_a-init.o)
 .ARM.attributes
                0x00000711       0x34 c:/program files (x86)/gnu tools arm embedded/7 2017-q4-major/bin/../lib/gcc/arm-none-eabi/7.2.1/../../../../arm-none-eabi/lib/thumb/v7e-m/fpv4-sp/hard\libc_nano.a(lib_a-memset.o)
 .ARM.attributes
                0x00000745       0x34 c:/program files (x86)/gnu tools arm embedded/7 2017-q4-major/bin/../lib/gcc/arm-none-eabi/7.2.1/../../../../arm-none-eabi/lib/thumb/v7e-m/fpv4-sp/hard\libc_nano.a(lib_a-puts.o)
 .ARM.attributes
                0x00000779       0x34 c:/program files (x86)/gnu tools arm embedded/7 2017-q4-major/bin/../lib/gcc/arm-none-eabi/7.2.1/../../../../arm-none-eabi/lib/thumb/v7e-m/fpv4-sp/hard\libc_nano.a(lib_a-wbuf.o)
 .ARM.attributes
                0x000007ad       0x34 c:/program files (x86)/gnu tools arm embedded/7 2017-q4-major/bin/../lib/gcc/arm-none-eabi/7.2.1/../../../../arm-none-eabi/lib/thumb/v7e-m/fpv4-sp/hard\libc_nano.a(lib_a-wsetup.o)
 .ARM.attributes
                0x000007e1       0x34 c:/program files (x86)/gnu tools arm embedded/7 2017-q4-major/bin/../lib/gcc/arm-none-eabi/7.2.1/../../../../arm-none-eabi/lib/thumb/v7e-m/fpv4-sp/hard\libc_nano.a(lib_a-fflush.o)
 .ARM.attributes
                0x00000815       0x34 c:/program files (x86)/gnu tools arm embedded/7 2017-q4-major/bin/../lib/gcc/arm-none-eabi/7.2.1/../../../../arm-none-eabi/lib/thumb/v7e-m/fpv4-sp/hard\libc_nano.a(lib_a-findfp.o)
 .ARM.attributes
                0x00000849       0x34 c:/program files (x86)/gnu tools arm embedded/7 2017-q4-major/bin/../lib/gcc/arm-none-eabi/7.2.1/../../../../arm-none-eabi/lib/thumb/v7e-m/fpv4-sp/hard\libc_nano.a(lib_a-fwalk.o)
 .ARM.attributes
                0x0000087d       0x34 c:/program files (x86)/gnu tools arm embedded/7 2017-q4-major/bin/../lib/gcc/arm-none-eabi/7.2.1/../../../../arm-none-eabi/lib/thumb/v7e-m/fpv4-sp/hard\libc_nano.a(lib_a-makebuf.o)
 .ARM.attributes
                0x000008b1       0x34 c:/program files (x86)/gnu tools arm embedded/7 2017-q4-major/bin/../lib/gcc/arm-none-eabi/7.2.1/../../../../arm-none-eabi/lib/thumb/v7e-m/fpv4-sp/hard\libc_nano.a(lib_a-nano-freer.o)
 .ARM.attributes
                0x000008e5       0x34 c:/program files (x86)/gnu tools arm embedded/7 2017-q4-major/bin/../lib/gcc/arm-none-eabi/7.2.1/../../../../arm-none-eabi/lib/thumb/v7e-m/fpv4-sp/hard\libc_nano.a(lib_a-nano-mallocr.o)
 .ARM.attributes
                0x00000919       0x34 c:/program files (x86)/gnu tools arm embedded/7 2017-q4-major/bin/../lib/gcc/arm-none-eabi/7.2.1/../../../../arm-none-eabi/lib/thumb/v7e-m/fpv4-sp/hard\libc_nano.a(lib_a-sbrkr.o)
 .ARM.attributes
                0x0000094d       0x34 c:/program files (x86)/gnu tools arm embedded/7 2017-q4-major/bin/../lib/gcc/arm-none-eabi/7.2.1/../../../../arm-none-eabi/lib/thumb/v7e-m/fpv4-sp/hard\libc_nano.a(lib_a-stdio.o)
 .ARM.attributes
                0x00000981       0x34 c:/program files (x86)/gnu tools arm embedded/7 2017-q4-major/bin/../lib/gcc/arm-none-eabi/7.2.1/../../../../arm-none-eabi/lib/thumb/v7e-m/fpv4-sp/hard\libc_nano.a(lib_a-writer.o)
 .ARM.attributes
                0x000009b5       0x34 c:/program files (x86)/gnu tools arm embedded/7 2017-q4-major/bin/../lib/gcc/arm-none-eabi/7.2.1/../../../../arm-none-eabi/lib/thumb/v7e-m/fpv4-sp/hard\libc_nano.a(lib_a-closer.o)
 .ARM.attributes
                0x000009e9       0x34 c:/program files (x86)/gnu tools arm embedded/7 2017-q4-major/bin/../lib/gcc/arm-none-eabi/7.2.1/../../../../arm-none-eabi/lib/thumb/v7e-m/fpv4-sp/hard\libc_nano.a(lib_a-fstatr.o)
 .ARM.attributes
                0x00000a1d       0x34 c:/program files (x86)/gnu tools arm embedded/7 2017-q4-major/bin/../lib/gcc/arm-none-eabi/7.2.1/../../../../arm-none-eabi/lib/thumb/v7e-m/fpv4-sp/hard\libc_nano.a(lib_a-isattyr.o)
 .ARM.attributes
                0x00000a51       0x34 c:/program files (x86)/gnu tools arm embedded/7 2017-q4-major/bin/../lib/gcc/arm-none-eabi/7.2.1/../../../../arm-none-eabi/lib/thumb/v7e-m/fpv4-sp/hard\libc_nano.a(lib_a-lseekr.o)
 .ARM.attributes
                0x00000a85       0x34 c:/program files (x86)/gnu tools arm embedded/7 2017-q4-major/bin/../lib/gcc/arm-none-eabi/7.2.1/../../../../arm-none-eabi/lib/thumb/v7e-m/fpv4-sp/hard\libc_nano.a(lib_a-mlock.o)
 .ARM.attributes
                0x00000ab9       0x34 c:/program files (x86)/gnu tools arm embedded/7 2017-q4-major/bin/../lib/gcc/arm-none-eabi/7.2.1/../../../../arm-none-eabi/lib/thumb/v7e-m/fpv4-sp/hard\libc_nano.a(lib_a-readr.o)
 .ARM.attributes
                0x00000aed       0x34 c:/program files (x86)/gnu tools arm embedded/7 2017-q4-major/bin/../lib/gcc/arm-none-eabi/7.2.1/../../../../arm-none-eabi/lib/thumb/v7e-m/fpv4-sp/hard\libc_nano.a(lib_a-reent.o)
 .ARM.attributes
                0x00000b21       0x22 c:/program files (x86)/gnu tools arm embedded/7 2017-q4-major/bin/../lib/gcc/arm-none-eabi/7.2.1/thumb/v7e-m/fpv4-sp/hard\libgcc.a(_aeabi_uldivmod.o)
 .ARM.attributes
                0x00000b43       0x34 c:/program files (x86)/gnu tools arm embedded/7 2017-q4-major/bin/../lib/gcc/arm-none-eabi/7.2.1/thumb/v7e-m/fpv4-sp/hard\libgcc.a(_udivmoddi4.o)
 .ARM.attributes
                0x00000b77       0x22 c:/program files (x86)/gnu tools arm embedded/7 2017-q4-major/bin/../lib/gcc/arm-none-eabi/7.2.1/thumb/v7e-m/fpv4-sp/hard\libgcc.a(_dvmd_tls.o)
 .ARM.attributes
                0x00000b99       0x34 c:/program files (x86)/gnu tools arm embedded/7 2017-q4-major/bin/../lib/gcc/arm-none-eabi/7.2.1/../../../../arm-none-eabi/lib/thumb/v7e-m/fpv4-sp/hard\libnosys.a(close.o)
 .ARM.attributes
                0x00000bcd       0x34 c:/program files (x86)/gnu tools arm embedded/7 2017-q4-major/bin/../lib/gcc/arm-none-eabi/7.2.1/../../../../arm-none-eabi/lib/thumb/v7e-m/fpv4-sp/hard\libnosys.a(fstat.o)
 .ARM.attributes
                0x00000c01       0x34 c:/program files (x86)/gnu tools arm embedded/7 2017-q4-major/bin/../lib/gcc/arm-none-eabi/7.2.1/../../../../arm-none-eabi/lib/thumb/v7e-m/fpv4-sp/hard\libnosys.a(isatty.o)
 .ARM.attributes
                0x00000c35       0x34 c:/program files (x86)/gnu tools arm embedded/7 2017-q4-major/bin/../lib/gcc/arm-none-eabi/7.2.1/../../../../arm-none-eabi/lib/thumb/v7e-m/fpv4-sp/hard\libnosys.a(lseek.o)
 .ARM.attributes
                0x00000c69       0x34 c:/program files (x86)/gnu tools arm embedded/7 2017-q4-major/bin/../lib/gcc/arm-none-eabi/7.2.1/../../../../arm-none-eabi/lib/thumb/v7e-m/fpv4-sp/hard\libnosys.a(read.o)
 .ARM.attributes
                0x00000c9d       0x34 c:/program files (x86)/gnu tools arm embedded/7 2017-q4-major/bin/../lib/gcc/arm-none-eabi/7.2.1/../../../../arm-none-eabi/lib/thumb/v7e-m/fpv4-sp/hard\libnosys.a(sbrk.o)
 .ARM.attributes
                0x00000cd1       0x22 c:/program files (x86)/gnu tools arm embedded/7 2017-q4-major/bin/../lib/gcc/arm-none-eabi/7.2.1/thumb/v7e-m/fpv4-sp/hard/crtn.o
OUTPUT(Build/horse.elf elf32-littlearm)

.debug_info     0x00000000    0x27f37
 .debug_info    0x00000000     0x13ba Build/gpio.o
 .debug_info    0x000013ba     0x206c Build/tim.o
 .debug_info    0x00003426     0x1373 Build/usart.o
 .debug_info    0x00004799      0xed2 Build/freertos.o
 .debug_info    0x0000566b      0xdb6 Build/printf_config.o
 .debug_info    0x00006421     0x1628 Build/interrupt.o
 .debug_info    0x00007a49     0x11bf Build/stm32f4xx_it.o
 .debug_info    0x00008c08      0xeb1 Build/stm32f4xx_hal_msp.o
 .debug_info    0x00009ab9     0x158e Build/stm32f4xx_hal_timebase_tim.o
 .debug_info    0x0000b047      0xe82 Build/system_stm32f4xx.o
 .debug_info    0x0000bec9     0x4f56 Build/stm32f4xx_hal_tim.o
 .debug_info    0x00010e1f     0x238e Build/stm32f4xx_hal_tim_ex.o
 .debug_info    0x000131ad     0x2465 Build/stm32f4xx_hal_uart.o
 .debug_info    0x00015612     0x16b8 Build/stm32f4xx_hal_rcc.o
 .debug_info    0x00016cca     0x1280 Build/stm32f4xx_hal_gpio.o
 .debug_info    0x00017f4a     0x1bb5 Build/stm32f4xx_hal_cortex.o
 .debug_info    0x00019aff     0x13b7 Build/stm32f4xx_hal.o
 .debug_info    0x0001aeb6      0xbdc Build/list.o
 .debug_info    0x0001ba92     0x2bbb Build/tasks.o
 .debug_info    0x0001e64d     0x27dd Build/cmsis_os.o
 .debug_info    0x00020e2a      0x56c Build/port.o
 .debug_info    0x00021396       0x22 Build/startup_stm32f407xx.o
 .debug_info    0x000213b8     0x1177 Build/robo_tasks.o
 .debug_info    0x0002252f     0x17cc Build/blnc_motor.o
 .debug_info    0x00023cfb      0xc5c Build/pid.o
 .debug_info    0x00024957     0x1d83 Build/motor.o
 .debug_info    0x000266da     0x185d Build/main.o

.debug_abbrev   0x00000000     0x493c
 .debug_abbrev  0x00000000      0x228 Build/gpio.o
 .debug_abbrev  0x00000228      0x29e Build/tim.o
 .debug_abbrev  0x000004c6      0x246 Build/usart.o
 .debug_abbrev  0x0000070c      0x244 Build/freertos.o
 .debug_abbrev  0x00000950      0x280 Build/printf_config.o
 .debug_abbrev  0x00000bd0      0x306 Build/interrupt.o
 .debug_abbrev  0x00000ed6      0x253 Build/stm32f4xx_it.o
 .debug_abbrev  0x00001129      0x209 Build/stm32f4xx_hal_msp.o
 .debug_abbrev  0x00001332      0x27b Build/stm32f4xx_hal_timebase_tim.o
 .debug_abbrev  0x000015ad      0x1e6 Build/system_stm32f4xx.o
 .debug_abbrev  0x00001793      0x310 Build/stm32f4xx_hal_tim.o
 .debug_abbrev  0x00001aa3      0x2f8 Build/stm32f4xx_hal_tim_ex.o
 .debug_abbrev  0x00001d9b      0x375 Build/stm32f4xx_hal_uart.o
 .debug_abbrev  0x00002110      0x341 Build/stm32f4xx_hal_rcc.o
 .debug_abbrev  0x00002451      0x2da Build/stm32f4xx_hal_gpio.o
 .debug_abbrev  0x0000272b      0x414 Build/stm32f4xx_hal_cortex.o
 .debug_abbrev  0x00002b3f      0x2e1 Build/stm32f4xx_hal.o
 .debug_abbrev  0x00002e20      0x217 Build/list.o
 .debug_abbrev  0x00003037      0x40f Build/tasks.o
 .debug_abbrev  0x00003446      0x3d3 Build/cmsis_os.o
 .debug_abbrev  0x00003819      0x230 Build/port.o
 .debug_abbrev  0x00003a49       0x12 Build/startup_stm32f407xx.o
 .debug_abbrev  0x00003a5b      0x261 Build/robo_tasks.o
 .debug_abbrev  0x00003cbc      0x392 Build/blnc_motor.o
 .debug_abbrev  0x0000404e      0x229 Build/pid.o
 .debug_abbrev  0x00004277      0x3e0 Build/motor.o
 .debug_abbrev  0x00004657      0x2e5 Build/main.o

.debug_loc      0x00000000     0xb1ba
 .debug_loc     0x00000000       0x39 Build/gpio.o
 .debug_loc     0x00000039      0x479 Build/tim.o
 .debug_loc     0x000004b2       0xf8 Build/usart.o
 .debug_loc     0x000005aa       0x39 Build/freertos.o
 .debug_loc     0x000005e3      0x13b Build/printf_config.o
 .debug_loc     0x0000071e       0x5a Build/interrupt.o
 .debug_loc     0x00000778       0xe0 Build/stm32f4xx_it.o
 .debug_loc     0x00000858       0x38 Build/stm32f4xx_hal_msp.o
 .debug_loc     0x00000890       0xae Build/stm32f4xx_hal_timebase_tim.o
 .debug_loc     0x0000093e      0x13e Build/system_stm32f4xx.o
 .debug_loc     0x00000a7c     0x30cb Build/stm32f4xx_hal_tim.o
 .debug_loc     0x00003b47     0x11d6 Build/stm32f4xx_hal_tim_ex.o
 .debug_loc     0x00004d1d     0x1a0a Build/stm32f4xx_hal_uart.o
 .debug_loc     0x00006727      0x55d Build/stm32f4xx_hal_rcc.o
 .debug_loc     0x00006c84      0x6aa Build/stm32f4xx_hal_gpio.o
 .debug_loc     0x0000732e      0x8dc Build/stm32f4xx_hal_cortex.o
 .debug_loc     0x00007c0a      0x18e Build/stm32f4xx_hal.o
 .debug_loc     0x00007d98       0x9c Build/list.o
 .debug_loc     0x00007e34     0x1607 Build/tasks.o
 .debug_loc     0x0000943b     0x1504 Build/cmsis_os.o
 .debug_loc     0x0000a93f      0x128 Build/port.o
 .debug_loc     0x0000aa67      0x104 Build/robo_tasks.o
 .debug_loc     0x0000ab6b       0xf4 Build/blnc_motor.o
 .debug_loc     0x0000ac5f      0x1ba Build/pid.o
 .debug_loc     0x0000ae19      0x2ee Build/motor.o
 .debug_loc     0x0000b107       0xb3 Build/main.o

.debug_aranges  0x00000000     0x10a0
 .debug_aranges
                0x00000000       0x20 Build/gpio.o
 .debug_aranges
                0x00000020       0x70 Build/tim.o
 .debug_aranges
                0x00000090       0x30 Build/usart.o
 .debug_aranges
                0x000000c0       0x28 Build/freertos.o
 .debug_aranges
                0x000000e8       0x28 Build/printf_config.o
 .debug_aranges
                0x00000110       0x20 Build/interrupt.o
 .debug_aranges
                0x00000130       0x80 Build/stm32f4xx_it.o
 .debug_aranges
                0x000001b0       0x20 Build/stm32f4xx_hal_msp.o
 .debug_aranges
                0x000001d0       0x30 Build/stm32f4xx_hal_timebase_tim.o
 .debug_aranges
                0x00000200       0x28 Build/system_stm32f4xx.o
 .debug_aranges
                0x00000228      0x368 Build/stm32f4xx_hal_tim.o
 .debug_aranges
                0x00000590      0x140 Build/stm32f4xx_hal_tim_ex.o
 .debug_aranges
                0x000006d0      0x1d0 Build/stm32f4xx_hal_uart.o
 .debug_aranges
                0x000008a0       0x88 Build/stm32f4xx_hal_rcc.o
 .debug_aranges
                0x00000928       0x58 Build/stm32f4xx_hal_gpio.o
 .debug_aranges
                0x00000980       0xa8 Build/stm32f4xx_hal_cortex.o
 .debug_aranges
                0x00000a28       0xe0 Build/stm32f4xx_hal.o
 .debug_aranges
                0x00000b08       0x40 Build/list.o
 .debug_aranges
                0x00000b48      0x188 Build/tasks.o
 .debug_aranges
                0x00000cd0      0x1d8 Build/cmsis_os.o
 .debug_aranges
                0x00000ea8       0x80 Build/port.o
 .debug_aranges
                0x00000f28       0x28 Build/startup_stm32f407xx.o
 .debug_aranges
                0x00000f50       0x38 Build/robo_tasks.o
 .debug_aranges
                0x00000f88       0x40 Build/blnc_motor.o
 .debug_aranges
                0x00000fc8       0x40 Build/pid.o
 .debug_aranges
                0x00001008       0x58 Build/motor.o
 .debug_aranges
                0x00001060       0x40 Build/main.o

.debug_ranges   0x00000000     0x1000
 .debug_ranges  0x00000000       0x10 Build/gpio.o
 .debug_ranges  0x00000010       0x60 Build/tim.o
 .debug_ranges  0x00000070       0x20 Build/usart.o
 .debug_ranges  0x00000090       0x18 Build/freertos.o
 .debug_ranges  0x000000a8       0x30 Build/printf_config.o
 .debug_ranges  0x000000d8       0x10 Build/interrupt.o
 .debug_ranges  0x000000e8       0x70 Build/stm32f4xx_it.o
 .debug_ranges  0x00000158       0x10 Build/stm32f4xx_hal_msp.o
 .debug_ranges  0x00000168       0x20 Build/stm32f4xx_hal_timebase_tim.o
 .debug_ranges  0x00000188       0x18 Build/system_stm32f4xx.o
 .debug_ranges  0x000001a0      0x358 Build/stm32f4xx_hal_tim.o
 .debug_ranges  0x000004f8      0x130 Build/stm32f4xx_hal_tim_ex.o
 .debug_ranges  0x00000628      0x1c0 Build/stm32f4xx_hal_uart.o
 .debug_ranges  0x000007e8       0x90 Build/stm32f4xx_hal_rcc.o
 .debug_ranges  0x00000878       0x48 Build/stm32f4xx_hal_gpio.o
 .debug_ranges  0x000008c0       0xf8 Build/stm32f4xx_hal_cortex.o
 .debug_ranges  0x000009b8       0xd0 Build/stm32f4xx_hal.o
 .debug_ranges  0x00000a88       0x30 Build/list.o
 .debug_ranges  0x00000ab8      0x1f0 Build/tasks.o
 .debug_ranges  0x00000ca8      0x1c8 Build/cmsis_os.o
 .debug_ranges  0x00000e70       0x70 Build/port.o
 .debug_ranges  0x00000ee0       0x20 Build/startup_stm32f407xx.o
 .debug_ranges  0x00000f00       0x28 Build/robo_tasks.o
 .debug_ranges  0x00000f28       0x30 Build/blnc_motor.o
 .debug_ranges  0x00000f58       0x30 Build/pid.o
 .debug_ranges  0x00000f88       0x48 Build/motor.o
 .debug_ranges  0x00000fd0       0x30 Build/main.o

.debug_line     0x00000000     0xc3b3
 .debug_line    0x00000000      0x386 Build/gpio.o
 .debug_line    0x00000386      0x58c Build/tim.o
 .debug_line    0x00000912      0x3d1 Build/usart.o
 .debug_line    0x00000ce3      0x45f Build/freertos.o
 .debug_line    0x00001142      0x2e1 Build/printf_config.o
 .debug_line    0x00001423      0x3e9 Build/interrupt.o
 .debug_line    0x0000180c      0x436 Build/stm32f4xx_it.o
 .debug_line    0x00001c42      0x326 Build/stm32f4xx_hal_msp.o
 .debug_line    0x00001f68      0x3ba Build/stm32f4xx_hal_timebase_tim.o
 .debug_line    0x00002322      0x2dc Build/system_stm32f4xx.o
 .debug_line    0x000025fe     0x31bd Build/stm32f4xx_hal_tim.o
 .debug_line    0x000057bb      0xe92 Build/stm32f4xx_hal_tim_ex.o
 .debug_line    0x0000664d      0xebf Build/stm32f4xx_hal_uart.o
 .debug_line    0x0000750c      0x7b3 Build/stm32f4xx_hal_rcc.o
 .debug_line    0x00007cbf      0x667 Build/stm32f4xx_hal_gpio.o
 .debug_line    0x00008326      0x679 Build/stm32f4xx_hal_cortex.o
 .debug_line    0x0000899f      0x5b5 Build/stm32f4xx_hal.o
 .debug_line    0x00008f54      0x401 Build/list.o
 .debug_line    0x00009355      0xc48 Build/tasks.o
 .debug_line    0x00009f9d      0x9dd Build/cmsis_os.o
 .debug_line    0x0000a97a      0x3b9 Build/port.o
 .debug_line    0x0000ad33       0x74 Build/startup_stm32f407xx.o
 .debug_line    0x0000ada7      0x473 Build/robo_tasks.o
 .debug_line    0x0000b21a      0x448 Build/blnc_motor.o
 .debug_line    0x0000b662      0x2f4 Build/pid.o
 .debug_line    0x0000b956      0x5ae Build/motor.o
 .debug_line    0x0000bf04      0x4af Build/main.o

.debug_str      0x00000000     0x5ee4
 .debug_str     0x00000000      0xc0f Build/gpio.o
                                0xccb (size before relaxing)
 .debug_str     0x00000c0f      0x6f3 Build/tim.o
                               0x1463 (size before relaxing)
 .debug_str     0x00001302      0x1c4 Build/usart.o
                                0xbf9 (size before relaxing)
 .debug_str     0x000014c6      0x3bc Build/freertos.o
                                0x9ce (size before relaxing)
 .debug_str     0x00001882       0x95 Build/printf_config.o
                                0x6bf (size before relaxing)
 .debug_str     0x00001917      0x4b3 Build/interrupt.o
                                0xe9f (size before relaxing)
 .debug_str     0x00001dca      0x13e Build/stm32f4xx_it.o
                                0xb35 (size before relaxing)
 .debug_str     0x00001f08       0x2d Build/stm32f4xx_hal_msp.o
                                0xc03 (size before relaxing)
 .debug_str     0x00001f35      0x12a Build/stm32f4xx_hal_timebase_tim.o
                               0x1172 (size before relaxing)
 .debug_str     0x0000205f       0xb0 Build/system_stm32f4xx.o
                                0x77c (size before relaxing)
 .debug_str     0x0000210f      0xbeb Build/stm32f4xx_hal_tim.o
                               0x1821 (size before relaxing)
 .debug_str     0x00002cfa      0x433 Build/stm32f4xx_hal_tim_ex.o
                               0x10e1 (size before relaxing)
 .debug_str     0x0000312d      0x581 Build/stm32f4xx_hal_uart.o
                               0x105e (size before relaxing)
 .debug_str     0x000036ae      0x258 Build/stm32f4xx_hal_rcc.o
                                0xb2f (size before relaxing)
 .debug_str     0x00003906      0x115 Build/stm32f4xx_hal_gpio.o
                                0x95c (size before relaxing)
 .debug_str     0x00003a1b      0x3c2 Build/stm32f4xx_hal_cortex.o
                               0x109a (size before relaxing)
 .debug_str     0x00003ddd      0x295 Build/stm32f4xx_hal.o
                                0xfaf (size before relaxing)
 .debug_str     0x00004072      0x17f Build/list.o
                                0x73a (size before relaxing)
 .debug_str     0x000041f1      0xb3a Build/tasks.o
                               0x130b (size before relaxing)
 .debug_str     0x00004d2b      0x924 Build/cmsis_os.o
                               0x13a7 (size before relaxing)
 .debug_str     0x0000564f      0x1b4 Build/port.o
                                0x4a5 (size before relaxing)
 .debug_str     0x00005803       0x25 Build/startup_stm32f407xx.o
                                 0x5a (size before relaxing)
 .debug_str     0x00005828       0x92 Build/robo_tasks.o
                                0xbae (size before relaxing)
 .debug_str     0x000058ba      0x11d Build/blnc_motor.o
                               0x1067 (size before relaxing)
 .debug_str     0x000059d7       0xdf Build/pid.o
                                0x774 (size before relaxing)
 .debug_str     0x00005ab6      0x328 Build/motor.o
                               0x1043 (size before relaxing)
 .debug_str     0x00005dde      0x106 Build/main.o
                               0x1120 (size before relaxing)

.comment        0x00000000       0x7e
 .comment       0x00000000       0x7e Build/gpio.o
                                 0x7f (size before relaxing)
 .comment       0x0000007e       0x7f Build/tim.o
 .comment       0x0000007e       0x7f Build/usart.o
 .comment       0x0000007e       0x7f Build/freertos.o
 .comment       0x0000007e       0x7f Build/printf_config.o
 .comment       0x0000007e       0x7f Build/interrupt.o
 .comment       0x0000007e       0x7f Build/stm32f4xx_it.o
 .comment       0x0000007e       0x7f Build/stm32f4xx_hal_msp.o
 .comment       0x0000007e       0x7f Build/stm32f4xx_hal_timebase_tim.o
 .comment       0x0000007e       0x7f Build/system_stm32f4xx.o
 .comment       0x0000007e       0x7f Build/stm32f4xx_hal_tim.o
 .comment       0x0000007e       0x7f Build/stm32f4xx_hal_tim_ex.o
 .comment       0x0000007e       0x7f Build/stm32f4xx_hal_uart.o
 .comment       0x0000007e       0x7f Build/stm32f4xx_hal_rcc.o
 .comment       0x0000007e       0x7f Build/stm32f4xx_hal_gpio.o
 .comment       0x0000007e       0x7f Build/stm32f4xx_hal_cortex.o
 .comment       0x0000007e       0x7f Build/stm32f4xx_hal.o
 .comment       0x0000007e       0x7f Build/list.o
 .comment       0x0000007e       0x7f Build/tasks.o
 .comment       0x0000007e       0x7f Build/cmsis_os.o
 .comment       0x0000007e       0x7f Build/port.o
 .comment       0x0000007e       0x7f Build/robo_tasks.o
 .comment       0x0000007e       0x7f Build/blnc_motor.o
 .comment       0x0000007e       0x7f Build/pid.o
 .comment       0x0000007e       0x7f Build/motor.o
 .comment       0x0000007e       0x7f Build/main.o

.debug_frame    0x00000000     0x38b4
 .debug_frame   0x00000000       0x48 Build/gpio.o
 .debug_frame   0x00000048      0x174 Build/tim.o
 .debug_frame   0x000001bc       0x68 Build/usart.o
 .debug_frame   0x00000224       0x48 Build/freertos.o
 .debug_frame   0x0000026c       0x48 Build/printf_config.o
 .debug_frame   0x000002b4       0x30 Build/interrupt.o
 .debug_frame   0x000002e4      0x134 Build/stm32f4xx_it.o
 .debug_frame   0x00000418       0x2c Build/stm32f4xx_hal_msp.o
 .debug_frame   0x00000444       0x54 Build/stm32f4xx_hal_timebase_tim.o
 .debug_frame   0x00000498       0x30 Build/system_stm32f4xx.o
 .debug_frame   0x000004c8      0xbfc Build/stm32f4xx_hal_tim.o
 .debug_frame   0x000010c4      0x46c Build/stm32f4xx_hal_tim_ex.o
 .debug_frame   0x00001530      0x5a8 Build/stm32f4xx_hal_uart.o
 .debug_frame   0x00001ad8      0x1c4 Build/stm32f4xx_hal_rcc.o
 .debug_frame   0x00001c9c      0x120 Build/stm32f4xx_hal_gpio.o
 .debug_frame   0x00001dbc      0x1d0 Build/stm32f4xx_hal_cortex.o
 .debug_frame   0x00001f8c      0x1e0 Build/stm32f4xx_hal.o
 .debug_frame   0x0000216c       0x70 Build/list.o
 .debug_frame   0x000021dc      0x560 Build/tasks.o
 .debug_frame   0x0000273c      0x610 Build/cmsis_os.o
 .debug_frame   0x00002d4c       0xf8 Build/port.o
 .debug_frame   0x00002e44       0x80 Build/robo_tasks.o
 .debug_frame   0x00002ec4       0x94 Build/blnc_motor.o
 .debug_frame   0x00002f58       0xb0 Build/pid.o
 .debug_frame   0x00003008       0xe8 Build/motor.o
 .debug_frame   0x000030f0       0x8c Build/main.o
 .debug_frame   0x0000317c       0x20 c:/program files (x86)/gnu tools arm embedded/7 2017-q4-major/bin/../lib/gcc/arm-none-eabi/7.2.1/../../../../arm-none-eabi/lib/thumb/v7e-m/fpv4-sp/hard\libstdc++_nano.a(atexit_arm.o)
 .debug_frame   0x0000319c       0x28 c:/program files (x86)/gnu tools arm embedded/7 2017-q4-major/bin/../lib/gcc/arm-none-eabi/7.2.1/../../../../arm-none-eabi/lib/thumb/v7e-m/fpv4-sp/hard\libc_nano.a(lib_a-cxa_atexit.o)
 .debug_frame   0x000031c4       0x2c c:/program files (x86)/gnu tools arm embedded/7 2017-q4-major/bin/../lib/gcc/arm-none-eabi/7.2.1/../../../../arm-none-eabi/lib/thumb/v7e-m/fpv4-sp/hard\libc_nano.a(lib_a-init.o)
 .debug_frame   0x000031f0       0x20 c:/program files (x86)/gnu tools arm embedded/7 2017-q4-major/bin/../lib/gcc/arm-none-eabi/7.2.1/../../../../arm-none-eabi/lib/thumb/v7e-m/fpv4-sp/hard\libc_nano.a(lib_a-memset.o)
 .debug_frame   0x00003210       0x3c c:/program files (x86)/gnu tools arm embedded/7 2017-q4-major/bin/../lib/gcc/arm-none-eabi/7.2.1/../../../../arm-none-eabi/lib/thumb/v7e-m/fpv4-sp/hard\libc_nano.a(lib_a-puts.o)
 .debug_frame   0x0000324c       0x40 c:/program files (x86)/gnu tools arm embedded/7 2017-q4-major/bin/../lib/gcc/arm-none-eabi/7.2.1/../../../../arm-none-eabi/lib/thumb/v7e-m/fpv4-sp/hard\libc_nano.a(lib_a-wbuf.o)
 .debug_frame   0x0000328c       0x2c c:/program files (x86)/gnu tools arm embedded/7 2017-q4-major/bin/../lib/gcc/arm-none-eabi/7.2.1/../../../../arm-none-eabi/lib/thumb/v7e-m/fpv4-sp/hard\libc_nano.a(lib_a-wsetup.o)
 .debug_frame   0x000032b8       0x68 c:/program files (x86)/gnu tools arm embedded/7 2017-q4-major/bin/../lib/gcc/arm-none-eabi/7.2.1/../../../../arm-none-eabi/lib/thumb/v7e-m/fpv4-sp/hard\libc_nano.a(lib_a-fflush.o)
 .debug_frame   0x00003320      0x11c c:/program files (x86)/gnu tools arm embedded/7 2017-q4-major/bin/../lib/gcc/arm-none-eabi/7.2.1/../../../../arm-none-eabi/lib/thumb/v7e-m/fpv4-sp/hard\libc_nano.a(lib_a-findfp.o)
 .debug_frame   0x0000343c       0x54 c:/program files (x86)/gnu tools arm embedded/7 2017-q4-major/bin/../lib/gcc/arm-none-eabi/7.2.1/../../../../arm-none-eabi/lib/thumb/v7e-m/fpv4-sp/hard\libc_nano.a(lib_a-fwalk.o)
 .debug_frame   0x00003490       0x58 c:/program files (x86)/gnu tools arm embedded/7 2017-q4-major/bin/../lib/gcc/arm-none-eabi/7.2.1/../../../../arm-none-eabi/lib/thumb/v7e-m/fpv4-sp/hard\libc_nano.a(lib_a-makebuf.o)
 .debug_frame   0x000034e8       0x38 c:/program files (x86)/gnu tools arm embedded/7 2017-q4-major/bin/../lib/gcc/arm-none-eabi/7.2.1/../../../../arm-none-eabi/lib/thumb/v7e-m/fpv4-sp/hard\libc_nano.a(lib_a-nano-freer.o)
 .debug_frame   0x00003520       0x2c c:/program files (x86)/gnu tools arm embedded/7 2017-q4-major/bin/../lib/gcc/arm-none-eabi/7.2.1/../../../../arm-none-eabi/lib/thumb/v7e-m/fpv4-sp/hard\libc_nano.a(lib_a-nano-mallocr.o)
 .debug_frame   0x0000354c       0x2c c:/program files (x86)/gnu tools arm embedded/7 2017-q4-major/bin/../lib/gcc/arm-none-eabi/7.2.1/../../../../arm-none-eabi/lib/thumb/v7e-m/fpv4-sp/hard\libc_nano.a(lib_a-sbrkr.o)
 .debug_frame   0x00003578       0x88 c:/program files (x86)/gnu tools arm embedded/7 2017-q4-major/bin/../lib/gcc/arm-none-eabi/7.2.1/../../../../arm-none-eabi/lib/thumb/v7e-m/fpv4-sp/hard\libc_nano.a(lib_a-stdio.o)
 .debug_frame   0x00003600       0x2c c:/program files (x86)/gnu tools arm embedded/7 2017-q4-major/bin/../lib/gcc/arm-none-eabi/7.2.1/../../../../arm-none-eabi/lib/thumb/v7e-m/fpv4-sp/hard\libc_nano.a(lib_a-writer.o)
 .debug_frame   0x0000362c       0x2c c:/program files (x86)/gnu tools arm embedded/7 2017-q4-major/bin/../lib/gcc/arm-none-eabi/7.2.1/../../../../arm-none-eabi/lib/thumb/v7e-m/fpv4-sp/hard\libc_nano.a(lib_a-closer.o)
 .debug_frame   0x00003658       0x2c c:/program files (x86)/gnu tools arm embedded/7 2017-q4-major/bin/../lib/gcc/arm-none-eabi/7.2.1/../../../../arm-none-eabi/lib/thumb/v7e-m/fpv4-sp/hard\libc_nano.a(lib_a-fstatr.o)
 .debug_frame   0x00003684       0x2c c:/program files (x86)/gnu tools arm embedded/7 2017-q4-major/bin/../lib/gcc/arm-none-eabi/7.2.1/../../../../arm-none-eabi/lib/thumb/v7e-m/fpv4-sp/hard\libc_nano.a(lib_a-isattyr.o)
 .debug_frame   0x000036b0       0x2c c:/program files (x86)/gnu tools arm embedded/7 2017-q4-major/bin/../lib/gcc/arm-none-eabi/7.2.1/../../../../arm-none-eabi/lib/thumb/v7e-m/fpv4-sp/hard\libc_nano.a(lib_a-lseekr.o)
 .debug_frame   0x000036dc       0x30 c:/program files (x86)/gnu tools arm embedded/7 2017-q4-major/bin/../lib/gcc/arm-none-eabi/7.2.1/../../../../arm-none-eabi/lib/thumb/v7e-m/fpv4-sp/hard\libc_nano.a(lib_a-mlock.o)
 .debug_frame   0x0000370c       0x2c c:/program files (x86)/gnu tools arm embedded/7 2017-q4-major/bin/../lib/gcc/arm-none-eabi/7.2.1/../../../../arm-none-eabi/lib/thumb/v7e-m/fpv4-sp/hard\libc_nano.a(lib_a-readr.o)
 .debug_frame   0x00003738       0x5c c:/program files (x86)/gnu tools arm embedded/7 2017-q4-major/bin/../lib/gcc/arm-none-eabi/7.2.1/../../../../arm-none-eabi/lib/thumb/v7e-m/fpv4-sp/hard\libc_nano.a(lib_a-reent.o)
 .debug_frame   0x00003794       0x2c c:/program files (x86)/gnu tools arm embedded/7 2017-q4-major/bin/../lib/gcc/arm-none-eabi/7.2.1/thumb/v7e-m/fpv4-sp/hard\libgcc.a(_aeabi_uldivmod.o)
 .debug_frame   0x000037c0       0x34 c:/program files (x86)/gnu tools arm embedded/7 2017-q4-major/bin/../lib/gcc/arm-none-eabi/7.2.1/thumb/v7e-m/fpv4-sp/hard\libgcc.a(_udivmoddi4.o)
 .debug_frame   0x000037f4       0x20 c:/program files (x86)/gnu tools arm embedded/7 2017-q4-major/bin/../lib/gcc/arm-none-eabi/7.2.1/../../../../arm-none-eabi/lib/thumb/v7e-m/fpv4-sp/hard\libnosys.a(close.o)
 .debug_frame   0x00003814       0x20 c:/program files (x86)/gnu tools arm embedded/7 2017-q4-major/bin/../lib/gcc/arm-none-eabi/7.2.1/../../../../arm-none-eabi/lib/thumb/v7e-m/fpv4-sp/hard\libnosys.a(fstat.o)
 .debug_frame   0x00003834       0x20 c:/program files (x86)/gnu tools arm embedded/7 2017-q4-major/bin/../lib/gcc/arm-none-eabi/7.2.1/../../../../arm-none-eabi/lib/thumb/v7e-m/fpv4-sp/hard\libnosys.a(isatty.o)
 .debug_frame   0x00003854       0x20 c:/program files (x86)/gnu tools arm embedded/7 2017-q4-major/bin/../lib/gcc/arm-none-eabi/7.2.1/../../../../arm-none-eabi/lib/thumb/v7e-m/fpv4-sp/hard\libnosys.a(lseek.o)
 .debug_frame   0x00003874       0x20 c:/program files (x86)/gnu tools arm embedded/7 2017-q4-major/bin/../lib/gcc/arm-none-eabi/7.2.1/../../../../arm-none-eabi/lib/thumb/v7e-m/fpv4-sp/hard\libnosys.a(read.o)
 .debug_frame   0x00003894       0x20 c:/program files (x86)/gnu tools arm embedded/7 2017-q4-major/bin/../lib/gcc/arm-none-eabi/7.2.1/../../../../arm-none-eabi/lib/thumb/v7e-m/fpv4-sp/hard\libnosys.a(sbrk.o)

.stab           0x00000000       0x84
 .stab          0x00000000       0x24 c:/program files (x86)/gnu tools arm embedded/7 2017-q4-major/bin/../lib/gcc/arm-none-eabi/7.2.1/../../../../arm-none-eabi/lib/thumb/v7e-m/fpv4-sp/hard\libnosys.a(close.o)
 .stab          0x00000024       0x18 c:/program files (x86)/gnu tools arm embedded/7 2017-q4-major/bin/../lib/gcc/arm-none-eabi/7.2.1/../../../../arm-none-eabi/lib/thumb/v7e-m/fpv4-sp/hard\libnosys.a(fstat.o)
                                 0x24 (size before relaxing)
 .stab          0x0000003c       0x18 c:/program files (x86)/gnu tools arm embedded/7 2017-q4-major/bin/../lib/gcc/arm-none-eabi/7.2.1/../../../../arm-none-eabi/lib/thumb/v7e-m/fpv4-sp/hard\libnosys.a(isatty.o)
                                 0x24 (size before relaxing)
 .stab          0x00000054       0x18 c:/program files (x86)/gnu tools arm embedded/7 2017-q4-major/bin/../lib/gcc/arm-none-eabi/7.2.1/../../../../arm-none-eabi/lib/thumb/v7e-m/fpv4-sp/hard\libnosys.a(lseek.o)
                                 0x24 (size before relaxing)
 .stab          0x0000006c       0x18 c:/program files (x86)/gnu tools arm embedded/7 2017-q4-major/bin/../lib/gcc/arm-none-eabi/7.2.1/../../../../arm-none-eabi/lib/thumb/v7e-m/fpv4-sp/hard\libnosys.a(read.o)
                                 0x24 (size before relaxing)

.stabstr        0x00000000      0x117
 .stabstr       0x00000000      0x117 c:/program files (x86)/gnu tools arm embedded/7 2017-q4-major/bin/../lib/gcc/arm-none-eabi/7.2.1/../../../../arm-none-eabi/lib/thumb/v7e-m/fpv4-sp/hard\libnosys.a(close.o)

Cross Reference Table

Symbol                                            File
ADC_IRQHandler                                    Build/startup_stm32f407xx.o
AHBPrescTable                                     Build/system_stm32f4xx.o
                                                  Build/stm32f4xx_hal_rcc.o
APBPrescTable                                     Build/system_stm32f4xx.o
                                                  Build/stm32f4xx_hal_rcc.o
BusFault_Handler                                  Build/stm32f4xx_it.o
CAN1_RX0_IRQHandler                               Build/startup_stm32f407xx.o
CAN1_RX1_IRQHandler                               Build/startup_stm32f407xx.o
CAN1_SCE_IRQHandler                               Build/startup_stm32f407xx.o
CAN1_TX_IRQHandler                                Build/startup_stm32f407xx.o
CAN2_RX0_IRQHandler                               Build/startup_stm32f407xx.o
CAN2_RX1_IRQHandler                               Build/startup_stm32f407xx.o
CAN2_SCE_IRQHandler                               Build/startup_stm32f407xx.o
CAN2_TX_IRQHandler                                Build/startup_stm32f407xx.o
DCMI_IRQHandler                                   Build/startup_stm32f407xx.o
DMA1_Stream0_IRQHandler                           Build/startup_stm32f407xx.o
DMA1_Stream1_IRQHandler                           Build/startup_stm32f407xx.o
DMA1_Stream2_IRQHandler                           Build/startup_stm32f407xx.o
DMA1_Stream3_IRQHandler                           Build/startup_stm32f407xx.o
DMA1_Stream4_IRQHandler                           Build/startup_stm32f407xx.o
DMA1_Stream5_IRQHandler                           Build/startup_stm32f407xx.o
DMA1_Stream6_IRQHandler                           Build/startup_stm32f407xx.o
DMA1_Stream7_IRQHandler                           Build/startup_stm32f407xx.o
DMA2_Stream0_IRQHandler                           Build/startup_stm32f407xx.o
DMA2_Stream1_IRQHandler                           Build/startup_stm32f407xx.o
DMA2_Stream2_IRQHandler                           Build/startup_stm32f407xx.o
DMA2_Stream3_IRQHandler                           Build/startup_stm32f407xx.o
DMA2_Stream4_IRQHandler                           Build/startup_stm32f407xx.o
DMA2_Stream5_IRQHandler                           Build/startup_stm32f407xx.o
DMA2_Stream6_IRQHandler                           Build/startup_stm32f407xx.o
DMA2_Stream7_IRQHandler                           Build/startup_stm32f407xx.o
DebugMon_Handler                                  Build/stm32f4xx_it.o
Default_Handler                                   Build/startup_stm32f407xx.o
ETH_IRQHandler                                    Build/startup_stm32f407xx.o
ETH_WKUP_IRQHandler                               Build/startup_stm32f407xx.o
EXTI0_IRQHandler                                  Build/stm32f4xx_it.o
EXTI15_10_IRQHandler                              Build/stm32f4xx_it.o
EXTI1_IRQHandler                                  Build/stm32f4xx_it.o
EXTI2_IRQHandler                                  Build/stm32f4xx_it.o
EXTI3_IRQHandler                                  Build/stm32f4xx_it.o
EXTI4_IRQHandler                                  Build/startup_stm32f407xx.o
EXTI9_5_IRQHandler                                Build/stm32f4xx_it.o
Error_Handler                                     Build/main.o
                                                  Build/usart.o
                                                  Build/tim.o
FLASH_Erase_Sector                                Build/stm32f4xx_hal_flash_ex.o
                                                  Build/stm32f4xx_hal_flash.o
FLASH_FlushCaches                                 Build/stm32f4xx_hal_flash_ex.o
                                                  Build/stm32f4xx_hal_flash.o
FLASH_IRQHandler                                  Build/startup_stm32f407xx.o
FLASH_WaitForLastOperation                        Build/stm32f4xx_hal_flash.o
                                                  Build/stm32f4xx_hal_flash_ex.o
FPU_IRQHandler                                    Build/startup_stm32f407xx.o
FSMC_IRQHandler                                   Build/startup_stm32f407xx.o
HAL_DBGMCU_DisableDBGSleepMode                    Build/stm32f4xx_hal.o
HAL_DBGMCU_DisableDBGStandbyMode                  Build/stm32f4xx_hal.o
HAL_DBGMCU_DisableDBGStopMode                     Build/stm32f4xx_hal.o
HAL_DBGMCU_EnableDBGSleepMode                     Build/stm32f4xx_hal.o
HAL_DBGMCU_EnableDBGStandbyMode                   Build/stm32f4xx_hal.o
HAL_DBGMCU_EnableDBGStopMode                      Build/stm32f4xx_hal.o
HAL_DMA_Abort                                     Build/stm32f4xx_hal_uart.o
                                                  Build/stm32f4xx_hal_tim.o
HAL_DMA_Abort_IT                                  Build/stm32f4xx_hal_uart.o
HAL_DMA_Start_IT                                  Build/stm32f4xx_hal_uart.o
                                                  Build/stm32f4xx_hal_tim_ex.o
                                                  Build/stm32f4xx_hal_tim.o
HAL_DeInit                                        Build/stm32f4xx_hal.o
HAL_Delay                                         Build/stm32f4xx_hal.o
HAL_DisableCompensationCell                       Build/stm32f4xx_hal.o
HAL_EnableCompensationCell                        Build/stm32f4xx_hal.o
HAL_FLASHEx_Erase                                 Build/stm32f4xx_hal_flash_ex.o
HAL_FLASHEx_Erase_IT                              Build/stm32f4xx_hal_flash_ex.o
HAL_FLASHEx_OBGetConfig                           Build/stm32f4xx_hal_flash_ex.o
HAL_FLASHEx_OBProgram                             Build/stm32f4xx_hal_flash_ex.o
HAL_FLASH_EndOfOperationCallback                  Build/stm32f4xx_hal_flash.o
HAL_FLASH_GetError                                Build/stm32f4xx_hal_flash.o
HAL_FLASH_IRQHandler                              Build/stm32f4xx_hal_flash.o
HAL_FLASH_Lock                                    Build/stm32f4xx_hal_flash.o
HAL_FLASH_OB_Launch                               Build/stm32f4xx_hal_flash.o
HAL_FLASH_OB_Lock                                 Build/stm32f4xx_hal_flash.o
HAL_FLASH_OB_Unlock                               Build/stm32f4xx_hal_flash.o
HAL_FLASH_OperationErrorCallback                  Build/stm32f4xx_hal_flash.o