Archive member included to satisfy reference by file (symbol)

c:/program files (x86)/gnu tools arm embedded/7 2017-q4-major/bin/../lib/gcc/arm-none-eabi/7.2.1/../../../../arm-none-eabi/lib/thumb/v7e-m/fpv4-sp/hard\libc_nano.a(lib_a-exit.o)
                              c:/program files (x86)/gnu tools arm embedded/7 2017-q4-major/bin/../lib/gcc/arm-none-eabi/7.2.1/../../../../arm-none-eabi/lib/thumb/v7e-m/fpv4-sp/hard/crt0.o (exit)
c:/program files (x86)/gnu tools arm embedded/7 2017-q4-major/bin/../lib/gcc/arm-none-eabi/7.2.1/../../../../arm-none-eabi/lib/thumb/v7e-m/fpv4-sp/hard\libc_nano.a(lib_a-impure.o)
                              c:/program files (x86)/gnu tools arm embedded/7 2017-q4-major/bin/../lib/gcc/arm-none-eabi/7.2.1/../../../../arm-none-eabi/lib/thumb/v7e-m/fpv4-sp/hard\libc_nano.a(lib_a-exit.o) (_global_impure_ptr)
c:/program files (x86)/gnu tools arm embedded/7 2017-q4-major/bin/../lib/gcc/arm-none-eabi/7.2.1/../../../../arm-none-eabi/lib/thumb/v7e-m/fpv4-sp/hard\libc_nano.a(lib_a-init.o)
                              c:/program files (x86)/gnu tools arm embedded/7 2017-q4-major/bin/../lib/gcc/arm-none-eabi/7.2.1/../../../../arm-none-eabi/lib/thumb/v7e-m/fpv4-sp/hard/crt0.o (__libc_init_array)
c:/program files (x86)/gnu tools arm embedded/7 2017-q4-major/bin/../lib/gcc/arm-none-eabi/7.2.1/../../../../arm-none-eabi/lib/thumb/v7e-m/fpv4-sp/hard\libc_nano.a(lib_a-memcpy-stub.o)
                              Build/queue.o (memcpy)
c:/program files (x86)/gnu tools arm embedded/7 2017-q4-major/bin/../lib/gcc/arm-none-eabi/7.2.1/../../../../arm-none-eabi/lib/thumb/v7e-m/fpv4-sp/hard\libc_nano.a(lib_a-memset.o)
                              c:/program files (x86)/gnu tools arm embedded/7 2017-q4-major/bin/../lib/gcc/arm-none-eabi/7.2.1/../../../../arm-none-eabi/lib/thumb/v7e-m/fpv4-sp/hard/crt0.o (memset)
c:/program files (x86)/gnu tools arm embedded/7 2017-q4-major/bin/../lib/gcc/arm-none-eabi/7.2.1/../../../../arm-none-eabi/lib/thumb/v7e-m/fpv4-sp/hard\libc_nano.a(lib_a-puts.o)
                              Build/robo_tasks.o (puts)
c:/program files (x86)/gnu tools arm embedded/7 2017-q4-major/bin/../lib/gcc/arm-none-eabi/7.2.1/../../../../arm-none-eabi/lib/thumb/v7e-m/fpv4-sp/hard\libc_nano.a(lib_a-wbuf.o)
                              c:/program files (x86)/gnu tools arm embedded/7 2017-q4-major/bin/../lib/gcc/arm-none-eabi/7.2.1/../../../../arm-none-eabi/lib/thumb/v7e-m/fpv4-sp/hard\libc_nano.a(lib_a-puts.o) (__swbuf_r)
c:/program files (x86)/gnu tools arm embedded/7 2017-q4-major/bin/../lib/gcc/arm-none-eabi/7.2.1/../../../../arm-none-eabi/lib/thumb/v7e-m/fpv4-sp/hard\libc_nano.a(lib_a-wsetup.o)
                              c:/program files (x86)/gnu tools arm embedded/7 2017-q4-major/bin/../lib/gcc/arm-none-eabi/7.2.1/../../../../arm-none-eabi/lib/thumb/v7e-m/fpv4-sp/hard\libc_nano.a(lib_a-puts.o) (__swsetup_r)
c:/program files (x86)/gnu tools arm embedded/7 2017-q4-major/bin/../lib/gcc/arm-none-eabi/7.2.1/../../../../arm-none-eabi/lib/thumb/v7e-m/fpv4-sp/hard\libc_nano.a(lib_a-fflush.o)
                              c:/program files (x86)/gnu tools arm embedded/7 2017-q4-major/bin/../lib/gcc/arm-none-eabi/7.2.1/../../../../arm-none-eabi/lib/thumb/v7e-m/fpv4-sp/hard\libc_nano.a(lib_a-wbuf.o) (_fflush_r)
c:/program files (x86)/gnu tools arm embedded/7 2017-q4-major/bin/../lib/gcc/arm-none-eabi/7.2.1/../../../../arm-none-eabi/lib/thumb/v7e-m/fpv4-sp/hard\libc_nano.a(lib_a-findfp.o)
                              c:/program files (x86)/gnu tools arm embedded/7 2017-q4-major/bin/../lib/gcc/arm-none-eabi/7.2.1/../../../../arm-none-eabi/lib/thumb/v7e-m/fpv4-sp/hard\libc_nano.a(lib_a-puts.o) (__sinit)
c:/program files (x86)/gnu tools arm embedded/7 2017-q4-major/bin/../lib/gcc/arm-none-eabi/7.2.1/../../../../arm-none-eabi/lib/thumb/v7e-m/fpv4-sp/hard\libc_nano.a(lib_a-fwalk.o)
                              c:/program files (x86)/gnu tools arm embedded/7 2017-q4-major/bin/../lib/gcc/arm-none-eabi/7.2.1/../../../../arm-none-eabi/lib/thumb/v7e-m/fpv4-sp/hard\libc_nano.a(lib_a-findfp.o) (_fwalk)
c:/program files (x86)/gnu tools arm embedded/7 2017-q4-major/bin/../lib/gcc/arm-none-eabi/7.2.1/../../../../arm-none-eabi/lib/thumb/v7e-m/fpv4-sp/hard\libc_nano.a(lib_a-makebuf.o)
                              c:/program files (x86)/gnu tools arm embedded/7 2017-q4-major/bin/../lib/gcc/arm-none-eabi/7.2.1/../../../../arm-none-eabi/lib/thumb/v7e-m/fpv4-sp/hard\libc_nano.a(lib_a-wsetup.o) (__smakebuf_r)
c:/program files (x86)/gnu tools arm embedded/7 2017-q4-major/bin/../lib/gcc/arm-none-eabi/7.2.1/../../../../arm-none-eabi/lib/thumb/v7e-m/fpv4-sp/hard\libc_nano.a(lib_a-nano-freer.o)
                              c:/program files (x86)/gnu tools arm embedded/7 2017-q4-major/bin/../lib/gcc/arm-none-eabi/7.2.1/../../../../arm-none-eabi/lib/thumb/v7e-m/fpv4-sp/hard\libc_nano.a(lib_a-wsetup.o) (_free_r)
[...]
Memory Configuration

Name             Origin             Length             Attributes
RAM              0x20000000         0x00020000         xrw
CCMRAM           0x10000000         0x00010000         rw
FLASH            0x08000000         0x00100000         xr
*default*        0x00000000         0xffffffff

Linker script and memory map

LOAD c:/program files (x86)/gnu tools arm embedded/7 2017-q4-major/bin/../lib/gcc/arm-none-eabi/7.2.1/thumb/v7e-m/fpv4-sp/hard/crti.o
LOAD c:/program files (x86)/gnu tools arm embedded/7 2017-q4-major/bin/../lib/gcc/arm-none-eabi/7.2.1/thumb/v7e-m/fpv4-sp/hard/crtbegin.o
LOAD c:/program files (x86)/gnu tools arm embedded/7 2017-q4-major/bin/../lib/gcc/arm-none-eabi/7.2.1/../../../../arm-none-eabi/lib/thumb/v7e-m/fpv4-sp/hard/crt0.o
LOAD Build/gpio.o
LOAD Build/tim.o
LOAD Build/usart.o
LOAD Build/freertos.o
LOAD Build/printf_config.o
LOAD Build/stm32f4xx_it.o
LOAD Build/stm32f4xx_hal_msp.o
LOAD Build/stm32f4xx_hal_timebase_tim.o
LOAD Build/system_stm32f4xx.o
LOAD Build/stm32f4xx_hal_tim.o
LOAD Build/stm32f4xx_hal_tim_ex.o
LOAD Build/stm32f4xx_hal_uart.o
LOAD Build/stm32f4xx_hal_rcc.o
LOAD Build/stm32f4xx_hal_rcc_ex.o
LOAD Build/stm32f4xx_hal_flash.o
LOAD Build/stm32f4xx_hal_flash_ex.o
LOAD Build/stm32f4xx_hal_flash_ramfunc.o
LOAD Build/stm32f4xx_hal_gpio.o
LOAD Build/stm32f4xx_hal_pwr.o
LOAD Build/stm32f4xx_hal_pwr_ex.o
LOAD Build/stm32f4xx_hal_cortex.o
LOAD Build/stm32f4xx_hal.o
LOAD Build/croutine.o
LOAD Build/event_groups.o
LOAD Build/list.o
LOAD Build/queue.o
LOAD Build/tasks.o
LOAD Build/timers.o
LOAD Build/cmsis_os.o
LOAD Build/port.o
LOAD Build/startup_stm32f407xx.o
LOAD Build/robo_tasks.o
LOAD Build/main.o
LOAD c:/program files (x86)/gnu tools arm embedded/7 2017-q4-major/bin/../lib/gcc/arm-none-eabi/7.2.1/../../../../arm-none-eabi/lib/thumb/v7e-m/fpv4-sp/hard\libnosys.a
LOAD c:/program files (x86)/gnu tools arm embedded/7 2017-q4-major/bin/../lib/gcc/arm-none-eabi/7.2.1/../../../../arm-none-eabi/lib/thumb/v7e-m/fpv4-sp/hard\libstdc++_nano.a
LOAD c:/program files (x86)/gnu tools arm embedded/7 2017-q4-major/bin/../lib/gcc/arm-none-eabi/7.2.1/../../../../arm-none-eabi/lib/thumb/v7e-m/fpv4-sp/hard\libm.a
LOAD c:/program files (x86)/gnu tools arm embedded/7 2017-q4-major/bin/../lib/gcc/arm-none-eabi/7.2.1/../../../../arm-none-eabi/lib/thumb/v7e-m/fpv4-sp/hard\libc_nano.a
START GROUP
LOAD c:/program files (x86)/gnu tools arm embedded/7 2017-q4-major/bin/../lib/gcc/arm-none-eabi/7.2.1/thumb/v7e-m/fpv4-sp/hard\libgcc.a
LOAD c:/program files (x86)/gnu tools arm embedded/7 2017-q4-major/bin/../lib/gcc/arm-none-eabi/7.2.1/../../../../arm-none-eabi/lib/thumb/v7e-m/fpv4-sp/hard\libc_nano.a
END GROUP
START GROUP
LOAD c:/program files (x86)/gnu tools arm embedded/7 2017-q4-major/bin/../lib/gcc/arm-none-eabi/7.2.1/thumb/v7e-m/fpv4-sp/hard\libgcc.a
LOAD c:/program files (x86)/gnu tools arm embedded/7 2017-q4-major/bin/../lib/gcc/arm-none-eabi/7.2.1/../../../../arm-none-eabi/lib/thumb/v7e-m/fpv4-sp/hard\libc_nano.a
LOAD c:/program files (x86)/gnu tools arm embedded/7 2017-q4-major/bin/../lib/gcc/arm-none-eabi/7.2.1/../../../../arm-none-eabi/lib/thumb/v7e-m/fpv4-sp/hard\libnosys.a
END GROUP
START GROUP
LOAD c:/program files (x86)/gnu tools arm embedded/7 2017-q4-major/bin/../lib/gcc/arm-none-eabi/7.2.1/thumb/v7e-m/fpv4-sp/hard\libgcc.a
LOAD c:/program files (x86)/gnu tools arm embedded/7 2017-q4-major/bin/../lib/gcc/arm-none-eabi/7.2.1/../../../../arm-none-eabi/lib/thumb/v7e-m/fpv4-sp/hard\libc_nano.a
LOAD c:/program files (x86)/gnu tools arm embedded/7 2017-q4-major/bin/../lib/gcc/arm-none-eabi/7.2.1/../../../../arm-none-eabi/lib/thumb/v7e-m/fpv4-sp/hard\libnosys.a
END GROUP
LOAD c:/program files (x86)/gnu tools arm embedded/7 2017-q4-major/bin/../lib/gcc/arm-none-eabi/7.2.1/thumb/v7e-m/fpv4-sp/hard/crtend.o
LOAD c:/program files (x86)/gnu tools arm embedded/7 2017-q4-major/bin/../lib/gcc/arm-none-eabi/7.2.1/thumb/v7e-m/fpv4-sp/hard/crtn.o
                0x20020000                _estack = 0x20020000
                0x00000200                _Min_Heap_Size = 0x200
                0x00006000                _Min_Stack_Size = 0x6000

.isr_vector     0x08000000      0x188
                0x08000000                . = ALIGN (0x4)
 *(.isr_vector)
 .isr_vector    0x08000000      0x188 Build/startup_stm32f407xx.o
                0x08000000                g_pfnVectors
                0x08000188                . = ALIGN (0x4)

.text           0x08000190     0x426c
                0x08000190                . = ALIGN (0x4)
 *(.text)
 .text          0x08000190       0x40 c:/program files (x86)/gnu tools arm embedded/7 2017-q4-major/bin/../lib/gcc/arm-none-eabi/7.2.1/thumb/v7e-m/fpv4-sp/hard/crtbegin.o
 .text          0x080001d0       0x30 c:/program files (x86)/gnu tools arm embedded/7 2017-q4-major/bin/../lib/gcc/arm-none-eabi/7.2.1/thumb/v7e-m/fpv4-sp/hard\libgcc.a(_aeabi_uldivmod.o)
                0x080001d0                __aeabi_uldivmod
 .text          0x08000200      0x2cc c:/program files (x86)/gnu tools arm embedded/7 2017-q4-major/bin/../lib/gcc/arm-none-eabi/7.2.1/thumb/v7e-m/fpv4-sp/hard\libgcc.a(_udivmoddi4.o)
                0x08000200                __udivmoddi4
 .text          0x080004cc        0x4 c:/program files (x86)/gnu tools arm embedded/7 2017-q4-major/bin/../lib/gcc/arm-none-eabi/7.2.1/thumb/v7e-m/fpv4-sp/hard\libgcc.a(_dvmd_tls.o)
                0x080004cc                __aeabi_idiv0
                0x080004cc                __aeabi_ldiv0
 *(.text*)
 .text.MX_GPIO_Init
                0x080004d0      0x260 Build/gpio.o
                0x080004d0                MX_GPIO_Init
 .text.MX_TIM1_Init
                0x08000730       0x64 Build/tim.o
                0x08000730                MX_TIM1_Init
 .text.MX_TIM2_Init
                0x08000794       0x60 Build/tim.o
                0x08000794                MX_TIM2_Init
 .text.MX_TIM3_Init
                0x080007f4       0x60 Build/tim.o
                0x080007f4                MX_TIM3_Init
 .text.MX_TIM4_Init
                0x08000854       0x64 Build/tim.o
                0x08000854                MX_TIM4_Init
 .text.HAL_TIM_Encoder_MspInit
                0x080008b8      0x180 Build/tim.o
                0x080008b8                HAL_TIM_Encoder_MspInit
 .text.HAL_TIM_PWM_MspInit
                0x08000a38       0x68 Build/tim.o
                0x08000a38                HAL_TIM_PWM_MspInit
 .text.HAL_TIM_MspPostInit
                0x08000aa0       0x94 Build/tim.o
                0x08000aa0                HAL_TIM_MspPostInit
 .text.MX_TIM5_Init
                0x08000b34       0x7c Build/tim.o
                0x08000b34                MX_TIM5_Init
 .text.MX_TIM8_Init
                0x08000bb0       0xf4 Build/tim.o
                0x08000bb0                MX_TIM8_Init
 .text.MX_USART3_UART_Init
                0x08000ca4       0x34 Build/usart.o
                0x08000ca4                MX_USART3_UART_Init
 .text.HAL_UART_MspInit
                0x08000cd8       0x74 Build/usart.o
                0x08000cd8                HAL_UART_MspInit
 .text.vApplicationGetIdleTaskMemory
                0x08000d4c       0x18 Build/freertos.o
                0x08000d4c                vApplicationGetIdleTaskMemory
 .text.MX_FREERTOS_Init
                0x08000d64       0x94 Build/freertos.o
                0x08000d64                MX_FREERTOS_Init
 .text.ITM_SendString
                0x08000df8       0x4e Build/printf_config.o
                0x08000df8                ITM_SendString
 .text._write   0x08000e46        0xc Build/printf_config.o
                0x08000e46                _write
 .text.NMI_Handler
                0x08000e52        0x2 Build/stm32f4xx_it.o
                0x08000e52                NMI_Handler
 .text.HardFault_Handler
                0x08000e54        0x2 Build/stm32f4xx_it.o
                0x08000e54                HardFault_Handler
 .text.MemManage_Handler
                0x08000e56        0x2 Build/stm32f4xx_it.o
                0x08000e56                MemManage_Handler
 .text.BusFault_Handler
                0x08000e58        0x2 Build/stm32f4xx_it.o
                0x08000e58                BusFault_Handler
 .text.UsageFault_Handler
                0x08000e5a        0x2 Build/stm32f4xx_it.o
                0x08000e5a                UsageFault_Handler
 .text.DebugMon_Handler
                0x08000e5c        0x2 Build/stm32f4xx_it.o
                0x08000e5c                DebugMon_Handler
 .text.EXTI0_IRQHandler
                0x08000e5e        0xa Build/stm32f4xx_it.o
                0x08000e5e                EXTI0_IRQHandler
 .text.EXTI1_IRQHandler
                0x08000e68        0xa Build/stm32f4xx_it.o
                0x08000e68                EXTI1_IRQHandler
 .text.EXTI2_IRQHandler
                0x08000e72        0xa Build/stm32f4xx_it.o
                0x08000e72                EXTI2_IRQHandler
 .text.EXTI3_IRQHandler
                0x08000e7c        0xa Build/stm32f4xx_it.o
                0x08000e7c                EXTI3_IRQHandler
 .text.EXTI9_5_IRQHandler
                0x08000e86       0x18 Build/stm32f4xx_it.o
                0x08000e86                EXTI9_5_IRQHandler
 .text.EXTI15_10_IRQHandler
                0x08000e9e       0x24 Build/stm32f4xx_it.o
                0x08000e9e                EXTI15_10_IRQHandler
 *fill*         0x08000ec2        0x2 
 .text.TIM8_TRG_COM_TIM14_IRQHandler
                0x08000ec4       0x18 Build/stm32f4xx_it.o
                0x08000ec4                TIM8_TRG_COM_TIM14_IRQHandler
 .text.HAL_MspInit
                0x08000edc       0x44 Build/stm32f4xx_hal_msp.o
                0x08000edc                HAL_MspInit
 .text.HAL_InitTick
                0x08000f20       0x7c Build/stm32f4xx_hal_timebase_tim.o
                0x08000f20                HAL_InitTick
 .text.SystemInit
                0x08000f9c       0x4c Build/system_stm32f4xx.o
                0x08000f9c                SystemInit
 .text.TIM_OC1_SetConfig
                0x08000fe8       0x5c Build/stm32f4xx_hal_tim.o
 .text.TIM_OC3_SetConfig
                0x08001044       0xb0 Build/stm32f4xx_hal_tim.o
 .text.TIM_OC4_SetConfig
                0x080010f4       0x74 Build/stm32f4xx_hal_tim.o
 .text.HAL_TIM_Base_MspInit
                0x08001168        0x2 Build/stm32f4xx_hal_tim.o
                0x08001168                HAL_TIM_Base_MspInit
 *fill*         0x0800116a        0x2 
 .text.HAL_TIM_Base_Start_IT
                0x0800116c       0x9c Build/stm32f4xx_hal_tim.o
                0x0800116c                HAL_TIM_Base_Start_IT
 .text.HAL_TIM_OC_DelayElapsedCallback
                0x08001208        0x2 Build/stm32f4xx_hal_tim.o
                0x08001208                HAL_TIM_OC_DelayElapsedCallback
 .text.HAL_TIM_IC_CaptureCallback
                0x0800120a        0x2 Build/stm32f4xx_hal_tim.o
                0x0800120a                HAL_TIM_IC_CaptureCallback
 .text.HAL_TIM_PWM_PulseFinishedCallback
                0x0800120c        0x2 Build/stm32f4xx_hal_tim.o
                0x0800120c                HAL_TIM_PWM_PulseFinishedCallback
 .text.HAL_TIM_TriggerCallback
                0x0800120e        0x2 Build/stm32f4xx_hal_tim.o
                0x0800120e                HAL_TIM_TriggerCallback
 .text.HAL_TIM_IRQHandler
                0x08001210      0x17a Build/stm32f4xx_hal_tim.o
                0x08001210                HAL_TIM_IRQHandler
 *fill*         0x0800138a        0x2 
 .text.TIM_Base_SetConfig
                0x0800138c       0xc0 Build/stm32f4xx_hal_tim.o
                0x0800138c                TIM_Base_SetConfig
 .text.HAL_TIM_Base_Init
                0x0800144c       0xec Build/stm32f4xx_hal_tim.o
                0x0800144c                HAL_TIM_Base_Init
 .text.HAL_TIM_PWM_Init
                0x08001538       0xf4 Build/stm32f4xx_hal_tim.o
                0x08001538                HAL_TIM_PWM_Init
 .text.HAL_TIM_Encoder_Init
                0x0800162c      0x1b4 Build/stm32f4xx_hal_tim.o
                0x0800162c                HAL_TIM_Encoder_Init
 .text.TIM_OC2_SetConfig
                0x080017e0       0x84 Build/stm32f4xx_hal_tim.o
                0x080017e0                TIM_OC2_SetConfig
 .text.HAL_TIM_PWM_ConfigChannel
                0x08001864      0x278 Build/stm32f4xx_hal_tim.o
                0x08001864                HAL_TIM_PWM_ConfigChannel
 .text.HAL_TIMEx_MasterConfigSynchronization
                0x08001adc       0xe4 Build/stm32f4xx_hal_tim_ex.o
                0x08001adc                HAL_TIMEx_MasterConfigSynchronization
 .text.HAL_TIMEx_ConfigBreakDeadTime
                0x08001bc0      0x128 Build/stm32f4xx_hal_tim_ex.o
                0x08001bc0                HAL_TIMEx_ConfigBreakDeadTime
 .text.HAL_TIMEx_CommutationCallback
                0x08001ce8        0x2 Build/stm32f4xx_hal_tim_ex.o
                0x08001ce8                HAL_TIMEx_CommutationCallback
 .text.HAL_TIMEx_BreakCallback
                0x08001cea        0x2 Build/stm32f4xx_hal_tim_ex.o
                0x08001cea                HAL_TIMEx_BreakCallback
 .text.UART_SetConfig
                0x08001cec      0x3a0 Build/stm32f4xx_hal_uart.o
 .text.HAL_UART_Init
                0x0800208c      0x128 Build/stm32f4xx_hal_uart.o
                0x0800208c                HAL_UART_Init
 .text.HAL_RCC_OscConfig
                0x080021b4      0x4a0 Build/stm32f4xx_hal_rcc.o
                0x080021b4                HAL_RCC_OscConfig
 .text.HAL_RCC_GetSysClockFreq
                0x08002654       0xd8 Build/stm32f4xx_hal_rcc.o
                0x08002654                HAL_RCC_GetSysClockFreq
 .text.HAL_RCC_ClockConfig
                0x0800272c      0x214 Build/stm32f4xx_hal_rcc.o
                0x0800272c                HAL_RCC_ClockConfig
 .text.HAL_RCC_GetHCLKFreq
                0x08002940        0xc Build/stm32f4xx_hal_rcc.o
                0x08002940                HAL_RCC_GetHCLKFreq
 .text.HAL_RCC_GetPCLK1Freq
                0x0800294c       0x20 Build/stm32f4xx_hal_rcc.o
                0x0800294c                HAL_RCC_GetPCLK1Freq
 .text.HAL_RCC_GetPCLK2Freq
                0x0800296c       0x20 Build/stm32f4xx_hal_rcc.o
                0x0800296c                HAL_RCC_GetPCLK2Freq
 .text.HAL_RCC_GetClockConfig
                0x0800298c       0x3c Build/stm32f4xx_hal_rcc.o
                0x0800298c                HAL_RCC_GetClockConfig
 .text.HAL_GPIO_Init
                0x080029c8      0x2fc Build/stm32f4xx_hal_gpio.o
                0x080029c8                HAL_GPIO_Init
 .text.HAL_GPIO_WritePin
                0x08002cc4       0x38 Build/stm32f4xx_hal_gpio.o
                0x08002cc4                HAL_GPIO_WritePin
 .text.HAL_GPIO_EXTI_Callback
                0x08002cfc        0x2 Build/stm32f4xx_hal_gpio.o
                0x08002cfc                HAL_GPIO_EXTI_Callback
 *fill*         0x08002cfe        0x2 
 .text.HAL_GPIO_EXTI_IRQHandler
                0x08002d00       0x1c Build/stm32f4xx_hal_gpio.o
                0x08002d00                HAL_GPIO_EXTI_IRQHandler
 .text.HAL_NVIC_SetPriorityGrouping
                0x08002d1c       0x3c Build/stm32f4xx_hal_cortex.o
                0x08002d1c                HAL_NVIC_SetPriorityGrouping
 .text.HAL_NVIC_SetPriority
                0x08002d58       0x8c Build/stm32f4xx_hal_cortex.o
                0x08002d58                HAL_NVIC_SetPriority
 .text.HAL_NVIC_EnableIRQ
                0x08002de4       0x2c Build/stm32f4xx_hal_cortex.o
                0x08002de4                HAL_NVIC_EnableIRQ
 .text.HAL_Init
                0x08002e10       0x34 Build/stm32f4xx_hal.o
                0x08002e10                HAL_Init
 .text.HAL_IncTick
                0x08002e44       0x18 Build/stm32f4xx_hal.o
                0x08002e44                HAL_IncTick
 .text.HAL_GetTick
                0x08002e5c        0xc Build/stm32f4xx_hal.o
                0x08002e5c                HAL_GetTick
 .text.vListInitialise
                0x08002e68       0x16 Build/list.o
                0x08002e68                vListInitialise
 .text.vListInitialiseItem
                0x08002e7e        0x6 Build/list.o
                0x08002e7e                vListInitialiseItem
 .text.vListInsertEnd
                0x08002e84       0x18 Build/list.o
                0x08002e84                vListInsertEnd
 .text.vListInsert
                0x08002e9c       0x34 Build/list.o
                0x08002e9c                vListInsert
 .text.uxListRemove
                0x08002ed0       0x26 Build/list.o
                0x08002ed0                uxListRemove
 *fill*         0x08002ef6        0x2 
 .text.prvResetNextTaskUnblockTime
                0x08002ef8       0x2c Build/tasks.o
 .text.prvInitialiseNewTask
                0x08002f24       0x80 Build/tasks.o
 .text.prvInitialiseTaskLists
                0x08002fa4       0x68 Build/tasks.o
 .text.prvAddNewTaskToReadyList
                0x0800300c       0xa8 Build/tasks.o
 .text.prvAddCurrentTaskToDelayedList
                0x080030b4       0x98 Build/tasks.o
 .text.xTaskCreateStatic
                0x0800314c       0x50 Build/tasks.o
                0x0800314c                xTaskCreateStatic
 .text.vTaskStartScheduler
                0x0800319c       0x6c Build/tasks.o
                0x0800319c                vTaskStartScheduler
 .text.vTaskSuspendAll
                0x08003208       0x10 Build/tasks.o
                0x08003208                vTaskSuspendAll
 .text.xTaskIncrementTick
                0x08003218      0x118 Build/tasks.o
                0x08003218                xTaskIncrementTick
 .text.xTaskResumeAll
                0x08003330       0xf4 Build/tasks.o
                0x08003330                xTaskResumeAll
 .text.vTaskDelay
                0x08003424       0x4c Build/tasks.o
                0x08003424                vTaskDelay
 .text.prvCheckTasksWaitingTermination
                0x08003470       0x54 Build/tasks.o
 .text.prvIdleTask
                0x080034c4       0x28 Build/tasks.o
 .text.vTaskSwitchContext
                0x080034ec       0x98 Build/tasks.o
                0x080034ec                vTaskSwitchContext
 .text.makeFreeRtosPriority
                0x08003584        0xc Build/cmsis_os.o
 .text.osKernelStart
                0x08003590        0xa Build/cmsis_os.o
                0x08003590                osKernelStart
 .text.osThreadCreate
                0x0800359a       0x34 Build/cmsis_os.o
                0x0800359a                osThreadCreate
 .text.osDelay  0x080035ce       0x12 Build/cmsis_os.o
                0x080035ce                osDelay
 .text.prvTaskExitError
                0x080035e0       0x34 Build/port.o
 .text.prvPortStartFirstTask
                0x08003614       0x20 Build/port.o
 .text.vPortEnableVFP
                0x08003634       0x14 Build/port.o
 .text.pxPortInitialiseStack
                0x08003648       0x2c Build/port.o
                0x08003648                pxPortInitialiseStack
 *fill*         0x08003674        0xc 
 .text.SVC_Handler
                0x08003680       0x24 Build/port.o
                0x08003680                SVC_Handler
 .text.vPortEnterCritical
                0x080036a4       0x44 Build/port.o
                0x080036a4                vPortEnterCritical
 .text.vPortExitCritical
                0x080036e8       0x2c Build/port.o
                0x080036e8                vPortExitCritical
 *fill*         0x08003714        0xc 
 .text.PendSV_Handler
                0x08003720       0x64 Build/port.o
                0x08003720                PendSV_Handler
 .text.SysTick_Handler
                0x08003784       0x2c Build/port.o
                0x08003784                SysTick_Handler
 .text.vPortSetupTimerInterrupt
                0x080037b0       0x2c Build/port.o
                0x080037b0                vPortSetupTimerInterrupt
 .text.xPortStartScheduler
                0x080037dc       0xec Build/port.o
                0x080037dc                xPortStartScheduler
 .text.Reset_Handler
                0x080038c8       0x50 Build/startup_stm32f407xx.o
                0x080038c8                Reset_Handler
 .text.Default_Handler
                0x08003918        0x2 Build/startup_stm32f407xx.o
                0x08003918                RTC_Alarm_IRQHandler
                0x08003918                HASH_RNG_IRQHandler
                0x08003918                TIM8_CC_IRQHandler
                0x08003918                TIM1_CC_IRQHandler
                0x08003918                DMA2_Stream5_IRQHandler
                0x08003918                DMA1_Stream5_IRQHandler
                0x08003918                PVD_IRQHandler
                0x08003918                SDIO_IRQHandler
                0x08003918                TAMP_STAMP_IRQHandler
                0x08003918                CAN2_RX1_IRQHandler
                0x08003918                TIM1_UP_TIM10_IRQHandler
                0x08003918                TIM8_UP_TIM13_IRQHandler
                0x08003918                I2C3_ER_IRQHandler
                0x08003918                I2C2_EV_IRQHandler
                0x08003918                DMA1_Stream2_IRQHandler
                0x08003918                CAN1_RX0_IRQHandler
                0x08003918                FPU_IRQHandler
                0x08003918                OTG_HS_WKUP_IRQHandler
                0x08003918                CAN2_SCE_IRQHandler
                0x08003918                DMA2_Stream2_IRQHandler
                0x08003918                SPI1_IRQHandler
                0x08003918                TIM6_DAC_IRQHandler
                0x08003918                TIM1_BRK_TIM9_IRQHandler
                0x08003918                DCMI_IRQHandler
                0x08003918                CAN2_RX0_IRQHandler
                0x08003918                DMA2_Stream3_IRQHandler
                0x08003918                USART6_IRQHandler
                0x08003918                USART3_IRQHandler
                0x08003918                CAN1_RX1_IRQHandler
                0x08003918                UART5_IRQHandler
                0x08003918                DMA2_Stream0_IRQHandler
                0x08003918                TIM4_IRQHandler
                0x08003918                I2C1_EV_IRQHandler
                0x08003918                DMA1_Stream6_IRQHandler
                0x08003918                DMA1_Stream1_IRQHandler
                0x08003918                UART4_IRQHandler
                0x08003918                TIM3_IRQHandler
                0x08003918                RCC_IRQHandler
                0x08003918                TIM8_BRK_TIM12_IRQHandler
                0x08003918                Default_Handler
                0x08003918                ADC_IRQHandler
                0x08003918                DMA1_Stream7_IRQHandler
                0x08003918                TIM7_IRQHandler
                0x08003918                CAN2_TX_IRQHandler
                0x08003918                TIM5_IRQHandler
                0x08003918                DMA2_Stream7_IRQHandler
                0x08003918                I2C3_EV_IRQHandler
                0x08003918                RTC_WKUP_IRQHandler
                0x08003918                ETH_WKUP_IRQHandler
                0x08003918                SPI2_IRQHandler
                0x08003918                OTG_HS_EP1_IN_IRQHandler
                0x08003918                DMA1_Stream0_IRQHandler
                0x08003918                CAN1_TX_IRQHandler
                0x08003918                EXTI4_IRQHandler
                0x08003918                FSMC_IRQHandler
                0x08003918                ETH_IRQHandler
                0x08003918                OTG_HS_EP1_OUT_IRQHandler
                0x08003918                WWDG_IRQHandler
                0x08003918                TIM2_IRQHandler
                0x08003918                OTG_FS_WKUP_IRQHandler
                0x08003918                TIM1_TRG_COM_TIM11_IRQHandler
                0x08003918                OTG_HS_IRQHandler
                0x08003918                USART2_IRQHandler
                0x08003918                I2C2_ER_IRQHandler
                0x08003918                DMA2_Stream1_IRQHandler
                0x08003918                CAN1_SCE_IRQHandler
                0x08003918                FLASH_IRQHandler
                0x08003918                DMA2_Stream4_IRQHandler
                0x08003918                USART1_IRQHandler
                0x08003918                OTG_FS_IRQHandler
                0x08003918                SPI3_IRQHandler
                0x08003918                DMA1_Stream4_IRQHandler
                0x08003918                I2C1_ER_IRQHandler
                0x08003918                DMA2_Stream6_IRQHandler
                0x08003918                DMA1_Stream3_IRQHandler
 *fill*         0x0800391a        0x2 
 .text.StartDefaultTask
                0x0800391c       0x14 Build/robo_tasks.o
                0x0800391c                StartDefaultTask
 .text.MotorThread
                0x08003930       0x14 Build/robo_tasks.o
                0x08003930                MotorThread
 .text.PneumaticThread
                0x08003944       0x14 Build/robo_tasks.o
                0x08003944                PneumaticThread
 .text.MovingMassThread
                0x08003958       0x14 Build/robo_tasks.o
                0x08003958                MovingMassThread
 .text._Z18SystemClock_Configv
                0x0800396c       0x94 Build/main.o
                0x0800396c                SystemClock_Config()
 .text.main     0x08003a00       0x34 Build/main.o
                0x08003a00                main
 .text.HAL_TIM_PeriodElapsedCallback
                0x08003a34       0x18 Build/main.o
                0x08003a34                HAL_TIM_PeriodElapsedCallback
 .text.Error_Handler
                0x08003a4c        0x2 Build/main.o
                0x08003a4c                Error_Handler
 .text.assert_failed
                0x08003a4e        0x2 Build/main.o
                0x08003a4e                assert_failed
 .text.__libc_init_array
                0x08003a50       0x48 c:/program files (x86)/gnu tools arm embedded/7 2017-q4-major/bin/../lib/gcc/arm-none-eabi/7.2.1/../../../../arm-none-eabi/lib/thumb/v7e-m/fpv4-sp/hard\libc_nano.a(lib_a-init.o)
                0x08003a50                __libc_init_array
 .text.memset   0x08003a98       0x10 c:/program files (x86)/gnu tools arm embedded/7 2017-q4-major/bin/../lib/gcc/arm-none-eabi/7.2.1/../../../../arm-none-eabi/lib/thumb/v7e-m/fpv4-sp/hard\libc_nano.a(lib_a-memset.o)
                0x08003a98                memset
 .text._puts_r  0x08003aa8       0xb8 c:/program files (x86)/gnu tools arm embedded/7 2017-q4-major/bin/../lib/gcc/arm-none-eabi/7.2.1/../../../../arm-none-eabi/lib/thumb/v7e-m/fpv4-sp/hard\libc_nano.a(lib_a-puts.o)
                0x08003aa8                _puts_r
 .text.puts     0x08003b60       0x10 c:/program files (x86)/gnu tools arm embedded/7 2017-q4-major/bin/../lib/gcc/arm-none-eabi/7.2.1/../../../../arm-none-eabi/lib/thumb/v7e-m/fpv4-sp/hard\libc_nano.a(lib_a-puts.o)
                0x08003b60                puts
 .text.__swbuf_r
                0x08003b70       0xa4 c:/program files (x86)/gnu tools arm embedded/7 2017-q4-major/bin/../lib/gcc/arm-none-eabi/7.2.1/../../../../arm-none-eabi/lib/thumb/v7e-m/fpv4-sp/hard\libc_nano.a(lib_a-wbuf.o)
                0x08003b70                __swbuf_r
 .text.__swsetup_r
                0x08003c14       0xdc c:/program files (x86)/gnu tools arm embedded/7 2017-q4-major/bin/../lib/gcc/arm-none-eabi/7.2.1/../../../../arm-none-eabi/lib/thumb/v7e-m/fpv4-sp/hard\libc_nano.a(lib_a-wsetup.o)
                0x08003c14                __swsetup_r
 .text.__sflush_r
                0x08003cf0      0x10c c:/program files (x86)/gnu tools arm embedded/7 2017-q4-major/bin/../lib/gcc/arm-none-eabi/7.2.1/../../../../arm-none-eabi/lib/thumb/v7e-m/fpv4-sp/hard\libc_nano.a(lib_a-fflush.o)
                0x08003cf0                __sflush_r
 .text._fflush_r
                0x08003dfc       0x54 c:/program files (x86)/gnu tools arm embedded/7 2017-q4-major/bin/../lib/gcc/arm-none-eabi/7.2.1/../../../../arm-none-eabi/lib/thumb/v7e-m/fpv4-sp/hard\libc_nano.a(lib_a-fflush.o)
                0x08003dfc                _fflush_r
 .text.std      0x08003e50       0x48 c:/program files (x86)/gnu tools arm embedded/7 2017-q4-major/bin/../lib/gcc/arm-none-eabi/7.2.1/../../../../arm-none-eabi/lib/thumb/v7e-m/fpv4-sp/hard\libc_nano.a(lib_a-findfp.o)
 .text._cleanup_r
                0x08003e98        0xc c:/program files (x86)/gnu tools arm embedded/7 2017-q4-major/bin/../lib/gcc/arm-none-eabi/7.2.1/../../../../arm-none-eabi/lib/thumb/v7e-m/fpv4-sp/hard\libc_nano.a(lib_a-findfp.o)
                0x08003e98                _cleanup_r
 .text.__sfmoreglue
                0x08003ea4       0x2c c:/program files (x86)/gnu tools arm embedded/7 2017-q4-major/bin/../lib/gcc/arm-none-eabi/7.2.1/../../../../arm-none-eabi/lib/thumb/v7e-m/fpv4-sp/hard\libc_nano.a(lib_a-findfp.o)
                0x08003ea4                __sfmoreglue
 .text.__sinit  0x08003ed0       0x60 c:/program files (x86)/gnu tools arm embedded/7 2017-q4-major/bin/../lib/gcc/arm-none-eabi/7.2.1/../../../../arm-none-eabi/lib/thumb/v7e-m/fpv4-sp/hard\libc_nano.a(lib_a-findfp.o)
                0x08003ed0                __sinit
 .text.__sfp    0x08003f30       0x78 c:/program files (x86)/gnu tools arm embedded/7 2017-q4-major/bin/../lib/gcc/arm-none-eabi/7.2.1/../../../../arm-none-eabi/lib/thumb/v7e-m/fpv4-sp/hard\libc_nano.a(lib_a-findfp.o)
                0x08003f30                __sfp
 .text._fwalk_reent
                0x08003fa8       0x3c c:/program files (x86)/gnu tools arm embedded/7 2017-q4-major/bin/../lib/gcc/arm-none-eabi/7.2.1/../../../../arm-none-eabi/lib/thumb/v7e-m/fpv4-sp/hard\libc_nano.a(lib_a-fwalk.o)
                0x08003fa8                _fwalk_reent
 .text.__swhatbuf_r
                0x08003fe4       0x48 c:/program files (x86)/gnu tools arm embedded/7 2017-q4-major/bin/../lib/gcc/arm-none-eabi/7.2.1/../../../../arm-none-eabi/lib/thumb/v7e-m/fpv4-sp/hard\libc_nano.a(lib_a-makebuf.o)
                0x08003fe4                __swhatbuf_r
 .text.__smakebuf_r
                0x0800402c       0x80 c:/program files (x86)/gnu tools arm embedded/7 2017-q4-major/bin/../lib/gcc/arm-none-eabi/7.2.1/../../../../arm-none-eabi/lib/thumb/v7e-m/fpv4-sp/hard\libc_nano.a(lib_a-makebuf.o)
                0x0800402c                __smakebuf_r
 .text._free_r  0x080040ac       0x9c c:/program files (x86)/gnu tools arm embedded/7 2017-q4-major/bin/../lib/gcc/arm-none-eabi/7.2.1/../../../../arm-none-eabi/lib/thumb/v7e-m/fpv4-sp/hard\libc_nano.a(lib_a-nano-freer.o)
                0x080040ac                _free_r
 .text._malloc_r
                0x08004148       0xb4 c:/program files (x86)/gnu tools arm embedded/7 2017-q4-major/bin/../lib/gcc/arm-none-eabi/7.2.1/../../../../arm-none-eabi/lib/thumb/v7e-m/fpv4-sp/hard\libc_nano.a(lib_a-nano-mallocr.o)
                0x08004148                _malloc_r
 .text._sbrk_r  0x080041fc       0x20 c:/program files (x86)/gnu tools arm embedded/7 2017-q4-major/bin/../lib/gcc/arm-none-eabi/7.2.1/../../../../arm-none-eabi/lib/thumb/v7e-m/fpv4-sp/hard\libc_nano.a(lib_a-sbrkr.o)
                0x080041fc                _sbrk_r
 .text.__sread  0x0800421c       0x22 c:/program files (x86)/gnu tools arm embedded/7 2017-q4-major/bin/../lib/gcc/arm-none-eabi/7.2.1/../../../../arm-none-eabi/lib/thumb/v7e-m/fpv4-sp/hard\libc_nano.a(lib_a-stdio.o)
                0x0800421c                __sread
 .text.__swrite
                0x0800423e       0x38 c:/program files (x86)/gnu tools arm embedded/7 2017-q4-major/bin/../lib/gcc/arm-none-eabi/7.2.1/../../../../arm-none-eabi/lib/thumb/v7e-m/fpv4-sp/hard\libc_nano.a(lib_a-stdio.o)
                0x0800423e                __swrite
 .text.__sseek  0x08004276       0x24 c:/program files (x86)/gnu tools arm embedded/7 2017-q4-major/bin/../lib/gcc/arm-none-eabi/7.2.1/../../../../arm-none-eabi/lib/thumb/v7e-m/fpv4-sp/hard\libc_nano.a(lib_a-stdio.o)
                0x08004276                __sseek
 .text.__sclose
                0x0800429a        0x8 c:/program files (x86)/gnu tools arm embedded/7 2017-q4-major/bin/../lib/gcc/arm-none-eabi/7.2.1/../../../../arm-none-eabi/lib/thumb/v7e-m/fpv4-sp/hard\libc_nano.a(lib_a-stdio.o)
                0x0800429a                __sclose
 *fill*         0x080042a2        0x2 
 .text._write_r
                0x080042a4       0x24 c:/program files (x86)/gnu tools arm embedded/7 2017-q4-major/bin/../lib/gcc/arm-none-eabi/7.2.1/../../../../arm-none-eabi/lib/thumb/v7e-m/fpv4-sp/hard\libc_nano.a(lib_a-writer.o)
                0x080042a4                _write_r
 .text._close_r
                0x080042c8       0x20 c:/program files (x86)/gnu tools arm embedded/7 2017-q4-major/bin/../lib/gcc/arm-none-eabi/7.2.1/../../../../arm-none-eabi/lib/thumb/v7e-m/fpv4-sp/hard\libc_nano.a(lib_a-closer.o)
                0x080042c8                _close_r
 .text._fstat_r
                0x080042e8       0x24 c:/program files (x86)/gnu tools arm embedded/7 2017-q4-major/bin/../lib/gcc/arm-none-eabi/7.2.1/../../../../arm-none-eabi/lib/thumb/v7e-m/fpv4-sp/hard\libc_nano.a(lib_a-fstatr.o)
                0x080042e8                _fstat_r
 .text._isatty_r
                0x0800430c       0x20 c:/program files (x86)/gnu tools arm embedded/7 2017-q4-major/bin/../lib/gcc/arm-none-eabi/7.2.1/../../../../arm-none-eabi/lib/thumb/v7e-m/fpv4-sp/hard\libc_nano.a(lib_a-isattyr.o)
                0x0800430c                _isatty_r
 .text._lseek_r
                0x0800432c       0x24 c:/program files (x86)/gnu tools arm embedded/7 2017-q4-major/bin/../lib/gcc/arm-none-eabi/7.2.1/../../../../arm-none-eabi/lib/thumb/v7e-m/fpv4-sp/hard\libc_nano.a(lib_a-lseekr.o)
                0x0800432c                _lseek_r
 .text.__malloc_lock
                0x08004350        0x2 c:/program files (x86)/gnu tools arm embedded/7 2017-q4-major/bin/../lib/gcc/arm-none-eabi/7.2.1/../../../../arm-none-eabi/lib/thumb/v7e-m/fpv4-sp/hard\libc_nano.a(lib_a-mlock.o)
                0x08004350                __malloc_lock
 .text.__malloc_unlock
                0x08004352        0x2 c:/program files (x86)/gnu tools arm embedded/7 2017-q4-major/bin/../lib/gcc/arm-none-eabi/7.2.1/../../../../arm-none-eabi/lib/thumb/v7e-m/fpv4-sp/hard\libc_nano.a(lib_a-mlock.o)
                0x08004352                __malloc_unlock
 .text._read_r  0x08004354       0x24 c:/program files (x86)/gnu tools arm embedded/7 2017-q4-major/bin/../lib/gcc/arm-none-eabi/7.2.1/../../../../arm-none-eabi/lib/thumb/v7e-m/fpv4-sp/hard\libc_nano.a(lib_a-readr.o)
                0x08004354                _read_r
 .text._close   0x08004378       0x10 c:/program files (x86)/gnu tools arm embedded/7 2017-q4-major/bin/../lib/gcc/arm-none-eabi/7.2.1/../../../../arm-none-eabi/lib/thumb/v7e-m/fpv4-sp/hard\libnosys.a(close.o)
                0x08004378                _close
 .text._fstat   0x08004388       0x10 c:/program files (x86)/gnu tools arm embedded/7 2017-q4-major/bin/../lib/gcc/arm-none-eabi/7.2.1/../../../../arm-none-eabi/lib/thumb/v7e-m/fpv4-sp/hard\libnosys.a(fstat.o)
                0x08004388                _fstat
 .text._isatty  0x08004398       0x10 c:/program files (x86)/gnu tools arm embedded/7 2017-q4-major/bin/../lib/gcc/arm-none-eabi/7.2.1/../../../../arm-none-eabi/lib/thumb/v7e-m/fpv4-sp/hard\libnosys.a(isatty.o)
                0x08004398                _isatty
 .text._lseek   0x080043a8       0x10 c:/program files (x86)/gnu tools arm embedded/7 2017-q4-major/bin/../lib/gcc/arm-none-eabi/7.2.1/../../../../arm-none-eabi/lib/thumb/v7e-m/fpv4-sp/hard\libnosys.a(lseek.o)
                0x080043a8                _lseek
 .text._read    0x080043b8       0x10 c:/program files (x86)/gnu tools arm embedded/7 2017-q4-major/bin/../lib/gcc/arm-none-eabi/7.2.1/../../../../arm-none-eabi/lib/thumb/v7e-m/fpv4-sp/hard\libnosys.a(read.o)
                0x080043b8                _read
 .text._sbrk    0x080043c8       0x1c c:/program files (x86)/gnu tools arm embedded/7 2017-q4-major/bin/../lib/gcc/arm-none-eabi/7.2.1/../../../../arm-none-eabi/lib/thumb/v7e-m/fpv4-sp/hard\libnosys.a(sbrk.o)
                0x080043c8                _sbrk
 *(.glue_7)
 .glue_7        0x080043e4        0x0 linker stubs
 *(.glue_7t)
 .glue_7t       0x080043e4        0x0 linker stubs
 *(.eh_frame)
 .eh_frame      0x080043e4        0x0 c:/program files (x86)/gnu tools arm embedded/7 2017-q4-major/bin/../lib/gcc/arm-none-eabi/7.2.1/thumb/v7e-m/fpv4-sp/hard/crtbegin.o
 *(.init)
 .init          0x080043e4        0x4 c:/program files (x86)/gnu tools arm embedded/7 2017-q4-major/bin/../lib/gcc/arm-none-eabi/7.2.1/thumb/v7e-m/fpv4-sp/hard/crti.o
                0x080043e4                _init
 .init          0x080043e8        0x8 c:/program files (x86)/gnu tools arm embedded/7 2017-q4-major/bin/../lib/gcc/arm-none-eabi/7.2.1/thumb/v7e-m/fpv4-sp/hard/crtn.o
 *(.fini)
 .fini          0x080043f0        0x4 c:/program files (x86)/gnu tools arm embedded/7 2017-q4-major/bin/../lib/gcc/arm-none-eabi/7.2.1/thumb/v7e-m/fpv4-sp/hard/crti.o
                0x080043f0                _fini
 .fini          0x080043f4        0x8 c:/program files (x86)/gnu tools arm embedded/7 2017-q4-major/bin/../lib/gcc/arm-none-eabi/7.2.1/thumb/v7e-m/fpv4-sp/hard/crtn.o
                0x080043fc                . = ALIGN (0x4)
                0x080043fc                _etext = .

.vfp11_veneer   0x080043fc        0x0
 .vfp11_veneer  0x080043fc        0x0 linker stubs

.v4_bx          0x080043fc        0x0
 .v4_bx         0x080043fc        0x0 linker stubs

.iplt           0x080043fc        0x0
 .iplt          0x080043fc        0x0 c:/program files (x86)/gnu tools arm embedded/7 2017-q4-major/bin/../lib/gcc/arm-none-eabi/7.2.1/thumb/v7e-m/fpv4-sp/hard/crtbegin.o

.rodata         0x080043fc      0x448
                0x080043fc                . = ALIGN (0x4)
 *(.rodata)
 .rodata        0x080043fc       0x70 Build/freertos.o
 *(.rodata*)
 .rodata.str1.4
                0x0800446c       0x2c Build/freertos.o
 .rodata.AHBPrescTable
                0x08004498       0x10 Build/system_stm32f4xx.o
                0x08004498                AHBPrescTable
 .rodata.APBPrescTable
                0x080044a8        0x8 Build/system_stm32f4xx.o
                0x080044a8                APBPrescTable
 .rodata.TIM_OC3_SetConfig.str1.4
                0x080044b0       0x70 Build/stm32f4xx_hal_tim.o
 .rodata.TIM_CCxNChannelCmd.str1.4
                0x08004520       0x73 Build/stm32f4xx_hal_tim_ex.o
 *fill*         0x08004593        0x1 
 .rodata.UART_SetConfig.str1.4
                0x08004594       0x71 Build/stm32f4xx_hal_uart.o
 *fill*         0x08004605        0x3 
 .rodata.HAL_RCC_OscConfig.str1.4
                0x08004608       0x70 Build/stm32f4xx_hal_rcc.o
 .rodata.HAL_GPIO_Init.str1.4
                0x08004678       0x71 Build/stm32f4xx_hal_gpio.o
 *fill*         0x080046e9        0x3 
 .rodata.HAL_NVIC_SetPriorityGrouping.str1.4
                0x080046ec       0x73 Build/stm32f4xx_hal_cortex.o
 *fill*         0x0800475f        0x1 
 .rodata.vTaskStartScheduler.str1.4
                0x08004760        0x5 Build/tasks.o
 *fill*         0x08004765        0x3 
 .rodata.MotorThread.str1.4
                0x08004768       0x1a Build/robo_tasks.o
 *fill*         0x08004782        0x2 
 .rodata.MovingMassThread.str1.4
                0x08004784       0x1f Build/robo_tasks.o
 *fill*         0x080047a3        0x1 
 .rodata.PneumaticThread.str1.4
                0x080047a4       0x1d Build/robo_tasks.o
 *fill*         0x080047c1        0x3 
 .rodata.StartDefaultTask.str1.4
                0x080047c4       0x1c Build/robo_tasks.o
 .rodata._global_impure_ptr
                0x080047e0        0x4 c:/program files (x86)/gnu tools arm embedded/7 2017-q4-major/bin/../lib/gcc/arm-none-eabi/7.2.1/../../../../arm-none-eabi/lib/thumb/v7e-m/fpv4-sp/hard\libc_nano.a(lib_a-impure.o)
                0x080047e0                _global_impure_ptr
 .rodata.__sf_fake_stderr
                0x080047e4       0x20 c:/program files (x86)/gnu tools arm embedded/7 2017-q4-major/bin/../lib/gcc/arm-none-eabi/7.2.1/../../../../arm-none-eabi/lib/thumb/v7e-m/fpv4-sp/hard\libc_nano.a(lib_a-findfp.o)
                0x080047e4                __sf_fake_stderr
 .rodata.__sf_fake_stdin
                0x08004804       0x20 c:/program files (x86)/gnu tools arm embedded/7 2017-q4-major/bin/../lib/gcc/arm-none-eabi/7.2.1/../../../../arm-none-eabi/lib/thumb/v7e-m/fpv4-sp/hard\libc_nano.a(lib_a-findfp.o)
                0x08004804                __sf_fake_stdin
 .rodata.__sf_fake_stdout
                0x08004824       0x20 c:/program files (x86)/gnu tools arm embedded/7 2017-q4-major/bin/../lib/gcc/arm-none-eabi/7.2.1/../../../../arm-none-eabi/lib/thumb/v7e-m/fpv4-sp/hard\libc_nano.a(lib_a-findfp.o)
                0x08004824                __sf_fake_stdout
                0x08004844                . = ALIGN (0x4)

.ARM.extab
 *(.ARM.extab* .gnu.linkonce.armextab.*)

.ARM            0x08004844        0x8
                0x08004844                __exidx_start = .
 *(.ARM.exidx*)
 .ARM.exidx     0x08004844        0x8 c:/program files (x86)/gnu tools arm embedded/7 2017-q4-major/bin/../lib/gcc/arm-none-eabi/7.2.1/thumb/v7e-m/fpv4-sp/hard\libgcc.a(_udivmoddi4.o)
                0x0800484c                __exidx_end = .

.rel.dyn        0x0800484c        0x0
 .rel.iplt      0x0800484c        0x0 c:/program files (x86)/gnu tools arm embedded/7 2017-q4-major/bin/../lib/gcc/arm-none-eabi/7.2.1/thumb/v7e-m/fpv4-sp/hard/crtbegin.o

.preinit_array  0x0800484c        0x0
                0x0800484c                PROVIDE (__preinit_array_start, .)
 *(.preinit_array*)
                0x0800484c                PROVIDE (__preinit_array_end, .)

.init_array     0x0800484c        0x4
                0x0800484c                PROVIDE (__init_array_start, .)
 *(SORT_BY_NAME(.init_array.*))
 *(.init_array*)
 .init_array    0x0800484c        0x4 c:/program files (x86)/gnu tools arm embedded/7 2017-q4-major/bin/../lib/gcc/arm-none-eabi/7.2.1/thumb/v7e-m/fpv4-sp/hard/crtbegin.o
                0x08004850                PROVIDE (__init_array_end, .)

.fini_array     0x08004850        0x4
                [!provide]                PROVIDE (__fini_array_start, .)
 *(SORT_BY_NAME(.fini_array.*))
 *(.fini_array*)
 .fini_array    0x08004850        0x4 c:/program files (x86)/gnu tools arm embedded/7 2017-q4-major/bin/../lib/gcc/arm-none-eabi/7.2.1/thumb/v7e-m/fpv4-sp/hard/crtbegin.o
                [!provide]                PROVIDE (__fini_array_end, .)
                0x08004854                _sidata = LOADADDR (.data)

.data           0x20000000       0x70 load address 0x08004854
                0x20000000                . = ALIGN (0x4)
                0x20000000                _sdata = .
 *(.data)
 *(.data*)
 .data.SystemCoreClock
                0x20000000        0x4 Build/system_stm32f4xx.o
                0x20000000                SystemCoreClock
 .data.uwTickFreq
                0x20000004        0x1 Build/stm32f4xx_hal.o
                0x20000004                uwTickFreq
 *fill*         0x20000005        0x3 
 .data.uxCriticalNesting
                0x20000008        0x4 Build/port.o
 .data._impure_ptr
                0x2000000c        0x4 c:/program files (x86)/gnu tools arm embedded/7 2017-q4-major/bin/../lib/gcc/arm-none-eabi/7.2.1/../../../../arm-none-eabi/lib/thumb/v7e-m/fpv4-sp/hard\libc_nano.a(lib_a-impure.o)
                0x2000000c                _impure_ptr
 .data.impure_data
                0x20000010       0x60 c:/program files (x86)/gnu tools arm embedded/7 2017-q4-major/bin/../lib/gcc/arm-none-eabi/7.2.1/../../../../arm-none-eabi/lib/thumb/v7e-m/fpv4-sp/hard\libc_nano.a(lib_a-impure.o)
                0x20000070                . = ALIGN (0x4)
                0x20000070                _edata = .
                0x080048c4                _siccmram = LOADADDR (.ccmram)

.igot.plt       0x20000070        0x0 load address 0x080048c4
 .igot.plt      0x20000070        0x0 c:/program files (x86)/gnu tools arm embedded/7 2017-q4-major/bin/../lib/gcc/arm-none-eabi/7.2.1/thumb/v7e-m/fpv4-sp/hard/crtbegin.o

.ccmram         0x10000000        0x0 load address 0x080048c4
                0x10000000                . = ALIGN (0x4)
                0x10000000                _sccmram = .
 *(.ccmram)
 *(.ccmram*)
                0x10000000                . = ALIGN (0x4)
                0x10000000                _eccmram = .
                0x10000000                . = ALIGN (0x4)

.bss            0x20000070     0x68f8
                0x20000070                _sbss = .
                0x20000070                __bss_start__ = _sbss
 *(.bss)
 .bss           0x20000070       0x1c c:/program files (x86)/gnu tools arm embedded/7 2017-q4-major/bin/../lib/gcc/arm-none-eabi/7.2.1/thumb/v7e-m/fpv4-sp/hard/crtbegin.o
 *(.bss*)
 .bss.xIdleStack
                0x2000008c      0x200 Build/freertos.o
 .bss.xIdleTaskTCBBuffer
                0x2000028c       0x54 Build/freertos.o
 .bss.pxCurrentTCB
                0x200002e0        0x4 Build/tasks.o
                0x200002e0                pxCurrentTCB
 .bss.pxDelayedTaskList
                0x200002e4        0x4 Build/tasks.o
 .bss.pxOverflowDelayedTaskList
                0x200002e8        0x4 Build/tasks.o
 .bss.pxReadyTasksLists
                0x200002ec       0x8c Build/tasks.o
 .bss.uxCurrentNumberOfTasks
                0x20000378        0x4 Build/tasks.o
 .bss.uxDeletedTasksWaitingCleanUp
                0x2000037c        0x4 Build/tasks.o
 .bss.uxPendedTicks
                0x20000380        0x4 Build/tasks.o
 .bss.uxSchedulerSuspended
                0x20000384        0x4 Build/tasks.o
 .bss.uxTaskNumber
                0x20000388        0x4 Build/tasks.o
 .bss.uxTopReadyPriority
                0x2000038c        0x4 Build/tasks.o
 .bss.xDelayedTaskList1
                0x20000390       0x14 Build/tasks.o
 .bss.xDelayedTaskList2
                0x200003a4       0x14 Build/tasks.o
 .bss.xNextTaskUnblockTime
                0x200003b8        0x4 Build/tasks.o
 .bss.xNumOfOverflows
                0x200003bc        0x4 Build/tasks.o
 .bss.xPendingReadyList
                0x200003c0       0x14 Build/tasks.o
 .bss.xSchedulerRunning
                0x200003d4        0x4 Build/tasks.o
 .bss.xSuspendedTaskList
                0x200003d8       0x14 Build/tasks.o
 .bss.xTasksWaitingTermination
                0x200003ec       0x14 Build/tasks.o
 .bss.xTickCount
                0x20000400        0x4 Build/tasks.o
 .bss.xYieldPending
                0x20000404        0x4 Build/tasks.o
 .bss.ucMaxSysCallPriority
                0x20000408        0x1 Build/port.o
 *fill*         0x20000409        0x3 
 .bss.ulMaxPRIGROUPValue
                0x2000040c        0x4 Build/port.o
 .bss.__malloc_free_list
                0x20000410        0x4 c:/program files (x86)/gnu tools arm embedded/7 2017-q4-major/bin/../lib/gcc/arm-none-eabi/7.2.1/../../../../arm-none-eabi/lib/thumb/v7e-m/fpv4-sp/hard\libc_nano.a(lib_a-nano-mallocr.o)
                0x20000410                __malloc_free_list
 .bss.__malloc_sbrk_start
                0x20000414        0x4 c:/program files (x86)/gnu tools arm embedded/7 2017-q4-major/bin/../lib/gcc/arm-none-eabi/7.2.1/../../../../arm-none-eabi/lib/thumb/v7e-m/fpv4-sp/hard\libc_nano.a(lib_a-nano-mallocr.o)
                0x20000414                __malloc_sbrk_start
 .bss.heap_end.5377
                0x20000418        0x4 c:/program files (x86)/gnu tools arm embedded/7 2017-q4-major/bin/../lib/gcc/arm-none-eabi/7.2.1/../../../../arm-none-eabi/lib/thumb/v7e-m/fpv4-sp/hard\libnosys.a(sbrk.o)
 *(COMMON)
 COMMON         0x2000041c      0x168 Build/tim.o
                0x2000041c                htim8
                0x20000458                htim4
                0x20000494                htim5
                0x200004d0                htim3
                0x2000050c                htim1
                0x20000548                htim2
 COMMON         0x20000584       0x40 Build/usart.o
                0x20000584                huart3
 COMMON         0x200005c4     0x6360 Build/freertos.o
                0x200005c4                MovingMassHandle
                0x200005c8                MovingMassThreadBuffer
                0x200025c8                defaultTaskHandle
                0x200025cc                MovingMassThreadControlBlock
                0x20002620                PneumaticThreadBuffer
                0x20004620                PnematicHandle
                0x20004624                MotorThreadBuffer
                0x20006624                defaultTaskBuffer
                0x20006824                MotorHandle
                0x20006828                defaultTaskControlBlock
                0x2000687c                MotorThreadControlBlock
                0x200068d0                PneumaticThreadControlBlock
 COMMON         0x20006924       0x3c Build/stm32f4xx_hal_timebase_tim.o
                0x20006924                htim14
 COMMON         0x20006960        0x4 Build/stm32f4xx_hal.o
                0x20006960                uwTick
 COMMON         0x20006964        0x4 c:/program files (x86)/gnu tools arm embedded/7 2017-q4-major/bin/../lib/gcc/arm-none-eabi/7.2.1/../../../../arm-none-eabi/lib/thumb/v7e-m/fpv4-sp/hard\libc_nano.a(lib_a-reent.o)
                0x20006964                errno
                0x20006968                . = ALIGN (0x4)
                0x20006968                _ebss = .
                0x20006968                __bss_end__ = _ebss

._user_heap_stack
                0x20006968     0x6200
                0x20006968                . = ALIGN (0x8)
                0x20006968                PROVIDE (end, .)
                [!provide]                PROVIDE (_end, .)
                0x20006b68                . = (. + _Min_Heap_Size)
 *fill*         0x20006968      0x200 
                0x2000cb68                . = (. + _Min_Stack_Size)
 *fill*         0x20006b68     0x6000 
                0x2000cb68                . = ALIGN (0x8)

/DISCARD/
 libc.a(*)
 libm.a(*)
 libgcc.a(*)

.ARM.attributes
                0x00000000       0x30
 *(.ARM.attributes)
 .ARM.attributes
                0x00000000       0x22 c:/program files (x86)/gnu tools arm embedded/7 2017-q4-major/bin/../lib/gcc/arm-none-eabi/7.2.1/thumb/v7e-m/fpv4-sp/hard/crti.o
 .ARM.attributes
                0x00000022       0x34 c:/program files (x86)/gnu tools arm embedded/7 2017-q4-major/bin/../lib/gcc/arm-none-eabi/7.2.1/thumb/v7e-m/fpv4-sp/hard/crtbegin.o
 .ARM.attributes
                0x00000056       0x39 Build/gpio.o
 .ARM.attributes
                0x0000008f       0x39 Build/tim.o
 .ARM.attributes
                0x000000c8       0x39 Build/usart.o
 .ARM.attributes
                0x00000101       0x39 Build/freertos.o
 .ARM.attributes
                0x0000013a       0x39 Build/printf_config.o
 .ARM.attributes
                0x00000173       0x39 Build/stm32f4xx_it.o
 .ARM.attributes
                0x000001ac       0x39 Build/stm32f4xx_hal_msp.o
 .ARM.attributes
                0x000001e5       0x39 Build/stm32f4xx_hal_timebase_tim.o
 .ARM.attributes
                0x0000021e       0x39 Build/system_stm32f4xx.o
 .ARM.attributes
                0x00000257       0x39 Build/stm32f4xx_hal_tim.o
 .ARM.attributes
                0x00000290       0x39 Build/stm32f4xx_hal_tim_ex.o
 .ARM.attributes
                0x000002c9       0x39 Build/stm32f4xx_hal_uart.o
 .ARM.attributes
                0x00000302       0x39 Build/stm32f4xx_hal_rcc.o
 .ARM.attributes
                0x0000033b       0x39 Build/stm32f4xx_hal_gpio.o
 .ARM.attributes
                0x00000374       0x39 Build/stm32f4xx_hal_cortex.o
 .ARM.attributes
                0x000003ad       0x39 Build/stm32f4xx_hal.o
 .ARM.attributes
                0x000003e6       0x39 Build/list.o
 .ARM.attributes
                0x0000041f       0x39 Build/tasks.o
 .ARM.attributes
                0x00000458       0x39 Build/cmsis_os.o
 .ARM.attributes
                0x00000491       0x39 Build/port.o
 .ARM.attributes
                0x000004ca       0x21 Build/startup_stm32f407xx.o
 .ARM.attributes
                0x000004eb       0x39 Build/robo_tasks.o
 .ARM.attributes
                0x00000524       0x39 Build/main.o
 .ARM.attributes
                0x0000055d       0x34 c:/program files (x86)/gnu tools arm embedded/7 2017-q4-major/bin/../lib/gcc/arm-none-eabi/7.2.1/../../../../arm-none-eabi/lib/thumb/v7e-m/fpv4-sp/hard\libc_nano.a(lib_a-impure.o)
 .ARM.attributes
                0x00000591       0x34 c:/program files (x86)/gnu tools arm embedded/7 2017-q4-major/bin/../lib/gcc/arm-none-eabi/7.2.1/../../../../arm-none-eabi/lib/thumb/v7e-m/fpv4-sp/hard\libc_nano.a(lib_a-init.o)
 .ARM.attributes
                0x000005c5       0x34 c:/program files (x86)/gnu tools arm embedded/7 2017-q4-major/bin/../lib/gcc/arm-none-eabi/7.2.1/../../../../arm-none-eabi/lib/thumb/v7e-m/fpv4-sp/hard\libc_nano.a(lib_a-memset.o)
 .ARM.attributes
                0x000005f9       0x34 c:/program files (x86)/gnu tools arm embedded/7 2017-q4-major/bin/../lib/gcc/arm-none-eabi/7.2.1/../../../../arm-none-eabi/lib/thumb/v7e-m/fpv4-sp/hard\libc_nano.a(lib_a-puts.o)
 .ARM.attributes
                0x0000062d       0x34 c:/program files (x86)/gnu tools arm embedded/7 2017-q4-major/bin/../lib/gcc/arm-none-eabi/7.2.1/../../../../arm-none-eabi/lib/thumb/v7e-m/fpv4-sp/hard\libc_nano.a(lib_a-wbuf.o)
 .ARM.attributes
                0x00000661       0x34 c:/program files (x86)/gnu tools arm embedded/7 2017-q4-major/bin/../lib/gcc/arm-none-eabi/7.2.1/../../../../arm-none-eabi/lib/thumb/v7e-m/fpv4-sp/hard\libc_nano.a(lib_a-wsetup.o)
 .ARM.attributes
                0x00000695       0x34 c:/program files (x86)/gnu tools arm embedded/7 2017-q4-major/bin/../lib/gcc/arm-none-eabi/7.2.1/../../../../arm-none-eabi/lib/thumb/v7e-m/fpv4-sp/hard\libc_nano.a(lib_a-fflush.o)
 .ARM.attributes
                0x000006c9       0x34 c:/program files (x86)/gnu tools arm embedded/7 2017-q4-major/bin/../lib/gcc/arm-none-eabi/7.2.1/../../../../arm-none-eabi/lib/thumb/v7e-m/fpv4-sp/hard\libc_nano.a(lib_a-findfp.o)
 .ARM.attributes
                0x000006fd       0x34 c:/program files (x86)/gnu tools arm embedded/7 2017-q4-major/bin/../lib/gcc/arm-none-eabi/7.2.1/../../../../arm-none-eabi/lib/thumb/v7e-m/fpv4-sp/hard\libc_nano.a(lib_a-fwalk.o)
 .ARM.attributes
                0x00000731       0x34 c:/program files (x86)/gnu tools arm embedded/7 2017-q4-major/bin/../lib/gcc/arm-none-eabi/7.2.1/../../../../arm-none-eabi/lib/thumb/v7e-m/fpv4-sp/hard\libc_nano.a(lib_a-makebuf.o)
 .ARM.attributes
                0x00000765       0x34 c:/program files (x86)/gnu tools arm embedded/7 2017-q4-major/bin/../lib/gcc/arm-none-eabi/7.2.1/../../../../arm-none-eabi/lib/thumb/v7e-m/fpv4-sp/hard\libc_nano.a(lib_a-nano-freer.o)
 .ARM.attributes
                0x00000799       0x34 c:/program files (x86)/gnu tools arm embedded/7 2017-q4-major/bin/../lib/gcc/arm-none-eabi/7.2.1/../../../../arm-none-eabi/lib/thumb/v7e-m/fpv4-sp/hard\libc_nano.a(lib_a-nano-mallocr.o)
 .ARM.attributes
                0x000007cd       0x34 c:/program files (x86)/gnu tools arm embedded/7 2017-q4-major/bin/../lib/gcc/arm-none-eabi/7.2.1/../../../../arm-none-eabi/lib/thumb/v7e-m/fpv4-sp/hard\libc_nano.a(lib_a-sbrkr.o)
 .ARM.attributes
                0x00000801       0x34 c:/program files (x86)/gnu tools arm embedded/7 2017-q4-major/bin/../lib/gcc/arm-none-eabi/7.2.1/../../../../arm-none-eabi/lib/thumb/v7e-m/fpv4-sp/hard\libc_nano.a(lib_a-stdio.o)
 .ARM.attributes
                0x00000835       0x34 c:/program files (x86)/gnu tools arm embedded/7 2017-q4-major/bin/../lib/gcc/arm-none-eabi/7.2.1/../../../../arm-none-eabi/lib/thumb/v7e-m/fpv4-sp/hard\libc_nano.a(lib_a-writer.o)
 .ARM.attributes
                0x00000869       0x34 c:/program files (x86)/gnu tools arm embedded/7 2017-q4-major/bin/../lib/gcc/arm-none-eabi/7.2.1/../../../../arm-none-eabi/lib/thumb/v7e-m/fpv4-sp/hard\libc_nano.a(lib_a-closer.o)
 .ARM.attributes
                0x0000089d       0x34 c:/program files (x86)/gnu tools arm embedded/7 2017-q4-major/bin/../lib/gcc/arm-none-eabi/7.2.1/../../../../arm-none-eabi/lib/thumb/v7e-m/fpv4-sp/hard\libc_nano.a(lib_a-fstatr.o)
 .ARM.attributes
                0x000008d1       0x34 c:/program files (x86)/gnu tools arm embedded/7 2017-q4-major/bin/../lib/gcc/arm-none-eabi/7.2.1/../../../../arm-none-eabi/lib/thumb/v7e-m/fpv4-sp/hard\libc_nano.a(lib_a-isattyr.o)
 .ARM.attributes
                0x00000905       0x34 c:/program files (x86)/gnu tools arm embedded/7 2017-q4-major/bin/../lib/gcc/arm-none-eabi/7.2.1/../../../../arm-none-eabi/lib/thumb/v7e-m/fpv4-sp/hard\libc_nano.a(lib_a-lseekr.o)
 .ARM.attributes
                0x00000939       0x34 c:/program files (x86)/gnu tools arm embedded/7 2017-q4-major/bin/../lib/gcc/arm-none-eabi/7.2.1/../../../../arm-none-eabi/lib/thumb/v7e-m/fpv4-sp/hard\libc_nano.a(lib_a-mlock.o)
 .ARM.attributes
                0x0000096d       0x34 c:/program files (x86)/gnu tools arm embedded/7 2017-q4-major/bin/../lib/gcc/arm-none-eabi/7.2.1/../../../../arm-none-eabi/lib/thumb/v7e-m/fpv4-sp/hard\libc_nano.a(lib_a-readr.o)
 .ARM.attributes
                0x000009a1       0x34 c:/program files (x86)/gnu tools arm embedded/7 2017-q4-major/bin/../lib/gcc/arm-none-eabi/7.2.1/../../../../arm-none-eabi/lib/thumb/v7e-m/fpv4-sp/hard\libc_nano.a(lib_a-reent.o)
 .ARM.attributes
                0x000009d5       0x22 c:/program files (x86)/gnu tools arm embedded/7 2017-q4-major/bin/../lib/gcc/arm-none-eabi/7.2.1/thumb/v7e-m/fpv4-sp/hard\libgcc.a(_aeabi_uldivmod.o)
 .ARM.attributes
                0x000009f7       0x34 c:/program files (x86)/gnu tools arm embedded/7 2017-q4-major/bin/../lib/gcc/arm-none-eabi/7.2.1/thumb/v7e-m/fpv4-sp/hard\libgcc.a(_udivmoddi4.o)
 .ARM.attributes
                0x00000a2b       0x22 c:/program files (x86)/gnu tools arm embedded/7 2017-q4-major/bin/../lib/gcc/arm-none-eabi/7.2.1/thumb/v7e-m/fpv4-sp/hard\libgcc.a(_dvmd_tls.o)
 .ARM.attributes
                0x00000a4d       0x34 c:/program files (x86)/gnu tools arm embedded/7 2017-q4-major/bin/../lib/gcc/arm-none-eabi/7.2.1/../../../../arm-none-eabi/lib/thumb/v7e-m/fpv4-sp/hard\libnosys.a(close.o)
 .ARM.attributes
                0x00000a81       0x34 c:/program files (x86)/gnu tools arm embedded/7 2017-q4-major/bin/../lib/gcc/arm-none-eabi/7.2.1/../../../../arm-none-eabi/lib/thumb/v7e-m/fpv4-sp/hard\libnosys.a(fstat.o)
 .ARM.attributes
                0x00000ab5       0x34 c:/program files (x86)/gnu tools arm embedded/7 2017-q4-major/bin/../lib/gcc/arm-none-eabi/7.2.1/../../../../arm-none-eabi/lib/thumb/v7e-m/fpv4-sp/hard\libnosys.a(isatty.o)
 .ARM.attributes
                0x00000ae9       0x34 c:/program files (x86)/gnu tools arm embedded/7 2017-q4-major/bin/../lib/gcc/arm-none-eabi/7.2.1/../../../../arm-none-eabi/lib/thumb/v7e-m/fpv4-sp/hard\libnosys.a(lseek.o)
 .ARM.attributes
                0x00000b1d       0x34 c:/program files (x86)/gnu tools arm embedded/7 2017-q4-major/bin/../lib/gcc/arm-none-eabi/7.2.1/../../../../arm-none-eabi/lib/thumb/v7e-m/fpv4-sp/hard\libnosys.a(read.o)
 .ARM.attributes
                0x00000b51       0x34 c:/program files (x86)/gnu tools arm embedded/7 2017-q4-major/bin/../lib/gcc/arm-none-eabi/7.2.1/../../../../arm-none-eabi/lib/thumb/v7e-m/fpv4-sp/hard\libnosys.a(sbrk.o)
 .ARM.attributes
                0x00000b85       0x22 c:/program files (x86)/gnu tools arm embedded/7 2017-q4-major/bin/../lib/gcc/arm-none-eabi/7.2.1/thumb/v7e-m/fpv4-sp/hard/crtn.o
OUTPUT(Build/horse.elf elf32-littlearm)

.debug_info     0x00000000    0x22174
 .debug_info    0x00000000     0x13ba Build/gpio.o
 .debug_info    0x000013ba     0x206c Build/tim.o
 .debug_info    0x00003426     0x1373 Build/usart.o
 .debug_info    0x00004799      0xed2 Build/freertos.o
 .debug_info    0x0000566b      0xdb6 Build/printf_config.o
 .debug_info    0x00006421     0x11bf Build/stm32f4xx_it.o
 .debug_info    0x000075e0      0xeb1 Build/stm32f4xx_hal_msp.o
 .debug_info    0x00008491     0x158e Build/stm32f4xx_hal_timebase_tim.o
 .debug_info    0x00009a1f      0xe82 Build/system_stm32f4xx.o
 .debug_info    0x0000a8a1     0x4f56 Build/stm32f4xx_hal_tim.o
 .debug_info    0x0000f7f7     0x238e Build/stm32f4xx_hal_tim_ex.o
 .debug_info    0x00011b85     0x2465 Build/stm32f4xx_hal_uart.o
 .debug_info    0x00013fea     0x16b8 Build/stm32f4xx_hal_rcc.o
 .debug_info    0x000156a2     0x1280 Build/stm32f4xx_hal_gpio.o
 .debug_info    0x00016922     0x1bb5 Build/stm32f4xx_hal_cortex.o
 .debug_info    0x000184d7     0x13b7 Build/stm32f4xx_hal.o
 .debug_info    0x0001988e      0xbdc Build/list.o
 .debug_info    0x0001a46a     0x2bbb Build/tasks.o
 .debug_info    0x0001d025     0x27dd Build/cmsis_os.o
 .debug_info    0x0001f802      0x56c Build/port.o
 .debug_info    0x0001fd6e       0x22 Build/startup_stm32f407xx.o
 .debug_info    0x0001fd90      0xb87 Build/robo_tasks.o
 .debug_info    0x00020917     0x185d Build/main.o

.debug_abbrev   0x00000000     0x3c2b
 .debug_abbrev  0x00000000      0x228 Build/gpio.o
 .debug_abbrev  0x00000228      0x29e Build/tim.o
 .debug_abbrev  0x000004c6      0x246 Build/usart.o
 .debug_abbrev  0x0000070c      0x244 Build/freertos.o
 .debug_abbrev  0x00000950      0x280 Build/printf_config.o
 .debug_abbrev  0x00000bd0      0x253 Build/stm32f4xx_it.o
 .debug_abbrev  0x00000e23      0x209 Build/stm32f4xx_hal_msp.o
 .debug_abbrev  0x0000102c      0x27b Build/stm32f4xx_hal_timebase_tim.o
 .debug_abbrev  0x000012a7      0x1e6 Build/system_stm32f4xx.o
 .debug_abbrev  0x0000148d      0x310 Build/stm32f4xx_hal_tim.o
 .debug_abbrev  0x0000179d      0x2f8 Build/stm32f4xx_hal_tim_ex.o
 .debug_abbrev  0x00001a95      0x375 Build/stm32f4xx_hal_uart.o
 .debug_abbrev  0x00001e0a      0x341 Build/stm32f4xx_hal_rcc.o
 .debug_abbrev  0x0000214b      0x2da Build/stm32f4xx_hal_gpio.o
 .debug_abbrev  0x00002425      0x414 Build/stm32f4xx_hal_cortex.o
 .debug_abbrev  0x00002839      0x2e1 Build/stm32f4xx_hal.o
 .debug_abbrev  0x00002b1a      0x217 Build/list.o
 .debug_abbrev  0x00002d31      0x40f Build/tasks.o
 .debug_abbrev  0x00003140      0x3d3 Build/cmsis_os.o
 .debug_abbrev  0x00003513      0x230 Build/port.o
 .debug_abbrev  0x00003743       0x12 Build/startup_stm32f407xx.o
 .debug_abbrev  0x00003755      0x1f1 Build/robo_tasks.o
 .debug_abbrev  0x00003946      0x2e5 Build/main.o

.debug_loc      0x00000000     0xabc4
 .debug_loc     0x00000000       0x39 Build/gpio.o
 .debug_loc     0x00000039      0x479 Build/tim.o
 .debug_loc     0x000004b2       0xf8 Build/usart.o
 .debug_loc     0x000005aa       0x39 Build/freertos.o
 .debug_loc     0x000005e3      0x13b Build/printf_config.o
 .debug_loc     0x0000071e       0xe0 Build/stm32f4xx_it.o
 .debug_loc     0x000007fe       0x38 Build/stm32f4xx_hal_msp.o
 .debug_loc     0x00000836       0xae Build/stm32f4xx_hal_timebase_tim.o
 .debug_loc     0x000008e4      0x13e Build/system_stm32f4xx.o
 .debug_loc     0x00000a22     0x30cb Build/stm32f4xx_hal_tim.o
 .debug_loc     0x00003aed     0x11d6 Build/stm32f4xx_hal_tim_ex.o
 .debug_loc     0x00004cc3     0x1a0a Build/stm32f4xx_hal_uart.o
 .debug_loc     0x000066cd      0x55d Build/stm32f4xx_hal_rcc.o
 .debug_loc     0x00006c2a      0x6aa Build/stm32f4xx_hal_gpio.o
 .debug_loc     0x000072d4      0x8dc Build/stm32f4xx_hal_cortex.o
 .debug_loc     0x00007bb0      0x18e Build/stm32f4xx_hal.o
 .debug_loc     0x00007d3e       0x9c Build/list.o
 .debug_loc     0x00007dda     0x1607 Build/tasks.o
 .debug_loc     0x000093e1     0x1504 Build/cmsis_os.o
 .debug_loc     0x0000a8e5      0x128 Build/port.o
 .debug_loc     0x0000aa0d      0x104 Build/robo_tasks.o
 .debug_loc     0x0000ab11       0xb3 Build/main.o

.debug_aranges  0x00000000      0xfa8
 .debug_aranges
                0x00000000       0x20 Build/gpio.o
 .debug_aranges
                0x00000020       0x70 Build/tim.o
 .debug_aranges
                0x00000090       0x30 Build/usart.o
 .debug_aranges
                0x000000c0       0x28 Build/freertos.o
 .debug_aranges
                0x000000e8       0x28 Build/printf_config.o
 .debug_aranges
                0x00000110       0x80 Build/stm32f4xx_it.o
 .debug_aranges
                0x00000190       0x20 Build/stm32f4xx_hal_msp.o
 .debug_aranges
                0x000001b0       0x30 Build/stm32f4xx_hal_timebase_tim.o
 .debug_aranges
                0x000001e0       0x28 Build/system_stm32f4xx.o
 .debug_aranges
                0x00000208      0x368 Build/stm32f4xx_hal_tim.o
 .debug_aranges
                0x00000570      0x140 Build/stm32f4xx_hal_tim_ex.o
 .debug_aranges
                0x000006b0      0x1d0 Build/stm32f4xx_hal_uart.o
 .debug_aranges
                0x00000880       0x88 Build/stm32f4xx_hal_rcc.o
 .debug_aranges
                0x00000908       0x58 Build/stm32f4xx_hal_gpio.o
 .debug_aranges
                0x00000960       0xa8 Build/stm32f4xx_hal_cortex.o
 .debug_aranges
                0x00000a08       0xe0 Build/stm32f4xx_hal.o
 .debug_aranges
                0x00000ae8       0x40 Build/list.o
 .debug_aranges
                0x00000b28      0x188 Build/tasks.o
 .debug_aranges
                0x00000cb0      0x1d8 Build/cmsis_os.o
 .debug_aranges
                0x00000e88       0x80 Build/port.o
 .debug_aranges
                0x00000f08       0x28 Build/startup_stm32f407xx.o
 .debug_aranges
                0x00000f30       0x38 Build/robo_tasks.o
 .debug_aranges
                0x00000f68       0x40 Build/main.o

.debug_ranges   0x00000000      0xf48
 .debug_ranges  0x00000000       0x10 Build/gpio.o
 .debug_ranges  0x00000010       0x60 Build/tim.o
 .debug_ranges  0x00000070       0x20 Build/usart.o
 .debug_ranges  0x00000090       0x18 Build/freertos.o
 .debug_ranges  0x000000a8       0x30 Build/printf_config.o
 .debug_ranges  0x000000d8       0x70 Build/stm32f4xx_it.o
 .debug_ranges  0x00000148       0x10 Build/stm32f4xx_hal_msp.o
 .debug_ranges  0x00000158       0x20 Build/stm32f4xx_hal_timebase_tim.o
 .debug_ranges  0x00000178       0x18 Build/system_stm32f4xx.o
 .debug_ranges  0x00000190      0x358 Build/stm32f4xx_hal_tim.o
 .debug_ranges  0x000004e8      0x130 Build/stm32f4xx_hal_tim_ex.o
 .debug_ranges  0x00000618      0x1c0 Build/stm32f4xx_hal_uart.o
 .debug_ranges  0x000007d8       0x90 Build/stm32f4xx_hal_rcc.o
 .debug_ranges  0x00000868       0x48 Build/stm32f4xx_hal_gpio.o
 .debug_ranges  0x000008b0       0xf8 Build/stm32f4xx_hal_cortex.o
 .debug_ranges  0x000009a8       0xd0 Build/stm32f4xx_hal.o
 .debug_ranges  0x00000a78       0x30 Build/list.o
 .debug_ranges  0x00000aa8      0x1f0 Build/tasks.o
 .debug_ranges  0x00000c98      0x1c8 Build/cmsis_os.o
 .debug_ranges  0x00000e60       0x70 Build/port.o
 .debug_ranges  0x00000ed0       0x20 Build/startup_stm32f407xx.o
 .debug_ranges  0x00000ef0       0x28 Build/robo_tasks.o
 .debug_ranges  0x00000f18       0x30 Build/main.o

.debug_line     0x00000000     0xb0c9
 .debug_line    0x00000000      0x37a Build/gpio.o
 .debug_line    0x0000037a      0x580 Build/tim.o
 .debug_line    0x000008fa      0x3c5 Build/usart.o
 .debug_line    0x00000cbf      0x44b Build/freertos.o
 .debug_line    0x0000110a      0x2d9 Build/printf_config.o
 .debug_line    0x000013e3      0x42a Build/stm32f4xx_it.o
 .debug_line    0x0000180d      0x31a Build/stm32f4xx_hal_msp.o
 .debug_line    0x00001b27      0x3ae Build/stm32f4xx_hal_timebase_tim.o
 .debug_line    0x00001ed5      0x2d4 Build/system_stm32f4xx.o
 .debug_line    0x000021a9     0x31ad Build/stm32f4xx_hal_tim.o
 .debug_line    0x00005356      0xe82 Build/stm32f4xx_hal_tim_ex.o
 .debug_line    0x000061d8      0xeaf Build/stm32f4xx_hal_uart.o
 .debug_line    0x00007087      0x7a3 Build/stm32f4xx_hal_rcc.o
 .debug_line    0x0000782a      0x657 Build/stm32f4xx_hal_gpio.o
 .debug_line    0x00007e81      0x669 Build/stm32f4xx_hal_cortex.o
 .debug_line    0x000084ea      0x5a5 Build/stm32f4xx_hal.o
 .debug_line    0x00008a8f      0x3f5 Build/list.o
 .debug_line    0x00008e84      0xc3c Build/tasks.o
 .debug_line    0x00009ac0      0x9cd Build/cmsis_os.o
 .debug_line    0x0000a48d      0x3b1 Build/port.o
 .debug_line    0x0000a83e       0x74 Build/startup_stm32f407xx.o
 .debug_line    0x0000a8b2      0x378 Build/robo_tasks.o
 .debug_line    0x0000ac2a      0x49f Build/main.o

.debug_str      0x00000000     0x56e2
 .debug_str     0x00000000      0xc37 Build/gpio.o
                                0xcd2 (size before relaxing)
 .debug_str     0x00000c37      0x6fd Build/tim.o
                               0x146a (size before relaxing)
 .debug_str     0x00001334      0x1c4 Build/usart.o
                                0xc00 (size before relaxing)
 .debug_str     0x000014f8      0x3bc Build/freertos.o
                                0x9d5 (size before relaxing)
 .debug_str     0x000018b4       0x95 Build/printf_config.o
                                0x6c6 (size before relaxing)
 .debug_str     0x00001949      0x13e Build/stm32f4xx_it.o
                                0xb3c (size before relaxing)
 .debug_str     0x00001a87       0x2d Build/stm32f4xx_hal_msp.o
                                0xc0a (size before relaxing)
 .debug_str     0x00001ab4      0x12a Build/stm32f4xx_hal_timebase_tim.o
                               0x1179 (size before relaxing)
 .debug_str     0x00001bde       0xb0 Build/system_stm32f4xx.o
                                0x783 (size before relaxing)
 .debug_str     0x00001c8e      0xbec Build/stm32f4xx_hal_tim.o
                               0x1824 (size before relaxing)
 .debug_str     0x0000287a      0x42f Build/stm32f4xx_hal_tim_ex.o
                               0x10e4 (size before relaxing)
 .debug_str     0x00002ca9      0x588 Build/stm32f4xx_hal_uart.o
                               0x1061 (size before relaxing)
 .debug_str     0x00003231      0x254 Build/stm32f4xx_hal_rcc.o
                                0xb32 (size before relaxing)
 .debug_str     0x00003485      0x147 Build/stm32f4xx_hal_gpio.o
                                0x95f (size before relaxing)
 .debug_str     0x000035cc      0x3be Build/stm32f4xx_hal_cortex.o
                               0x109d (size before relaxing)
 .debug_str     0x0000398a      0x2a5 Build/stm32f4xx_hal.o
                                0xfb2 (size before relaxing)
 .debug_str     0x00003c2f      0x17b Build/list.o
                                0x73d (size before relaxing)
 .debug_str     0x00003daa      0xb36 Build/tasks.o
                               0x130e (size before relaxing)
 .debug_str     0x000048e0      0x920 Build/cmsis_os.o
                               0x13aa (size before relaxing)
 .debug_str     0x00005200      0x1b0 Build/port.o
                                0x4a8 (size before relaxing)
 .debug_str     0x000053b0       0x25 Build/startup_stm32f407xx.o
                                 0x61 (size before relaxing)
 .debug_str     0x000053d5      0x14f Build/robo_tasks.o
                                0x683 (size before relaxing)
 .debug_str     0x00005524      0x1be Build/main.o
                               0x1127 (size before relaxing)

.comment        0x00000000       0x7e
 .comment       0x00000000       0x7e Build/gpio.o
                                 0x7f (size before relaxing)
 .comment       0x0000007e       0x7f Build/tim.o
 .comment       0x0000007e       0x7f Build/usart.o
 .comment       0x0000007e       0x7f Build/freertos.o
 .comment       0x0000007e       0x7f Build/printf_config.o
 .comment       0x0000007e       0x7f Build/stm32f4xx_it.o
 .comment       0x0000007e       0x7f Build/stm32f4xx_hal_msp.o
 .comment       0x0000007e       0x7f Build/stm32f4xx_hal_timebase_tim.o
 .comment       0x0000007e       0x7f Build/system_stm32f4xx.o
 .comment       0x0000007e       0x7f Build/stm32f4xx_hal_tim.o
 .comment       0x0000007e       0x7f Build/stm32f4xx_hal_tim_ex.o
 .comment       0x0000007e       0x7f Build/stm32f4xx_hal_uart.o
 .comment       0x0000007e       0x7f Build/stm32f4xx_hal_rcc.o
 .comment       0x0000007e       0x7f Build/stm32f4xx_hal_gpio.o
 .comment       0x0000007e       0x7f Build/stm32f4xx_hal_cortex.o
 .comment       0x0000007e       0x7f Build/stm32f4xx_hal.o
 .comment       0x0000007e       0x7f Build/list.o
 .comment       0x0000007e       0x7f Build/tasks.o
 .comment       0x0000007e       0x7f Build/cmsis_os.o
 .comment       0x0000007e       0x7f Build/port.o
 .comment       0x0000007e       0x7f Build/robo_tasks.o
 .comment       0x0000007e       0x7f Build/main.o

.debug_frame    0x00000000     0x3610
 .debug_frame   0x00000000       0x48 Build/gpio.o
 .debug_frame   0x00000048      0x174 Build/tim.o
 .debug_frame   0x000001bc       0x68 Build/usart.o
 .debug_frame   0x00000224       0x48 Build/freertos.o
 .debug_frame   0x0000026c       0x48 Build/printf_config.o
 .debug_frame   0x000002b4      0x134 Build/stm32f4xx_it.o
 .debug_frame   0x000003e8       0x2c Build/stm32f4xx_hal_msp.o
 .debug_frame   0x00000414       0x54 Build/stm32f4xx_hal_timebase_tim.o
 .debug_frame   0x00000468       0x30 Build/system_stm32f4xx.o
 .debug_frame   0x00000498      0xbfc Build/stm32f4xx_hal_tim.o
 .debug_frame   0x00001094      0x46c Build/stm32f4xx_hal_tim_ex.o
 .debug_frame   0x00001500      0x5a8 Build/stm32f4xx_hal_uart.o
 .debug_frame   0x00001aa8      0x1c4 Build/stm32f4xx_hal_rcc.o
 .debug_frame   0x00001c6c      0x120 Build/stm32f4xx_hal_gpio.o
 .debug_frame   0x00001d8c      0x1d0 Build/stm32f4xx_hal_cortex.o
 .debug_frame   0x00001f5c      0x1e0 Build/stm32f4xx_hal.o
 .debug_frame   0x0000213c       0x70 Build/list.o
 .debug_frame   0x000021ac      0x560 Build/tasks.o
 .debug_frame   0x0000270c      0x610 Build/cmsis_os.o
 .debug_frame   0x00002d1c       0xf8 Build/port.o
 .debug_frame   0x00002e14       0x80 Build/robo_tasks.o
 .debug_frame   0x00002e94       0x8c Build/main.o
 .debug_frame   0x00002f20       0x2c c:/program files (x86)/gnu tools arm embedded/7 2017-q4-major/bin/../lib/gcc/arm-none-eabi/7.2.1/../../../../arm-none-eabi/lib/thumb/v7e-m/fpv4-sp/hard\libc_nano.a(lib_a-init.o)
 .debug_frame   0x00002f4c       0x20 c:/program files (x86)/gnu tools arm embedded/7 2017-q4-major/bin/../lib/gcc/arm-none-eabi/7.2.1/../../../../arm-none-eabi/lib/thumb/v7e-m/fpv4-sp/hard\libc_nano.a(lib_a-memset.o)
 .debug_frame   0x00002f6c       0x3c c:/program files (x86)/gnu tools arm embedded/7 2017-q4-major/bin/../lib/gcc/arm-none-eabi/7.2.1/../../../../arm-none-eabi/lib/thumb/v7e-m/fpv4-sp/hard\libc_nano.a(lib_a-puts.o)
 .debug_frame   0x00002fa8       0x40 c:/program files (x86)/gnu tools arm embedded/7 2017-q4-major/bin/../lib/gcc/arm-none-eabi/7.2.1/../../../../arm-none-eabi/lib/thumb/v7e-m/fpv4-sp/hard\libc_nano.a(lib_a-wbuf.o)
 .debug_frame   0x00002fe8       0x2c c:/program files (x86)/gnu tools arm embedded/7 2017-q4-major/bin/../lib/gcc/arm-none-eabi/7.2.1/../../../../arm-none-eabi/lib/thumb/v7e-m/fpv4-sp/hard\libc_nano.a(lib_a-wsetup.o)
 .debug_frame   0x00003014       0x68 c:/program files (x86)/gnu tools arm embedded/7 2017-q4-major/bin/../lib/gcc/arm-none-eabi/7.2.1/../../../../arm-none-eabi/lib/thumb/v7e-m/fpv4-sp/hard\libc_nano.a(lib_a-fflush.o)
 .debug_frame   0x0000307c      0x11c c:/program files (x86)/gnu tools arm embedded/7 2017-q4-major/bin/../lib/gcc/arm-none-eabi/7.2.1/../../../../arm-none-eabi/lib/thumb/v7e-m/fpv4-sp/hard\libc_nano.a(lib_a-findfp.o)
 .debug_frame   0x00003198       0x54 c:/program files (x86)/gnu tools arm embedded/7 2017-q4-major/bin/../lib/gcc/arm-none-eabi/7.2.1/../../../../arm-none-eabi/lib/thumb/v7e-m/fpv4-sp/hard\libc_nano.a(lib_a-fwalk.o)
 .debug_frame   0x000031ec       0x58 c:/program files (x86)/gnu tools arm embedded/7 2017-q4-major/bin/../lib/gcc/arm-none-eabi/7.2.1/../../../../arm-none-eabi/lib/thumb/v7e-m/fpv4-sp/hard\libc_nano.a(lib_a-makebuf.o)
 .debug_frame   0x00003244       0x38 c:/program files (x86)/gnu tools arm embedded/7 2017-q4-major/bin/../lib/gcc/arm-none-eabi/7.2.1/../../../../arm-none-eabi/lib/thumb/v7e-m/fpv4-sp/hard\libc_nano.a(lib_a-nano-freer.o)
 .debug_frame   0x0000327c       0x2c c:/program files (x86)/gnu tools arm embedded/7 2017-q4-major/bin/../lib/gcc/arm-none-eabi/7.2.1/../../../../arm-none-eabi/lib/thumb/v7e-m/fpv4-sp/hard\libc_nano.a(lib_a-nano-mallocr.o)
 .debug_frame   0x000032a8       0x2c c:/program files (x86)/gnu tools arm embedded/7 2017-q4-major/bin/../lib/gcc/arm-none-eabi/7.2.1/../../../../arm-none-eabi/lib/thumb/v7e-m/fpv4-sp/hard\libc_nano.a(lib_a-sbrkr.o)
 .debug_frame   0x000032d4       0x88 c:/program files (x86)/gnu tools arm embedded/7 2017-q4-major/bin/../lib/gcc/arm-none-eabi/7.2.1/../../../../arm-none-eabi/lib/thumb/v7e-m/fpv4-sp/hard\libc_nano.a(lib_a-stdio.o)
 .debug_frame   0x0000335c       0x2c c:/program files (x86)/gnu tools arm embedded/7 2017-q4-major/bin/../lib/gcc/arm-none-eabi/7.2.1/../../../../arm-none-eabi/lib/thumb/v7e-m/fpv4-sp/hard\libc_nano.a(lib_a-writer.o)
 .debug_frame   0x00003388       0x2c c:/program files (x86)/gnu tools arm embedded/7 2017-q4-major/bin/../lib/gcc/arm-none-eabi/7.2.1/../../../../arm-none-eabi/lib/thumb/v7e-m/fpv4-sp/hard\libc_nano.a(lib_a-closer.o)
 .debug_frame   0x000033b4       0x2c c:/program files (x86)/gnu tools arm embedded/7 2017-q4-major/bin/../lib/gcc/arm-none-eabi/7.2.1/../../../../arm-none-eabi/lib/thumb/v7e-m/fpv4-sp/hard\libc_nano.a(lib_a-fstatr.o)
 .debug_frame   0x000033e0       0x2c c:/program files (x86)/gnu tools arm embedded/7 2017-q4-major/bin/../lib/gcc/arm-none-eabi/7.2.1/../../../../arm-none-eabi/lib/thumb/v7e-m/fpv4-sp/hard\libc_nano.a(lib_a-isattyr.o)
 .debug_frame   0x0000340c       0x2c c:/program files (x86)/gnu tools arm embedded/7 2017-q4-major/bin/../lib/gcc/arm-none-eabi/7.2.1/../../../../arm-none-eabi/lib/thumb/v7e-m/fpv4-sp/hard\libc_nano.a(lib_a-lseekr.o)
 .debug_frame   0x00003438       0x30 c:/program files (x86)/gnu tools arm embedded/7 2017-q4-major/bin/../lib/gcc/arm-none-eabi/7.2.1/../../../../arm-none-eabi/lib/thumb/v7e-m/fpv4-sp/hard\libc_nano.a(lib_a-mlock.o)
 .debug_frame   0x00003468       0x2c c:/program files (x86)/gnu tools arm embedded/7 2017-q4-major/bin/../lib/gcc/arm-none-eabi/7.2.1/../../../../arm-none-eabi/lib/thumb/v7e-m/fpv4-sp/hard\libc_nano.a(lib_a-readr.o)
 .debug_frame   0x00003494       0x5c c:/program files (x86)/gnu tools arm embedded/7 2017-q4-major/bin/../lib/gcc/arm-none-eabi/7.2.1/../../../../arm-none-eabi/lib/thumb/v7e-m/fpv4-sp/hard\libc_nano.a(lib_a-reent.o)
 .debug_frame   0x000034f0       0x2c c:/program files (x86)/gnu tools arm embedded/7 2017-q4-major/bin/../lib/gcc/arm-none-eabi/7.2.1/thumb/v7e-m/fpv4-sp/hard\libgcc.a(_aeabi_uldivmod.o)
 .debug_frame   0x0000351c       0x34 c:/program files (x86)/gnu tools arm embedded/7 2017-q4-major/bin/../lib/gcc/arm-none-eabi/7.2.1/thumb/v7e-m/fpv4-sp/hard\libgcc.a(_udivmoddi4.o)
 .debug_frame   0x00003550       0x20 c:/program files (x86)/gnu tools arm embedded/7 2017-q4-major/bin/../lib/gcc/arm-none-eabi/7.2.1/../../../../arm-none-eabi/lib/thumb/v7e-m/fpv4-sp/hard\libnosys.a(close.o)
 .debug_frame   0x00003570       0x20 c:/program files (x86)/gnu tools arm embedded/7 2017-q4-major/bin/../lib/gcc/arm-none-eabi/7.2.1/../../../../arm-none-eabi/lib/thumb/v7e-m/fpv4-sp/hard\libnosys.a(fstat.o)
 .debug_frame   0x00003590       0x20 c:/program files (x86)/gnu tools arm embedded/7 2017-q4-major/bin/../lib/gcc/arm-none-eabi/7.2.1/../../../../arm-none-eabi/lib/thumb/v7e-m/fpv4-sp/hard\libnosys.a(isatty.o)
 .debug_frame   0x000035b0       0x20 c:/program files (x86)/gnu tools arm embedded/7 2017-q4-major/bin/../lib/gcc/arm-none-eabi/7.2.1/../../../../arm-none-eabi/lib/thumb/v7e-m/fpv4-sp/hard\libnosys.a(lseek.o)
 .debug_frame   0x000035d0       0x20 c:/program files (x86)/gnu tools arm embedded/7 2017-q4-major/bin/../lib/gcc/arm-none-eabi/7.2.1/../../../../arm-none-eabi/lib/thumb/v7e-m/fpv4-sp/hard\libnosys.a(read.o)
 .debug_frame   0x000035f0       0x20 c:/program files (x86)/gnu tools arm embedded/7 2017-q4-major/bin/../lib/gcc/arm-none-eabi/7.2.1/../../../../arm-none-eabi/lib/thumb/v7e-m/fpv4-sp/hard\libnosys.a(sbrk.o)

.stab           0x00000000       0x84
 .stab          0x00000000       0x24 c:/program files (x86)/gnu tools arm embedded/7 2017-q4-major/bin/../lib/gcc/arm-none-eabi/7.2.1/../../../../arm-none-eabi/lib/thumb/v7e-m/fpv4-sp/hard\libnosys.a(close.o)
 .stab          0x00000024       0x18 c:/program files (x86)/gnu tools arm embedded/7 2017-q4-major/bin/../lib/gcc/arm-none-eabi/7.2.1/../../../../arm-none-eabi/lib/thumb/v7e-m/fpv4-sp/hard\libnosys.a(fstat.o)
                                 0x24 (size before relaxing)
 .stab          0x0000003c       0x18 c:/program files (x86)/gnu tools arm embedded/7 2017-q4-major/bin/../lib/gcc/arm-none-eabi/7.2.1/../../../../arm-none-eabi/lib/thumb/v7e-m/fpv4-sp/hard\libnosys.a(isatty.o)
                                 0x24 (size before relaxing)
 .stab          0x00000054       0x18 c:/program files (x86)/gnu tools arm embedded/7 2017-q4-major/bin/../lib/gcc/arm-none-eabi/7.2.1/../../../../arm-none-eabi/lib/thumb/v7e-m/fpv4-sp/hard\libnosys.a(lseek.o)
                                 0x24 (size before relaxing)
 .stab          0x0000006c       0x18 c:/program files (x86)/gnu tools arm embedded/7 2017-q4-major/bin/../lib/gcc/arm-none-eabi/7.2.1/../../../../arm-none-eabi/lib/thumb/v7e-m/fpv4-sp/hard\libnosys.a(read.o)
                                 0x24 (size before relaxing)

.stabstr        0x00000000      0x117
 .stabstr       0x00000000      0x117 c:/program files (x86)/gnu tools arm embedded/7 2017-q4-major/bin/../lib/gcc/arm-none-eabi/7.2.1/../../../../arm-none-eabi/lib/thumb/v7e-m/fpv4-sp/hard\libnosys.a(close.o)

Cross Reference Table

Symbol                                            File
ADC_IRQHandler                                    Build/startup_stm32f407xx.o
AHBPrescTable                                     Build/system_stm32f4xx.o
                                                  Build/stm32f4xx_hal_rcc.o
APBPrescTable                                     Build/system_stm32f4xx.o
                                                  Build/stm32f4xx_hal_rcc.o
BusFault_Handler                                  Build/stm32f4xx_it.o
CAN1_RX0_IRQHandler                               Build/startup_stm32f407xx.o
CAN1_RX1_IRQHandler                               Build/startup_stm32f407xx.o
CAN1_SCE_IRQHandler                               Build/startup_stm32f407xx.o
CAN1_TX_IRQHandler                                Build/startup_stm32f407xx.o
CAN2_RX0_IRQHandler                               Build/startup_stm32f407xx.o
CAN2_RX1_IRQHandler                               Build/startup_stm32f407xx.o
CAN2_SCE_IRQHandler                               Build/startup_stm32f407xx.o
CAN2_TX_IRQHandler                                Build/startup_stm32f407xx.o
DCMI_IRQHandler                                   Build/startup_stm32f407xx.o
DMA1_Stream0_IRQHandler                           Build/startup_stm32f407xx.o
DMA1_Stream1_IRQHandler                           Build/startup_stm32f407xx.o
DMA1_Stream2_IRQHandler                           Build/startup_stm32f407xx.o
DMA1_Stream3_IRQHandler                           Build/startup_stm32f407xx.o
DMA1_Stream4_IRQHandler                           Build/startup_stm32f407xx.o
DMA1_Stream5_IRQHandler                           Build/startup_stm32f407xx.o
DMA1_Stream6_IRQHandler                           Build/startup_stm32f407xx.o
DMA1_Stream7_IRQHandler                           Build/startup_stm32f407xx.o
DMA2_Stream0_IRQHandler                           Build/startup_stm32f407xx.o
DMA2_Stream1_IRQHandler                           Build/startup_stm32f407xx.o
DMA2_Stream2_IRQHandler                           Build/startup_stm32f407xx.o
DMA2_Stream3_IRQHandler                           Build/startup_stm32f407xx.o
DMA2_Stream4_IRQHandler                           Build/startup_stm32f407xx.o
DMA2_Stream5_IRQHandler                           Build/startup_stm32f407xx.o
DMA2_Stream6_IRQHandler                           Build/startup_stm32f407xx.o
DMA2_Stream7_IRQHandler                           Build/startup_stm32f407xx.o
DebugMon_Handler                                  Build/stm32f4xx_it.o
Default_Handler                                   Build/startup_stm32f407xx.o
ETH_IRQHandler                                    Build/startup_stm32f407xx.o
ETH_WKUP_IRQHandler                               Build/startup_stm32f407xx.o
EXTI0_IRQHandler                                  Build/stm32f4xx_it.o
EXTI15_10_IRQHandler                              Build/stm32f4xx_it.o
EXTI1_IRQHandler                                  Build/stm32f4xx_it.o
EXTI2_IRQHandler                                  Build/stm32f4xx_it.o
EXTI3_IRQHandler                                  Build/stm32f4xx_it.o
EXTI4_IRQHandler                                  Build/startup_stm32f407xx.o
EXTI9_5_IRQHandler                                Build/stm32f4xx_it.o
Error_Handler                                     Build/main.o
                                                  Build/usart.o
                                                  Build/tim.o
FLASH_Erase_Sector                                Build/stm32f4xx_hal_flash_ex.o
                                                  Build/stm32f4xx_hal_flash.o
FLASH_FlushCaches                                 Build/stm32f4xx_hal_flash_ex.o
                                                  Build/stm32f4xx_hal_flash.o
FLASH_IRQHandler                                  Build/startup_stm32f407xx.o
FLASH_WaitForLastOperation                        Build/stm32f4xx_hal_flash.o
                                                  Build/stm32f4xx_hal_flash_ex.o
FPU_IRQHandler                                    Build/startup_stm32f407xx.o
FSMC_IRQHandler                                   Build/startup_stm32f407xx.o
HAL_DBGMCU_DisableDBGSleepMode                    Build/stm32f4xx_hal.o
HAL_DBGMCU_DisableDBGStandbyMode                  Build/stm32f4xx_hal.o
HAL_DBGMCU_DisableDBGStopMode                     Build/stm32f4xx_hal.o
HAL_DBGMCU_EnableDBGSleepMode                     Build/stm32f4xx_hal.o
HAL_DBGMCU_EnableDBGStandbyMode                   Build/stm32f4xx_hal.o
HAL_DBGMCU_EnableDBGStopMode                      Build/stm32f4xx_hal.o
HAL_DMA_Abort                                     Build/stm32f4xx_hal_uart.o
                                                  Build/stm32f4xx_hal_tim.o
HAL_DMA_Abort_IT                                  Build/stm32f4xx_hal_uart.o
HAL_DMA_Start_IT                                  Build/stm32f4xx_hal_uart.o
                                                  Build/stm32f4xx_hal_tim_ex.o
                                                  Build/stm32f4xx_hal_tim.o
HAL_DeInit                                        Build/stm32f4xx_hal.o
HAL_Delay                                         Build/stm32f4xx_hal.o
HAL_DisableCompensationCell                       Build/stm32f4xx_hal.o
HAL_EnableCompensationCell                        Build/stm32f4xx_hal.o
HAL_FLASHEx_Erase                                 Build/stm32f4xx_hal_flash_ex.o
HAL_FLASHEx_Erase_IT                              Build/stm32f4xx_hal_flash_ex.o
HAL_FLASHEx_OBGetConfig                           Build/stm32f4xx_hal_flash_ex.o
HAL_FLASHEx_OBProgram                             Build/stm32f4xx_hal_flash_ex.o
HAL_FLASH_EndOfOperationCallback                  Build/stm32f4xx_hal_flash.o
HAL_FLASH_GetError                                Build/stm32f4xx_hal_flash.o
HAL_FLASH_IRQHandler                              Build/stm32f4xx_hal_flash.o
HAL_FLASH_Lock                                    Build/stm32f4xx_hal_flash.o
HAL_FLASH_OB_Launch                               Build/stm32f4xx_hal_flash.o
HAL_FLASH_OB_Lock                                 Build/stm32f4xx_hal_flash.o
HAL_FLASH_OB_Unlock                               Build/stm32f4xx_hal_flash.o
HAL_FLASH_OperationErrorCallback                  Build/stm32f4xx_hal_flash.o
HAL_FLASH_Program                                 Build/stm32f4xx_hal_flash.o
HAL_FLASH_Program_IT                              Build/stm32f4xx_hal_flash.o
HAL_FLASH_Unlock                                  Build/stm32f4xx_hal_flash.o
HAL_GPIO_DeInit                                   Build/stm32f4xx_hal_gpio.o
                                                  Build/usart.o
                                                  Build/tim.o
HAL_GPIO_EXTI_Callback                            Build/stm32f4xx_hal_gpio.o
HAL_GPIO_EXTI_IRQHandler                          Build/stm32f4xx_hal_gpio.o
                                                  Build/stm32f4xx_it.o
HAL_GPIO_Init                                     Build/stm32f4xx_hal_gpio.o
                                                  Build/stm32f4xx_hal_rcc.o
                                                  Build/usart.o
                                                  Build/tim.o
                                                  Build/gpio.o
HAL_GPIO_LockPin                                  Build/stm32f4xx_hal_gpio.o
HAL_GPIO_ReadPin                                  Build/stm32f4xx_hal_gpio.o
HAL_GPIO_TogglePin                                Build/stm32f4xx_hal_gpio.o
HAL_GPIO_WritePin                                 Build/stm32f4xx_hal_gpio.o
                                                  Build/gpio.o
HAL_GetDEVID                                      Build/stm32f4xx_hal.o
HAL_GetHalVersion                                 Build/stm32f4xx_hal.o
HAL_GetREVID                                      Build/stm32f4xx_hal.o
HAL_GetTick                                       Build/stm32f4xx_hal.o
                                                  Build/stm32f4xx_hal_pwr_ex.o
                                                  Build/stm32f4xx_hal_flash.o
                                                  Build/stm32f4xx_hal_rcc_ex.o
                                                  Build/stm32f4xx_hal_rcc.o
                                                  Build/stm32f4xx_hal_uart.o
HAL_GetTickFreq                                   Build/stm32f4xx_hal.o
HAL_GetTickPrio                                   Build/stm32f4xx_hal.o
HAL_GetUID                                        Build/stm32f4xx_hal.o
HAL_HalfDuplex_EnableReceiver                     Build/stm32f4xx_hal_uart.o
HAL_HalfDuplex_EnableTransmitter                  Build/stm32f4xx_hal_uart.o
HAL_HalfDuplex_Init                               Build/stm32f4xx_hal_uart.o
HAL_IncTick                                       Build/stm32f4xx_hal.o
                                                  Build/main.o
HAL_Init                                          Build/stm32f4xx_hal.o
                                                  Build/main.o
HAL_InitTick                                      Build/stm32f4xx_hal_timebase_tim.o
                                                  Build/stm32f4xx_hal_rcc_ex.o
                                                  Build/stm32f4xx_hal_rcc.o
HAL_LIN_Init                                      Build/stm32f4xx_hal_uart.o
HAL_LIN_SendBreak                                 Build/stm32f4xx_hal_uart.o
HAL_MPU_ConfigRegion                              Build/stm32f4xx_hal_cortex.o
HAL_MPU_Disable                                   Build/stm32f4xx_hal_cortex.o
HAL_MPU_Enable                                    Build/stm32f4xx_hal_cortex.o
HAL_MspDeInit                                     Build/stm32f4xx_hal.o
HAL_MspInit                                       Build/stm32f4xx_hal_msp.o
HAL_MultiProcessor_EnterMuteMode                  Build/stm32f4xx_hal_uart.o
HAL_MultiProcessor_ExitMuteMode                   Build/stm32f4xx_hal_uart.o
HAL_MultiProcessor_Init                           Build/stm32f4xx_hal_uart.o
HAL_NVIC_ClearPendingIRQ                          Build/stm32f4xx_hal_cortex.o
HAL_NVIC_DisableIRQ                               Build/stm32f4xx_hal_cortex.o
                                                  Build/tim.o
HAL_NVIC_EnableIRQ                                Build/stm32f4xx_hal_cortex.o
                                                  Build/stm32f4xx_hal_timebase_tim.o
                                                  Build/tim.o
                                                  Build/gpio.o
HAL_NVIC_GetActive                                Build/stm32f4xx_hal_cortex.o
HAL_NVIC_GetPendingIRQ                            Build/stm32f4xx_hal_cortex.o
HAL_NVIC_GetPriority                              Build/stm32f4xx_hal_cortex.o
HAL_NVIC_GetPriorityGrouping                      Build/stm32f4xx_hal_cortex.o
HAL_NVIC_SetPendingIRQ                            Build/stm32f4xx_hal_cortex.o
HAL_NVIC_SetPriority                              Build/stm32f4xx_hal_cortex.o
                                                  Build/stm32f4xx_hal.o
                                                  Build/stm32f4xx_hal_timebase_tim.o
                                                  Build/stm32f4xx_hal_msp.o
                                                  Build/tim.o
                                                  Build/gpio.o
HAL_NVIC_SetPriorityGrouping                      Build/stm32f4xx_hal_cortex.o
                                                  Build/stm32f4xx_hal.o
HAL_NVIC_SystemReset                              Build/stm32f4xx_hal_cortex.o
HAL_PWREx_ControlVoltageScaling                   Build/stm32f4xx_hal_pwr_ex.o
HAL_PWREx_DisableBkUpReg                          Build/stm32f4xx_hal_pwr_ex.o
HAL_PWREx_DisableFlashPowerDown                   Build/stm32f4xx_hal_pwr_ex.o
HAL_PWREx_EnableBkUpReg                           Build/stm32f4xx_hal_pwr_ex.o
HAL_PWREx_EnableFlashPowerDown                    Build/stm32f4xx_hal_pwr_ex.o
HAL_PWREx_GetVoltageRange                         Build/stm32f4xx_hal_pwr_ex.o
HAL_PWR_ConfigPVD                                 Build/stm32f4xx_hal_pwr.o
HAL_PWR_DeInit                                    Build/stm32f4xx_hal_pwr.o
HAL_PWR_DisableBkUpAccess                         Build/stm32f4xx_hal_pwr.o
HAL_PWR_DisablePVD                                Build/stm32f4xx_hal_pwr.o
HAL_PWR_DisableSEVOnPend                          Build/stm32f4xx_hal_pwr.o
HAL_PWR_DisableSleepOnExit                        Build/stm32f4xx_hal_pwr.o
HAL_PWR_DisableWakeUpPin                          Build/stm32f4xx_hal_pwr.o
HAL_PWR_EnableBkUpAccess                          Build/stm32f4xx_hal_pwr.o
HAL_PWR_EnablePVD                                 Build/stm32f4xx_hal_pwr.o
HAL_PWR_EnableSEVOnPend                           Build/stm32f4xx_hal_pwr.o
HAL_PWR_EnableSleepOnExit                         Build/stm32f4xx_hal_pwr.o