<html>
<body>
<pre>
<h1>µVision Build Log</h1>
<h2>Tool Versions:</h2>
IDE-Version: µVision V5.25.0.0
Copyright (C) 2017 ARM Ltd and ARM Germany GmbH. All rights reserved.
License Information: Prashant Bhatta, Robotics Club, IOE Pulchowk Campus, LIC=X1E74-FZBML-YDPK5-GT3I4-VLY2J-PRC6K
 
Tool Versions:
Toolchain:       MDK-ARM Professional  Version: 5.25.0.0
Toolchain Path:  C:\Keil_v5\ARM\ARMCC\Bin
C Compiler:      Armcc.exe V5.06 update 6 (build 750)
Assembler:       Armasm.exe V5.06 update 6 (build 750)
Linker/Locator:  ArmLink.exe V5.06 update 6 (build 750)
Library Manager: ArmAr.exe V5.06 update 6 (build 750)
Hex Converter:   FromElf.exe V5.06 update 6 (build 750)
CPU DLL:         SARMCM3.DLL V5.25.0.0
Dialog DLL:      DCM.DLL V1.17.0.0
Target DLL:      STLink\ST-LINKIII-KEIL_SWO.dll V3.0.1.0
Dialog DLL:      TCM.DLL V1.34.0.0
 
<h2>Project:</h2>
C:\Users\Prashant\Documents\ROBOCON_2019\Base\uart_pakka_chalcha\MDK-ARM\uart_pakka_chalcha.uvprojx
Project File Date:  11/20/2018

<h2>Output:</h2>
*** Using Compiler 'V5.06 update 6 (build 750)', folder: 'C:\Keil_v5\ARM\ARMCC\Bin'
Build target 'uart_pakka_chalcha'
compiling encoder.c...
compiling communication.c...
compiling drive.c...
..\Core\Src\drive.c(27): warning:  #174-D: expression has no effect
  			Wheel_arr[i].next_velocity = -ROBOT_VELOCITY;																																																																	ROBOT_VELOCITY;
..\Core\Src\drive.c: 1 warning, 0 errors
compiling robo_init.c...
compiling wheel.c...
compiling pid.c...
..\Core\Src\pid.c(71): warning:  #1035-D: single-precision operand implicitly converted to double-precision
  	return (double)((12*spid->output)/MAX_OMEGA);
..\Core\Src\pid.c: 1 warning, 0 errors
compiling robot.c...
compiling main.c...
../Core/Src/main.c(129): warning:  #550-D: variable "ok"  was set but never used
    int ok;
../Core/Src/main.c: 1 warning, 0 errors
compiling tim.c...
linking...
Program Size: Code=20788 RO-data=940 RW-data=152 ZI-data=2704  
FromELF: creating hex file...
"uart_pakka_chalcha\uart_pakka_chalcha.axf" - 0 Error(s), 3 Warning(s).

<h2>Software Packages used:</h2>

Package Vendor: ARM
                http://www.keil.com/pack/ARM.CMSIS.5.4.0.pack
                ARM.CMSIS.5.4.0
                CMSIS (Cortex Microcontroller Software Interface Standard)
   * Component: CORE Version: 5.1.2

Package Vendor: Keil
                http://www.keil.com/pack/Keil.STM32F4xx_DFP.2.13.0.pack
                Keil.STM32F4xx_DFP.2.13.0
                STMicroelectronics STM32F4 Series Device Support, Drivers and Examples

<h2>Collection of Component include folders:</h2>
  .\RTE\_uart_pakka_chalcha
  C:\Keil_v5\ARM\PACK\ARM\CMSIS\5.4.0\CMSIS\Core\Include
  C:\Keil_v5\ARM\PACK\Keil\STM32F4xx_DFP\2.13.0\Drivers\CMSIS\Device\ST\STM32F4xx\Include

<h2>Collection of Component Files used:</h2>

   * Component: ARM::CMSIS:CORE:5.1.2
Build Time Elapsed:  00:00:28
</pre>
</body>
</html>
