Archive member included to satisfy reference by file (symbol)

c:/program files (x86)/gnu tools arm embedded/7 2017-q4-major/bin/../lib/gcc/arm-none-eabi/7.2.1/../../../../arm-none-eabi/lib/thumb/v7e-m/fpv4-sp/hard\libstdc++_nano.a(atexit_arm.o)
                              build/robot.o (__aeabi_atexit)
c:/program files (x86)/gnu tools arm embedded/7 2017-q4-major/bin/../lib/gcc/arm-none-eabi/7.2.1/../../../../arm-none-eabi/lib/thumb/v7e-m/fpv4-sp/hard\libstdc++_nano.a(del_ops.o)
                              build/robo_init.o (operator delete(void*, unsigned int))
c:/program files (x86)/gnu tools arm embedded/7 2017-q4-major/bin/../lib/gcc/arm-none-eabi/7.2.1/../../../../arm-none-eabi/lib/thumb/v7e-m/fpv4-sp/hard\libstdc++_nano.a(si_class_type_info.o)
                              build/robo_init.o (vtable for __cxxabiv1::__si_class_type_info)
c:/program files (x86)/gnu tools arm embedded/7 2017-q4-major/bin/../lib/gcc/arm-none-eabi/7.2.1/../../../../arm-none-eabi/lib/thumb/v7e-m/fpv4-sp/hard\libstdc++_nano.a(tinfo.o)
                              c:/program files (x86)/gnu tools arm embedded/7 2017-q4-major/bin/../lib/gcc/arm-none-eabi/7.2.1/../../../../arm-none-eabi/lib/thumb/v7e-m/fpv4-sp/hard\libstdc++_nano.a(si_class_type_info.o) (std::type_info::__is_pointer_p() const)
c:/program files (x86)/gnu tools arm embedded/7 2017-q4-major/bin/../lib/gcc/arm-none-eabi/7.2.1/../../../../arm-none-eabi/lib/thumb/v7e-m/fpv4-sp/hard\libstdc++_nano.a(class_type_info.o)
                              c:/program files (x86)/gnu tools arm embedded/7 2017-q4-major/bin/../lib/gcc/arm-none-eabi/7.2.1/../../../../arm-none-eabi/lib/thumb/v7e-m/fpv4-sp/hard\libstdc++_nano.a(si_class_type_info.o) (__cxxabiv1::__class_type_info::__do_upcast(__cxxabiv1::__class_type_info const*, void**) const)
c:/program files (x86)/gnu tools arm embedded/7 2017-q4-major/bin/../lib/gcc/arm-none-eabi/7.2.1/../../../../arm-none-eabi/lib/thumb/v7e-m/fpv4-sp/hard\libstdc++_nano.a(del_op.o)
                              c:/program files (x86)/gnu tools arm embedded/7 2017-q4-major/bin/../lib/gcc/arm-none-eabi/7.2.1/../../../../arm-none-eabi/lib/thumb/v7e-m/fpv4-sp/hard\libstdc++_nano.a(del_ops.o) (operator delete(void*))
c:/program files (x86)/gnu tools arm embedded/7 2017-q4-major/bin/../lib/gcc/arm-none-eabi/7.2.1/../../../../arm-none-eabi/lib/thumb/v7e-m/fpv4-sp/hard\libm.a(lib_a-s_cos.o)
                              build/robo_orientation.o (cos)
c:/program files (x86)/gnu tools arm embedded/7 2017-q4-major/bin/../lib/gcc/arm-none-eabi/7.2.1/../../../../arm-none-eabi/lib/thumb/v7e-m/fpv4-sp/hard\libm.a(lib_a-s_sin.o)
                              build/robo_orientation.o (sin)
c:/program files (x86)/gnu tools arm embedded/7 2017-q4-major/bin/../lib/gcc/arm-none-eabi/7.2.1/../../../../arm-none-eabi/lib/thumb/v7e-m/fpv4-sp/hard\libm.a(lib_a-w_pow.o)
                              build/robot.o (pow)
c:/program files (x86)/gnu tools arm embedded/7 2017-q4-major/bin/../lib/gcc/arm-none-eabi/7.2.1/../../../../arm-none-eabi/lib/thumb/v7e-m/fpv4-sp/hard\libm.a(lib_a-wf_atan2.o)
                              build/robo_orientation.o (atan2f)
c:/program files (x86)/gnu tools arm embedded/7 2017-q4-major/bin/../lib/gcc/arm-none-eabi/7.2.1/../../../../arm-none-eabi/lib/thumb/v7e-m/fpv4-sp/hard\libm.a(lib_a-e_pow.o)
                              c:/program files (x86)/gnu tools arm embedded/7 2017-q4-major/bin/../lib/gcc/arm-none-eabi/7.2.1/../../../../arm-none-eabi/lib/thumb/v7e-m/fpv4-sp/hard\libm.a(lib_a-w_pow.o) (__ieee754_pow)
c:/program files (x86)/gnu tools arm embedded/7 2017-q4-major/bin/../lib/gcc/arm-none-eabi/7.2.1/../../../../arm-none-eabi/lib/thumb/v7e-m/fpv4-sp/hard\libm.a(lib_a-e_rem_pio2.o)
                              c:/program files (x86)/gnu tools arm embedded/7 2017-q4-major/bin/../lib/gcc/arm-none-eabi/7.2.1/../../../../arm-none-eabi/lib/thumb/v7e-m/fpv4-sp/hard\libm.a(lib_a-s_cos.o) (__ieee754_rem_pio2)
c:/program files (x86)/gnu tools arm embedded/7 2017-q4-major/bin/../lib/gcc/arm-none-eabi/7.2.1/../../../../arm-none-eabi/lib/thumb/v7e-m/fpv4-sp/hard\libm.a(lib_a-e_sqrt.o)
                              c:/program files (x86)/gnu tools arm embedded/7 2017-q4-major/bin/../lib/gcc/arm-none-eabi/7.2.1/../../../../arm-none-eabi/lib/thumb/v7e-m/fpv4-sp/hard\libm.a(lib_a-e_pow.o) (__ieee754_sqrt)
c:/program files (x86)/gnu tools arm embedded/7 2017-q4-major/bin/../lib/gcc/arm-none-eabi/7.2.1/../../../../arm-none-eabi/lib/thumb/v7e-m/fpv4-sp/hard\libm.a(lib_a-ef_atan2.o)
                              c:/program files (x86)/gnu tools arm embedded/7 2017-q4-major/bin/../lib/gcc/arm-none-eabi/7.2.1/../../../../arm-none-eabi/lib/thumb/v7e-m/fpv4-sp/hard\libm.a(lib_a-wf_atan2.o) (__ieee754_atan2f)
c:/program files (x86)/gnu tools arm embedded/7 2017-q4-major/bin/../lib/gcc/arm-none-eabi/7.2.1/../../../../arm-none-eabi/lib/thumb/v7e-m/fpv4-sp/hard\libm.a(lib_a-k_cos.o)
[...]
Memory Configuration

Name             Origin             Length             Attributes
RAM              0x20000000         0x00020000         xrw
CCMRAM           0x10000000         0x00010000         rw
FLASH            0x08000000         0x00100000         xr
*default*        0x00000000         0xffffffff

Linker script and memory map

LOAD c:/program files (x86)/gnu tools arm embedded/7 2017-q4-major/bin/../lib/gcc/arm-none-eabi/7.2.1/thumb/v7e-m/fpv4-sp/hard/crti.o
LOAD c:/program files (x86)/gnu tools arm embedded/7 2017-q4-major/bin/../lib/gcc/arm-none-eabi/7.2.1/thumb/v7e-m/fpv4-sp/hard/crtbegin.o
LOAD c:/program files (x86)/gnu tools arm embedded/7 2017-q4-major/bin/../lib/gcc/arm-none-eabi/7.2.1/../../../../arm-none-eabi/lib/thumb/v7e-m/fpv4-sp/hard/crt0.o
LOAD build/gpio.o
LOAD build/tim.o
LOAD build/i2c.o
LOAD build/adc.o
LOAD build/usart.o
LOAD build/printf_config.o
LOAD build/stm32f4xx_it.o
LOAD build/stm32f4xx_hal_msp.o
LOAD build/system_stm32f4xx.o
LOAD build/stm32f4xx_hal_tim.o
LOAD build/stm32f4xx_hal_tim_ex.o
LOAD build/stm32f4xx_hal_uart.o
LOAD build/stm32f4xx_hal_rcc.o
LOAD build/stm32f4xx_hal_rcc_ex.o
LOAD build/stm32f4xx_hal_flash.o
LOAD build/stm32f4xx_hal_flash_ex.o
LOAD build/stm32f4xx_hal_flash_ramfunc.o
LOAD build/stm32f4xx_hal_gpio.o
LOAD build/stm32f4xx_hal_dma_ex.o
LOAD build/stm32f4xx_hal_dma.o
LOAD build/stm32f4xx_hal_pwr.o
LOAD build/stm32f4xx_hal_pwr_ex.o
LOAD build/stm32f4xx_hal_cortex.o
LOAD build/stm32f4xx_hal.o
LOAD build/stm32f4xx_hal_adc.o
LOAD build/stm32f4xx_hal_adc_ex.o
LOAD build/stm32f4xx_hal_i2c.o
LOAD build/stm32f4xx_hal_i2c_ex.o
LOAD build/startup_stm32f407xx.o
LOAD build/main.o
LOAD build/robot.o
LOAD build/robo_init.o
LOAD build/robo_orientation.o
LOAD build/motor.o
LOAD build/encoder.o
LOAD build/leg.o
LOAD build/hmc5883.o
LOAD build/mpu6050.o
LOAD build/interrupt.o
LOAD build/steering.o
LOAD build/exp_smooth.o
LOAD build/mat.o
LOAD c:/program files (x86)/gnu tools arm embedded/7 2017-q4-major/bin/../lib/gcc/arm-none-eabi/7.2.1/../../../../arm-none-eabi/lib/thumb/v7e-m/fpv4-sp/hard\libnosys.a
LOAD c:/program files (x86)/gnu tools arm embedded/7 2017-q4-major/bin/../lib/gcc/arm-none-eabi/7.2.1/../../../../arm-none-eabi/lib/thumb/v7e-m/fpv4-sp/hard\libstdc++_nano.a
LOAD c:/program files (x86)/gnu tools arm embedded/7 2017-q4-major/bin/../lib/gcc/arm-none-eabi/7.2.1/../../../../arm-none-eabi/lib/thumb/v7e-m/fpv4-sp/hard\libm.a
LOAD c:/program files (x86)/gnu tools arm embedded/7 2017-q4-major/bin/../lib/gcc/arm-none-eabi/7.2.1/../../../../arm-none-eabi/lib/thumb/v7e-m/fpv4-sp/hard\libc_nano.a
START GROUP
LOAD c:/program files (x86)/gnu tools arm embedded/7 2017-q4-major/bin/../lib/gcc/arm-none-eabi/7.2.1/thumb/v7e-m/fpv4-sp/hard\libgcc.a
LOAD c:/program files (x86)/gnu tools arm embedded/7 2017-q4-major/bin/../lib/gcc/arm-none-eabi/7.2.1/../../../../arm-none-eabi/lib/thumb/v7e-m/fpv4-sp/hard\libc_nano.a
END GROUP
START GROUP
LOAD c:/program files (x86)/gnu tools arm embedded/7 2017-q4-major/bin/../lib/gcc/arm-none-eabi/7.2.1/thumb/v7e-m/fpv4-sp/hard\libgcc.a
LOAD c:/program files (x86)/gnu tools arm embedded/7 2017-q4-major/bin/../lib/gcc/arm-none-eabi/7.2.1/../../../../arm-none-eabi/lib/thumb/v7e-m/fpv4-sp/hard\libc_nano.a
LOAD c:/program files (x86)/gnu tools arm embedded/7 2017-q4-major/bin/../lib/gcc/arm-none-eabi/7.2.1/../../../../arm-none-eabi/lib/thumb/v7e-m/fpv4-sp/hard\libnosys.a
END GROUP
START GROUP
LOAD c:/program files (x86)/gnu tools arm embedded/7 2017-q4-major/bin/../lib/gcc/arm-none-eabi/7.2.1/thumb/v7e-m/fpv4-sp/hard\libgcc.a
LOAD c:/program files (x86)/gnu tools arm embedded/7 2017-q4-major/bin/../lib/gcc/arm-none-eabi/7.2.1/../../../../arm-none-eabi/lib/thumb/v7e-m/fpv4-sp/hard\libc_nano.a
LOAD c:/program files (x86)/gnu tools arm embedded/7 2017-q4-major/bin/../lib/gcc/arm-none-eabi/7.2.1/../../../../arm-none-eabi/lib/thumb/v7e-m/fpv4-sp/hard\libnosys.a
END GROUP
LOAD c:/program files (x86)/gnu tools arm embedded/7 2017-q4-major/bin/../lib/gcc/arm-none-eabi/7.2.1/thumb/v7e-m/fpv4-sp/hard/crtend.o
LOAD c:/program files (x86)/gnu tools arm embedded/7 2017-q4-major/bin/../lib/gcc/arm-none-eabi/7.2.1/thumb/v7e-m/fpv4-sp/hard/crtn.o
                0x20020000                _estack = 0x20020000
                0x00000200                _Min_Heap_Size = 0x200
                0x00000400                _Min_Stack_Size = 0x400

.isr_vector     0x08000000      0x188
                0x08000000                . = ALIGN (0x4)
 *(.isr_vector)
 .isr_vector    0x08000000      0x188 build/startup_stm32f407xx.o
                0x08000000                g_pfnVectors
                0x08000188                . = ALIGN (0x4)

.text           0x08000190     0xa1e8
                0x08000190                . = ALIGN (0x4)
 *(.text)
 .text          0x08000190       0x40 c:/program files (x86)/gnu tools arm embedded/7 2017-q4-major/bin/../lib/gcc/arm-none-eabi/7.2.1/thumb/v7e-m/fpv4-sp/hard/crtbegin.o
 .text          0x080001d0       0x14 c:/program files (x86)/gnu tools arm embedded/7 2017-q4-major/bin/../lib/gcc/arm-none-eabi/7.2.1/../../../../arm-none-eabi/lib/thumb/v7e-m/fpv4-sp/hard\libc_nano.a(lib_a-strcmp.o)
                0x080001d0                strcmp
 *fill*         0x080001e4        0xc 
 .text          0x080001f0       0xa0 c:/program files (x86)/gnu tools arm embedded/7 2017-q4-major/bin/../lib/gcc/arm-none-eabi/7.2.1/../../../../arm-none-eabi/lib/thumb/v7e-m/fpv4-sp/hard\libc_nano.a(lib_a-memchr.o)
                0x080001f0                memchr
 .text          0x08000290      0x378 c:/program files (x86)/gnu tools arm embedded/7 2017-q4-major/bin/../lib/gcc/arm-none-eabi/7.2.1/thumb/v7e-m/fpv4-sp/hard\libgcc.a(_arm_addsubdf3.o)
                0x08000290                __aeabi_drsub
                0x08000298                __aeabi_dsub
                0x08000298                __subdf3
                0x0800029c                __aeabi_dadd
                0x0800029c                __adddf3
                0x08000514                __floatunsidf
                0x08000514                __aeabi_ui2d
                0x08000534                __floatsidf
                0x08000534                __aeabi_i2d
                0x08000558                __aeabi_f2d
                0x08000558                __extendsfdf2
                0x0800059c                __floatundidf
                0x0800059c                __aeabi_ul2d
                0x080005ac                __floatdidf
                0x080005ac                __aeabi_l2d
 .text          0x08000608      0x424 c:/program files (x86)/gnu tools arm embedded/7 2017-q4-major/bin/../lib/gcc/arm-none-eabi/7.2.1/thumb/v7e-m/fpv4-sp/hard\libgcc.a(_arm_muldivdf3.o)
                0x08000608                __aeabi_dmul
                0x08000608                __muldf3
                0x0800085c                __divdf3
                0x0800085c                __aeabi_ddiv
 .text          0x08000a2c      0x110 c:/program files (x86)/gnu tools arm embedded/7 2017-q4-major/bin/../lib/gcc/arm-none-eabi/7.2.1/thumb/v7e-m/fpv4-sp/hard\libgcc.a(_arm_cmpdf2.o)
                0x08000a2c                __gtdf2
                0x08000a2c                __gedf2
                0x08000a34                __ltdf2
                0x08000a34                __ledf2
                0x08000a3c                __nedf2
                0x08000a3c                __eqdf2
                0x08000a3c                __cmpdf2
                0x08000ab8                __aeabi_cdrcmple
                0x08000ac8                __aeabi_cdcmpeq
                0x08000ac8                __aeabi_cdcmple
                0x08000ad8                __aeabi_dcmpeq
                0x08000aec                __aeabi_dcmplt
                0x08000b00                __aeabi_dcmple
                0x08000b14                __aeabi_dcmpge
                0x08000b28                __aeabi_dcmpgt
 .text          0x08000b3c       0x2c c:/program files (x86)/gnu tools arm embedded/7 2017-q4-major/bin/../lib/gcc/arm-none-eabi/7.2.1/thumb/v7e-m/fpv4-sp/hard\libgcc.a(_arm_unorddf2.o)
                0x08000b3c                __unorddf2
                0x08000b3c                __aeabi_dcmpun
 .text          0x08000b68       0x50 c:/program files (x86)/gnu tools arm embedded/7 2017-q4-major/bin/../lib/gcc/arm-none-eabi/7.2.1/thumb/v7e-m/fpv4-sp/hard\libgcc.a(_arm_fixdfsi.o)
                0x08000b68                __aeabi_d2iz
                0x08000b68                __fixdfsi
 .text          0x08000bb8       0x40 c:/program files (x86)/gnu tools arm embedded/7 2017-q4-major/bin/../lib/gcc/arm-none-eabi/7.2.1/thumb/v7e-m/fpv4-sp/hard\libgcc.a(_arm_fixunsdfsi.o)
                0x08000bb8                __aeabi_d2uiz
                0x08000bb8                __fixunsdfsi
 .text          0x08000bf8       0xa0 c:/program files (x86)/gnu tools arm embedded/7 2017-q4-major/bin/../lib/gcc/arm-none-eabi/7.2.1/thumb/v7e-m/fpv4-sp/hard\libgcc.a(_arm_truncdfsf2.o)
                0x08000bf8                __truncdfsf2
                0x08000bf8                __aeabi_d2f
 .text          0x08000c98       0x30 c:/program files (x86)/gnu tools arm embedded/7 2017-q4-major/bin/../lib/gcc/arm-none-eabi/7.2.1/thumb/v7e-m/fpv4-sp/hard\libgcc.a(_aeabi_uldivmod.o)
                0x08000c98                __aeabi_uldivmod
 .text          0x08000cc8      0x2cc c:/program files (x86)/gnu tools arm embedded/7 2017-q4-major/bin/../lib/gcc/arm-none-eabi/7.2.1/thumb/v7e-m/fpv4-sp/hard\libgcc.a(_udivmoddi4.o)
                0x08000cc8                __udivmoddi4
 .text          0x08000f94        0x4 c:/program files (x86)/gnu tools arm embedded/7 2017-q4-major/bin/../lib/gcc/arm-none-eabi/7.2.1/thumb/v7e-m/fpv4-sp/hard\libgcc.a(_dvmd_tls.o)
                0x08000f94                __aeabi_idiv0
                0x08000f94                __aeabi_ldiv0
 *(.text*)
 .text.MX_GPIO_Init
                0x08000f98      0x24c build/gpio.o
                0x08000f98                MX_GPIO_Init
 .text.MX_TIM1_Init
                0x080011e4       0x64 build/tim.o
                0x080011e4                MX_TIM1_Init
 .text.MX_TIM2_Init
                0x08001248       0x60 build/tim.o
                0x08001248                MX_TIM2_Init
 .text.MX_TIM3_Init
                0x080012a8       0x64 build/tim.o
                0x080012a8                MX_TIM3_Init
 .text.HAL_TIM_Encoder_MspInit
                0x0800130c      0x15c build/tim.o
                0x0800130c                HAL_TIM_Encoder_MspInit
 .text.HAL_TIM_PWM_MspInit
                0x08001468       0x30 build/tim.o
                0x08001468                HAL_TIM_PWM_MspInit
 .text.HAL_TIM_MspPostInit
                0x08001498       0x5c build/tim.o
                0x08001498                HAL_TIM_MspPostInit
 .text.MX_TIM8_Init
                0x080014f4       0xe4 build/tim.o
                0x080014f4                MX_TIM8_Init
 .text.MX_I2C1_Init
                0x080015d8       0x3c build/i2c.o
                0x080015d8                MX_I2C1_Init
 .text.MX_I2C2_Init
                0x08001614       0x3c build/i2c.o
                0x08001614                MX_I2C2_Init
 .text.HAL_I2C_MspInit
                0x08001650       0xcc build/i2c.o
                0x08001650                HAL_I2C_MspInit
 .text.MX_ADC1_Init
                0x0800171c       0xa4 build/adc.o
                0x0800171c                MX_ADC1_Init
 .text.HAL_ADC_MspInit
                0x080017c0       0x68 build/adc.o
                0x080017c0                HAL_ADC_MspInit
 .text.MX_USART1_UART_Init
                0x08001828       0x34 build/usart.o
                0x08001828                MX_USART1_UART_Init
 .text.MX_USART2_UART_Init
                0x0800185c       0x34 build/usart.o
                0x0800185c                MX_USART2_UART_Init
 .text.HAL_UART_MspInit
                0x08001890       0xcc build/usart.o
                0x08001890                HAL_UART_MspInit
 .text.ITM_SendString
                0x0800195c       0x4e build/printf_config.o
                0x0800195c                ITM_SendString
 .text._write   0x080019aa        0xc build/printf_config.o
                0x080019aa                _write
 .text.NMI_Handler
                0x080019b6        0x2 build/stm32f4xx_it.o
                0x080019b6                NMI_Handler
 .text.HardFault_Handler
                0x080019b8        0x2 build/stm32f4xx_it.o
                0x080019b8                HardFault_Handler
 .text.MemManage_Handler
                0x080019ba        0x2 build/stm32f4xx_it.o
                0x080019ba                MemManage_Handler
 .text.BusFault_Handler
                0x080019bc        0x2 build/stm32f4xx_it.o
                0x080019bc                BusFault_Handler
 .text.UsageFault_Handler
                0x080019be        0x2 build/stm32f4xx_it.o
                0x080019be                UsageFault_Handler
 .text.SVC_Handler
                0x080019c0        0x2 build/stm32f4xx_it.o
                0x080019c0                SVC_Handler
 .text.DebugMon_Handler
                0x080019c2        0x2 build/stm32f4xx_it.o
                0x080019c2                DebugMon_Handler
 .text.PendSV_Handler
                0x080019c4        0x2 build/stm32f4xx_it.o
                0x080019c4                PendSV_Handler
 .text.SysTick_Handler
                0x080019c6        0x8 build/stm32f4xx_it.o
                0x080019c6                SysTick_Handler
 .text.EXTI0_IRQHandler
                0x080019ce        0xa build/stm32f4xx_it.o
                0x080019ce                EXTI0_IRQHandler
 .text.EXTI2_IRQHandler
                0x080019d8        0xa build/stm32f4xx_it.o
                0x080019d8                EXTI2_IRQHandler
 .text.EXTI3_IRQHandler
                0x080019e2        0xa build/stm32f4xx_it.o
                0x080019e2                EXTI3_IRQHandler
 .text.EXTI4_IRQHandler
                0x080019ec        0xa build/stm32f4xx_it.o
                0x080019ec                EXTI4_IRQHandler
 .text.EXTI9_5_IRQHandler
                0x080019f6       0x14 build/stm32f4xx_it.o
                0x080019f6                EXTI9_5_IRQHandler
 .text.EXTI15_10_IRQHandler
                0x08001a0a       0x34 build/stm32f4xx_it.o
                0x08001a0a                EXTI15_10_IRQHandler
 *fill*         0x08001a3e        0x2 
 .text.HAL_MspInit
                0x08001a40       0x40 build/stm32f4xx_hal_msp.o
                0x08001a40                HAL_MspInit
 .text.SystemInit
                0x08001a80       0x4c build/system_stm32f4xx.o
                0x08001a80                SystemInit
 .text.TIM_OC1_SetConfig
                0x08001acc       0x5c build/stm32f4xx_hal_tim.o
 .text.TIM_OC3_SetConfig
                0x08001b28       0x60 build/stm32f4xx_hal_tim.o
 .text.TIM_OC4_SetConfig
                0x08001b88       0x50 build/stm32f4xx_hal_tim.o
 .text.HAL_TIM_Base_Start
                0x08001bd8       0x1a build/stm32f4xx_hal_tim.o
                0x08001bd8                HAL_TIM_Base_Start
 *fill*         0x08001bf2        0x2 
 .text.TIM_Base_SetConfig
                0x08001bf4       0xc0 build/stm32f4xx_hal_tim.o
                0x08001bf4                TIM_Base_SetConfig
 .text.HAL_TIM_PWM_Init
                0x08001cb4       0x32 build/stm32f4xx_hal_tim.o
                0x08001cb4                HAL_TIM_PWM_Init
 .text.HAL_TIM_Encoder_Init
                0x08001ce6       0x98 build/stm32f4xx_hal_tim.o
                0x08001ce6                HAL_TIM_Encoder_Init
 *fill*         0x08001d7e        0x2 
 .text.TIM_OC2_SetConfig
                0x08001d80       0x64 build/stm32f4xx_hal_tim.o
                0x08001d80                TIM_OC2_SetConfig
 .text.HAL_TIM_PWM_ConfigChannel
                0x08001de4       0xdc build/stm32f4xx_hal_tim.o
                0x08001de4                HAL_TIM_PWM_ConfigChannel
 .text.TIM_CCxChannelCmd
                0x08001ec0       0x1e build/stm32f4xx_hal_tim.o
                0x08001ec0                TIM_CCxChannelCmd
 *fill*         0x08001ede        0x2 
 .text.HAL_TIM_PWM_Start
                0x08001ee0       0x38 build/stm32f4xx_hal_tim.o
                0x08001ee0                HAL_TIM_PWM_Start
 .text.HAL_TIM_Encoder_Start
                0x08001f18       0x44 build/stm32f4xx_hal_tim.o
                0x08001f18                HAL_TIM_Encoder_Start
 .text.HAL_TIMEx_MasterConfigSynchronization
                0x08001f5c       0x52 build/stm32f4xx_hal_tim_ex.o
                0x08001f5c                HAL_TIMEx_MasterConfigSynchronization
 .text.HAL_TIMEx_ConfigBreakDeadTime
                0x08001fae       0x58 build/stm32f4xx_hal_tim_ex.o
                0x08001fae                HAL_TIMEx_ConfigBreakDeadTime
 *fill*         0x08002006        0x2 
 .text.UART_SetConfig
                0x08002008      0x334 build/stm32f4xx_hal_uart.o
 .text.HAL_UART_Init
                0x0800233c       0x5e build/stm32f4xx_hal_uart.o
                0x0800233c                HAL_UART_Init
 *fill*         0x0800239a        0x2 
 .text.HAL_RCC_OscConfig
                0x0800239c      0x398 build/stm32f4xx_hal_rcc.o
                0x0800239c                HAL_RCC_OscConfig
 .text.HAL_RCC_GetSysClockFreq
                0x08002734       0xd8 build/stm32f4xx_hal_rcc.o
                0x08002734                HAL_RCC_GetSysClockFreq
 .text.HAL_RCC_ClockConfig
                0x0800280c      0x158 build/stm32f4xx_hal_rcc.o
                0x0800280c                HAL_RCC_ClockConfig
 .text.HAL_RCC_GetHCLKFreq
                0x08002964        0xc build/stm32f4xx_hal_rcc.o
                0x08002964                HAL_RCC_GetHCLKFreq
 .text.HAL_RCC_GetPCLK1Freq
                0x08002970       0x20 build/stm32f4xx_hal_rcc.o
                0x08002970                HAL_RCC_GetPCLK1Freq
 .text.HAL_RCC_GetPCLK2Freq
                0x08002990       0x20 build/stm32f4xx_hal_rcc.o
                0x08002990                HAL_RCC_GetPCLK2Freq
 .text.HAL_GPIO_Init
                0x080029b0      0x1c8 build/stm32f4xx_hal_gpio.o
                0x080029b0                HAL_GPIO_Init
 .text.HAL_GPIO_WritePin
                0x08002b78        0xc build/stm32f4xx_hal_gpio.o
                0x08002b78                HAL_GPIO_WritePin
 .text.HAL_GPIO_TogglePin
                0x08002b84        0x8 build/stm32f4xx_hal_gpio.o
                0x08002b84                HAL_GPIO_TogglePin
 .text.HAL_GPIO_EXTI_IRQHandler
                0x08002b8c       0x1c build/stm32f4xx_hal_gpio.o
                0x08002b8c                HAL_GPIO_EXTI_IRQHandler
 .text.HAL_NVIC_SetPriorityGrouping
                0x08002ba8       0x24 build/stm32f4xx_hal_cortex.o
                0x08002ba8                HAL_NVIC_SetPriorityGrouping
 .text.HAL_NVIC_SetPriority
                0x08002bcc       0x68 build/stm32f4xx_hal_cortex.o
                0x08002bcc                HAL_NVIC_SetPriority
 .text.HAL_NVIC_EnableIRQ
                0x08002c34       0x18 build/stm32f4xx_hal_cortex.o
                0x08002c34                HAL_NVIC_EnableIRQ
 .text.HAL_SYSTICK_Config
                0x08002c4c       0x2c build/stm32f4xx_hal_cortex.o
                0x08002c4c                HAL_SYSTICK_Config
 .text.HAL_InitTick
                0x08002c78       0x4c build/stm32f4xx_hal.o
                0x08002c78                HAL_InitTick
 .text.HAL_Init
                0x08002cc4       0x34 build/stm32f4xx_hal.o
                0x08002cc4                HAL_Init
 .text.HAL_IncTick
                0x08002cf8       0x18 build/stm32f4xx_hal.o
                0x08002cf8                HAL_IncTick
 .text.HAL_GetTick
                0x08002d10        0xc build/stm32f4xx_hal.o
                0x08002d10                HAL_GetTick
 .text.HAL_Delay
                0x08002d1c       0x28 build/stm32f4xx_hal.o
                0x08002d1c                HAL_Delay
 .text.ADC_Init
                0x08002d44      0x130 build/stm32f4xx_hal_adc.o
 .text.HAL_ADC_Init
                0x08002e74       0x54 build/stm32f4xx_hal_adc.o
                0x08002e74                HAL_ADC_Init
 .text.HAL_ADC_Start
                0x08002ec8       0xf8 build/stm32f4xx_hal_adc.o
                0x08002ec8                HAL_ADC_Start
 .text.HAL_ADC_PollForConversion
                0x08002fc0       0xb6 build/stm32f4xx_hal_adc.o
                0x08002fc0                HAL_ADC_PollForConversion
 .text.HAL_ADC_GetValue
                0x08003076        0x6 build/stm32f4xx_hal_adc.o
                0x08003076                HAL_ADC_GetValue
 .text.HAL_ADC_ConfigChannel
                0x0800307c      0x190 build/stm32f4xx_hal_adc.o
                0x0800307c                HAL_ADC_ConfigChannel
 .text.HAL_ADCEx_InjectedConfigChannel
                0x0800320c      0x20c build/stm32f4xx_hal_adc_ex.o
                0x0800320c                HAL_ADCEx_InjectedConfigChannel
 .text.I2C_IsAcknowledgeFailed
                0x08003418       0x2a build/stm32f4xx_hal_i2c.o
 .text.I2C_WaitOnFlagUntilTimeout
                0x08003442       0x68 build/stm32f4xx_hal_i2c.o
 .text.I2C_WaitOnMasterAddressFlagUntilTimeout
                0x080034aa       0x90 build/stm32f4xx_hal_i2c.o
 *fill*         0x0800353a        0x2 
 .text.I2C_MasterRequestWrite
                0x0800353c       0xbc build/stm32f4xx_hal_i2c.o
 .text.I2C_MasterRequestRead
                0x080035f8      0x120 build/stm32f4xx_hal_i2c.o
 .text.I2C_WaitOnTXEFlagUntilTimeout
                0x08003718       0x4e build/stm32f4xx_hal_i2c.o
 .text.I2C_WaitOnBTFFlagUntilTimeout
                0x08003766       0x4e build/stm32f4xx_hal_i2c.o
 .text.I2C_WaitOnRXNEFlagUntilTimeout
                0x080037b4       0x5c build/stm32f4xx_hal_i2c.o
 .text.HAL_I2C_Init
                0x08003810      0x11c build/stm32f4xx_hal_i2c.o
                0x08003810                HAL_I2C_Init
 .text.HAL_I2C_Master_Transmit
                0x0800392c      0x184 build/stm32f4xx_hal_i2c.o
                0x0800392c                HAL_I2C_Master_Transmit
 .text.HAL_I2C_Master_Receive
                0x08003ab0      0x2e8 build/stm32f4xx_hal_i2c.o
                0x08003ab0                HAL_I2C_Master_Receive
 .text.Reset_Handler
                0x08003d98       0x50 build/startup_stm32f407xx.o
                0x08003d98                Reset_Handler
 .text.Default_Handler
                0x08003de8        0x2 build/startup_stm32f407xx.o
                0x08003de8                RTC_Alarm_IRQHandler
                0x08003de8                HASH_RNG_IRQHandler
                0x08003de8                TIM8_CC_IRQHandler
                0x08003de8                TIM1_CC_IRQHandler
                0x08003de8                DMA2_Stream5_IRQHandler
                0x08003de8                DMA1_Stream5_IRQHandler
                0x08003de8                PVD_IRQHandler
                0x08003de8                SDIO_IRQHandler
                0x08003de8                TAMP_STAMP_IRQHandler
                0x08003de8                CAN2_RX1_IRQHandler
                0x08003de8                TIM8_TRG_COM_TIM14_IRQHandler
                0x08003de8                TIM1_UP_TIM10_IRQHandler
                0x08003de8                TIM8_UP_TIM13_IRQHandler
                0x08003de8                I2C3_ER_IRQHandler
                0x08003de8                I2C2_EV_IRQHandler
                0x08003de8                DMA1_Stream2_IRQHandler
                0x08003de8                CAN1_RX0_IRQHandler
                0x08003de8                FPU_IRQHandler
                0x08003de8                OTG_HS_WKUP_IRQHandler
                0x08003de8                CAN2_SCE_IRQHandler
                0x08003de8                DMA2_Stream2_IRQHandler
                0x08003de8                SPI1_IRQHandler
                0x08003de8                TIM6_DAC_IRQHandler
                0x08003de8                TIM1_BRK_TIM9_IRQHandler
                0x08003de8                DCMI_IRQHandler
                0x08003de8                CAN2_RX0_IRQHandler
                0x08003de8                DMA2_Stream3_IRQHandler
                0x08003de8                USART6_IRQHandler
                0x08003de8                USART3_IRQHandler
                0x08003de8                CAN1_RX1_IRQHandler
                0x08003de8                UART5_IRQHandler
                0x08003de8                DMA2_Stream0_IRQHandler
                0x08003de8                TIM4_IRQHandler
                0x08003de8                I2C1_EV_IRQHandler
                0x08003de8                DMA1_Stream6_IRQHandler
                0x08003de8                DMA1_Stream1_IRQHandler
                0x08003de8                UART4_IRQHandler
                0x08003de8                TIM3_IRQHandler
                0x08003de8                RCC_IRQHandler
                0x08003de8                TIM8_BRK_TIM12_IRQHandler
                0x08003de8                Default_Handler
                0x08003de8                ADC_IRQHandler
                0x08003de8                DMA1_Stream7_IRQHandler
                0x08003de8                TIM7_IRQHandler
                0x08003de8                CAN2_TX_IRQHandler
                0x08003de8                TIM5_IRQHandler
                0x08003de8                DMA2_Stream7_IRQHandler
                0x08003de8                I2C3_EV_IRQHandler
                0x08003de8                RTC_WKUP_IRQHandler
                0x08003de8                ETH_WKUP_IRQHandler
                0x08003de8                SPI2_IRQHandler
                0x08003de8                OTG_HS_EP1_IN_IRQHandler
                0x08003de8                DMA1_Stream0_IRQHandler
                0x08003de8                CAN1_TX_IRQHandler
                0x08003de8                FSMC_IRQHandler
                0x08003de8                ETH_IRQHandler
                0x08003de8                OTG_HS_EP1_OUT_IRQHandler
                0x08003de8                WWDG_IRQHandler
                0x08003de8                TIM2_IRQHandler
                0x08003de8                OTG_FS_WKUP_IRQHandler
                0x08003de8                TIM1_TRG_COM_TIM11_IRQHandler
                0x08003de8                OTG_HS_IRQHandler
                0x08003de8                EXTI1_IRQHandler
                0x08003de8                USART2_IRQHandler
                0x08003de8                I2C2_ER_IRQHandler
                0x08003de8                DMA2_Stream1_IRQHandler
                0x08003de8                CAN1_SCE_IRQHandler
                0x08003de8                FLASH_IRQHandler
                0x08003de8                DMA2_Stream4_IRQHandler
                0x08003de8                USART1_IRQHandler
                0x08003de8                OTG_FS_IRQHandler
                0x08003de8                SPI3_IRQHandler
                0x08003de8                DMA1_Stream4_IRQHandler
                0x08003de8                I2C1_ER_IRQHandler
                0x08003de8                DMA2_Stream6_IRQHandler
                0x08003de8                DMA1_Stream3_IRQHandler
 .text._Error_Handler
                0x08003dea        0x2 build/main.o
                0x08003dea                _Error_Handler
 .text.Error_Handler
                0x08003dec       0x10 build/main.o
                0x08003dec                Error_Handler
 .text._Z18SystemClock_Configv
                0x08003dfc       0xa8 build/main.o
                0x08003dfc                SystemClock_Config()
 .text.main     0x08003ea4      0x118 build/main.o
                0x08003ea4                main
 .text._ZN4Vec3IfED2Ev
                0x08003fbc        0x2 build/robot.o
                0x08003fbc                Vec3<float>::~Vec3()
                0x08003fbc                Vec3<float>::~Vec3()
 *fill*         0x08003fbe        0x2 
 .text._Z41__static_initialization_and_destruction_0ii
                0x08003fc0       0x48 build/robot.o
 .text._Z8move_legif
                0x08004008       0x90 build/robot.o
                0x08004008                move_leg(int, float)
 .text._Z9set_anglef
                0x08004098       0xc8 build/robot.o
                0x08004098                set_angle(float)
 .text._Z22correct_steering_anglev
                0x08004160       0x70 build/robot.o
                0x08004160                correct_steering_angle()
 .text._Z13move_steeringif
                0x080041d0       0x68 build/robot.o
                0x080041d0                move_steering(int, float)
 .text._Z21calculate_robot_anglev
                0x08004238       0x54 build/robot.o
                0x08004238                calculate_robot_angle()
 *fill*         0x0800428c        0x4 
 .text._Z2goif  0x08004290       0xc8 build/robot.o
                0x08004290                go(int, float)
 .text._Z15calculate_datasv
                0x08004358       0xc8 build/robot.o
                0x08004358                calculate_datas()
 .text._Z4playv
                0x08004420       0xe4 build/robot.o
                0x08004420                play()
 .text._GLOBAL__sub_I_initial_angle
                0x08004504        0xe build/robot.o
 .text._ZN12Discrete_PIDD2Ev
                0x08004512        0x2 build/robo_init.o
                0x08004512                Discrete_PID::~Discrete_PID()
                0x08004512                Discrete_PID::~Discrete_PID()
 .text._ZN12Discrete_PID7computeEfm
                0x08004514       0x94 build/robo_init.o
                0x08004514                Discrete_PID::compute(float, unsigned long)
 .text._ZN8steeringD2Ev
                0x080045a8        0x2 build/robo_init.o
                0x080045a8                steering::~steering()
                0x080045a8                steering::~steering()
 *fill*         0x080045aa        0x2 
 .text._ZL8leg_initv
                0x080045ac       0x3c build/robo_init.o
 .text._ZL13steering_initv
                0x080045e8       0x18 build/robo_init.o
 .text._ZL8pid_initv
                0x08004600       0x64 build/robo_init.o
 .text._ZL17limit_switch_initv
                0x08004664       0x20 build/robo_init.o
 .text.__tcf_0  0x08004684       0x18 build/robo_init.o
 .text._ZL10motor_initv
                0x0800469c       0xa4 build/robo_init.o
 .text._ZL12encoder_initv
                0x08004740       0x44 build/robo_init.o
 .text._Z41__static_initialization_and_destruction_0ii
                0x08004784       0x98 build/robo_init.o
 .text._ZN12Discrete_PIDD0Ev
                0x0800481c        0xe build/robo_init.o
                0x0800481c                Discrete_PID::~Discrete_PID()
 .text._Z9robo_initv
                0x0800482a       0x1c build/robo_init.o
                0x0800482a                robo_init()
 .text._GLOBAL__sub_I_leg
                0x08004846        0xe build/robo_init.o
 .text._ZN10Exp_SmoothD2Ev
                0x08004854        0x2 build/robo_orientation.o
                0x08004854                Exp_Smooth::~Exp_Smooth()
                0x08004854                Exp_Smooth::~Exp_Smooth()
 .text._ZN13Kalman_FilterD2Ev
                0x08004856        0x2 build/robo_orientation.o
                0x08004856                Kalman_Filter::~Kalman_Filter()
                0x08004856                Kalman_Filter::~Kalman_Filter()
 .text._ZN7MPU6050D2Ev
                0x08004858        0x2 build/robo_orientation.o
                0x08004858                MPU6050::~MPU6050()
                0x08004858                MPU6050::~MPU6050()
 .text._ZN7HMC5883D2Ev
                0x0800485a        0x2 build/robo_orientation.o
                0x0800485a                HMC5883::~HMC5883()
                0x0800485a                HMC5883::~HMC5883()
 .text._ZN11Kalman_VarsD2Ev
                0x0800485c        0x2 build/robo_orientation.o
                0x0800485c                Kalman_Vars::~Kalman_Vars()
                0x0800485c                Kalman_Vars::~Kalman_Vars()
 *fill*         0x0800485e        0x2 
 .text._ZL8IMU_Initv
                0x08004860       0x38 build/robo_orientation.o
 .text._Z15init_OriFiltersm
                0x08004898      0x2c8 build/robo_orientation.o
                0x08004898                init_OriFilters(unsigned long)
 .text._ZN13Kalman_FilterC2EP11Kalman_VarsPFimE
                0x08004b60       0x42 build/robo_orientation.o
                0x08004b60                Kalman_Filter::Kalman_Filter(Kalman_Vars*, int (*)(unsigned long))
                0x08004b60                Kalman_Filter::Kalman_Filter(Kalman_Vars*, int (*)(unsigned long))
 *fill*         0x08004ba2        0x2 
 .text._ZN13Kalman_Filter6filterEffm
                0x08004ba4      0x2f0 build/robo_orientation.o
                0x08004ba4                Kalman_Filter::filter(float, float, unsigned long)
 .text._ZN11Kalman_VarsC2Ev
                0x08004e94       0x58 build/robo_orientation.o
                0x08004e94                Kalman_Vars::Kalman_Vars()
                0x08004e94                Kalman_Vars::Kalman_Vars()
 .text._Z41__static_initialization_and_destruction_0ii
                0x08004eec      0x1fc build/robo_orientation.o
 .text._Z10Angle_Initv
                0x080050e8       0x30 build/robo_orientation.o
                0x080050e8                Angle_Init()
 .text._Z12swap_ElementIfEvRT_S1_
                0x08005118        0xa build/robo_orientation.o
                0x08005118                void swap_Element<float>(float&, float&)
 *fill*         0x08005122        0x6 
 .text._Z16read_Orientationm
                0x08005128      0x324 build/robo_orientation.o
                0x08005128                read_Orientation(unsigned long)
 .text._GLOBAL__sub_I_Body_IMU
                0x0800544c        0xe build/robo_orientation.o
 *fill*         0x0800545a        0x2 
 .text._ZL11time_periodt
                0x0800545c       0x14 build/motor.o
 .text._ZL21set_DutyCycle_PrimaryP17TIM_HandleTypeDefmt
                0x08005470       0x34 build/motor.o
 .text._ZL13set_DutyCycleP12motor_configt
                0x080054a4        0xe build/motor.o
 *fill*         0x080054b2        0x6 
 .text._ZL14set_motorOmegaP12motor_configf
                0x080054b8       0x48 build/motor.o
 .text._ZL18set_motorDirectionP12motor_config9Direction
                0x08005500       0x4c build/motor.o
 .text._ZN5motor9set_omegaEf
                0x0800554c       0x84 build/motor.o
                0x0800554c                motor::set_omega(float)
 .text._ZN7encoder15calculate_omegaEv
                0x080055d0       0x7c build/encoder.o
                0x080055d0                encoder::calculate_omega()
 .text._ZN7encoder9get_omegaEv
                0x0800564c        0x6 build/encoder.o
                0x0800564c                encoder::get_omega()
 *fill*         0x08005652        0x6 
 .text._ZN7encoder16get_actual_angleEv
                0x08005658       0x50 build/encoder.o
                0x08005658                encoder::get_actual_angle()
 .text._ZN7encoder11reset_angleEf
                0x080056a8       0x40 build/encoder.o
                0x080056a8                encoder::reset_angle(float)
 .text._ZN7encoder9get_angleEv
                0x080056e8       0xb8 build/encoder.o
                0x080056e8                encoder::get_angle()
 .text._ZN3leg9set_omegaEf
                0x080057a0       0xd0 build/leg.o
                0x080057a0                leg::set_omega(float)
 .text._ZN3leg9is_raisedEv
                0x08005870      0x120 build/leg.o
                0x08005870                leg::is_raised()
 .text._ZN3leg26is_raised_without_deadzoneEv
                0x08005990       0x90 build/leg.o
                0x08005990                leg::is_raised_without_deadzone()
 .text._ZN3leg11reset_angleEf
                0x08005a20        0xa build/leg.o
                0x08005a20                leg::reset_angle(float)
 .text._ZN3leg15calculate_omegaEv
                0x08005a2a        0xa build/leg.o
                0x08005a2a                leg::calculate_omega()
 .text._Z12HMC5883_InitP7HMC5883
                0x08005a34       0x68 build/hmc5883.o
                0x08005a34                HMC5883_Init(HMC5883*)
 .text._Z12HMC5883_ReadP7HMC5883
                0x08005a9c       0x94 build/hmc5883.o
                0x08005a9c                HMC5883_Read(HMC5883*)
 .text._Z12MPU6050_InitP7MPU6050
                0x08005b30       0xb4 build/mpu6050.o
                0x08005b30                MPU6050_Init(MPU6050*)
 .text._Z21MPU6050_Read_RawAccelP7MPU6050
                0x08005be4       0x60 build/mpu6050.o
                0x08005be4                MPU6050_Read_RawAccel(MPU6050*)
 .text._Z20MPU6050_Read_RawGyroP7MPU6050
                0x08005c44       0x60 build/mpu6050.o
                0x08005c44                MPU6050_Read_RawGyro(MPU6050*)
 .text._Z22MPU6050_Read_NormAccelP7MPU6050
                0x08005ca4       0x5c build/mpu6050.o
                0x08005ca4                MPU6050_Read_NormAccel(MPU6050*)
 .text._Z21MPU6050_Read_NormGyroP7MPU6050
                0x08005d00       0x58 build/mpu6050.o
                0x08005d00                MPU6050_Read_NormGyro(MPU6050*)
 .text._Z21MPU6050_Read_NormAxesP7MPU6050
                0x08005d58       0x16 build/mpu6050.o
                0x08005d58                MPU6050_Read_NormAxes(MPU6050*)
 *fill*         0x08005d6e        0x2 
 .text._Z22MPU6050_Calc_OmegaBiasP7MPU6050m
                0x08005d70      0x110 build/mpu6050.o
                0x08005d70                MPU6050_Calc_OmegaBias(MPU6050*, unsigned long)
 .text.HAL_GPIO_EXTI_Callback
                0x08005e80       0x94 build/interrupt.o
                0x08005e80                HAL_GPIO_EXTI_Callback
 .text._ZN8steering9set_omegaEf
                0x08005f14       0xb8 build/steering.o
                0x08005f14                steering::set_omega(float)
 .text._ZN10Exp_SmoothC2Ef
                0x08005fcc        0xa build/exp_smooth.o
                0x08005fcc                Exp_Smooth::Exp_Smooth(float)
                0x08005fcc                Exp_Smooth::Exp_Smooth(float)
 .text._ZN10Exp_Smooth6smoothERKf
                0x08005fd6       0x30 build/exp_smooth.o
                0x08005fd6                Exp_Smooth::smooth(float const&)
 *fill*         0x08006006        0x2 
 .text._ZN3MatC2Ehh
                0x08006008       0x4c build/mat.o
                0x08006008                Mat::Mat(unsigned char, unsigned char)
                0x08006008                Mat::Mat(unsigned char, unsigned char)
 .text._ZN3MatC2ERKS_
                0x08006054       0x3c build/mat.o
                0x08006054                Mat::Mat(Mat const&)
                0x08006054                Mat::Mat(Mat const&)
 .text._ZN3MatpLERKS_
                0x08006090       0x60 build/mat.o
                0x08006090                Mat::operator+=(Mat const&)
 .text._ZN3MatmIERKS_
                0x080060f0       0x60 build/mat.o
                0x080060f0                Mat::operator-=(Mat const&)
 .text._ZN3Mat4multERKS_
                0x08006150       0x98 build/mat.o
                0x08006150                Mat::mult(Mat const&)
 .text._ZN3MatmLERKS_
                0x080061e8       0x20 build/mat.o
                0x080061e8                Mat::operator*=(Mat const&)
 .text._ZN3Mat9transposeEv
                0x08006208       0x4a build/mat.o
                0x08006208                Mat::transpose()
 .text._ZN3Mat3eyeEh
                0x08006252       0x56 build/mat.o
                0x08006252                Mat::eye(unsigned char)
 .text._ZN3Mat9swap_RowsEhh
                0x080062a8       0x50 build/mat.o
                0x080062a8                Mat::swap_Rows(unsigned char, unsigned char)
 .text._ZN3Mat9swap_ColsEjj
                0x080062f8       0x4c build/mat.o
                0x080062f8                Mat::swap_Cols(unsigned int, unsigned int)
 .text._Z12swap_ElementIhEvRT_S1_
                0x08006344        0xa build/mat.o
                0x08006344                void swap_Element<unsigned char>(unsigned char&, unsigned char&)
 .text._Z4swapR3MatS0_
                0x0800634e       0x42 build/mat.o
                0x0800634e                swap(Mat&, Mat&)
 .text._ZNK3Mat3invERS_
                0x08006390      0x520 build/mat.o
                0x08006390                Mat::inv(Mat&) const
 .text.__aeabi_atexit
                0x080068b0        0xa c:/program files (x86)/gnu tools arm embedded/7 2017-q4-major/bin/../lib/gcc/arm-none-eabi/7.2.1/../../../../arm-none-eabi/lib/thumb/v7e-m/fpv4-sp/hard\libstdc++_nano.a(atexit_arm.o)
                0x080068b0                __aeabi_atexit
 .text._ZdlPvj  0x080068ba        0x4 c:/program files (x86)/gnu tools arm embedded/7 2017-q4-major/bin/../lib/gcc/arm-none-eabi/7.2.1/../../../../arm-none-eabi/lib/thumb/v7e-m/fpv4-sp/hard\libstdc++_nano.a(del_ops.o)
                0x080068ba                operator delete(void*, unsigned int)
 *fill*         0x080068be        0x2 
 .text._ZN10__cxxabiv120__si_class_type_infoD2Ev
                0x080068c0       0x14 c:/program files (x86)/gnu tools arm embedded/7 2017-q4-major/bin/../lib/gcc/arm-none-eabi/7.2.1/../../../../arm-none-eabi/lib/thumb/v7e-m/fpv4-sp/hard\libstdc++_nano.a(si_class_type_info.o)
                0x080068c0                __cxxabiv1::__si_class_type_info::~__si_class_type_info()
                0x080068c0                __cxxabiv1::__si_class_type_info::~__si_class_type_info()
 .text._ZN10__cxxabiv120__si_class_type_infoD0Ev
                0x080068d4       0x14 c:/program files (x86)/gnu tools arm embedded/7 2017-q4-major/bin/../lib/gcc/arm-none-eabi/7.2.1/../../../../arm-none-eabi/lib/thumb/v7e-m/fpv4-sp/hard\libstdc++_nano.a(si_class_type_info.o)
                0x080068d4                __cxxabiv1::__si_class_type_info::~__si_class_type_info()
 .text._ZNK10__cxxabiv120__si_class_type_info20__do_find_public_srcEiPKvPKNS_17__class_type_infoES2_
                0x080068e8       0x38 c:/program files (x86)/gnu tools arm embedded/7 2017-q4-major/bin/../lib/gcc/arm-none-eabi/7.2.1/../../../../arm-none-eabi/lib/thumb/v7e-m/fpv4-sp/hard\libstdc++_nano.a(si_class_type_info.o)
                0x080068e8                __cxxabiv1::__si_class_type_info::__do_find_public_src(int, void const*, __cxxabiv1::__class_type_info const*, void const*) const
 .text._ZNK10__cxxabiv120__si_class_type_info12__do_dyncastEiNS_17__class_type_info10__sub_kindEPKS1_PKvS4_S6_RNS1_16__dyncast_resultE
                0x08006920       0x74 c:/program files (x86)/gnu tools arm embedded/7 2017-q4-major/bin/../lib/gcc/arm-none-eabi/7.2.1/../../../../arm-none-eabi/lib/thumb/v7e-m/fpv4-sp/hard\libstdc++_nano.a(si_class_type_info.o)
                0x08006920                __cxxabiv1::__si_class_type_info::__do_dyncast(int, __cxxabiv1::__class_type_info::__sub_kind, __cxxabiv1::__class_type_info const*, void const*, __cxxabiv1::__class_type_info const*, void const*, __cxxabiv1::__class_type_info::__dyncast_result&) const
 .text._ZNK10__cxxabiv120__si_class_type_info11__do_upcastEPKNS_17__class_type_infoEPKvRNS1_15__upcast_resultE
                0x08006994       0x2a c:/program files (x86)/gnu tools arm embedded/7 2017-q4-major/bin/../lib/gcc/arm-none-eabi/7.2.1/../../../../arm-none-eabi/lib/thumb/v7e-m/fpv4-sp/hard\libstdc++_nano.a(si_class_type_info.o)
                0x08006994                __cxxabiv1::__si_class_type_info::__do_upcast(__cxxabiv1::__class_type_info const*, void const*, __cxxabiv1::__class_type_info::__upcast_result&) const
 .text._ZNSt9type_infoD2Ev
                0x080069be        0x2 c:/program files (x86)/gnu tools arm embedded/7 2017-q4-major/bin/../lib/gcc/arm-none-eabi/7.2.1/../../../../arm-none-eabi/lib/thumb/v7e-m/fpv4-sp/hard\libstdc++_nano.a(tinfo.o)
                0x080069be                std::type_info::~type_info()
                0x080069be                std::type_info::~type_info()
 .text._ZNKSt9type_info14__is_pointer_pEv
                0x080069c0        0x4 c:/program files (x86)/gnu tools arm embedded/7 2017-q4-major/bin/../lib/gcc/arm-none-eabi/7.2.1/../../../../arm-none-eabi/lib/thumb/v7e-m/fpv4-sp/hard\libstdc++_nano.a(tinfo.o)
                0x080069c0                std::type_info::__is_pointer_p() const
                0x080069c0                std::type_info::__is_function_p() const
 .text._ZNKSt9type_infoeqERKS_
                0x080069c4       0x2c c:/program files (x86)/gnu tools arm embedded/7 2017-q4-major/bin/../lib/gcc/arm-none-eabi/7.2.1/../../../../arm-none-eabi/lib/thumb/v7e-m/fpv4-sp/hard\libstdc++_nano.a(tinfo.o)
                0x080069c4                std::type_info::operator==(std::type_info const&) const
 .text._ZNK10__cxxabiv117__class_type_info11__do_upcastEPKS0_PPv
                0x080069f0       0x34 c:/program files (x86)/gnu tools arm embedded/7 2017-q4-major/bin/../lib/gcc/arm-none-eabi/7.2.1/../../../../arm-none-eabi/lib/thumb/v7e-m/fpv4-sp/hard\libstdc++_nano.a(class_type_info.o)
                0x080069f0                __cxxabiv1::__class_type_info::__do_upcast(__cxxabiv1::__class_type_info const*, void**) const
 .text._ZNK10__cxxabiv117__class_type_info20__do_find_public_srcEiPKvPKS0_S2_
                0x08006a24        0xc c:/program files (x86)/gnu tools arm embedded/7 2017-q4-major/bin/../lib/gcc/arm-none-eabi/7.2.1/../../../../arm-none-eabi/lib/thumb/v7e-m/fpv4-sp/hard\libstdc++_nano.a(class_type_info.o)
                0x08006a24                __cxxabiv1::__class_type_info::__do_find_public_src(int, void const*, __cxxabiv1::__class_type_info const*, void const*) const
 .text._ZN10__cxxabiv117__class_type_infoD2Ev
                0x08006a30       0x14 c:/program files (x86)/gnu tools arm embedded/7 2017-q4-major/bin/../lib/gcc/arm-none-eabi/7.2.1/../../../../arm-none-eabi/lib/thumb/v7e-m/fpv4-sp/hard\libstdc++_nano.a(class_type_info.o)
                0x08006a30                __cxxabiv1::__class_type_info::~__class_type_info()
                0x08006a30                __cxxabiv1::__class_type_info::~__class_type_info()
 .text._ZN10__cxxabiv117__class_type_infoD0Ev
                0x08006a44       0x14 c:/program files (x86)/gnu tools arm embedded/7 2017-q4-major/bin/../lib/gcc/arm-none-eabi/7.2.1/../../../../arm-none-eabi/lib/thumb/v7e-m/fpv4-sp/hard\libstdc++_nano.a(class_type_info.o)
                0x08006a44                __cxxabiv1::__class_type_info::~__class_type_info()
 .text._ZNK10__cxxabiv117__class_type_info12__do_dyncastEiNS0_10__sub_kindEPKS0_PKvS3_S5_RNS0_16__dyncast_resultE
                0x08006a58       0x3a c:/program files (x86)/gnu tools arm embedded/7 2017-q4-major/bin/../lib/gcc/arm-none-eabi/7.2.1/../../../../arm-none-eabi/lib/thumb/v7e-m/fpv4-sp/hard\libstdc++_nano.a(class_type_info.o)
                0x08006a58                __cxxabiv1::__class_type_info::__do_dyncast(int, __cxxabiv1::__class_type_info::__sub_kind, __cxxabiv1::__class_type_info const*, void const*, __cxxabiv1::__class_type_info const*, void const*, __cxxabiv1::__class_type_info::__dyncast_result&) const
 .text._ZNK10__cxxabiv117__class_type_info11__do_upcastEPKS0_PKvRNS0_15__upcast_resultE
                0x08006a92       0x18 c:/program files (x86)/gnu tools arm embedded/7 2017-q4-major/bin/../lib/gcc/arm-none-eabi/7.2.1/../../../../arm-none-eabi/lib/thumb/v7e-m/fpv4-sp/hard\libstdc++_nano.a(class_type_info.o)
                0x08006a92                __cxxabiv1::__class_type_info::__do_upcast(__cxxabiv1::__class_type_info const*, void const*, __cxxabiv1::__class_type_info::__upcast_result&) const
 .text._ZNK10__cxxabiv117__class_type_info10__do_catchEPKSt9type_infoPPvj
                0x08006aaa       0x2a c:/program files (x86)/gnu tools arm embedded/7 2017-q4-major/bin/../lib/gcc/arm-none-eabi/7.2.1/../../../../arm-none-eabi/lib/thumb/v7e-m/fpv4-sp/hard\libstdc++_nano.a(class_type_info.o)
                0x08006aaa                __cxxabiv1::__class_type_info::__do_catch(std::type_info const*, void**, unsigned int) const
 .text._ZdlPv   0x08006ad4        0x4 c:/program files (x86)/gnu tools arm embedded/7 2017-q4-major/bin/../lib/gcc/arm-none-eabi/7.2.1/../../../../arm-none-eabi/lib/thumb/v7e-m/fpv4-sp/hard\libstdc++_nano.a(del_op.o)
                0x08006ad4                operator delete(void*)
 .text.cos      0x08006ad8       0xc0 c:/program files (x86)/gnu tools arm embedded/7 2017-q4-major/bin/../lib/gcc/arm-none-eabi/7.2.1/../../../../arm-none-eabi/lib/thumb/v7e-m/fpv4-sp/hard\libm.a(lib_a-s_cos.o)
                0x08006ad8                cos
 .text.sin      0x08006b98       0xc0 c:/program files (x86)/gnu tools arm embedded/7 2017-q4-major/bin/../lib/gcc/arm-none-eabi/7.2.1/../../../../arm-none-eabi/lib/thumb/v7e-m/fpv4-sp/hard\libm.a(lib_a-s_sin.o)
                0x08006b98                sin
 .text.pow      0x08006c58      0x338 c:/program files (x86)/gnu tools arm embedded/7 2017-q4-major/bin/../lib/gcc/arm-none-eabi/7.2.1/../../../../arm-none-eabi/lib/thumb/v7e-m/fpv4-sp/hard\libm.a(lib_a-w_pow.o)
                0x08006c58                pow
 .text.atan2f   0x08006f90        0x4 c:/program files (x86)/gnu tools arm embedded/7 2017-q4-major/bin/../lib/gcc/arm-none-eabi/7.2.1/../../../../arm-none-eabi/lib/thumb/v7e-m/fpv4-sp/hard\libm.a(lib_a-wf_atan2.o)
                0x08006f90                atan2f
 *fill*         0x08006f94        0x4 
 .text.__ieee754_pow
                0x08006f98      0xab8 c:/program files (x86)/gnu tools arm embedded/7 2017-q4-major/bin/../lib/gcc/arm-none-eabi/7.2.1/../../../../arm-none-eabi/lib/thumb/v7e-m/fpv4-sp/hard\libm.a(lib_a-e_pow.o)
                0x08006f98                __ieee754_pow
 .text.__ieee754_rem_pio2
                0x08007a50      0x454 c:/program files (x86)/gnu tools arm embedded/7 2017-q4-major/bin/../lib/gcc/arm-none-eabi/7.2.1/../../../../arm-none-eabi/lib/thumb/v7e-m/fpv4-sp/hard\libm.a(lib_a-e_rem_pio2.o)
                0x08007a50                __ieee754_rem_pio2
 .text.__ieee754_sqrt
                0x08007ea4      0x194 c:/program files (x86)/gnu tools arm embedded/7 2017-q4-major/bin/../lib/gcc/arm-none-eabi/7.2.1/../../../../arm-none-eabi/lib/thumb/v7e-m/fpv4-sp/hard\libm.a(lib_a-e_sqrt.o)
                0x08007ea4                __ieee754_sqrt
 .text.__ieee754_atan2f
                0x08008038      0x17c c:/program files (x86)/gnu tools arm embedded/7 2017-q4-major/bin/../lib/gcc/arm-none-eabi/7.2.1/../../../../arm-none-eabi/lib/thumb/v7e-m/fpv4-sp/hard\libm.a(lib_a-ef_atan2.o)
                0x08008038                __ieee754_atan2f
 *fill*         0x080081b4        0x4 
 .text.__kernel_cos
                0x080081b8      0x284 c:/program files (x86)/gnu tools arm embedded/7 2017-q4-major/bin/../lib/gcc/arm-none-eabi/7.2.1/../../../../arm-none-eabi/lib/thumb/v7e-m/fpv4-sp/hard\libm.a(lib_a-k_cos.o)
                0x080081b8                __kernel_cos
 *fill*         0x0800843c        0x4 
 .text.__kernel_rem_pio2
                0x08008440      0x818 c:/program files (x86)/gnu tools arm embedded/7 2017-q4-major/bin/../lib/gcc/arm-none-eabi/7.2.1/../../../../arm-none-eabi/lib/thumb/v7e-m/fpv4-sp/hard\libm.a(lib_a-k_rem_pio2.o)
                0x08008440                __kernel_rem_pio2
 .text.__kernel_sin
                0x08008c58      0x194 c:/program files (x86)/gnu tools arm embedded/7 2017-q4-major/bin/../lib/gcc/arm-none-eabi/7.2.1/../../../../arm-none-eabi/lib/thumb/v7e-m/fpv4-sp/hard\libm.a(lib_a-k_sin.o)
                0x08008c58                __kernel_sin
 .text.fabs     0x08008dec       0x14 c:/program files (x86)/gnu tools arm embedded/7 2017-q4-major/bin/../lib/gcc/arm-none-eabi/7.2.1/../../../../arm-none-eabi/lib/thumb/v7e-m/fpv4-sp/hard\libm.a(lib_a-s_fabs.o)
                0x08008dec                fabs
 .text.finite   0x08008e00       0x10 c:/program files (x86)/gnu tools arm embedded/7 2017-q4-major/bin/../lib/gcc/arm-none-eabi/7.2.1/../../../../arm-none-eabi/lib/thumb/v7e-m/fpv4-sp/hard\libm.a(lib_a-s_finite.o)
                0x08008e00                finite
 .text.floor    0x08008e10      0x110 c:/program files (x86)/gnu tools arm embedded/7 2017-q4-major/bin/../lib/gcc/arm-none-eabi/7.2.1/../../../../arm-none-eabi/lib/thumb/v7e-m/fpv4-sp/hard\libm.a(lib_a-s_floor.o)
                0x08008e10                floor
 .text.matherr  0x08008f20        0x4 c:/program files (x86)/gnu tools arm embedded/7 2017-q4-major/bin/../lib/gcc/arm-none-eabi/7.2.1/../../../../arm-none-eabi/lib/thumb/v7e-m/fpv4-sp/hard\libm.a(lib_a-s_matherr.o)
                0x08008f20                matherr
 *fill*         0x08008f24        0x4 
 .text.nan      0x08008f28       0x10 c:/program files (x86)/gnu tools arm embedded/7 2017-q4-major/bin/../lib/gcc/arm-none-eabi/7.2.1/../../../../arm-none-eabi/lib/thumb/v7e-m/fpv4-sp/hard\libm.a(lib_a-s_nan.o)
                0x08008f28                nan
 .text.rint     0x08008f38      0x110 c:/program files (x86)/gnu tools arm embedded/7 2017-q4-major/bin/../lib/gcc/arm-none-eabi/7.2.1/../../../../arm-none-eabi/lib/thumb/v7e-m/fpv4-sp/hard\libm.a(lib_a-s_rint.o)
                0x08008f38                rint
 .text.scalbn   0x08009048      0x114 c:/program files (x86)/gnu tools arm embedded/7 2017-q4-major/bin/../lib/gcc/arm-none-eabi/7.2.1/../../../../arm-none-eabi/lib/thumb/v7e-m/fpv4-sp/hard\libm.a(lib_a-s_scalbn.o)
                0x08009048                scalbn
 .text.atanf    0x0800915c      0x1a4 c:/program files (x86)/gnu tools arm embedded/7 2017-q4-major/bin/../lib/gcc/arm-none-eabi/7.2.1/../../../../arm-none-eabi/lib/thumb/v7e-m/fpv4-sp/hard\libm.a(lib_a-sf_atan.o)
                0x0800915c                atanf
 .text.fabsf    0x08009300       0x10 c:/program files (x86)/gnu tools arm embedded/7 2017-q4-major/bin/../lib/gcc/arm-none-eabi/7.2.1/../../../../arm-none-eabi/lib/thumb/v7e-m/fpv4-sp/hard\libm.a(lib_a-sf_fabs.o)
                0x08009300                fabsf
 .text.copysign
                0x08009310       0x1c c:/program files (x86)/gnu tools arm embedded/7 2017-q4-major/bin/../lib/gcc/arm-none-eabi/7.2.1/../../../../arm-none-eabi/lib/thumb/v7e-m/fpv4-sp/hard\libm.a(lib_a-s_copysign.o)
                0x08009310                copysign
 .text.__cxa_atexit
                0x0800932c       0x1c c:/program files (x86)/gnu tools arm embedded/7 2017-q4-major/bin/../lib/gcc/arm-none-eabi/7.2.1/../../../../arm-none-eabi/lib/thumb/v7e-m/fpv4-sp/hard\libc_nano.a(lib_a-cxa_atexit.o)
                0x0800932c                __cxa_atexit
 .text.__errno  0x08009348        0xc c:/program files (x86)/gnu tools arm embedded/7 2017-q4-major/bin/../lib/gcc/arm-none-eabi/7.2.1/../../../../arm-none-eabi/lib/thumb/v7e-m/fpv4-sp/hard\libc_nano.a(lib_a-errno.o)
                0x08009348                __errno
 .text.__libc_init_array
                0x08009354       0x48 c:/program files (x86)/gnu tools arm embedded/7 2017-q4-major/bin/../lib/gcc/arm-none-eabi/7.2.1/../../../../arm-none-eabi/lib/thumb/v7e-m/fpv4-sp/hard\libc_nano.a(lib_a-init.o)
                0x08009354                __libc_init_array
 .text.free     0x0800939c       0x10 c:/program files (x86)/gnu tools arm embedded/7 2017-q4-major/bin/../lib/gcc/arm-none-eabi/7.2.1/../../../../arm-none-eabi/lib/thumb/v7e-m/fpv4-sp/hard\libc_nano.a(lib_a-malloc.o)
                0x0800939c                free
 .text.memcpy   0x080093ac       0x16 c:/program files (x86)/gnu tools arm embedded/7 2017-q4-major/bin/../lib/gcc/arm-none-eabi/7.2.1/../../../../arm-none-eabi/lib/thumb/v7e-m/fpv4-sp/hard\libc_nano.a(lib_a-memcpy-stub.o)
                0x080093ac                memcpy
 .text.memset   0x080093c2       0x10 c:/program files (x86)/gnu tools arm embedded/7 2017-q4-major/bin/../lib/gcc/arm-none-eabi/7.2.1/../../../../arm-none-eabi/lib/thumb/v7e-m/fpv4-sp/hard\libc_nano.a(lib_a-memset.o)
                0x080093c2                memset
 *fill*         0x080093d2        0x2 
 .text._free_r  0x080093d4       0x9c c:/program files (x86)/gnu tools arm embedded/7 2017-q4-major/bin/../lib/gcc/arm-none-eabi/7.2.1/../../../../arm-none-eabi/lib/thumb/v7e-m/fpv4-sp/hard\libc_nano.a(lib_a-nano-freer.o)
                0x080093d4                _free_r
 .text._malloc_r
                0x08009470       0xb4 c:/program files (x86)/gnu tools arm embedded/7 2017-q4-major/bin/../lib/gcc/arm-none-eabi/7.2.1/../../../../arm-none-eabi/lib/thumb/v7e-m/fpv4-sp/hard\libc_nano.a(lib_a-nano-mallocr.o)
                0x08009470                _malloc_r
 .text.printf   0x08009524       0x30 c:/program files (x86)/gnu tools arm embedded/7 2017-q4-major/bin/../lib/gcc/arm-none-eabi/7.2.1/../../../../arm-none-eabi/lib/thumb/v7e-m/fpv4-sp/hard\libc_nano.a(lib_a-printf.o)
                0x08009524                iprintf
                0x08009524                printf
 .text.putchar  0x08009554       0x28 c:/program files (x86)/gnu tools arm embedded/7 2017-q4-major/bin/../lib/gcc/arm-none-eabi/7.2.1/../../../../arm-none-eabi/lib/thumb/v7e-m/fpv4-sp/hard\libc_nano.a(lib_a-putchar.o)
                0x08009554                putchar
 .text._puts_r  0x0800957c       0xb8 c:/program files (x86)/gnu tools arm embedded/7 2017-q4-major/bin/../lib/gcc/arm-none-eabi/7.2.1/../../../../arm-none-eabi/lib/thumb/v7e-m/fpv4-sp/hard\libc_nano.a(lib_a-puts.o)
                0x0800957c                _puts_r
 .text.puts     0x08009634       0x10 c:/program files (x86)/gnu tools arm embedded/7 2017-q4-major/bin/../lib/gcc/arm-none-eabi/7.2.1/../../../../arm-none-eabi/lib/thumb/v7e-m/fpv4-sp/hard\libc_nano.a(lib_a-puts.o)
                0x08009634                puts
 .text._sbrk_r  0x08009644       0x20 c:/program files (x86)/gnu tools arm embedded/7 2017-q4-major/bin/../lib/gcc/arm-none-eabi/7.2.1/../../../../arm-none-eabi/lib/thumb/v7e-m/fpv4-sp/hard\libc_nano.a(lib_a-sbrkr.o)
                0x08009644                _sbrk_r
 .text.__swbuf_r
                0x08009664       0xa4 c:/program files (x86)/gnu tools arm embedded/7 2017-q4-major/bin/../lib/gcc/arm-none-eabi/7.2.1/../../../../arm-none-eabi/lib/thumb/v7e-m/fpv4-sp/hard\libc_nano.a(lib_a-wbuf.o)
                0x08009664                __swbuf_r
 .text.__swsetup_r
                0x08009708       0xdc c:/program files (x86)/gnu tools arm embedded/7 2017-q4-major/bin/../lib/gcc/arm-none-eabi/7.2.1/../../../../arm-none-eabi/lib/thumb/v7e-m/fpv4-sp/hard\libc_nano.a(lib_a-wsetup.o)
                0x08009708                __swsetup_r
 .text.__sflush_r
                0x080097e4      0x10c c:/program files (x86)/gnu tools arm embedded/7 2017-q4-major/bin/../lib/gcc/arm-none-eabi/7.2.1/../../../../arm-none-eabi/lib/thumb/v7e-m/fpv4-sp/hard\libc_nano.a(lib_a-fflush.o)
                0x080097e4                __sflush_r
 .text._fflush_r
                0x080098f0       0x54 c:/program files (x86)/gnu tools arm embedded/7 2017-q4-major/bin/../lib/gcc/arm-none-eabi/7.2.1/../../../../arm-none-eabi/lib/thumb/v7e-m/fpv4-sp/hard\libc_nano.a(lib_a-fflush.o)
                0x080098f0                _fflush_r
 .text.std      0x08009944       0x48 c:/program files (x86)/gnu tools arm embedded/7 2017-q4-major/bin/../lib/gcc/arm-none-eabi/7.2.1/../../../../arm-none-eabi/lib/thumb/v7e-m/fpv4-sp/hard\libc_nano.a(lib_a-findfp.o)
 .text._cleanup_r
                0x0800998c        0xc c:/program files (x86)/gnu tools arm embedded/7 2017-q4-major/bin/../lib/gcc/arm-none-eabi/7.2.1/../../../../arm-none-eabi/lib/thumb/v7e-m/fpv4-sp/hard\libc_nano.a(lib_a-findfp.o)
                0x0800998c                _cleanup_r
 .text.__sfmoreglue
                0x08009998       0x2c c:/program files (x86)/gnu tools arm embedded/7 2017-q4-major/bin/../lib/gcc/arm-none-eabi/7.2.1/../../../../arm-none-eabi/lib/thumb/v7e-m/fpv4-sp/hard\libc_nano.a(lib_a-findfp.o)
                0x08009998                __sfmoreglue
 .text.__sinit  0x080099c4       0x60 c:/program files (x86)/gnu tools arm embedded/7 2017-q4-major/bin/../lib/gcc/arm-none-eabi/7.2.1/../../../../arm-none-eabi/lib/thumb/v7e-m/fpv4-sp/hard\libc_nano.a(lib_a-findfp.o)
                0x080099c4                __sinit
 .text.__sfp    0x08009a24       0x78 c:/program files (x86)/gnu tools arm embedded/7 2017-q4-major/bin/../lib/gcc/arm-none-eabi/7.2.1/../../../../arm-none-eabi/lib/thumb/v7e-m/fpv4-sp/hard\libc_nano.a(lib_a-findfp.o)
                0x08009a24                __sfp
 .text._fwalk_reent
                0x08009a9c       0x3c c:/program files (x86)/gnu tools arm embedded/7 2017-q4-major/bin/../lib/gcc/arm-none-eabi/7.2.1/../../../../arm-none-eabi/lib/thumb/v7e-m/fpv4-sp/hard\libc_nano.a(lib_a-fwalk.o)
                0x08009a9c                _fwalk_reent
 .text.__swhatbuf_r
                0x08009ad8       0x48 c:/program files (x86)/gnu tools arm embedded/7 2017-q4-major/bin/../lib/gcc/arm-none-eabi/7.2.1/../../../../arm-none-eabi/lib/thumb/v7e-m/fpv4-sp/hard\libc_nano.a(lib_a-makebuf.o)
                0x08009ad8                __swhatbuf_r
 .text.__smakebuf_r
                0x08009b20       0x80 c:/program files (x86)/gnu tools arm embedded/7 2017-q4-major/bin/../lib/gcc/arm-none-eabi/7.2.1/../../../../arm-none-eabi/lib/thumb/v7e-m/fpv4-sp/hard\libc_nano.a(lib_a-makebuf.o)
                0x08009b20                __smakebuf_r
 .text.__malloc_lock
                0x08009ba0        0x2 c:/program files (x86)/gnu tools arm embedded/7 2017-q4-major/bin/../lib/gcc/arm-none-eabi/7.2.1/../../../../arm-none-eabi/lib/thumb/v7e-m/fpv4-sp/hard\libc_nano.a(lib_a-mlock.o)
                0x08009ba0                __malloc_lock
 .text.__malloc_unlock
                0x08009ba2        0x2 c:/program files (x86)/gnu tools arm embedded/7 2017-q4-major/bin/../lib/gcc/arm-none-eabi/7.2.1/../../../../arm-none-eabi/lib/thumb/v7e-m/fpv4-sp/hard\libc_nano.a(lib_a-mlock.o)
                0x08009ba2                __malloc_unlock
 .text.__sfputc_r
                0x08009ba4       0x2e c:/program files (x86)/gnu tools arm embedded/7 2017-q4-major/bin/../lib/gcc/arm-none-eabi/7.2.1/../../../../arm-none-eabi/lib/thumb/v7e-m/fpv4-sp/hard\libc_nano.a(lib_a-nano-vfprintf.o)
 .text.__sfputs_r
                0x08009bd2       0x24 c:/program files (x86)/gnu tools arm embedded/7 2017-q4-major/bin/../lib/gcc/arm-none-eabi/7.2.1/../../../../arm-none-eabi/lib/thumb/v7e-m/fpv4-sp/hard\libc_nano.a(lib_a-nano-vfprintf.o)
                0x08009bd2                __sfputs_r
 *fill*         0x08009bf6        0x2 
 .text._vfprintf_r
                0x08009bf8      0x228 c:/program files (x86)/gnu tools arm embedded/7 2017-q4-major/bin/../lib/gcc/arm-none-eabi/7.2.1/../../../../arm-none-eabi/lib/thumb/v7e-m/fpv4-sp/hard\libc_nano.a(lib_a-nano-vfprintf.o)
                0x08009bf8                _vfprintf_r
                0x08009bf8                _vfiprintf_r
 .text._printf_common
                0x08009e20       0xea c:/program files (x86)/gnu tools arm embedded/7 2017-q4-major/bin/../lib/gcc/arm-none-eabi/7.2.1/../../../../arm-none-eabi/lib/thumb/v7e-m/fpv4-sp/hard\libc_nano.a(lib_a-nano-vfprintf_i.o)
                0x08009e20                _printf_common
 *fill*         0x08009f0a        0x2 
 .text._printf_i
                0x08009f0c      0x224 c:/program files (x86)/gnu tools arm embedded/7 2017-q4-major/bin/../lib/gcc/arm-none-eabi/7.2.1/../../../../arm-none-eabi/lib/thumb/v7e-m/fpv4-sp/hard\libc_nano.a(lib_a-nano-vfprintf_i.o)
                0x08009f0c                _printf_i
 .text._putc_r  0x0800a130       0x6c c:/program files (x86)/gnu tools arm embedded/7 2017-q4-major/bin/../lib/gcc/arm-none-eabi/7.2.1/../../../../arm-none-eabi/lib/thumb/v7e-m/fpv4-sp/hard\libc_nano.a(lib_a-putc.o)
                0x0800a130                _putc_r
 .text.__sread  0x0800a19c       0x22 c:/program files (x86)/gnu tools arm embedded/7 2017-q4-major/bin/../lib/gcc/arm-none-eabi/7.2.1/../../../../arm-none-eabi/lib/thumb/v7e-m/fpv4-sp/hard\libc_nano.a(lib_a-stdio.o)
                0x0800a19c                __sread
 .text.__swrite
                0x0800a1be       0x38 c:/program files (x86)/gnu tools arm embedded/7 2017-q4-major/bin/../lib/gcc/arm-none-eabi/7.2.1/../../../../arm-none-eabi/lib/thumb/v7e-m/fpv4-sp/hard\libc_nano.a(lib_a-stdio.o)
                0x0800a1be                __swrite
 .text.__sseek  0x0800a1f6       0x24 c:/program files (x86)/gnu tools arm embedded/7 2017-q4-major/bin/../lib/gcc/arm-none-eabi/7.2.1/../../../../arm-none-eabi/lib/thumb/v7e-m/fpv4-sp/hard\libc_nano.a(lib_a-stdio.o)
                0x0800a1f6                __sseek
 .text.__sclose
                0x0800a21a        0x8 c:/program files (x86)/gnu tools arm embedded/7 2017-q4-major/bin/../lib/gcc/arm-none-eabi/7.2.1/../../../../arm-none-eabi/lib/thumb/v7e-m/fpv4-sp/hard\libc_nano.a(lib_a-stdio.o)
                0x0800a21a                __sclose
 *fill*         0x0800a222        0x2 
 .text._write_r
                0x0800a224       0x24 c:/program files (x86)/gnu tools arm embedded/7 2017-q4-major/bin/../lib/gcc/arm-none-eabi/7.2.1/../../../../arm-none-eabi/lib/thumb/v7e-m/fpv4-sp/hard\libc_nano.a(lib_a-writer.o)
                0x0800a224                _write_r
 .text._close_r
                0x0800a248       0x20 c:/program files (x86)/gnu tools arm embedded/7 2017-q4-major/bin/../lib/gcc/arm-none-eabi/7.2.1/../../../../arm-none-eabi/lib/thumb/v7e-m/fpv4-sp/hard\libc_nano.a(lib_a-closer.o)
                0x0800a248                _close_r
 .text._fstat_r
                0x0800a268       0x24 c:/program files (x86)/gnu tools arm embedded/7 2017-q4-major/bin/../lib/gcc/arm-none-eabi/7.2.1/../../../../arm-none-eabi/lib/thumb/v7e-m/fpv4-sp/hard\libc_nano.a(lib_a-fstatr.o)
                0x0800a268                _fstat_r
 .text._isatty_r
                0x0800a28c       0x20 c:/program files (x86)/gnu tools arm embedded/7 2017-q4-major/bin/../lib/gcc/arm-none-eabi/7.2.1/../../../../arm-none-eabi/lib/thumb/v7e-m/fpv4-sp/hard\libc_nano.a(lib_a-isattyr.o)
                0x0800a28c                _isatty_r
 .text._lseek_r
                0x0800a2ac       0x24 c:/program files (x86)/gnu tools arm embedded/7 2017-q4-major/bin/../lib/gcc/arm-none-eabi/7.2.1/../../../../arm-none-eabi/lib/thumb/v7e-m/fpv4-sp/hard\libc_nano.a(lib_a-lseekr.o)
                0x0800a2ac                _lseek_r
 .text._read_r  0x0800a2d0       0x24 c:/program files (x86)/gnu tools arm embedded/7 2017-q4-major/bin/../lib/gcc/arm-none-eabi/7.2.1/../../../../arm-none-eabi/lib/thumb/v7e-m/fpv4-sp/hard\libc_nano.a(lib_a-readr.o)
                0x0800a2d0                _read_r
 .text._close   0x0800a2f4       0x10 c:/program files (x86)/gnu tools arm embedded/7 2017-q4-major/bin/../lib/gcc/arm-none-eabi/7.2.1/../../../../arm-none-eabi/lib/thumb/v7e-m/fpv4-sp/hard\libnosys.a(close.o)
                0x0800a2f4                _close
 .text._fstat   0x0800a304       0x10 c:/program files (x86)/gnu tools arm embedded/7 2017-q4-major/bin/../lib/gcc/arm-none-eabi/7.2.1/../../../../arm-none-eabi/lib/thumb/v7e-m/fpv4-sp/hard\libnosys.a(fstat.o)
                0x0800a304                _fstat
 .text._isatty  0x0800a314       0x10 c:/program files (x86)/gnu tools arm embedded/7 2017-q4-major/bin/../lib/gcc/arm-none-eabi/7.2.1/../../../../arm-none-eabi/lib/thumb/v7e-m/fpv4-sp/hard\libnosys.a(isatty.o)
                0x0800a314                _isatty
 .text._lseek   0x0800a324       0x10 c:/program files (x86)/gnu tools arm embedded/7 2017-q4-major/bin/../lib/gcc/arm-none-eabi/7.2.1/../../../../arm-none-eabi/lib/thumb/v7e-m/fpv4-sp/hard\libnosys.a(lseek.o)
                0x0800a324                _lseek
 .text._read    0x0800a334       0x10 c:/program files (x86)/gnu tools arm embedded/7 2017-q4-major/bin/../lib/gcc/arm-none-eabi/7.2.1/../../../../arm-none-eabi/lib/thumb/v7e-m/fpv4-sp/hard\libnosys.a(read.o)
                0x0800a334                _read
 .text._sbrk    0x0800a344       0x1c c:/program files (x86)/gnu tools arm embedded/7 2017-q4-major/bin/../lib/gcc/arm-none-eabi/7.2.1/../../../../arm-none-eabi/lib/thumb/v7e-m/fpv4-sp/hard\libnosys.a(sbrk.o)
                0x0800a344                _sbrk
 *(.glue_7)
 .glue_7        0x0800a360        0x0 linker stubs
 *(.glue_7t)
 .glue_7t       0x0800a360        0x0 linker stubs
 *(.eh_frame)
 .eh_frame      0x0800a360        0x0 c:/program files (x86)/gnu tools arm embedded/7 2017-q4-major/bin/../lib/gcc/arm-none-eabi/7.2.1/thumb/v7e-m/fpv4-sp/hard/crtbegin.o
 *(.init)
 .init          0x0800a360        0x4 c:/program files (x86)/gnu tools arm embedded/7 2017-q4-major/bin/../lib/gcc/arm-none-eabi/7.2.1/thumb/v7e-m/fpv4-sp/hard/crti.o
                0x0800a360                _init
 .init          0x0800a364        0x8 c:/program files (x86)/gnu tools arm embedded/7 2017-q4-major/bin/../lib/gcc/arm-none-eabi/7.2.1/thumb/v7e-m/fpv4-sp/hard/crtn.o
 *(.fini)
 .fini          0x0800a36c        0x4 c:/program files (x86)/gnu tools arm embedded/7 2017-q4-major/bin/../lib/gcc/arm-none-eabi/7.2.1/thumb/v7e-m/fpv4-sp/hard/crti.o
                0x0800a36c                _fini
 .fini          0x0800a370        0x8 c:/program files (x86)/gnu tools arm embedded/7 2017-q4-major/bin/../lib/gcc/arm-none-eabi/7.2.1/thumb/v7e-m/fpv4-sp/hard/crtn.o
                0x0800a378                . = ALIGN (0x4)
                0x0800a378                _etext = .

.vfp11_veneer   0x0800a378        0x0
 .vfp11_veneer  0x0800a378        0x0 linker stubs

.v4_bx          0x0800a378        0x0
 .v4_bx         0x0800a378        0x0 linker stubs

.iplt           0x0800a378        0x0
 .iplt          0x0800a378        0x0 c:/program files (x86)/gnu tools arm embedded/7 2017-q4-major/bin/../lib/gcc/arm-none-eabi/7.2.1/thumb/v7e-m/fpv4-sp/hard/crtbegin.o

.rodata         0x0800a378      0x4c8
                0x0800a378                . = ALIGN (0x4)
 *(.rodata)
 *(.rodata*)
 .rodata.AHBPrescTable
                0x0800a378       0x10 build/system_stm32f4xx.o
                0x0800a378                AHBPrescTable
 .rodata.APBPrescTable
                0x0800a388        0x8 build/system_stm32f4xx.o
                0x0800a388                APBPrescTable
 .rodata.Error_Handler.str1.4
                0x0800a390       0x12 build/main.o
 *fill*         0x0800a3a2        0x2 
 .rodata.main.str1.4
                0x0800a3a4       0x2a build/main.o
 *fill*         0x0800a3ce        0x2 
 .rodata._Z13move_steeringif.str1.4
                0x0800a3d0       0x18 build/robot.o
 .rodata._Z4playv.str1.4
                0x0800a3e8       0x1e build/robot.o
 *fill*         0x0800a406        0x2 
 .rodata._ZTS13PID_Algorithm
                0x0800a408       0x10 build/robo_init.o
                0x0800a408                typeinfo name for PID_Algorithm
 .rodata._ZTI13PID_Algorithm
                0x0800a418        0x8 build/robo_init.o
                0x0800a418                typeinfo for PID_Algorithm
 .rodata._ZTS12Discrete_PID
                0x0800a420        0xf build/robo_init.o
                0x0800a420                typeinfo name for Discrete_PID
 *fill*         0x0800a42f        0x1 
 .rodata._ZTI12Discrete_PID
                0x0800a430        0xc build/robo_init.o
                0x0800a430                typeinfo for Discrete_PID
 .rodata._ZTV12Discrete_PID
                0x0800a43c       0x14 build/robo_init.o
                0x0800a43c                vtable for Discrete_PID
 .rodata._Z15init_OriFiltersm.str1.4
                0x0800a450       0x15 build/robo_orientation.o
 *fill*         0x0800a465        0x3 
 .rodata._ZL11lsb_per_dsp
                0x0800a468       0x10 build/mpu6050.o
 .rodata._ZL9lsb_per_g
                0x0800a478        0x8 build/mpu6050.o
 .rodata.HAL_GPIO_EXTI_Callback.str1.4
                0x0800a480       0x2b build/interrupt.o
 *fill*         0x0800a4ab        0x1 
 .rodata._ZN3MatC2Ehh.str1.4
                0x0800a4ac       0x17 build/mat.o
 .rodata._ZN3MatmLERK4Vec3IfE.str1.4
                0x0800a4c3       0x15 build/mat.o
 *fill*         0x0800a4c3        0x1 
 .rodata._ZTIN10__cxxabiv120__si_class_type_infoE
                0x0800a4c4        0xc c:/program files (x86)/gnu tools arm embedded/7 2017-q4-major/bin/../lib/gcc/arm-none-eabi/7.2.1/../../../../arm-none-eabi/lib/thumb/v7e-m/fpv4-sp/hard\libstdc++_nano.a(si_class_type_info.o)
                0x0800a4c4                typeinfo for __cxxabiv1::__si_class_type_info
 .rodata._ZTSN10__cxxabiv120__si_class_type_infoE
                0x0800a4d0       0x25 c:/program files (x86)/gnu tools arm embedded/7 2017-q4-major/bin/../lib/gcc/arm-none-eabi/7.2.1/../../../../arm-none-eabi/lib/thumb/v7e-m/fpv4-sp/hard\libstdc++_nano.a(si_class_type_info.o)
                0x0800a4d0                typeinfo name for __cxxabiv1::__si_class_type_info
 *fill*         0x0800a4f5        0x3 
 .rodata._ZTVN10__cxxabiv120__si_class_type_infoE
                0x0800a4f8       0x2c c:/program files (x86)/gnu tools arm embedded/7 2017-q4-major/bin/../lib/gcc/arm-none-eabi/7.2.1/../../../../arm-none-eabi/lib/thumb/v7e-m/fpv4-sp/hard\libstdc++_nano.a(si_class_type_info.o)
                0x0800a4f8                vtable for __cxxabiv1::__si_class_type_info
 .rodata._ZTISt9type_info
                0x0800a524        0x8 c:/program files (x86)/gnu tools arm embedded/7 2017-q4-major/bin/../lib/gcc/arm-none-eabi/7.2.1/../../../../arm-none-eabi/lib/thumb/v7e-m/fpv4-sp/hard\libstdc++_nano.a(tinfo.o)
                0x0800a524                typeinfo for std::type_info
 .rodata._ZTSSt9type_info
                0x0800a52c        0xd c:/program files (x86)/gnu tools arm embedded/7 2017-q4-major/bin/../lib/gcc/arm-none-eabi/7.2.1/../../../../arm-none-eabi/lib/thumb/v7e-m/fpv4-sp/hard\libstdc++_nano.a(tinfo.o)
                0x0800a52c                typeinfo name for std::type_info
 *fill*         0x0800a539        0x3 
 .rodata._ZTIN10__cxxabiv117__class_type_infoE
                0x0800a53c        0xc c:/program files (x86)/gnu tools arm embedded/7 2017-q4-major/bin/../lib/gcc/arm-none-eabi/7.2.1/../../../../arm-none-eabi/lib/thumb/v7e-m/fpv4-sp/hard\libstdc++_nano.a(class_type_info.o)
                0x0800a53c                typeinfo for __cxxabiv1::__class_type_info
 .rodata._ZTSN10__cxxabiv117__class_type_infoE
                0x0800a548       0x22 c:/program files (x86)/gnu tools arm embedded/7 2017-q4-major/bin/../lib/gcc/arm-none-eabi/7.2.1/../../../../arm-none-eabi/lib/thumb/v7e-m/fpv4-sp/hard\libstdc++_nano.a(class_type_info.o)
                0x0800a548                typeinfo name for __cxxabiv1::__class_type_info
 *fill*         0x0800a56a        0x2 
 .rodata._ZTVN10__cxxabiv117__class_type_infoE
                0x0800a56c       0x2c c:/program files (x86)/gnu tools arm embedded/7 2017-q4-major/bin/../lib/gcc/arm-none-eabi/7.2.1/../../../../arm-none-eabi/lib/thumb/v7e-m/fpv4-sp/hard\libstdc++_nano.a(class_type_info.o)
                0x0800a56c                vtable for __cxxabiv1::__class_type_info
 .rodata.pow.str1.4
                0x0800a598        0x4 c:/program files (x86)/gnu tools arm embedded/7 2017-q4-major/bin/../lib/gcc/arm-none-eabi/7.2.1/../../../../arm-none-eabi/lib/thumb/v7e-m/fpv4-sp/hard\libm.a(lib_a-w_pow.o)
 .rodata.__ieee754_pow.str1.4
                0x0800a59c        0x4 c:/program files (x86)/gnu tools arm embedded/7 2017-q4-major/bin/../lib/gcc/arm-none-eabi/7.2.1/../../../../arm-none-eabi/lib/thumb/v7e-m/fpv4-sp/hard\libm.a(lib_a-e_pow.o)
                                  0x1 (size before relaxing)
 .rodata.npio2_hw
                0x0800a59c       0x80 c:/program files (x86)/gnu tools arm embedded/7 2017-q4-major/bin/../lib/gcc/arm-none-eabi/7.2.1/../../../../arm-none-eabi/lib/thumb/v7e-m/fpv4-sp/hard\libm.a(lib_a-e_rem_pio2.o)
 .rodata.two_over_pi
                0x0800a61c      0x108 c:/program files (x86)/gnu tools arm embedded/7 2017-q4-major/bin/../lib/gcc/arm-none-eabi/7.2.1/../../../../arm-none-eabi/lib/thumb/v7e-m/fpv4-sp/hard\libm.a(lib_a-e_rem_pio2.o)
 *fill*         0x0800a724        0x4 
 .rodata.PIo2   0x0800a728       0x40 c:/program files (x86)/gnu tools arm embedded/7 2017-q4-major/bin/../lib/gcc/arm-none-eabi/7.2.1/../../../../arm-none-eabi/lib/thumb/v7e-m/fpv4-sp/hard\libm.a(lib_a-k_rem_pio2.o)
 .rodata.init_jk
                0x0800a768       0x10 c:/program files (x86)/gnu tools arm embedded/7 2017-q4-major/bin/../lib/gcc/arm-none-eabi/7.2.1/../../../../arm-none-eabi/lib/thumb/v7e-m/fpv4-sp/hard\libm.a(lib_a-k_rem_pio2.o)
 .rodata.TWO52  0x0800a778       0x10 c:/program files (x86)/gnu tools arm embedded/7 2017-q4-major/bin/../lib/gcc/arm-none-eabi/7.2.1/../../../../arm-none-eabi/lib/thumb/v7e-m/fpv4-sp/hard\libm.a(lib_a-s_rint.o)
 .rodata.atanhi
                0x0800a788       0x10 c:/program files (x86)/gnu tools arm embedded/7 2017-q4-major/bin/../lib/gcc/arm-none-eabi/7.2.1/../../../../arm-none-eabi/lib/thumb/v7e-m/fpv4-sp/hard\libm.a(lib_a-sf_atan.o)
 .rodata.atanlo
                0x0800a798       0x10 c:/program files (x86)/gnu tools arm embedded/7 2017-q4-major/bin/../lib/gcc/arm-none-eabi/7.2.1/../../../../arm-none-eabi/lib/thumb/v7e-m/fpv4-sp/hard\libm.a(lib_a-sf_atan.o)
 .rodata._global_impure_ptr
                0x0800a7a8        0x4 c:/program files (x86)/gnu tools arm embedded/7 2017-q4-major/bin/../lib/gcc/arm-none-eabi/7.2.1/../../../../arm-none-eabi/lib/thumb/v7e-m/fpv4-sp/hard\libc_nano.a(lib_a-impure.o)
                0x0800a7a8                _global_impure_ptr
 .rodata.__sf_fake_stderr
                0x0800a7ac       0x20 c:/program files (x86)/gnu tools arm embedded/7 2017-q4-major/bin/../lib/gcc/arm-none-eabi/7.2.1/../../../../arm-none-eabi/lib/thumb/v7e-m/fpv4-sp/hard\libc_nano.a(lib_a-findfp.o)
                0x0800a7ac                __sf_fake_stderr
 .rodata.__sf_fake_stdin
                0x0800a7cc       0x20 c:/program files (x86)/gnu tools arm embedded/7 2017-q4-major/bin/../lib/gcc/arm-none-eabi/7.2.1/../../../../arm-none-eabi/lib/thumb/v7e-m/fpv4-sp/hard\libc_nano.a(lib_a-findfp.o)
                0x0800a7cc                __sf_fake_stdin
 .rodata.__sf_fake_stdout
                0x0800a7ec       0x20 c:/program files (x86)/gnu tools arm embedded/7 2017-q4-major/bin/../lib/gcc/arm-none-eabi/7.2.1/../../../../arm-none-eabi/lib/thumb/v7e-m/fpv4-sp/hard\libc_nano.a(lib_a-findfp.o)
                0x0800a7ec                __sf_fake_stdout
 .rodata._vfprintf_r.str1.1
                0x0800a80c       0x11 c:/program files (x86)/gnu tools arm embedded/7 2017-q4-major/bin/../lib/gcc/arm-none-eabi/7.2.1/../../../../arm-none-eabi/lib/thumb/v7e-m/fpv4-sp/hard\libc_nano.a(lib_a-nano-vfprintf.o)
 .rodata._printf_i.str1.1
                0x0800a81d       0x22 c:/program files (x86)/gnu tools arm embedded/7 2017-q4-major/bin/../lib/gcc/arm-none-eabi/7.2.1/../../../../arm-none-eabi/lib/thumb/v7e-m/fpv4-sp/hard\libc_nano.a(lib_a-nano-vfprintf_i.o)
                0x0800a840                . = ALIGN (0x4)
 *fill*         0x0800a83f        0x1 

.ARM.extab
 *(.ARM.extab* .gnu.linkonce.armextab.*)

.ARM            0x0800a840        0x8
                0x0800a840                __exidx_start = .
 *(.ARM.exidx*)
 .ARM.exidx     0x0800a840        0x8 c:/program files (x86)/gnu tools arm embedded/7 2017-q4-major/bin/../lib/gcc/arm-none-eabi/7.2.1/thumb/v7e-m/fpv4-sp/hard\libgcc.a(_udivmoddi4.o)
                0x0800a848                __exidx_end = .

.rel.dyn        0x0800a848        0x0
 .rel.iplt      0x0800a848        0x0 c:/program files (x86)/gnu tools arm embedded/7 2017-q4-major/bin/../lib/gcc/arm-none-eabi/7.2.1/thumb/v7e-m/fpv4-sp/hard/crtbegin.o

.preinit_array  0x0800a848        0x0
                0x0800a848                PROVIDE (__preinit_array_start, .)
 *(.preinit_array*)
                0x0800a848                PROVIDE (__preinit_array_end, .)

.init_array     0x0800a848       0x10
                0x0800a848                PROVIDE (__init_array_start, .)
 *(SORT_BY_NAME(.init_array.*))
 *(.init_array*)
 .init_array    0x0800a848        0x4 c:/program files (x86)/gnu tools arm embedded/7 2017-q4-major/bin/../lib/gcc/arm-none-eabi/7.2.1/thumb/v7e-m/fpv4-sp/hard/crtbegin.o
 .init_array    0x0800a84c        0x4 build/robot.o
 .init_array    0x0800a850        0x4 build/robo_init.o
 .init_array    0x0800a854        0x4 build/robo_orientation.o
                0x0800a858                PROVIDE (__init_array_end, .)

.fini_array     0x0800a858        0x4
                [!provide]                PROVIDE (__fini_array_start, .)
 *(SORT_BY_NAME(.fini_array.*))
 *(.fini_array*)
 .fini_array    0x0800a858        0x4 c:/program files (x86)/gnu tools arm embedded/7 2017-q4-major/bin/../lib/gcc/arm-none-eabi/7.2.1/thumb/v7e-m/fpv4-sp/hard/crtbegin.o
                [!provide]                PROVIDE (__fini_array_end, .)
                0x0800a85c                _sidata = LOADADDR (.data)

.data           0x20000000       0xb8 load address 0x0800a85c
                0x20000000                . = ALIGN (0x4)
                0x20000000                _sdata = .
 *(.data)
 .data          0x20000000        0x4 c:/program files (x86)/gnu tools arm embedded/7 2017-q4-major/bin/../lib/gcc/arm-none-eabi/7.2.1/thumb/v7e-m/fpv4-sp/hard/crtbegin.o
                0x20000000                __dso_handle
 *(.data*)
 .data.SystemCoreClock
                0x20000004        0x4 build/system_stm32f4xx.o
                0x20000004                SystemCoreClock
 .data.uwTickFreq
                0x20000008        0x1 build/stm32f4xx_hal.o
                0x20000008                uwTickFreq
 *fill*         0x20000009        0x3 
 .data.uwTickPrio
                0x2000000c        0x4 build/stm32f4xx_hal.o
                0x2000000c                uwTickPrio
 .data._ZL9leg_speed
                0x20000010        0x4 build/robot.o
 .data.angles   0x20000014       0x1c build/robot.o
                0x20000014                angles
 .data.steps    0x20000030       0x1c build/robot.o
                0x20000030                steps
 .data.tolerance
                0x2000004c        0x4 build/robot.o
                0x2000004c                tolerance
 .data.__fdlib_version
                0x20000050        0x1 c:/program files (x86)/gnu tools arm embedded/7 2017-q4-major/bin/../lib/gcc/arm-none-eabi/7.2.1/../../../../arm-none-eabi/lib/thumb/v7e-m/fpv4-sp/hard\libm.a(lib_a-s_lib_ver.o)
                0x20000050                __fdlib_version
 *fill*         0x20000051        0x3 
 .data._impure_ptr
                0x20000054        0x4 c:/program files (x86)/gnu tools arm embedded/7 2017-q4-major/bin/../lib/gcc/arm-none-eabi/7.2.1/../../../../arm-none-eabi/lib/thumb/v7e-m/fpv4-sp/hard\libc_nano.a(lib_a-impure.o)
                0x20000054                _impure_ptr
 .data.impure_data
                0x20000058       0x60 c:/program files (x86)/gnu tools arm embedded/7 2017-q4-major/bin/../lib/gcc/arm-none-eabi/7.2.1/../../../../arm-none-eabi/lib/thumb/v7e-m/fpv4-sp/hard\libc_nano.a(lib_a-impure.o)
                0x200000b8                . = ALIGN (0x4)
                0x200000b8                _edata = .
                0x0800a914                _siccmram = LOADADDR (.ccmram)

.igot.plt       0x200000b8        0x0 load address 0x0800a914
 .igot.plt      0x200000b8        0x0 c:/program files (x86)/gnu tools arm embedded/7 2017-q4-major/bin/../lib/gcc/arm-none-eabi/7.2.1/thumb/v7e-m/fpv4-sp/hard/crtbegin.o

.ccmram         0x10000000        0x0 load address 0x0800a914
                0x10000000                . = ALIGN (0x4)
                0x10000000                _sccmram = .
 *(.ccmram)
 *(.ccmram*)
                0x10000000                . = ALIGN (0x4)
                0x10000000                _eccmram = .
                0x10000000                . = ALIGN (0x4)

.bss            0x200000b8      0xa40
                0x200000b8                _sbss = .
                0x200000b8                __bss_start__ = _sbss
 *(.bss)
 .bss           0x200000b8       0x1c c:/program files (x86)/gnu tools arm embedded/7 2017-q4-major/bin/../lib/gcc/arm-none-eabi/7.2.1/thumb/v7e-m/fpv4-sp/hard/crtbegin.o
 *(.bss*)
 .bss.ROBOT_START_FLAG
                0x200000d4        0x1 build/robot.o
                0x200000d4                ROBOT_START_FLAG
 .bss.STEERING_FLAG
                0x200000d5        0x1 build/robot.o
                0x200000d5                STEERING_FLAG
 *fill*         0x200000d6        0x2 
 .bss.angle     0x200000d8        0xc build/robot.o
                0x200000d8                angle
 .bss.initial_angle
                0x200000e4        0xc build/robot.o
                0x200000e4                initial_angle
 .bss.robot_angle
                0x200000f0        0x4 build/robot.o
                0x200000f0                robot_angle
 .bss.robotx    0x200000f4        0x4 build/robot.o
                0x200000f4                robotx
 .bss.sand_dune_crossed_flag
                0x200000f8        0x1 build/robot.o
                0x200000f8                sand_dune_crossed_flag
 *fill*         0x200000f9        0x3 
 .bss.temp_robot_angle
                0x200000fc        0x4 build/robot.o
                0x200000fc                temp_robot_angle
 .bss._ZL20motor_configurations
                0x20000100       0x60 build/robo_init.o
 .bss._ZL22encoder_configurations
                0x20000160       0x18 build/robo_init.o
 .bss.leg       0x20000178       0xb8 build/robo_init.o
                0x20000178                leg
 .bss.steering  0x20000230       0x48 build/robo_init.o
                0x20000230                steering
 .bss.Body_HMC  0x20000278       0x20 build/robo_orientation.o
                0x20000278                Body_HMC
 .bss.Body_IMU  0x20000298       0x34 build/robo_orientation.o
                0x20000298                Body_IMU
 .bss._ZL11gAccel_Gyro
                0x200002cc      0x1dc build/robo_orientation.o
 .bss._ZL11gOmega_Bias
                0x200004a8        0xc build/robo_orientation.o
 .bss._ZL11gYaw_Filter
                0x200004b4      0x11c build/robo_orientation.o
 .bss._ZL12gRoll_Filter
                0x200005d0      0x11c build/robo_orientation.o
 .bss._ZL12gXMagAlpha35
                0x200006ec        0xc build/robo_orientation.o
 .bss._ZL12gYMagAlpha35
                0x200006f8        0xc build/robo_orientation.o
 .bss._ZL12gZMagAlpha35
                0x20000704        0xc build/robo_orientation.o
 .bss._ZL13gPitch_Filter
                0x20000710      0x11c build/robo_orientation.o
 .bss._ZL13gXGyroAlpha35
                0x2000082c        0xc build/robo_orientation.o
 .bss._ZL13gYGyroAlpha35
                0x20000838        0xc build/robo_orientation.o
 .bss._ZL13gZGyroAlpha35
                0x20000844        0xc build/robo_orientation.o
 .bss._ZL14gXAccelAlpha35
                0x20000850        0xc build/robo_orientation.o
 .bss._ZL14gYAccelAlpha35
                0x2000085c        0xc build/robo_orientation.o
 .bss._ZL14gZAccelAlpha35
                0x20000868        0xc build/robo_orientation.o
 .bss._ZL6buffer
                0x20000874        0x8 build/hmc5883.o
 .bss._ZL10i2c_buffer
                0x2000087c        0x8 build/mpu6050.o
 .bss.__malloc_free_list
                0x20000884        0x4 c:/program files (x86)/gnu tools arm embedded/7 2017-q4-major/bin/../lib/gcc/arm-none-eabi/7.2.1/../../../../arm-none-eabi/lib/thumb/v7e-m/fpv4-sp/hard\libc_nano.a(lib_a-nano-mallocr.o)
                0x20000884                __malloc_free_list
 .bss.__malloc_sbrk_start
                0x20000888        0x4 c:/program files (x86)/gnu tools arm embedded/7 2017-q4-major/bin/../lib/gcc/arm-none-eabi/7.2.1/../../../../arm-none-eabi/lib/thumb/v7e-m/fpv4-sp/hard\libc_nano.a(lib_a-nano-mallocr.o)
                0x20000888                __malloc_sbrk_start
 .bss.heap_end.5377
                0x2000088c        0x4 c:/program files (x86)/gnu tools arm embedded/7 2017-q4-major/bin/../lib/gcc/arm-none-eabi/7.2.1/../../../../arm-none-eabi/lib/thumb/v7e-m/fpv4-sp/hard\libnosys.a(sbrk.o)
 *(COMMON)
 COMMON         0x20000890       0xf0 build/tim.o
                0x20000890                htim8
                0x200008cc                htim3
                0x20000908                htim1
                0x20000944                htim2
 COMMON         0x20000980       0xa8 build/i2c.o
                0x20000980                hi2c1
                0x200009d4                hi2c2
 COMMON         0x20000a28       0x48 build/adc.o
                0x20000a28                hadc1
 COMMON         0x20000a70       0x80 build/usart.o
                0x20000a70                huart1
                0x20000ab0                huart2
 COMMON         0x20000af0        0x4 build/stm32f4xx_hal.o
                0x20000af0                uwTick
 COMMON         0x20000af4        0x4 c:/program files (x86)/gnu tools arm embedded/7 2017-q4-major/bin/../lib/gcc/arm-none-eabi/7.2.1/../../../../arm-none-eabi/lib/thumb/v7e-m/fpv4-sp/hard\libc_nano.a(lib_a-reent.o)
                0x20000af4                errno
                0x20000af8                . = ALIGN (0x4)
                0x20000af8                _ebss = .
                0x20000af8                __bss_end__ = _ebss

._user_heap_stack
                0x20000af8      0x600
                0x20000af8                . = ALIGN (0x8)
                0x20000af8                PROVIDE (end, .)
                [!provide]                PROVIDE (_end, .)
                0x20000cf8                . = (. + _Min_Heap_Size)
 *fill*         0x20000af8      0x200 
                0x200010f8                . = (. + _Min_Stack_Size)
 *fill*         0x20000cf8      0x400 
                0x200010f8                . = ALIGN (0x8)

/DISCARD/
 libc.a(*)
 libm.a(*)
 libgcc.a(*)

.ARM.attributes
                0x00000000       0x30
 *(.ARM.attributes)
 .ARM.attributes
                0x00000000       0x22 c:/program files (x86)/gnu tools arm embedded/7 2017-q4-major/bin/../lib/gcc/arm-none-eabi/7.2.1/thumb/v7e-m/fpv4-sp/hard/crti.o
 .ARM.attributes
                0x00000022       0x34 c:/program files (x86)/gnu tools arm embedded/7 2017-q4-major/bin/../lib/gcc/arm-none-eabi/7.2.1/thumb/v7e-m/fpv4-sp/hard/crtbegin.o
 .ARM.attributes
                0x00000056       0x39 build/gpio.o
 .ARM.attributes
                0x0000008f       0x39 build/tim.o
 .ARM.attributes
                0x000000c8       0x39 build/i2c.o
 .ARM.attributes
                0x00000101       0x39 build/adc.o
 .ARM.attributes
                0x0000013a       0x39 build/usart.o
 .ARM.attributes
                0x00000173       0x39 build/printf_config.o
 .ARM.attributes
                0x000001ac       0x39 build/stm32f4xx_it.o
 .ARM.attributes
                0x000001e5       0x39 build/stm32f4xx_hal_msp.o
 .ARM.attributes
                0x0000021e       0x39 build/system_stm32f4xx.o
 .ARM.attributes
                0x00000257       0x39 build/stm32f4xx_hal_tim.o
 .ARM.attributes
                0x00000290       0x39 build/stm32f4xx_hal_tim_ex.o
 .ARM.attributes
                0x000002c9       0x39 build/stm32f4xx_hal_uart.o
 .ARM.attributes
                0x00000302       0x39 build/stm32f4xx_hal_rcc.o
 .ARM.attributes
                0x0000033b       0x39 build/stm32f4xx_hal_gpio.o
 .ARM.attributes
                0x00000374       0x39 build/stm32f4xx_hal_cortex.o
 .ARM.attributes
                0x000003ad       0x39 build/stm32f4xx_hal.o
 .ARM.attributes
                0x000003e6       0x39 build/stm32f4xx_hal_adc.o
 .ARM.attributes
                0x0000041f       0x39 build/stm32f4xx_hal_adc_ex.o
 .ARM.attributes
                0x00000458       0x39 build/stm32f4xx_hal_i2c.o
 .ARM.attributes
                0x00000491       0x21 build/startup_stm32f407xx.o
 .ARM.attributes
                0x000004b2       0x39 build/main.o
 .ARM.attributes
                0x000004eb       0x39 build/robot.o
 .ARM.attributes
                0x00000524       0x39 build/robo_init.o
 .ARM.attributes
                0x0000055d       0x39 build/robo_orientation.o
 .ARM.attributes
                0x00000596       0x39 build/motor.o
 .ARM.attributes
                0x000005cf       0x39 build/encoder.o
 .ARM.attributes
                0x00000608       0x39 build/leg.o
 .ARM.attributes
                0x00000641       0x39 build/hmc5883.o
 .ARM.attributes
                0x0000067a       0x39 build/mpu6050.o
 .ARM.attributes
                0x000006b3       0x39 build/interrupt.o
 .ARM.attributes
                0x000006ec       0x39 build/steering.o
 .ARM.attributes
                0x00000725       0x39 build/exp_smooth.o
 .ARM.attributes
                0x0000075e       0x39 build/mat.o
 .ARM.attributes
                0x00000797       0x34 c:/program files (x86)/gnu tools arm embedded/7 2017-q4-major/bin/../lib/gcc/arm-none-eabi/7.2.1/../../../../arm-none-eabi/lib/thumb/v7e-m/fpv4-sp/hard\libstdc++_nano.a(atexit_arm.o)
 .ARM.attributes
                0x000007cb       0x34 c:/program files (x86)/gnu tools arm embedded/7 2017-q4-major/bin/../lib/gcc/arm-none-eabi/7.2.1/../../../../arm-none-eabi/lib/thumb/v7e-m/fpv4-sp/hard\libstdc++_nano.a(del_ops.o)
 .ARM.attributes
                0x000007ff       0x34 c:/program files (x86)/gnu tools arm embedded/7 2017-q4-major/bin/../lib/gcc/arm-none-eabi/7.2.1/../../../../arm-none-eabi/lib/thumb/v7e-m/fpv4-sp/hard\libstdc++_nano.a(si_class_type_info.o)
 .ARM.attributes
                0x00000833       0x34 c:/program files (x86)/gnu tools arm embedded/7 2017-q4-major/bin/../lib/gcc/arm-none-eabi/7.2.1/../../../../arm-none-eabi/lib/thumb/v7e-m/fpv4-sp/hard\libstdc++_nano.a(tinfo.o)
 .ARM.attributes
                0x00000867       0x34 c:/program files (x86)/gnu tools arm embedded/7 2017-q4-major/bin/../lib/gcc/arm-none-eabi/7.2.1/../../../../arm-none-eabi/lib/thumb/v7e-m/fpv4-sp/hard\libstdc++_nano.a(class_type_info.o)
 .ARM.attributes
                0x0000089b       0x34 c:/program files (x86)/gnu tools arm embedded/7 2017-q4-major/bin/../lib/gcc/arm-none-eabi/7.2.1/../../../../arm-none-eabi/lib/thumb/v7e-m/fpv4-sp/hard\libstdc++_nano.a(del_op.o)
 .ARM.attributes
                0x000008cf       0x34 c:/program files (x86)/gnu tools arm embedded/7 2017-q4-major/bin/../lib/gcc/arm-none-eabi/7.2.1/../../../../arm-none-eabi/lib/thumb/v7e-m/fpv4-sp/hard\libm.a(lib_a-s_cos.o)
 .ARM.attributes
                0x00000903       0x34 c:/program files (x86)/gnu tools arm embedded/7 2017-q4-major/bin/../lib/gcc/arm-none-eabi/7.2.1/../../../../arm-none-eabi/lib/thumb/v7e-m/fpv4-sp/hard\libm.a(lib_a-s_sin.o)
 .ARM.attributes
                0x00000937       0x34 c:/program files (x86)/gnu tools arm embedded/7 2017-q4-major/bin/../lib/gcc/arm-none-eabi/7.2.1/../../../../arm-none-eabi/lib/thumb/v7e-m/fpv4-sp/hard\libm.a(lib_a-w_pow.o)
 .ARM.attributes
                0x0000096b       0x34 c:/program files (x86)/gnu tools arm embedded/7 2017-q4-major/bin/../lib/gcc/arm-none-eabi/7.2.1/../../../../arm-none-eabi/lib/thumb/v7e-m/fpv4-sp/hard\libm.a(lib_a-wf_atan2.o)
 .ARM.attributes