Component: ARM Compiler 5.06 update 6 (build 750) Tool: armlink [4d35ed]

==============================================================================

Section Cross References

    startup_stm32f407xx.o(RESET) refers to startup_stm32f407xx.o(STACK) for __initial_sp
    startup_stm32f407xx.o(RESET) refers to startup_stm32f407xx.o(.text) for Reset_Handler
    startup_stm32f407xx.o(RESET) refers to stm32f4xx_it.o(i.NMI_Handler) for NMI_Handler
    startup_stm32f407xx.o(RESET) refers to stm32f4xx_it.o(i.HardFault_Handler) for HardFault_Handler
    startup_stm32f407xx.o(RESET) refers to stm32f4xx_it.o(i.MemManage_Handler) for MemManage_Handler
    startup_stm32f407xx.o(RESET) refers to stm32f4xx_it.o(i.BusFault_Handler) for BusFault_Handler
    startup_stm32f407xx.o(RESET) refers to stm32f4xx_it.o(i.UsageFault_Handler) for UsageFault_Handler
    startup_stm32f407xx.o(RESET) refers to stm32f4xx_it.o(i.SVC_Handler) for SVC_Handler
    startup_stm32f407xx.o(RESET) refers to stm32f4xx_it.o(i.DebugMon_Handler) for DebugMon_Handler
    startup_stm32f407xx.o(RESET) refers to stm32f4xx_it.o(i.PendSV_Handler) for PendSV_Handler
    startup_stm32f407xx.o(RESET) refers to stm32f4xx_it.o(i.SysTick_Handler) for SysTick_Handler
    startup_stm32f407xx.o(RESET) refers to stm32f4xx_it.o(i.EXTI1_IRQHandler) for EXTI1_IRQHandler
    startup_stm32f407xx.o(RESET) refers to stm32f4xx_it.o(i.EXTI9_5_IRQHandler) for EXTI9_5_IRQHandler
    startup_stm32f407xx.o(RESET) refers to stm32f4xx_it.o(i.EXTI15_10_IRQHandler) for EXTI15_10_IRQHandler
    startup_stm32f407xx.o(.text) refers to system_stm32f4xx_1.o(i.SystemInit) for SystemInit
    startup_stm32f407xx.o(.text) refers to entry.o(.ARM.Collect$$$$00000000) for __main
    main.o(i.SystemClock_Config) refers to stm32f4xx_hal_rcc.o(i.HAL_RCC_OscConfig) for HAL_RCC_OscConfig
    main.o(i.SystemClock_Config) refers to stm32f4xx_hal_rcc.o(i.HAL_RCC_ClockConfig) for HAL_RCC_ClockConfig
    main.o(i.SystemClock_Config) refers to stm32f4xx_hal_rcc.o(i.HAL_RCC_GetHCLKFreq) for HAL_RCC_GetHCLKFreq
    main.o(i.SystemClock_Config) refers to stm32f4xx_hal_cortex.o(i.HAL_SYSTICK_Config) for HAL_SYSTICK_Config
    main.o(i.SystemClock_Config) refers to stm32f4xx_hal_cortex.o(i.HAL_SYSTICK_CLKSourceConfig) for HAL_SYSTICK_CLKSourceConfig
    main.o(i.SystemClock_Config) refers to stm32f4xx_hal_cortex.o(i.HAL_NVIC_SetPriority) for HAL_NVIC_SetPriority
    main.o(i.main) refers to stm32f4xx_hal.o(i.HAL_GetTick) for HAL_GetTick
    main.o(i.main) refers to pid.o(i.set_Gains_distance) for set_Gains_distance
    main.o(i.main) refers to stm32f4xx_hal.o(i.HAL_Init) for HAL_Init
    main.o(i.main) refers to main.o(i.SystemClock_Config) for SystemClock_Config
    main.o(i.main) refers to gpio.o(i.MX_GPIO_Init) for MX_GPIO_Init
    main.o(i.main) refers to adc.o(i.MX_ADC1_Init) for MX_ADC1_Init
    main.o(i.main) refers to tim.o(i.MX_TIM8_Init) for MX_TIM8_Init
    main.o(i.main) refers to usart.o(i.MX_USART1_UART_Init) for MX_USART1_UART_Init
    main.o(i.main) refers to usart.o(i.MX_USART3_UART_Init) for MX_USART3_UART_Init
    main.o(i.main) refers to robo_init.o(i.wheel_init) for wheel_init
    main.o(i.main) refers to encoder.o(i.init_encoder) for init_encoder
    main.o(i.main) refers to pid.o(i.set_OutputLimit) for set_OutputLimit
    main.o(i.main) refers to stm32f4xx_hal_tim.o(i.HAL_TIM_Base_Start) for HAL_TIM_Base_Start
    main.o(i.main) refers to stm32f4xx_hal_tim.o(i.HAL_TIM_PWM_Start) for HAL_TIM_PWM_Start
    main.o(i.main) refers to f2d.o(.text) for __aeabi_f2d
    main.o(i.main) refers to dmul.o(.text) for __aeabi_dmul
    main.o(i.main) refers to d2f.o(.text) for __aeabi_d2f
    main.o(i.main) refers to robot.o(i.goto_distance) for goto_distance
    main.o(i.main) refers to stm32f4xx_hal.o(i.HAL_Delay) for HAL_Delay
    main.o(i.main) refers to printfa.o(i.__0printf) for __2printf
    main.o(i.main) refers to drive.o(i.calculate_robot_velocity) for calculate_robot_velocity
    main.o(i.main) refers to encoder.o(i.calculate_robot_distance) for calculate_robot_distance
    main.o(i.main) refers to pid.o(.data) for update_tick
    main.o(i.main) refers to pid.o(.bss) for pid_dis_1
    main.o(i.main) refers to tim.o(.bss) for htim8
    main.o(i.main) refers to main.o(.data) for .data
    main.o(i.main) refers to drive.o(.bss) for velocity
    adc.o(i.HAL_ADC_MspDeInit) refers to stm32f4xx_hal_gpio.o(i.HAL_GPIO_DeInit) for HAL_GPIO_DeInit
    adc.o(i.HAL_ADC_MspInit) refers to stm32f4xx_hal_gpio.o(i.HAL_GPIO_Init) for HAL_GPIO_Init
    adc.o(i.MX_ADC1_Init) refers to stm32f4xx_hal_adc.o(i.HAL_ADC_Init) for HAL_ADC_Init
    adc.o(i.MX_ADC1_Init) refers to main.o(i._Error_Handler) for _Error_Handler
    adc.o(i.MX_ADC1_Init) refers to stm32f4xx_hal_adc.o(i.HAL_ADC_ConfigChannel) for HAL_ADC_ConfigChannel
    adc.o(i.MX_ADC1_Init) refers to adc.o(.bss) for .bss
    tim.o(i.HAL_TIM_Base_MspInit) refers to stm32f4xx_hal_cortex.o(i.HAL_NVIC_SetPriority) for HAL_NVIC_SetPriority
[...]
    Removing dneg.o(.text), (6 bytes).

454 unused section(s) (total 57066 bytes) removed from the image.

==============================================================================

Image Symbol Table

    Local Symbols

    Symbol Name                              Value     Ov Type        Size  Object(Section)

    ../Core/Src/adc.c                        0x00000000   Number         0  adc.o ABSOLUTE
    ../Core/Src/gpio.c                       0x00000000   Number         0  gpio.o ABSOLUTE
    ../Core/Src/main.c                       0x00000000   Number         0  main.o ABSOLUTE
    ../Core/Src/stm32f4xx_hal_msp.c          0x00000000   Number         0  stm32f4xx_hal_msp.o ABSOLUTE
    ../Core/Src/stm32f4xx_it.c               0x00000000   Number         0  stm32f4xx_it.o ABSOLUTE
    ../Core/Src/system_stm32f4xx.c           0x00000000   Number         0  system_stm32f4xx_1.o ABSOLUTE
    ../Core/Src/tim.c                        0x00000000   Number         0  tim.o ABSOLUTE
    ../Core/Src/usart.c                      0x00000000   Number         0  usart.o ABSOLUTE
    ../Drivers/STM32F4xx_HAL_Driver/Src/stm32f4xx_hal.c 0x00000000   Number         0  stm32f4xx_hal.o ABSOLUTE
    ../Drivers/STM32F4xx_HAL_Driver/Src/stm32f4xx_hal_adc.c 0x00000000   Number         0  stm32f4xx_hal_adc.o ABSOLUTE
    ../Drivers/STM32F4xx_HAL_Driver/Src/stm32f4xx_hal_adc_ex.c 0x00000000   Number         0  stm32f4xx_hal_adc_ex.o ABSOLUTE
    ../Drivers/STM32F4xx_HAL_Driver/Src/stm32f4xx_hal_cortex.c 0x00000000   Number         0  stm32f4xx_hal_cortex.o ABSOLUTE
    ../Drivers/STM32F4xx_HAL_Driver/Src/stm32f4xx_hal_dma.c 0x00000000   Number         0  stm32f4xx_hal_dma.o ABSOLUTE
    ../Drivers/STM32F4xx_HAL_Driver/Src/stm32f4xx_hal_dma_ex.c 0x00000000   Number         0  stm32f4xx_hal_dma_ex.o ABSOLUTE
    ../Drivers/STM32F4xx_HAL_Driver/Src/stm32f4xx_hal_flash.c 0x00000000   Number         0  stm32f4xx_hal_flash.o ABSOLUTE
    ../Drivers/STM32F4xx_HAL_Driver/Src/stm32f4xx_hal_flash_ex.c 0x00000000   Number         0  stm32f4xx_hal_flash_ex.o ABSOLUTE
    ../Drivers/STM32F4xx_HAL_Driver/Src/stm32f4xx_hal_flash_ramfunc.c 0x00000000   Number         0  stm32f4xx_hal_flash_ramfunc.o ABSOLUTE
    ../Drivers/STM32F4xx_HAL_Driver/Src/stm32f4xx_hal_gpio.c 0x00000000   Number         0  stm32f4xx_hal_gpio.o ABSOLUTE
    ../Drivers/STM32F4xx_HAL_Driver/Src/stm32f4xx_hal_pwr.c 0x00000000   Number         0  stm32f4xx_hal_pwr.o ABSOLUTE
    ../Drivers/STM32F4xx_HAL_Driver/Src/stm32f4xx_hal_pwr_ex.c 0x00000000   Number         0  stm32f4xx_hal_pwr_ex.o ABSOLUTE
    ../Drivers/STM32F4xx_HAL_Driver/Src/stm32f4xx_hal_rcc.c 0x00000000   Number         0  stm32f4xx_hal_rcc.o ABSOLUTE
    ../Drivers/STM32F4xx_HAL_Driver/Src/stm32f4xx_hal_rcc_ex.c 0x00000000   Number         0  stm32f4xx_hal_rcc_ex.o ABSOLUTE
    ../Drivers/STM32F4xx_HAL_Driver/Src/stm32f4xx_hal_tim.c 0x00000000   Number         0  stm32f4xx_hal_tim.o ABSOLUTE
    ../Drivers/STM32F4xx_HAL_Driver/Src/stm32f4xx_hal_tim_ex.c 0x00000000   Number         0  stm32f4xx_hal_tim_ex.o ABSOLUTE
    ../Drivers/STM32F4xx_HAL_Driver/Src/stm32f4xx_hal_uart.c 0x00000000   Number         0  stm32f4xx_hal_uart.o ABSOLUTE
    ../clib/../cmprslib/lz77c.c              0x00000000   Number         0  __dclz77c.o ABSOLUTE
    ../clib/microlib/division.c              0x00000000   Number         0  uidiv.o ABSOLUTE
    ../clib/microlib/division.c              0x00000000   Number         0  uldiv.o ABSOLUTE
    ../clib/microlib/errno.c                 0x00000000   Number         0  errno.o ABSOLUTE
    ../clib/microlib/init/entry.s            0x00000000   Number         0  entry7b.o ABSOLUTE
    ../clib/microlib/init/entry.s            0x00000000   Number         0  entry9b.o ABSOLUTE
    ../clib/microlib/init/entry.s            0x00000000   Number         0  entry8a.o ABSOLUTE
    ../clib/microlib/init/entry.s            0x00000000   Number         0  entry11b.o ABSOLUTE
    ../clib/microlib/init/entry.s            0x00000000   Number         0  entry9a.o ABSOLUTE
    ../clib/microlib/init/entry.s            0x00000000   Number         0  entry11a.o ABSOLUTE
    ../clib/microlib/init/entry.s            0x00000000   Number         0  entry10b.o ABSOLUTE
    ../clib/microlib/init/entry.s            0x00000000   Number         0  entry.o ABSOLUTE
    ../clib/microlib/init/entry.s            0x00000000   Number         0  entry10a.o ABSOLUTE
    ../clib/microlib/init/entry.s            0x00000000   Number         0  entry2.o ABSOLUTE
    ../clib/microlib/init/entry.s            0x00000000   Number         0  entry5.o ABSOLUTE
    ../clib/microlib/init/entry.s            0x00000000   Number         0  entry7a.o ABSOLUTE
    ../clib/microlib/init/entry.s            0x00000000   Number         0  entry8b.o ABSOLUTE
    ../clib/microlib/longlong.c              0x00000000   Number         0  llshl.o ABSOLUTE
    ../clib/microlib/longlong.c              0x00000000   Number         0  llsshr.o ABSOLUTE
    ../clib/microlib/longlong.c              0x00000000   Number         0  llushr.o ABSOLUTE
    ../clib/microlib/printf/printf.c         0x00000000   Number         0  printf6.o ABSOLUTE
    ../clib/microlib/printf/printf.c         0x00000000   Number         0  printf4.o ABSOLUTE
    ../clib/microlib/printf/printf.c         0x00000000   Number         0  printf3.o ABSOLUTE
    ../clib/microlib/printf/printf.c         0x00000000   Number         0  printf5.o ABSOLUTE
    ../clib/microlib/printf/printf.c         0x00000000   Number         0  printf2.o ABSOLUTE
    ../clib/microlib/printf/printf.c         0x00000000   Number         0  printf1.o ABSOLUTE
    ../clib/microlib/printf/printf.c         0x00000000   Number         0  printfb.o ABSOLUTE
    ../clib/microlib/printf/printf.c         0x00000000   Number         0  printf0.o ABSOLUTE
    ../clib/microlib/printf/printf.c         0x00000000   Number         0  printfa.o ABSOLUTE
    ../clib/microlib/printf/printf.c         0x00000000   Number         0  printf8.o ABSOLUTE
    ../clib/microlib/printf/printf.c         0x00000000   Number         0  printf7.o ABSOLUTE
    ../clib/microlib/printf/stubs.s          0x00000000   Number         0  stubs.o ABSOLUTE
    ../clib/microlib/stubs.s                 0x00000000   Number         0  iusefp.o ABSOLUTE
    ../fplib/microlib/d2f.c                  0x00000000   Number         0  d2f.o ABSOLUTE
    ../fplib/microlib/f2d.c                  0x00000000   Number         0  f2d.o ABSOLUTE
    ../fplib/microlib/fpadd.c                0x00000000   Number         0  dadd.o ABSOLUTE
    ../fplib/microlib/fpdiv.c                0x00000000   Number         0  ddiv.o ABSOLUTE
    ../fplib/microlib/fpepilogue.c           0x00000000   Number         0  depilogue.o ABSOLUTE
    ../fplib/microlib/fpepilogue.c           0x00000000   Number         0  fepilogue.o ABSOLUTE
    ../fplib/microlib/fpfix.c                0x00000000   Number         0  dfixul.o ABSOLUTE
    ../fplib/microlib/fpfix.c                0x00000000   Number         0  dfixi.o ABSOLUTE
    ../fplib/microlib/fpfix.c                0x00000000   Number         0  dfixui.o ABSOLUTE
    ../fplib/microlib/fpflt.c                0x00000000   Number         0  dflti.o ABSOLUTE
    ../fplib/microlib/fpflt.c                0x00000000   Number         0  dfltui.o ABSOLUTE
    ../fplib/microlib/fpmul.c                0x00000000   Number         0  dmul.o ABSOLUTE
    ../fplib/microlib/fpneg.c                0x00000000   Number         0  dneg.o ABSOLUTE
    ../fplib/microlib/fpscalb.c              0x00000000   Number         0  dscalb.o ABSOLUTE
    ../fplib/microlib/fpsqrt.c               0x00000000   Number         0  dsqrt.o ABSOLUTE
    ../mathlib/cos.c                         0x00000000   Number         0  cos_x.o ABSOLUTE
    ../mathlib/cos.c                         0x00000000   Number         0  cos.o ABSOLUTE
    ../mathlib/cos_i.c                       0x00000000   Number         0  cos_i.o ABSOLUTE
    ../mathlib/dunder.c                      0x00000000   Number         0  dunder.o ABSOLUTE
    ../mathlib/fabs.c                        0x00000000   Number         0  fabs.o ABSOLUTE
    ../mathlib/fpclassify.c                  0x00000000   Number         0  fpclassify.o ABSOLUTE
    ../mathlib/poly.c                        0x00000000   Number         0  poly.o ABSOLUTE
    ../mathlib/pow.c                         0x00000000   Number         0  pow_x.o ABSOLUTE
    ../mathlib/pow.c                         0x00000000   Number         0  pow.o ABSOLUTE
    ../mathlib/qnan.c                        0x00000000   Number         0  qnan.o ABSOLUTE
    ../mathlib/rred.c                        0x00000000   Number         0  rred.o ABSOLUTE
    ../mathlib/sin.c                         0x00000000   Number         0  sin_x.o ABSOLUTE
    ../mathlib/sin.c                         0x00000000   Number         0  sin.o ABSOLUTE
    ../mathlib/sin_i.c                       0x00000000   Number         0  sin_i.o ABSOLUTE
    ../mathlib/sin_i.c                       0x00000000   Number         0  sin_i_x.o ABSOLUTE
    ../mathlib/sqrt.c                        0x00000000   Number         0  sqrt_x.o ABSOLUTE
    ../mathlib/sqrt.c                        0x00000000   Number         0  sqrt.o ABSOLUTE
    ..\Core\Src\adc.c                        0x00000000   Number         0  adc.o ABSOLUTE
    ..\Core\Src\drive.c                      0x00000000   Number         0  drive.o ABSOLUTE
    ..\Core\Src\encoder.c                    0x00000000   Number         0  encoder.o ABSOLUTE
    ..\Core\Src\gpio.c                       0x00000000   Number         0  gpio.o ABSOLUTE
    ..\Core\Src\main.c                       0x00000000   Number         0  main.o ABSOLUTE
    ..\Core\Src\pid.c                        0x00000000   Number         0  pid.o ABSOLUTE
    ..\Core\Src\robo_init.c                  0x00000000   Number         0  robo_init.o ABSOLUTE
    ..\Core\Src\robot.c                      0x00000000   Number         0  robot.o ABSOLUTE
    ..\Core\Src\stm32f4xx_hal_msp.c          0x00000000   Number         0  stm32f4xx_hal_msp.o ABSOLUTE
    ..\Core\Src\stm32f4xx_it.c               0x00000000   Number         0  stm32f4xx_it.o ABSOLUTE
    ..\Core\Src\system_stm32f4xx.c           0x00000000   Number         0  system_stm32f4xx_1.o ABSOLUTE
    ..\Core\Src\tim.c                        0x00000000   Number         0  tim.o ABSOLUTE
    ..\Core\Src\usart.c                      0x00000000   Number         0  usart.o ABSOLUTE
    ..\Core\Src\wheel.c                      0x00000000   Number         0  wheel.o ABSOLUTE
    ..\Drivers\STM32F4xx_HAL_Driver\Src\stm32f4xx_hal.c 0x00000000   Number         0  stm32f4xx_hal.o ABSOLUTE
    ..\Drivers\STM32F4xx_HAL_Driver\Src\stm32f4xx_hal_adc.c 0x00000000   Number         0  stm32f4xx_hal_adc.o ABSOLUTE
    ..\Drivers\STM32F4xx_HAL_Driver\Src\stm32f4xx_hal_adc_ex.c 0x00000000   Number         0  stm32f4xx_hal_adc_ex.o ABSOLUTE
    ..\Drivers\STM32F4xx_HAL_Driver\Src\stm32f4xx_hal_cortex.c 0x00000000   Number         0  stm32f4xx_hal_cortex.o ABSOLUTE
    ..\Drivers\STM32F4xx_HAL_Driver\Src\stm32f4xx_hal_dma.c 0x00000000   Number         0  stm32f4xx_hal_dma.o ABSOLUTE
    ..\Drivers\STM32F4xx_HAL_Driver\Src\stm32f4xx_hal_dma_ex.c 0x00000000   Number         0  stm32f4xx_hal_dma_ex.o ABSOLUTE
    ..\Drivers\STM32F4xx_HAL_Driver\Src\stm32f4xx_hal_flash.c 0x00000000   Number         0  stm32f4xx_hal_flash.o ABSOLUTE
    ..\Drivers\STM32F4xx_HAL_Driver\Src\stm32f4xx_hal_flash_ex.c 0x00000000   Number         0  stm32f4xx_hal_flash_ex.o ABSOLUTE
    ..\Drivers\STM32F4xx_HAL_Driver\Src\stm32f4xx_hal_flash_ramfunc.c 0x00000000   Number         0  stm32f4xx_hal_flash_ramfunc.o ABSOLUTE
    ..\Drivers\STM32F4xx_HAL_Driver\Src\stm32f4xx_hal_gpio.c 0x00000000   Number         0  stm32f4xx_hal_gpio.o ABSOLUTE
    ..\Drivers\STM32F4xx_HAL_Driver\Src\stm32f4xx_hal_pwr.c 0x00000000   Number         0  stm32f4xx_hal_pwr.o ABSOLUTE
    ..\Drivers\STM32F4xx_HAL_Driver\Src\stm32f4xx_hal_pwr_ex.c 0x00000000   Number         0  stm32f4xx_hal_pwr_ex.o ABSOLUTE
    ..\Drivers\STM32F4xx_HAL_Driver\Src\stm32f4xx_hal_rcc.c 0x00000000   Number         0  stm32f4xx_hal_rcc.o ABSOLUTE
    ..\Drivers\STM32F4xx_HAL_Driver\Src\stm32f4xx_hal_rcc_ex.c 0x00000000   Number         0  stm32f4xx_hal_rcc_ex.o ABSOLUTE
    ..\Drivers\STM32F4xx_HAL_Driver\Src\stm32f4xx_hal_tim.c 0x00000000   Number         0  stm32f4xx_hal_tim.o ABSOLUTE
    ..\Drivers\STM32F4xx_HAL_Driver\Src\stm32f4xx_hal_tim_ex.c 0x00000000   Number         0  stm32f4xx_hal_tim_ex.o ABSOLUTE
    ..\Drivers\STM32F4xx_HAL_Driver\Src\stm32f4xx_hal_uart.c 0x00000000   Number         0  stm32f4xx_hal_uart.o ABSOLUTE
    ..\\Core\\Src\\drive.c                   0x00000000   Number         0  drive.o ABSOLUTE
    ..\\Core\\Src\\encoder.c                 0x00000000   Number         0  encoder.o ABSOLUTE
    ..\\Core\\Src\\pid.c                     0x00000000   Number         0  pid.o ABSOLUTE
    ..\\Core\\Src\\robo_init.c               0x00000000   Number         0  robo_init.o ABSOLUTE
    ..\\Core\\Src\\robot.c                   0x00000000   Number         0  robot.o ABSOLUTE
    ..\\Core\\Src\\wheel.c                   0x00000000   Number         0  wheel.o ABSOLUTE
    cdcmple.s                                0x00000000   Number         0  cdcmple.o ABSOLUTE
    cdrcmple.s                               0x00000000   Number         0  cdrcmple.o ABSOLUTE
    dc.s                                     0x00000000   Number         0  dc.o ABSOLUTE
    handlers.s                               0x00000000   Number         0  handlers.o ABSOLUTE
    init.s                                   0x00000000   Number         0  init.o ABSOLUTE
    startup_stm32f407xx.s                    0x00000000   Number         0  startup_stm32f407xx.o ABSOLUTE
    RESET                                    0x08000000   Section      392  startup_stm32f407xx.o(RESET)
    .ARM.Collect$$$$00000000                 0x08000188   Section        0  entry.o(.ARM.Collect$$$$00000000)
    .ARM.Collect$$$$00000001                 0x08000188   Section        4  entry2.o(.ARM.Collect$$$$00000001)
    .ARM.Collect$$$$00000004                 0x0800018c   Section        4  entry5.o(.ARM.Collect$$$$00000004)
    .ARM.Collect$$$$00000008                 0x08000190   Section        0  entry7b.o(.ARM.Collect$$$$00000008)
    .ARM.Collect$$$$0000000A                 0x08000190   Section        0  entry8b.o(.ARM.Collect$$$$0000000A)
    .ARM.Collect$$$$0000000B                 0x08000190   Section        8  entry9a.o(.ARM.Collect$$$$0000000B)
    .ARM.Collect$$$$0000000D                 0x08000198   Section        0  entry10a.o(.ARM.Collect$$$$0000000D)
    .ARM.Collect$$$$0000000F                 0x08000198   Section        0  entry11a.o(.ARM.Collect$$$$0000000F)
    .ARM.Collect$$$$00002712                 0x08000198   Section        4  entry2.o(.ARM.Collect$$$$00002712)
    __lit__00000000                          0x08000198   Data           4  entry2.o(.ARM.Collect$$$$00002712)
    .text                                    0x0800019c   Section       36  startup_stm32f407xx.o(.text)
    $v0                                      0x0800019c   Number         0  startup_stm32f407xx.o(.text)
    .text                                    0x080001c0   Section        0  uldiv.o(.text)
    .text                                    0x08000222   Section        0  dadd.o(.text)
    .text                                    0x08000370   Section        0  dmul.o(.text)
    .text                                    0x08000454   Section        0  ddiv.o(.text)
    .text                                    0x08000532   Section        0  dflti.o(.text)
    .text                                    0x08000554   Section        0  dfltui.o(.text)
    .text                                    0x0800056e   Section        0  dfixui.o(.text)
    .text                                    0x080005a0   Section        0  f2d.o(.text)
    .text                                    0x080005c8   Section       48  cdcmple.o(.text)
    .text                                    0x080005f8   Section       48  cdrcmple.o(.text)
    .text                                    0x08000628   Section        0  d2f.o(.text)
    .text                                    0x08000660   Section        0  uidiv.o(.text)
    .text                                    0x0800068c   Section        0  llshl.o(.text)
    .text                                    0x080006aa   Section        0  llushr.o(.text)
    .text                                    0x080006ca   Section        0  llsshr.o(.text)
    .text                                    0x080006ee   Section        0  iusefp.o(.text)
    .text                                    0x080006ee   Section        0  fepilogue.o(.text)
    .text                                    0x0800075c   Section        0  depilogue.o(.text)
    .text                                    0x08000816   Section        0  dscalb.o(.text)
    .text                                    0x08000844   Section        0  dfixul.o(.text)
    .text                                    0x08000874   Section       36  init.o(.text)
    .text                                    0x08000898   Section        0  dsqrt.o(.text)
    .text                                    0x0800093a   Section        0  dfixi.o(.text)
    .text                                    0x08000978   Section        0  __dclz77c.o(.text)
    i.ADC_Init                               0x080009d8   Section        0  stm32f4xx_hal_adc.o(i.ADC_Init)
    ADC_Init                                 0x080009d9   Thumb Code   304  stm32f4xx_hal_adc.o(i.ADC_Init)
    i.BusFault_Handler                       0x08000b4c   Section        0  stm32f4xx_it.o(i.BusFault_Handler)
    i.DebugMon_Handler                       0x08000b4e   Section        0  stm32f4xx_it.o(i.DebugMon_Handler)
    i.EXTI15_10_IRQHandler                   0x08000b50   Section        0  stm32f4xx_it.o(i.EXTI15_10_IRQHandler)
    i.EXTI1_IRQHandler                       0x08000b66   Section        0  stm32f4xx_it.o(i.EXTI1_IRQHandler)
    i.EXTI9_5_IRQHandler                     0x08000b6c   Section        0  stm32f4xx_it.o(i.EXTI9_5_IRQHandler)
    i.HAL_ADC_ConfigChannel                  0x08000b74   Section        0  stm32f4xx_hal_adc.o(i.HAL_ADC_ConfigChannel)
    i.HAL_ADC_Init                           0x08000d48   Section        0  stm32f4xx_hal_adc.o(i.HAL_ADC_Init)
    i.HAL_ADC_MspInit                        0x08000f64   Section        0  adc.o(i.HAL_ADC_MspInit)
    i.HAL_Delay                              0x08000fa8   Section        0  stm32f4xx_hal.o(i.HAL_Delay)
    i.HAL_GPIO_EXTI_Callback                 0x08000fcc   Section        0  encoder.o(i.HAL_GPIO_EXTI_Callback)
    i.HAL_GPIO_EXTI_IRQHandler               0x0800108c   Section        0  stm32f4xx_hal_gpio.o(i.HAL_GPIO_EXTI_IRQHandler)
    i.HAL_GPIO_Init                          0x080010a4   Section        0  stm32f4xx_hal_gpio.o(i.HAL_GPIO_Init)
    i.HAL_GPIO_ReadPin                       0x080013b0   Section        0  stm32f4xx_hal_gpio.o(i.HAL_GPIO_ReadPin)
    i.HAL_GPIO_WritePin                      0x08001408   Section        0  stm32f4xx_hal_gpio.o(i.HAL_GPIO_WritePin)
    i.HAL_GetTick                            0x08001474   Section        0  stm32f4xx_hal.o(i.HAL_GetTick)
    i.HAL_IncTick                            0x08001480   Section        0  stm32f4xx_hal.o(i.HAL_IncTick)
    i.HAL_Init                               0x08001490   Section        0  stm32f4xx_hal.o(i.HAL_Init)
    i.HAL_InitTick                           0x080014c4   Section        0  stm32f4xx_hal.o(i.HAL_InitTick)
    i.HAL_MspInit                            0x08001504   Section        0  stm32f4xx_hal_msp.o(i.HAL_MspInit)
    i.HAL_NVIC_EnableIRQ                     0x08001588   Section        0  stm32f4xx_hal_cortex.o(i.HAL_NVIC_EnableIRQ)
    i.HAL_NVIC_SetPriority                   0x080015e8   Section        0  stm32f4xx_hal_cortex.o(i.HAL_NVIC_SetPriority)
    i.HAL_NVIC_SetPriorityGrouping           0x08001688   Section        0  stm32f4xx_hal_cortex.o(i.HAL_NVIC_SetPriorityGrouping)
    i.HAL_RCC_ClockConfig                    0x08001708   Section        0  stm32f4xx_hal_rcc.o(i.HAL_RCC_ClockConfig)
    i.HAL_RCC_GetHCLKFreq                    0x08001950   Section        0  stm32f4xx_hal_rcc.o(i.HAL_RCC_GetHCLKFreq)
    i.HAL_RCC_GetPCLK1Freq                   0x0800195c   Section        0  stm32f4xx_hal_rcc.o(i.HAL_RCC_GetPCLK1Freq)
    i.HAL_RCC_GetPCLK2Freq                   0x0800197c   Section        0  stm32f4xx_hal_rcc.o(i.HAL_RCC_GetPCLK2Freq)
    i.HAL_RCC_GetSysClockFreq                0x0800199c   Section        0  stm32f4xx_hal_rcc.o(i.HAL_RCC_GetSysClockFreq)
    i.HAL_RCC_OscConfig                      0x080019fc   Section        0  stm32f4xx_hal_rcc.o(i.HAL_RCC_OscConfig)
    i.HAL_SYSTICK_CLKSourceConfig            0x08001e5c   Section        0  stm32f4xx_hal_cortex.o(i.HAL_SYSTICK_CLKSourceConfig)
    i.HAL_SYSTICK_Callback                   0x08001ec0   Section        0  stm32f4xx_hal_cortex.o(i.HAL_SYSTICK_Callback)
    i.HAL_SYSTICK_Config                     0x08001ec2   Section        0  stm32f4xx_hal_cortex.o(i.HAL_SYSTICK_Config)
    i.HAL_SYSTICK_IRQHandler                 0x08001eea   Section        0  stm32f4xx_hal_cortex.o(i.HAL_SYSTICK_IRQHandler)
    i.HAL_TIMEx_ConfigBreakDeadTime          0x08001ef4   Section        0  stm32f4xx_hal_tim_ex.o(i.HAL_TIMEx_ConfigBreakDeadTime)
    i.HAL_TIMEx_MasterConfigSynchronization  0x08002044   Section        0  stm32f4xx_hal_tim_ex.o(i.HAL_TIMEx_MasterConfigSynchronization)
    i.HAL_TIM_Base_Start                     0x08002168   Section        0  stm32f4xx_hal_tim.o(i.HAL_TIM_Base_Start)
    i.HAL_TIM_MspPostInit                    0x08002254   Section        0  tim.o(i.HAL_TIM_MspPostInit)
    i.HAL_TIM_PWM_ConfigChannel              0x08002288   Section        0  stm32f4xx_hal_tim.o(i.HAL_TIM_PWM_ConfigChannel)
    i.HAL_TIM_PWM_Init                       0x08002504   Section        0  stm32f4xx_hal_tim.o(i.HAL_TIM_PWM_Init)
    i.HAL_TIM_PWM_MspInit                    0x08002640   Section        0  tim.o(i.HAL_TIM_PWM_MspInit)
    i.HAL_TIM_PWM_Start                      0x0800267c   Section        0  stm32f4xx_hal_tim.o(i.HAL_TIM_PWM_Start)
    i.HAL_UART_Init                          0x080027dc   Section        0  stm32f4xx_hal_uart.o(i.HAL_UART_Init)
    i.HAL_UART_MspInit                       0x08002924   Section        0  usart.o(i.HAL_UART_MspInit)
    i.HardFault_Handler                      0x08002998   Section        0  stm32f4xx_it.o(i.HardFault_Handler)
    i.MX_ADC1_Init                           0x0800299c   Section        0  adc.o(i.MX_ADC1_Init)
    i.MX_GPIO_Init                           0x08002a10   Section        0  gpio.o(i.MX_GPIO_Init)
    i.MX_TIM8_Init                           0x08002be4   Section        0  tim.o(i.MX_TIM8_Init)
    i.MX_USART1_UART_Init                    0x08002cd4   Section        0  usart.o(i.MX_USART1_UART_Init)
    i.MX_USART3_UART_Init                    0x08002d24   Section        0  usart.o(i.MX_USART3_UART_Init)
    i.MemManage_Handler                      0x08002d74   Section        0  stm32f4xx_it.o(i.MemManage_Handler)
    i.NMI_Handler                            0x08002d76   Section        0  stm32f4xx_it.o(i.NMI_Handler)
    i.NVIC_SetPriority                       0x08002d78   Section        0  stm32f4xx_hal_cortex.o(i.NVIC_SetPriority)
    NVIC_SetPriority                         0x08002d79   Thumb Code    32  stm32f4xx_hal_cortex.o(i.NVIC_SetPriority)
    i.PendSV_Handler                         0x08002d98   Section        0  stm32f4xx_it.o(i.PendSV_Handler)
    i.SVC_Handler                            0x08002d9a   Section        0  stm32f4xx_it.o(i.SVC_Handler)
    i.SysTick_Handler                        0x08002d9c   Section        0  stm32f4xx_it.o(i.SysTick_Handler)
    i.SystemClock_Config                     0x08002dac   Section        0  main.o(i.SystemClock_Config)
    i.SystemInit                             0x08002e4c   Section        0  system_stm32f4xx_1.o(i.SystemInit)
    i.TIM_Base_SetConfig                     0x08002ea0   Section        0  stm32f4xx_hal_tim.o(i.TIM_Base_SetConfig)
    i.TIM_CCxChannelCmd                      0x08002f60   Section        0  stm32f4xx_hal_tim.o(i.TIM_CCxChannelCmd)
    i.TIM_OC1_SetConfig                      0x08003050   Section        0  stm32f4xx_hal_tim.o(i.TIM_OC1_SetConfig)
    TIM_OC1_SetConfig                        0x08003051   Thumb Code    80  stm32f4xx_hal_tim.o(i.TIM_OC1_SetConfig)
    i.TIM_OC2_SetConfig                      0x080030a8   Section        0  stm32f4xx_hal_tim.o(i.TIM_OC2_SetConfig)
    i.TIM_OC3_SetConfig                      0x08003160   Section        0  stm32f4xx_hal_tim.o(i.TIM_OC3_SetConfig)
    TIM_OC3_SetConfig                        0x08003161   Thumb Code   158  stm32f4xx_hal_tim.o(i.TIM_OC3_SetConfig)
    i.TIM_OC4_SetConfig                      0x08003240   Section        0  stm32f4xx_hal_tim.o(i.TIM_OC4_SetConfig)
    TIM_OC4_SetConfig                        0x08003241   Thumb Code   100  stm32f4xx_hal_tim.o(i.TIM_OC4_SetConfig)
    i.UART_SetConfig                         0x080032e4   Section        0  stm32f4xx_hal_uart.o(i.UART_SetConfig)
    UART_SetConfig                           0x080032e5   Thumb Code   762  stm32f4xx_hal_uart.o(i.UART_SetConfig)
    i.UsageFault_Handler                     0x08003628   Section        0  stm32f4xx_it.o(i.UsageFault_Handler)
    i._Error_Handler                         0x0800362a   Section        0  main.o(i._Error_Handler)
    i.__0printf                              0x0800362c   Section        0  printfa.o(i.__0printf)
    i.__ARM_fpclassify                       0x0800364c   Section        0  fpclassify.o(i.__ARM_fpclassify)
    i.__hardfp_cos                           0x08003680   Section        0  cos.o(i.__hardfp_cos)
    i.__hardfp_pow                           0x08003748   Section        0  pow.o(i.__hardfp_pow)
    i.__hardfp_sin                           0x08004398   Section        0  sin.o(i.__hardfp_sin)
    i.__ieee754_rem_pio2                     0x08004460   Section        0  rred.o(i.__ieee754_rem_pio2)
    i.__kernel_cos                           0x08004898   Section        0  cos_i.o(i.__kernel_cos)
    i.__kernel_poly                          0x08004a08   Section        0  poly.o(i.__kernel_poly)
    i.__kernel_sin                           0x08004b00   Section        0  sin_i.o(i.__kernel_sin)
    i.__mathlib_dbl_divzero                  0x08004c30   Section        0  dunder.o(i.__mathlib_dbl_divzero)
    i.__mathlib_dbl_infnan                   0x08004c60   Section        0  dunder.o(i.__mathlib_dbl_infnan)
    i.__mathlib_dbl_infnan2                  0x08004c74   Section        0  dunder.o(i.__mathlib_dbl_infnan2)
    i.__mathlib_dbl_invalid                  0x08004c88   Section        0  dunder.o(i.__mathlib_dbl_invalid)
    i.__mathlib_dbl_overflow                 0x08004ca8   Section        0  dunder.o(i.__mathlib_dbl_overflow)
    i.__mathlib_dbl_underflow                0x08004cc8   Section        0  dunder.o(i.__mathlib_dbl_underflow)
    i.__scatterload_copy                     0x08004ce8   Section       14  handlers.o(i.__scatterload_copy)
    i.__scatterload_null                     0x08004cf6   Section        2  handlers.o(i.__scatterload_null)
    i.__scatterload_zeroinit                 0x08004cf8   Section       14  handlers.o(i.__scatterload_zeroinit)
    i.__set_errno                            0x08004d08   Section        0  errno.o(i.__set_errno)
    i._fp_digits                             0x08004d14   Section        0  printfa.o(i._fp_digits)
    _fp_digits                               0x08004d15   Thumb Code   366  printfa.o(i._fp_digits)
    i._printf_core                           0x08004e98   Section        0  printfa.o(i._printf_core)
    _printf_core                             0x08004e99   Thumb Code  1744  printfa.o(i._printf_core)
    i._printf_post_padding                   0x08005574   Section        0  printfa.o(i._printf_post_padding)
    _printf_post_padding                     0x08005575   Thumb Code    36  printfa.o(i._printf_post_padding)
    i._printf_pre_padding                    0x08005598   Section        0  printfa.o(i._printf_pre_padding)
    _printf_pre_padding                      0x08005599   Thumb Code    46  printfa.o(i._printf_pre_padding)
    i.assert_failed                          0x080055c6   Section        0  main.o(i.assert_failed)
    i.calculate_encoder_distance             0x080055c8   Section        0  encoder.o(i.calculate_encoder_distance)
    i.calculate_robot_distance               0x08005614   Section        0  encoder.o(i.calculate_robot_distance)
    i.calculate_robot_velocity               0x080057e0   Section        0  drive.o(i.calculate_robot_velocity)
    i.fabs                                   0x080058c4   Section        0  fabs.o(i.fabs)
    i.float_abs                              0x080058dc   Section        0  wheel.o(i.float_abs)
    i.fputc                                  0x08005920   Section        0  main.o(i.fputc)
    i.goto_distance                          0x08005948   Section        0  robot.o(i.goto_distance)
    i.init_encoder                           0x08005c14   Section        0  encoder.o(i.init_encoder)
    i.main                                   0x08005c28   Section        0  main.o(i.main)
    i.ramp                                   0x08005e04   Section        0  drive.o(i.ramp)
    i.set_Direction                          0x08005ef8   Section        0  wheel.o(i.set_Direction)
    i.set_DutyCycle                          0x08005f30   Section        0  wheel.o(i.set_DutyCycle)
    i.set_DutyCycle_Primary                  0x08005f3c   Section        0  wheel.o(i.set_DutyCycle_Primary)
    i.set_Gains_distance                     0x08005f64   Section        0  pid.o(i.set_Gains_distance)
    i.set_OutputLimit                        0x08005f78   Section        0  pid.o(i.set_OutputLimit)
    i.set_ocr                                0x08005f84   Section        0  wheel.o(i.set_ocr)
    i.sqrt                                   0x0800601c   Section        0  sqrt.o(i.sqrt)
    i.time_period                            0x0800608c   Section        0  wheel.o(i.time_period)
    i.wheel_init                             0x080060c4   Section        0  robo_init.o(i.wheel_init)
    .constdata                               0x08006160   Section       48  drive.o(.constdata)
    .constdata                               0x08006190   Section       16  system_stm32f4xx_1.o(.constdata)
    .constdata                               0x080061a0   Section        8  system_stm32f4xx_1.o(.constdata)
    .constdata                               0x080061a8   Section      136  pow.o(.constdata)
    bp                                       0x080061a8   Data          16  pow.o(.constdata)
    dp_h                                     0x080061b8   Data          16  pow.o(.constdata)
    dp_l                                     0x080061c8   Data          16  pow.o(.constdata)
    L                                        0x080061d8   Data          48  pow.o(.constdata)
    P                                        0x08006208   Data          40  pow.o(.constdata)
    .constdata                               0x08006230   Section       48  cos_i.o(.constdata)
    C                                        0x08006230   Data          48  cos_i.o(.constdata)
    .constdata                               0x08006260   Section        8  qnan.o(.constdata)
    .constdata                               0x08006268   Section      200  rred.o(.constdata)
    pio2s                                    0x08006268   Data          48  rred.o(.constdata)
    twooverpi                                0x08006298   Data         152  rred.o(.constdata)
    .constdata                               0x08006330   Section       40  sin_i.o(.constdata)
    S                                        0x08006330   Data          40  sin_i.o(.constdata)
    .data                                    0x20000000   Section     3680  main.o(.data)
    .data                                    0x20000e60   Section        4  main.o(.data)
    .data                                    0x20000e68   Section       56  robot.o(.data)
    .data                                    0x20000ea0   Section       28  encoder.o(.data)
    d13                                      0x20000eb4   Data           4  encoder.o(.data)
    d24                                      0x20000eb8   Data           4  encoder.o(.data)
    .data                                    0x20000ebc   Section       48  pid.o(.data)
    .data                                    0x20000eec   Section       12  stm32f4xx_hal.o(.data)
    .data                                    0x20000ef8   Section        4  system_stm32f4xx_1.o(.data)
    .data                                    0x20000efc   Section        4  errno.o(.data)
    _errno                                   0x20000efc   Data           4  errno.o(.data)
    .bss                                     0x20000f00   Section       72  adc.o(.bss)
    .bss                                     0x20000f48   Section      120  tim.o(.bss)
    .bss                                     0x20000fc0   Section      128  usart.o(.bss)
    .bss                                     0x20001040   Section      192  robo_init.o(.bss)
    .bss                                     0x20001100   Section       32  encoder.o(.bss)
    .bss                                     0x20001120   Section       12  drive.o(.bss)
    .bss                                     0x20001130   Section      432  pid.o(.bss)
    STACK                                    0x200012e0   Section     1024  startup_stm32f407xx.o(STACK)

    Global Symbols

    Symbol Name                              Value     Ov Type        Size  Object(Section)

    BuildAttributes$$THM_ISAv4$E$P$D$K$B$S$7EM$VFPi3$EXTD16$VFPS$VFMA$PE$A:L22UL41UL21$X:L11$S22US41US21$IEEE1$IW$USESV6$~STKCKD$USESV7$~SHL$OTIME$ROPI$IEEEX$EBA8$MICROLIB$REQ8$PRES8$EABIv2 0x00000000   Number         0  anon$$obj.o ABSOLUTE
    __ARM_use_no_argv                        0x00000000   Number         0  main.o ABSOLUTE
    _printf_a                                0x00000000   Number         0  stubs.o ABSOLUTE
    _printf_c                                0x00000000   Number         0  stubs.o ABSOLUTE
    _printf_charcount                        0x00000000   Number         0  stubs.o ABSOLUTE
    _printf_d                                0x00000000   Number         0  stubs.o ABSOLUTE
    _printf_e                                0x00000000   Number         0  stubs.o ABSOLUTE
    _printf_f                                0x00000000   Number         0  stubs.o ABSOLUTE
    _printf_flags                            0x00000000   Number         0  stubs.o ABSOLUTE
    _printf_fp_dec                           0x00000000   Number         0  stubs.o ABSOLUTE
    _printf_fp_hex                           0x00000000   Number         0  stubs.o ABSOLUTE
    _printf_g                                0x00000000   Number         0  stubs.o ABSOLUTE
    _printf_i                                0x00000000   Number         0  stubs.o ABSOLUTE
    _printf_int_dec                          0x00000000   Number         0  stubs.o ABSOLUTE
    _printf_l                                0x00000000   Number         0  stubs.o ABSOLUTE
    _printf_lc                               0x00000000   Number         0  stubs.o ABSOLUTE
    _printf_ll                               0x00000000   Number         0  stubs.o ABSOLUTE
    _printf_lld                              0x00000000   Number         0  stubs.o ABSOLUTE
    _printf_lli                              0x00000000   Number         0  stubs.o ABSOLUTE
    _printf_llo                              0x00000000   Number         0  stubs.o ABSOLUTE
    _printf_llu                              0x00000000   Number         0  stubs.o ABSOLUTE
    _printf_llx                              0x00000000   Number         0  stubs.o ABSOLUTE
    _printf_longlong_dec                     0x00000000   Number         0  stubs.o ABSOLUTE
    _printf_longlong_hex                     0x00000000   Number         0  stubs.o ABSOLUTE
    _printf_longlong_oct                     0x00000000   Number         0  stubs.o ABSOLUTE
    _printf_ls                               0x00000000   Number         0  stubs.o ABSOLUTE
    _printf_mbtowc                           0x00000000   Number         0  stubs.o ABSOLUTE
    _printf_n                                0x00000000   Number         0  stubs.o ABSOLUTE
    _printf_o                                0x00000000   Number         0  stubs.o ABSOLUTE
    _printf_p                                0x00000000   Number         0  stubs.o ABSOLUTE
    _printf_percent                          0x00000000   Number         0  stubs.o ABSOLUTE
    _printf_pre_padding                      0x00000000   Number         0  stubs.o ABSOLUTE
    _printf_return_value                     0x00000000   Number         0  stubs.o ABSOLUTE
    _printf_s                                0x00000000   Number         0  stubs.o ABSOLUTE
    _printf_sizespec                         0x00000000   Number         0  stubs.o ABSOLUTE
    _printf_str                              0x00000000   Number         0  stubs.o ABSOLUTE
    _printf_truncate_signed                  0x00000000   Number         0  stubs.o ABSOLUTE
    _printf_truncate_unsigned                0x00000000   Number         0  stubs.o ABSOLUTE
    _printf_u                                0x00000000   Number         0  stubs.o ABSOLUTE
    _printf_wc                               0x00000000   Number         0  stubs.o ABSOLUTE
    _printf_wctomb                           0x00000000   Number         0  stubs.o ABSOLUTE
    _printf_widthprec                        0x00000000   Number         0  stubs.o ABSOLUTE
    _printf_x                                0x00000000   Number         0  stubs.o ABSOLUTE
    __cpp_initialize__aeabi_                  - Undefined Weak Reference
    __cxa_finalize                            - Undefined Weak Reference
    _clock_init                               - Undefined Weak Reference
    _microlib_exit                            - Undefined Weak Reference
    __Vectors_Size                           0x00000188   Number         0  startup_stm32f407xx.o ABSOLUTE
    __Vectors                                0x08000000   Data           4  startup_stm32f407xx.o(RESET)
    __Vectors_End                            0x08000188   Data           0  startup_stm32f407xx.o(RESET)
    __main                                   0x08000189   Thumb Code     0  entry.o(.ARM.Collect$$$$00000000)
    _main_stk                                0x08000189   Thumb Code     0  entry2.o(.ARM.Collect$$$$00000001)
    _main_scatterload                        0x0800018d   Thumb Code     0  entry5.o(.ARM.Collect$$$$00000004)
    __main_after_scatterload                 0x08000191   Thumb Code     0  entry5.o(.ARM.Collect$$$$00000004)
    _main_clock                              0x08000191   Thumb Code     0  entry7b.o(.ARM.Collect$$$$00000008)
    _main_cpp_init                           0x08000191   Thumb Code     0  entry8b.o(.ARM.Collect$$$$0000000A)
    _main_init                               0x08000191   Thumb Code     0  entry9a.o(.ARM.Collect$$$$0000000B)
    __rt_final_cpp                           0x08000199   Thumb Code     0  entry10a.o(.ARM.Collect$$$$0000000D)
    __rt_final_exit                          0x08000199   Thumb Code     0  entry11a.o(.ARM.Collect$$$$0000000F)
    Reset_Handler                            0x0800019d   Thumb Code     8  startup_stm32f407xx.o(.text)
    ADC_IRQHandler                           0x080001b7   Thumb Code     0  startup_stm32f407xx.o(.text)
    CAN1_RX0_IRQHandler                      0x080001b7   Thumb Code     0  startup_stm32f407xx.o(.text)
    CAN1_RX1_IRQHandler                      0x080001b7   Thumb Code     0  startup_stm32f407xx.o(.text)
    CAN1_SCE_IRQHandler                      0x080001b7   Thumb Code     0  startup_stm32f407xx.o(.text)
    CAN1_TX_IRQHandler                       0x080001b7   Thumb Code     0  startup_stm32f407xx.o(.text)
    CAN2_RX0_IRQHandler                      0x080001b7   Thumb Code     0  startup_stm32f407xx.o(.text)
    CAN2_RX1_IRQHandler                      0x080001b7   Thumb Code     0  startup_stm32f407xx.o(.text)
    CAN2_SCE_IRQHandler                      0x080001b7   Thumb Code     0  startup_stm32f407xx.o(.text)
    CAN2_TX_IRQHandler                       0x080001b7   Thumb Code     0  startup_stm32f407xx.o(.text)
    DCMI_IRQHandler                          0x080001b7   Thumb Code     0  startup_stm32f407xx.o(.text)
    DMA1_Stream0_IRQHandler                  0x080001b7   Thumb Code     0  startup_stm32f407xx.o(.text)
    DMA1_Stream1_IRQHandler                  0x080001b7   Thumb Code     0  startup_stm32f407xx.o(.text)
    DMA1_Stream2_IRQHandler                  0x080001b7   Thumb Code     0  startup_stm32f407xx.o(.text)
    DMA1_Stream3_IRQHandler                  0x080001b7   Thumb Code     0  startup_stm32f407xx.o(.text)
    DMA1_Stream4_IRQHandler                  0x080001b7   Thumb Code     0  startup_stm32f407xx.o(.text)
    DMA1_Stream5_IRQHandler                  0x080001b7   Thumb Code     0  startup_stm32f407xx.o(.text)
    DMA1_Stream6_IRQHandler                  0x080001b7   Thumb Code     0  startup_stm32f407xx.o(.text)
    DMA1_Stream7_IRQHandler                  0x080001b7   Thumb Code     0  startup_stm32f407xx.o(.text)
    DMA2_Stream0_IRQHandler                  0x080001b7   Thumb Code     0  startup_stm32f407xx.o(.text)
    DMA2_Stream1_IRQHandler                  0x080001b7   Thumb Code     0  startup_stm32f407xx.o(.text)
    DMA2_Stream2_IRQHandler                  0x080001b7   Thumb Code     0  startup_stm32f407xx.o(.text)
    DMA2_Stream3_IRQHandler                  0x080001b7   Thumb Code     0  startup_stm32f407xx.o(.text)
    DMA2_Stream4_IRQHandler                  0x080001b7   Thumb Code     0  startup_stm32f407xx.o(.text)
    DMA2_Stream5_IRQHandler                  0x080001b7   Thumb Code     0  startup_stm32f407xx.o(.text)
    DMA2_Stream6_IRQHandler                  0x080001b7   Thumb Code     0  startup_stm32f407xx.o(.text)
    DMA2_Stream7_IRQHandler                  0x080001b7   Thumb Code     0  startup_stm32f407xx.o(.text)
    ETH_IRQHandler                           0x080001b7   Thumb Code     0  startup_stm32f407xx.o(.text)
    ETH_WKUP_IRQHandler                      0x080001b7   Thumb Code     0  startup_stm32f407xx.o(.text)
    EXTI0_IRQHandler                         0x080001b7   Thumb Code     0  startup_stm32f407xx.o(.text)
    EXTI2_IRQHandler                         0x080001b7   Thumb Code     0  startup_stm32f407xx.o(.text)
    EXTI3_IRQHandler                         0x080001b7   Thumb Code     0  startup_stm32f407xx.o(.text)
    EXTI4_IRQHandler                         0x080001b7   Thumb Code     0  startup_stm32f407xx.o(.text)
    FLASH_IRQHandler                         0x080001b7   Thumb Code     0  startup_stm32f407xx.o(.text)
    FMC_IRQHandler                           0x080001b7   Thumb Code     0  startup_stm32f407xx.o(.text)
    FPU_IRQHandler                           0x080001b7   Thumb Code     0  startup_stm32f407xx.o(.text)
    HASH_RNG_IRQHandler                      0x080001b7   Thumb Code     0  startup_stm32f407xx.o(.text)
    I2C1_ER_IRQHandler                       0x080001b7   Thumb Code     0  startup_stm32f407xx.o(.text)
    I2C1_EV_IRQHandler                       0x080001b7   Thumb Code     0  startup_stm32f407xx.o(.text)
    I2C2_ER_IRQHandler                       0x080001b7   Thumb Code     0  startup_stm32f407xx.o(.text)
    I2C2_EV_IRQHandler                       0x080001b7   Thumb Code     0  startup_stm32f407xx.o(.text)
    I2C3_ER_IRQHandler                       0x080001b7   Thumb Code     0  startup_stm32f407xx.o(.text)
    I2C3_EV_IRQHandler                       0x080001b7   Thumb Code     0  startup_stm32f407xx.o(.text)
    OTG_FS_IRQHandler                        0x080001b7   Thumb Code     0  startup_stm32f407xx.o(.text)
    OTG_FS_WKUP_IRQHandler                   0x080001b7   Thumb Code     0  startup_stm32f407xx.o(.text)
    OTG_HS_EP1_IN_IRQHandler                 0x080001b7   Thumb Code     0  startup_stm32f407xx.o(.text)
    OTG_HS_EP1_OUT_IRQHandler                0x080001b7   Thumb Code     0  startup_stm32f407xx.o(.text)
    OTG_HS_IRQHandler                        0x080001b7   Thumb Code     0  startup_stm32f407xx.o(.text)
    OTG_HS_WKUP_IRQHandler                   0x080001b7   Thumb Code     0  startup_stm32f407xx.o(.text)
    PVD_IRQHandler                           0x080001b7   Thumb Code     0  startup_stm32f407xx.o(.text)
    RCC_IRQHandler                           0x080001b7   Thumb Code     0  startup_stm32f407xx.o(.text)
    RTC_Alarm_IRQHandler                     0x080001b7   Thumb Code     0  startup_stm32f407xx.o(.text)
    RTC_WKUP_IRQHandler                      0x080001b7   Thumb Code     0  startup_stm32f407xx.o(.text)
    SDIO_IRQHandler                          0x080001b7   Thumb Code     0  startup_stm32f407xx.o(.text)
    SPI1_IRQHandler                          0x080001b7   Thumb Code     0  startup_stm32f407xx.o(.text)
    SPI2_IRQHandler                          0x080001b7   Thumb Code     0  startup_stm32f407xx.o(.text)
    SPI3_IRQHandler                          0x080001b7   Thumb Code     0  startup_stm32f407xx.o(.text)
    TAMP_STAMP_IRQHandler                    0x080001b7   Thumb Code     0  startup_stm32f407xx.o(.text)
    TIM1_BRK_TIM9_IRQHandler                 0x080001b7   Thumb Code     0  startup_stm32f407xx.o(.text)
    TIM1_CC_IRQHandler                       0x080001b7   Thumb Code     0  startup_stm32f407xx.o(.text)
    TIM1_TRG_COM_TIM11_IRQHandler            0x080001b7   Thumb Code     0  startup_stm32f407xx.o(.text)
    TIM1_UP_TIM10_IRQHandler                 0x080001b7   Thumb Code     0  startup_stm32f407xx.o(.text)
    TIM2_IRQHandler                          0x080001b7   Thumb Code     0  startup_stm32f407xx.o(.text)
    TIM3_IRQHandler                          0x080001b7   Thumb Code     0  startup_stm32f407xx.o(.text)
    TIM4_IRQHandler                          0x080001b7   Thumb Code     0  startup_stm32f407xx.o(.text)
    TIM5_IRQHandler                          0x080001b7   Thumb Code     0  startup_stm32f407xx.o(.text)
    TIM6_DAC_IRQHandler                      0x080001b7   Thumb Code     0  startup_stm32f407xx.o(.text)
    TIM7_IRQHandler                          0x080001b7   Thumb Code     0  startup_stm32f407xx.o(.text)
    TIM8_BRK_TIM12_IRQHandler                0x080001b7   Thumb Code     0  startup_stm32f407xx.o(.text)
    TIM8_CC_IRQHandler                       0x080001b7   Thumb Code     0  startup_stm32f407xx.o(.text)
    TIM8_TRG_COM_TIM14_IRQHandler            0x080001b7   Thumb Code     0  startup_stm32f407xx.o(.text)
    TIM8_UP_TIM13_IRQHandler                 0x080001b7   Thumb Code     0  startup_stm32f407xx.o(.text)
    UART4_IRQHandler                         0x080001b7   Thumb Code     0  startup_stm32f407xx.o(.text)
    UART5_IRQHandler                         0x080001b7   Thumb Code     0  startup_stm32f407xx.o(.text)
    USART1_IRQHandler                        0x080001b7   Thumb Code     0  startup_stm32f407xx.o(.text)
    USART2_IRQHandler                        0x080001b7   Thumb Code     0  startup_stm32f407xx.o(.text)
    USART3_IRQHandler                        0x080001b7   Thumb Code     0  startup_stm32f407xx.o(.text)
    USART6_IRQHandler                        0x080001b7   Thumb Code     0  startup_stm32f407xx.o(.text)
    WWDG_IRQHandler                          0x080001b7   Thumb Code     0  startup_stm32f407xx.o(.text)
    __aeabi_uldivmod                         0x080001c1   Thumb Code    98  uldiv.o(.text)
    __aeabi_dadd                             0x08000223   Thumb Code   322  dadd.o(.text)
    __aeabi_dsub                             0x08000365   Thumb Code     6  dadd.o(.text)
    __aeabi_drsub                            0x0800036b   Thumb Code     6  dadd.o(.text)
    __aeabi_dmul                             0x08000371   Thumb Code   228  dmul.o(.text)
    __aeabi_ddiv                             0x08000455   Thumb Code   222  ddiv.o(.text)
    __aeabi_i2d                              0x08000533   Thumb Code    34  dflti.o(.text)
    __aeabi_ui2d                             0x08000555   Thumb Code    26  dfltui.o(.text)
    __aeabi_d2uiz                            0x0800056f   Thumb Code    50  dfixui.o(.text)
    __aeabi_f2d                              0x080005a1   Thumb Code    38  f2d.o(.text)
    __aeabi_cdcmpeq                          0x080005c9   Thumb Code     0  cdcmple.o(.text)
    __aeabi_cdcmple                          0x080005c9   Thumb Code    48  cdcmple.o(.text)
    __aeabi_cdrcmple                         0x080005f9   Thumb Code    48  cdrcmple.o(.text)
    __aeabi_d2f                              0x08000629   Thumb Code    56  d2f.o(.text)
    __aeabi_uidiv                            0x08000661   Thumb Code     0  uidiv.o(.text)
    __aeabi_uidivmod                         0x08000661   Thumb Code    44  uidiv.o(.text)
    __aeabi_llsl                             0x0800068d   Thumb Code    30  llshl.o(.text)
    _ll_shift_l                              0x0800068d   Thumb Code     0  llshl.o(.text)
    __aeabi_llsr                             0x080006ab   Thumb Code    32  llushr.o(.text)
    _ll_ushift_r                             0x080006ab   Thumb Code     0  llushr.o(.text)
    __aeabi_lasr                             0x080006cb   Thumb Code    36  llsshr.o(.text)
    _ll_sshift_r                             0x080006cb   Thumb Code     0  llsshr.o(.text)
    __I$use$fp                               0x080006ef   Thumb Code     0  iusefp.o(.text)
    _float_round                             0x080006ef   Thumb Code    18  fepilogue.o(.text)
    _float_epilogue                          0x08000701   Thumb Code    92  fepilogue.o(.text)
    _double_round                            0x0800075d   Thumb Code    30  depilogue.o(.text)
    _double_epilogue                         0x0800077b   Thumb Code   156  depilogue.o(.text)
    __ARM_scalbn                             0x08000817   Thumb Code    46  dscalb.o(.text)
    scalbn                                   0x08000817   Thumb Code     0  dscalb.o(.text)
    __aeabi_d2ulz                            0x08000845   Thumb Code    48  dfixul.o(.text)
    __scatterload                            0x08000875   Thumb Code    28  init.o(.text)
    __scatterload_rt2                        0x08000875   Thumb Code     0  init.o(.text)
    _dsqrt                                   0x08000899   Thumb Code   162  dsqrt.o(.text)
    __aeabi_d2iz                             0x0800093b   Thumb Code    62  dfixi.o(.text)
    __decompress                             0x08000979   Thumb Code     0  __dclz77c.o(.text)
    __decompress2                            0x08000979   Thumb Code    94  __dclz77c.o(.text)
    BusFault_Handler                         0x08000b4d   Thumb Code     2  stm32f4xx_it.o(i.BusFault_Handler)
    DebugMon_Handler                         0x08000b4f   Thumb Code     2  stm32f4xx_it.o(i.DebugMon_Handler)
    EXTI15_10_IRQHandler                     0x08000b51   Thumb Code    22  stm32f4xx_it.o(i.EXTI15_10_IRQHandler)
    EXTI1_IRQHandler                         0x08000b67   Thumb Code     6  stm32f4xx_it.o(i.EXTI1_IRQHandler)
    EXTI9_5_IRQHandler                       0x08000b6d   Thumb Code     6  stm32f4xx_it.o(i.EXTI9_5_IRQHandler)
    HAL_ADC_ConfigChannel                    0x08000b75   Thumb Code   396  stm32f4xx_hal_adc.o(i.HAL_ADC_ConfigChannel)
    HAL_ADC_Init                             0x08000d49   Thumb Code   466  stm32f4xx_hal_adc.o(i.HAL_ADC_Init)
    HAL_ADC_MspInit                          0x08000f65   Thumb Code    54  adc.o(i.HAL_ADC_MspInit)
    HAL_Delay                                0x08000fa9   Thumb Code    32  stm32f4xx_hal.o(i.HAL_Delay)
    HAL_GPIO_EXTI_Callback                   0x08000fcd   Thumb Code   172  encoder.o(i.HAL_GPIO_EXTI_Callback)
    HAL_GPIO_EXTI_IRQHandler                 0x0800108d   Thumb Code    18  stm32f4xx_hal_gpio.o(i.HAL_GPIO_EXTI_IRQHandler)
    HAL_GPIO_Init                            0x080010a5   Thumb Code   646  stm32f4xx_hal_gpio.o(i.HAL_GPIO_Init)
    HAL_GPIO_ReadPin                         0x080013b1   Thumb Code    28  stm32f4xx_hal_gpio.o(i.HAL_GPIO_ReadPin)
    HAL_GPIO_WritePin                        0x08001409   Thumb Code    46  stm32f4xx_hal_gpio.o(i.HAL_GPIO_WritePin)
    HAL_GetTick                              0x08001475   Thumb Code     6  stm32f4xx_hal.o(i.HAL_GetTick)
    HAL_IncTick                              0x08001481   Thumb Code    12  stm32f4xx_hal.o(i.HAL_IncTick)
    HAL_Init                                 0x08001491   Thumb Code    48  stm32f4xx_hal.o(i.HAL_Init)
    HAL_InitTick                             0x080014c5   Thumb Code    54  stm32f4xx_hal.o(i.HAL_InitTick)
    HAL_MspInit                              0x08001505   Thumb Code   126  stm32f4xx_hal_msp.o(i.HAL_MspInit)
    HAL_NVIC_EnableIRQ                       0x08001589   Thumb Code    36  stm32f4xx_hal_cortex.o(i.HAL_NVIC_EnableIRQ)
    HAL_NVIC_SetPriority                     0x080015e9   Thumb Code    94  stm32f4xx_hal_cortex.o(i.HAL_NVIC_SetPriority)
    HAL_NVIC_SetPriorityGrouping             0x08001689   Thumb Code    58  stm32f4xx_hal_cortex.o(i.HAL_NVIC_SetPriorityGrouping)
    HAL_RCC_ClockConfig                      0x08001709   Thumb Code   510  stm32f4xx_hal_rcc.o(i.HAL_RCC_ClockConfig)
    HAL_RCC_GetHCLKFreq                      0x08001951   Thumb Code     6  stm32f4xx_hal_rcc.o(i.HAL_RCC_GetHCLKFreq)
    HAL_RCC_GetPCLK1Freq                     0x0800195d   Thumb Code    20  stm32f4xx_hal_rcc.o(i.HAL_RCC_GetPCLK1Freq)
    HAL_RCC_GetPCLK2Freq                     0x0800197d   Thumb Code    20  stm32f4xx_hal_rcc.o(i.HAL_RCC_GetPCLK2Freq)
    HAL_RCC_GetSysClockFreq                  0x0800199d   Thumb Code    88  stm32f4xx_hal_rcc.o(i.HAL_RCC_GetSysClockFreq)
    HAL_RCC_OscConfig                        0x080019fd   Thumb Code  1118  stm32f4xx_hal_rcc.o(i.HAL_RCC_OscConfig)
    HAL_SYSTICK_CLKSourceConfig              0x08001e5d   Thumb Code    40  stm32f4xx_hal_cortex.o(i.HAL_SYSTICK_CLKSourceConfig)
    HAL_SYSTICK_Callback                     0x08001ec1   Thumb Code     2  stm32f4xx_hal_cortex.o(i.HAL_SYSTICK_Callback)
    HAL_SYSTICK_Config                       0x08001ec3   Thumb Code    40  stm32f4xx_hal_cortex.o(i.HAL_SYSTICK_Config)
    HAL_SYSTICK_IRQHandler                   0x08001eeb   Thumb Code     8  stm32f4xx_hal_cortex.o(i.HAL_SYSTICK_IRQHandler)
    HAL_TIMEx_ConfigBreakDeadTime            0x08001ef5   Thumb Code   266  stm32f4xx_hal_tim_ex.o(i.HAL_TIMEx_ConfigBreakDeadTime)
    HAL_TIMEx_MasterConfigSynchronization    0x08002045   Thumb Code   202  stm32f4xx_hal_tim_ex.o(i.HAL_TIMEx_MasterConfigSynchronization)
    HAL_TIM_Base_Start                       0x08002169   Thumb Code   126  stm32f4xx_hal_tim.o(i.HAL_TIM_Base_Start)
    HAL_TIM_MspPostInit                      0x08002255   Thumb Code    44  tim.o(i.HAL_TIM_MspPostInit)
    HAL_TIM_PWM_ConfigChannel                0x08002289   Thumb Code   536  stm32f4xx_hal_tim.o(i.HAL_TIM_PWM_ConfigChannel)
    HAL_TIM_PWM_Init                         0x08002505   Thumb Code   206  stm32f4xx_hal_tim.o(i.HAL_TIM_PWM_Init)
    HAL_TIM_PWM_MspInit                      0x08002641   Thumb Code    50  tim.o(i.HAL_TIM_PWM_MspInit)
    HAL_TIM_PWM_Start                        0x0800267d   Thumb Code   252  stm32f4xx_hal_tim.o(i.HAL_TIM_PWM_Start)
    HAL_UART_Init                            0x080027dd   Thumb Code   244  stm32f4xx_hal_uart.o(i.HAL_UART_Init)
    HAL_UART_MspInit                         0x08002925   Thumb Code    96  usart.o(i.HAL_UART_MspInit)
    HardFault_Handler                        0x08002999   Thumb Code     2  stm32f4xx_it.o(i.HardFault_Handler)
    MX_ADC1_Init                             0x0800299d   Thumb Code    84  adc.o(i.MX_ADC1_Init)
    MX_GPIO_Init                             0x08002a11   Thumb Code   440  gpio.o(i.MX_GPIO_Init)
    MX_TIM8_Init                             0x08002be5   Thumb Code   212  tim.o(i.MX_TIM8_Init)
    MX_USART1_UART_Init                      0x08002cd5   Thumb Code    52  usart.o(i.MX_USART1_UART_Init)
    MX_USART3_UART_Init                      0x08002d25   Thumb Code    52  usart.o(i.MX_USART3_UART_Init)
    MemManage_Handler                        0x08002d75   Thumb Code     2  stm32f4xx_it.o(i.MemManage_Handler)
    NMI_Handler                              0x08002d77   Thumb Code     2  stm32f4xx_it.o(i.NMI_Handler)
    PendSV_Handler                           0x08002d99   Thumb Code     2  stm32f4xx_it.o(i.PendSV_Handler)
    SVC_Handler                              0x08002d9b   Thumb Code     2  stm32f4xx_it.o(i.SVC_Handler)
    SysTick_Handler                          0x08002d9d   Thumb Code    14  stm32f4xx_it.o(i.SysTick_Handler)
    SystemClock_Config                       0x08002dad   Thumb Code   152  main.o(i.SystemClock_Config)
    SystemInit                               0x08002e4d   Thumb Code    66  system_stm32f4xx_1.o(i.SystemInit)
    TIM_Base_SetConfig                       0x08002ea1   Thumb Code   148  stm32f4xx_hal_tim.o(i.TIM_Base_SetConfig)
    TIM_CCxChannelCmd                        0x08002f61   Thumb Code   138  stm32f4xx_hal_tim.o(i.TIM_CCxChannelCmd)
    TIM_OC2_SetConfig                        0x080030a9   Thumb Code   118  stm32f4xx_hal_tim.o(i.TIM_OC2_SetConfig)
    UsageFault_Handler                       0x08003629   Thumb Code     2  stm32f4xx_it.o(i.UsageFault_Handler)
    _Error_Handler                           0x0800362b   Thumb Code     2  main.o(i._Error_Handler)
    __0printf                                0x0800362d   Thumb Code    22  printfa.o(i.__0printf)
    __1printf                                0x0800362d   Thumb Code     0  printfa.o(i.__0printf)
    __2printf                                0x0800362d   Thumb Code     0  printfa.o(i.__0printf)
    __c89printf                              0x0800362d   Thumb Code     0  printfa.o(i.__0printf)
    printf                                   0x0800362d   Thumb Code     0  printfa.o(i.__0printf)
    __ARM_fpclassify                         0x0800364d   Thumb Code    48  fpclassify.o(i.__ARM_fpclassify)
    __hardfp_cos                             0x08003681   Thumb Code   180  cos.o(i.__hardfp_cos)
    __hardfp_pow                             0x08003749   Thumb Code  3072  pow.o(i.__hardfp_pow)
    __hardfp_sin                             0x08004399   Thumb Code   180  sin.o(i.__hardfp_sin)
    __ieee754_rem_pio2                       0x08004461   Thumb Code   938  rred.o(i.__ieee754_rem_pio2)
    __kernel_cos                             0x08004899   Thumb Code   322  cos_i.o(i.__kernel_cos)
    __kernel_poly                            0x08004a09   Thumb Code   248  poly.o(i.__kernel_poly)
    __kernel_sin                             0x08004b01   Thumb Code   280  sin_i.o(i.__kernel_sin)
    __mathlib_dbl_divzero                    0x08004c31   Thumb Code    28  dunder.o(i.__mathlib_dbl_divzero)
    __mathlib_dbl_infnan                     0x08004c61   Thumb Code    20  dunder.o(i.__mathlib_dbl_infnan)
    __mathlib_dbl_infnan2                    0x08004c75   Thumb Code    20  dunder.o(i.__mathlib_dbl_infnan2)
    __mathlib_dbl_invalid                    0x08004c89   Thumb Code    24  dunder.o(i.__mathlib_dbl_invalid)
    __mathlib_dbl_overflow                   0x08004ca9   Thumb Code    24  dunder.o(i.__mathlib_dbl_overflow)
    __mathlib_dbl_underflow                  0x08004cc9   Thumb Code    24  dunder.o(i.__mathlib_dbl_underflow)
    __scatterload_copy                       0x08004ce9   Thumb Code    14  handlers.o(i.__scatterload_copy)
    __scatterload_null                       0x08004cf7   Thumb Code     2  handlers.o(i.__scatterload_null)
    __scatterload_zeroinit                   0x08004cf9   Thumb Code    14  handlers.o(i.__scatterload_zeroinit)
    __set_errno                              0x08004d09   Thumb Code     6  errno.o(i.__set_errno)
    assert_failed                            0x080055c7   Thumb Code     2  main.o(i.assert_failed)
    calculate_encoder_distance               0x080055c9   Thumb Code    66  encoder.o(i.calculate_encoder_distance)
    calculate_robot_distance                 0x08005615   Thumb Code   440  encoder.o(i.calculate_robot_distance)
    calculate_robot_velocity                 0x080057e1   Thumb Code   192  drive.o(i.calculate_robot_velocity)
    fabs                                     0x080058c5   Thumb Code    24  fabs.o(i.fabs)
    float_abs                                0x080058dd   Thumb Code    60  wheel.o(i.float_abs)
    fputc                                    0x08005921   Thumb Code    36  main.o(i.fputc)
    goto_distance                            0x08005949   Thumb Code   600  robot.o(i.goto_distance)
    init_encoder                             0x08005c15   Thumb Code    16  encoder.o(i.init_encoder)
    main                                     0x08005c29   Thumb Code   358  main.o(i.main)
    ramp                                     0x08005e05   Thumb Code   210  drive.o(i.ramp)
    set_Direction                            0x08005ef9   Thumb Code    56  wheel.o(i.set_Direction)
    set_DutyCycle                            0x08005f31   Thumb Code    12  wheel.o(i.set_DutyCycle)
    set_DutyCycle_Primary                    0x08005f3d   Thumb Code    40  wheel.o(i.set_DutyCycle_Primary)
    set_Gains_distance                       0x08005f65   Thumb Code    14  pid.o(i.set_Gains_distance)
    set_OutputLimit                          0x08005f79   Thumb Code    10  pid.o(i.set_OutputLimit)
    set_ocr                                  0x08005f85   Thumb Code   126  wheel.o(i.set_ocr)
    sqrt                                     0x0800601d   Thumb Code   110  sqrt.o(i.sqrt)
    time_period                              0x0800608d   Thumb Code    30  wheel.o(i.time_period)
    wheel_init                               0x080060c5   Thumb Code   126  robo_init.o(i.wheel_init)
    coupling_matrix                          0x08006160   Data          48  drive.o(.constdata)
    AHBPrescTable                            0x08006190   Data          16  system_stm32f4xx_1.o(.constdata)
    APBPrescTable                            0x080061a0   Data           8  system_stm32f4xx_1.o(.constdata)
    __mathlib_zero                           0x08006260   Data           8  qnan.o(.constdata)
    Region$$Table$$Base                      0x08006358   Number         0  anon$$obj.o(Region$$Table)
    Region$$Table$$Limit                     0x08006378   Number         0  anon$$obj.o(Region$$Table)
    go                                       0x20000000   Data        3680  main.o(.data)
    __stdout                                 0x20000e60   Data           4  main.o(.data)
    previous_robotx                          0x20000e68   Data           4  robot.o(.data)
    previous_roboty                          0x20000e6c   Data           4  robot.o(.data)
    previous_theta                           0x20000e70   Data           4  robot.o(.data)
    previous_dx                              0x20000e74   Data           4  robot.o(.data)
    previous_dy                              0x20000e78   Data           4  robot.o(.data)
    previous_dth                             0x20000e7c   Data           4  robot.o(.data)
    required_dx                              0x20000e80   Data           4  robot.o(.data)
    required_dy                              0x20000e84   Data           4  robot.o(.data)
    required_theta                           0x20000e88   Data           4  robot.o(.data)
    time                                     0x20000e8c   Data           4  robot.o(.data)
    previous_distance                        0x20000e90   Data           8  robot.o(.data)
    required_distance                        0x20000e98   Data           8  robot.o(.data)
    robotx                                   0x20000ea0   Data           4  encoder.o(.data)
    roboty                                   0x20000ea4   Data           4  encoder.o(.data)
    actual_robotx                            0x20000ea8   Data           4  encoder.o(.data)
    actual_roboty                            0x20000eac   Data           4  encoder.o(.data)
    theta                                    0x20000eb0   Data           4  encoder.o(.data)
    dt                                       0x20000ebc   Data           2  pid.o(.data)
    sample_time                              0x20000ec0   Data           4  pid.o(.data)
    update_tick                              0x20000ec4   Data           4  pid.o(.data)
    distance_pid                             0x20000ec8   Data          12  pid.o(.data)
    Previous_distance_pid                    0x20000ed4   Data          12  pid.o(.data)
    del_distance_pid                         0x20000ee0   Data          12  pid.o(.data)
    uwTickFreq                               0x20000eec   Data           1  stm32f4xx_hal.o(.data)
    uwTickPrio                               0x20000ef0   Data           4  stm32f4xx_hal.o(.data)
    uwTick                                   0x20000ef4   Data           4  stm32f4xx_hal.o(.data)
    SystemCoreClock                          0x20000ef8   Data           4  system_stm32f4xx_1.o(.data)
    hadc1                                    0x20000f00   Data          72  adc.o(.bss)
    htim8                                    0x20000f48   Data          60  tim.o(.bss)
    htim14                                   0x20000f84   Data          60  tim.o(.bss)
    huart1                                   0x20000fc0   Data          64  usart.o(.bss)
    huart3                                   0x20001000   Data          64  usart.o(.bss)
    Wheel_arr                                0x20001040   Data         192  robo_init.o(.bss)
    e                                        0x20001100   Data          32  encoder.o(.bss)
    velocity                                 0x20001120   Data          12  drive.o(.bss)
    omega                                    0x20001130   Data          16  pid.o(.bss)
    new_omega                                0x20001140   Data          32  pid.o(.bss)
    counts                                   0x20001160   Data          16  pid.o(.bss)
    counts_per_st                            0x20001170   Data          16  pid.o(.bss)
    req_omega                                0x20001180   Data          16  pid.o(.bss)
    pid_1                                    0x20001190   Data          48  pid.o(.bss)
    pid_2                                    0x200011c0   Data          48  pid.o(.bss)
    pid_3                                    0x200011f0   Data          48  pid.o(.bss)
    pid_4                                    0x20001220   Data          48  pid.o(.bss)
    pid_dis_1                                0x20001250   Data          48  pid.o(.bss)
    pid_dis_2                                0x20001280   Data          48  pid.o(.bss)
    pid_dis_3                                0x200012b0   Data          48  pid.o(.bss)
    __initial_sp                             0x200016e0   Data           0  startup_stm32f407xx.o(STACK)



==============================================================================

Memory Map of the image

  Image Entry point : 0x08000189

  Load Region LR_IROM1 (Base: 0x08000000, Size: 0x00007278, Max: 0x00100000, ABSOLUTE, COMPRESSED[0x00006b60])

    Execution Region ER_IROM1 (Exec base: 0x08000000, Load base: 0x08000000, Size: 0x00006378, Max: 0x00100000, ABSOLUTE)

    Exec Addr    Load Addr    Size         Type   Attr      Idx    E Section Name        Object

    0x08000000   0x08000000   0x00000188   Data   RO            3    RESET               startup_stm32f407xx.o
    0x08000188   0x08000188   0x00000000   Code   RO         3505  * .ARM.Collect$$$$00000000  mc_w.l(entry.o)
    0x08000188   0x08000188   0x00000004   Code   RO         3844    .ARM.Collect$$$$00000001  mc_w.l(entry2.o)
    0x0800018c   0x0800018c   0x00000004   Code   RO         3847    .ARM.Collect$$$$00000004  mc_w.l(entry5.o)
    0x08000190   0x08000190   0x00000000   Code   RO         3849    .ARM.Collect$$$$00000008  mc_w.l(entry7b.o)
    0x08000190   0x08000190   0x00000000   Code   RO         3851    .ARM.Collect$$$$0000000A  mc_w.l(entry8b.o)
    0x08000190   0x08000190   0x00000008   Code   RO         3852    .ARM.Collect$$$$0000000B  mc_w.l(entry9a.o)
    0x08000198   0x08000198   0x00000000   Code   RO         3854    .ARM.Collect$$$$0000000D  mc_w.l(entry10a.o)
    0x08000198   0x08000198   0x00000000   Code   RO         3856    .ARM.Collect$$$$0000000F  mc_w.l(entry11a.o)
    0x08000198   0x08000198   0x00000004   Code   RO         3845    .ARM.Collect$$$$00002712  mc_w.l(entry2.o)
    0x0800019c   0x0800019c   0x00000024   Code   RO            4    .text               startup_stm32f407xx.o
    0x080001c0   0x080001c0   0x00000062   Code   RO         3508    .text               mc_w.l(uldiv.o)
    0x08000222   0x08000222   0x0000014e   Code   RO         3771    .text               mf_w.l(dadd.o)
    0x08000370   0x08000370   0x000000e4   Code   RO         3773    .text               mf_w.l(dmul.o)
    0x08000454   0x08000454   0x000000de   Code   RO         3775    .text               mf_w.l(ddiv.o)
    0x08000532   0x08000532   0x00000022   Code   RO         3779    .text               mf_w.l(dflti.o)
    0x08000554   0x08000554   0x0000001a   Code   RO         3781    .text               mf_w.l(dfltui.o)
    0x0800056e   0x0800056e   0x00000032   Code   RO         3783    .text               mf_w.l(dfixui.o)
    0x080005a0   0x080005a0   0x00000026   Code   RO         3785    .text               mf_w.l(f2d.o)
    0x080005c6   0x080005c6   0x00000002   PAD
    0x080005c8   0x080005c8   0x00000030   Code   RO         3787    .text               mf_w.l(cdcmple.o)
    0x080005f8   0x080005f8   0x00000030   Code   RO         3789    .text               mf_w.l(cdrcmple.o)
    0x08000628   0x08000628   0x00000038   Code   RO         3791    .text               mf_w.l(d2f.o)
    0x08000660   0x08000660   0x0000002c   Code   RO         3858    .text               mc_w.l(uidiv.o)
    0x0800068c   0x0800068c   0x0000001e   Code   RO         3860    .text               mc_w.l(llshl.o)
    0x080006aa   0x080006aa   0x00000020   Code   RO         3862    .text               mc_w.l(llushr.o)
    0x080006ca   0x080006ca   0x00000024   Code   RO         3864    .text               mc_w.l(llsshr.o)
    0x080006ee   0x080006ee   0x00000000   Code   RO         3873    .text               mc_w.l(iusefp.o)
    0x080006ee   0x080006ee   0x0000006e   Code   RO         3874    .text               mf_w.l(fepilogue.o)
    0x0800075c   0x0800075c   0x000000ba   Code   RO         3876    .text               mf_w.l(depilogue.o)
    0x08000816   0x08000816   0x0000002e   Code   RO         3878    .text               mf_w.l(dscalb.o)
    0x08000844   0x08000844   0x00000030   Code   RO         3880    .text               mf_w.l(dfixul.o)
    0x08000874   0x08000874   0x00000024   Code   RO         3882    .text               mc_w.l(init.o)
    0x08000898   0x08000898   0x000000a2   Code   RO         3884    .text               mf_w.l(dsqrt.o)
    0x0800093a   0x0800093a   0x0000003e   Code   RO         3886    .text               mf_w.l(dfixi.o)
    0x08000978   0x08000978   0x0000005e   Code   RO         3896    .text               mc_w.l(__dclz77c.o)
    0x080009d6   0x080009d6   0x00000002   PAD
    0x080009d8   0x080009d8   0x00000174   Code   RO          904    i.ADC_Init          stm32f4xx_hal_adc.o
    0x08000b4c   0x08000b4c   0x00000002   Code   RO          472    i.BusFault_Handler  stm32f4xx_it.o
    0x08000b4e   0x08000b4e   0x00000002   Code   RO          473    i.DebugMon_Handler  stm32f4xx_it.o
    0x08000b50   0x08000b50   0x00000016   Code   RO          474    i.EXTI15_10_IRQHandler  stm32f4xx_it.o
    0x08000b66   0x08000b66   0x00000006   Code   RO          475    i.EXTI1_IRQHandler  stm32f4xx_it.o
    0x08000b6c   0x08000b6c   0x00000006   Code   RO          476    i.EXTI9_5_IRQHandler  stm32f4xx_it.o
    0x08000b72   0x08000b72   0x00000002   PAD
    0x08000b74   0x08000b74   0x000001d4   Code   RO          906    i.HAL_ADC_ConfigChannel  stm32f4xx_hal_adc.o
    0x08000d48   0x08000d48   0x0000021c   Code   RO          915    i.HAL_ADC_Init      stm32f4xx_hal_adc.o
    0x08000f64   0x08000f64   0x00000044   Code   RO          214    i.HAL_ADC_MspInit   adc.o
    0x08000fa8   0x08000fa8   0x00000024   Code   RO         3268    i.HAL_Delay         stm32f4xx_hal.o
    0x08000fcc   0x08000fcc   0x000000c0   Code   RO          740    i.HAL_GPIO_EXTI_Callback  encoder.o
    0x0800108c   0x0800108c   0x00000018   Code   RO         2741    i.HAL_GPIO_EXTI_IRQHandler  stm32f4xx_hal_gpio.o
    0x080010a4   0x080010a4   0x0000030c   Code   RO         2742    i.HAL_GPIO_Init     stm32f4xx_hal_gpio.o
    0x080013b0   0x080013b0   0x00000058   Code   RO         2744    i.HAL_GPIO_ReadPin  stm32f4xx_hal_gpio.o
    0x08001408   0x08001408   0x0000006c   Code   RO         2746    i.HAL_GPIO_WritePin  stm32f4xx_hal_gpio.o
    0x08001474   0x08001474   0x0000000c   Code   RO         3274    i.HAL_GetTick       stm32f4xx_hal.o
    0x08001480   0x08001480   0x00000010   Code   RO         3278    i.HAL_IncTick       stm32f4xx_hal.o
    0x08001490   0x08001490   0x00000034   Code   RO         3279    i.HAL_Init          stm32f4xx_hal.o
    0x080014c4   0x080014c4   0x00000040   Code   RO         3280    i.HAL_InitTick      stm32f4xx_hal.o
    0x08001504   0x08001504   0x00000084   Code   RO          565    i.HAL_MspInit       stm32f4xx_hal_msp.o
    0x08001588   0x08001588   0x00000060   Code   RO         3131    i.HAL_NVIC_EnableIRQ  stm32f4xx_hal_cortex.o
    0x080015e8   0x080015e8   0x000000a0   Code   RO         3137    i.HAL_NVIC_SetPriority  stm32f4xx_hal_cortex.o
    0x08001688   0x08001688   0x00000080   Code   RO         3138    i.HAL_NVIC_SetPriorityGrouping  stm32f4xx_hal_cortex.o
    0x08001708   0x08001708   0x00000248   Code   RO         2373    i.HAL_RCC_ClockConfig  stm32f4xx_hal_rcc.o
    0x08001950   0x08001950   0x0000000c   Code   RO         2378    i.HAL_RCC_GetHCLKFreq  stm32f4xx_hal_rcc.o
    0x0800195c   0x0800195c   0x00000020   Code   RO         2380    i.HAL_RCC_GetPCLK1Freq  stm32f4xx_hal_rcc.o
    0x0800197c   0x0800197c   0x00000020   Code   RO         2381    i.HAL_RCC_GetPCLK2Freq  stm32f4xx_hal_rcc.o
    0x0800199c   0x0800199c   0x00000060   Code   RO         2382    i.HAL_RCC_GetSysClockFreq  stm32f4xx_hal_rcc.o
    0x080019fc   0x080019fc   0x0000045e   Code   RO         2385    i.HAL_RCC_OscConfig  stm32f4xx_hal_rcc.o
    0x08001e5a   0x08001e5a   0x00000002   PAD
    0x08001e5c   0x08001e5c   0x00000064   Code   RO         3140    i.HAL_SYSTICK_CLKSourceConfig  stm32f4xx_hal_cortex.o
    0x08001ec0   0x08001ec0   0x00000002   Code   RO         3141    i.HAL_SYSTICK_Callback  stm32f4xx_hal_cortex.o
    0x08001ec2   0x08001ec2   0x00000028   Code   RO         3142    i.HAL_SYSTICK_Config  stm32f4xx_hal_cortex.o
    0x08001eea   0x08001eea   0x00000008   Code   RO         3143    i.HAL_SYSTICK_IRQHandler  stm32f4xx_hal_cortex.o
    0x08001ef2   0x08001ef2   0x00000002   PAD
    0x08001ef4   0x08001ef4   0x00000150   Code   RO         1809    i.HAL_TIMEx_ConfigBreakDeadTime  stm32f4xx_hal_tim_ex.o
    0x08002044   0x08002044   0x00000124   Code   RO         1824    i.HAL_TIMEx_MasterConfigSynchronization  stm32f4xx_hal_tim_ex.o
    0x08002168   0x08002168   0x000000ec   Code   RO         1181    i.HAL_TIM_Base_Start  stm32f4xx_hal_tim.o
    0x08002254   0x08002254   0x00000034   Code   RO          356    i.HAL_TIM_MspPostInit  tim.o
    0x08002288   0x08002288   0x0000027c   Code   RO         1244    i.HAL_TIM_PWM_ConfigChannel  stm32f4xx_hal_tim.o
    0x08002504   0x08002504   0x0000013c   Code   RO         1247    i.HAL_TIM_PWM_Init  stm32f4xx_hal_tim.o
    0x08002640   0x08002640   0x0000003c   Code   RO          358    i.HAL_TIM_PWM_MspInit  tim.o
    0x0800267c   0x0800267c   0x00000160   Code   RO         1251    i.HAL_TIM_PWM_Start  stm32f4xx_hal_tim.o
    0x080027dc   0x080027dc   0x00000148   Code   RO         2071    i.HAL_UART_Init     stm32f4xx_hal_uart.o
    0x08002924   0x08002924   0x00000074   Code   RO          425    i.HAL_UART_MspInit  usart.o
    0x08002998   0x08002998   0x00000002   Code   RO          477    i.HardFault_Handler  stm32f4xx_it.o
    0x0800299a   0x0800299a   0x00000002   PAD
    0x0800299c   0x0800299c   0x00000074   Code   RO          215    i.MX_ADC1_Init      adc.o
    0x08002a10   0x08002a10   0x000001d4   Code   RO          589    i.MX_GPIO_Init      gpio.o
    0x08002be4   0x08002be4   0x000000f0   Code   RO          360    i.MX_TIM8_Init      tim.o
    0x08002cd4   0x08002cd4   0x00000050   Code   RO          426    i.MX_USART1_UART_Init  usart.o
    0x08002d24   0x08002d24   0x00000050   Code   RO          427    i.MX_USART3_UART_Init  usart.o
    0x08002d74   0x08002d74   0x00000002   Code   RO          478    i.MemManage_Handler  stm32f4xx_it.o
    0x08002d76   0x08002d76   0x00000002   Code   RO          479    i.NMI_Handler       stm32f4xx_it.o
    0x08002d78   0x08002d78   0x00000020   Code   RO         3144    i.NVIC_SetPriority  stm32f4xx_hal_cortex.o
    0x08002d98   0x08002d98   0x00000002   Code   RO          480    i.PendSV_Handler    stm32f4xx_it.o
    0x08002d9a   0x08002d9a   0x00000002   Code   RO          481    i.SVC_Handler       stm32f4xx_it.o
    0x08002d9c   0x08002d9c   0x0000000e   Code   RO          482    i.SysTick_Handler   stm32f4xx_it.o
    0x08002daa   0x08002daa   0x00000002   PAD
    0x08002dac   0x08002dac   0x000000a0   Code   RO           13    i.SystemClock_Config  main.o
    0x08002e4c   0x08002e4c   0x00000054   Code   RO         3433    i.SystemInit        system_stm32f4xx_1.o
    0x08002ea0   0x08002ea0   0x000000c0   Code   RO         1262    i.TIM_Base_SetConfig  stm32f4xx_hal_tim.o
    0x08002f60   0x08002f60   0x000000f0   Code   RO         1263    i.TIM_CCxChannelCmd  stm32f4xx_hal_tim.o
    0x08003050   0x08003050   0x00000058   Code   RO         1271    i.TIM_OC1_SetConfig  stm32f4xx_hal_tim.o
    0x080030a8   0x080030a8   0x000000b8   Code   RO         1272    i.TIM_OC2_SetConfig  stm32f4xx_hal_tim.o
    0x08003160   0x08003160   0x000000e0   Code   RO         1273    i.TIM_OC3_SetConfig  stm32f4xx_hal_tim.o
    0x08003240   0x08003240   0x000000a4   Code   RO         1274    i.TIM_OC4_SetConfig  stm32f4xx_hal_tim.o
    0x080032e4   0x080032e4   0x00000344   Code   RO         2097    i.UART_SetConfig    stm32f4xx_hal_uart.o
    0x08003628   0x08003628   0x00000002   Code   RO          483    i.UsageFault_Handler  stm32f4xx_it.o
    0x0800362a   0x0800362a   0x00000002   Code   RO           14    i._Error_Handler    main.o
    0x0800362c   0x0800362c   0x00000020   Code   RO         3743    i.__0printf         mc_w.l(printfa.o)
    0x0800364c   0x0800364c   0x00000030   Code   RO         3816    i.__ARM_fpclassify  m_wm.l(fpclassify.o)
    0x0800367c   0x0800367c   0x00000004   PAD
    0x08003680   0x08003680   0x000000c8   Code   RO         3467    i.__hardfp_cos      m_wm.l(cos.o)
    0x08003748   0x08003748   0x00000c50   Code   RO         3479    i.__hardfp_pow      m_wm.l(pow.o)
    0x08004398   0x08004398   0x000000c8   Code   RO         3493    i.__hardfp_sin      m_wm.l(sin.o)
    0x08004460   0x08004460   0x00000438   Code   RO         3821    i.__ieee754_rem_pio2  m_wm.l(rred.o)
    0x08004898   0x08004898   0x00000170   Code   RO         3793    i.__kernel_cos      m_wm.l(cos_i.o)
    0x08004a08   0x08004a08   0x000000f8   Code   RO         3818    i.__kernel_poly     m_wm.l(poly.o)
    0x08004b00   0x08004b00   0x00000130   Code   RO         3826    i.__kernel_sin      m_wm.l(sin_i.o)
    0x08004c30   0x08004c30   0x00000030   Code   RO         3796    i.__mathlib_dbl_divzero  m_wm.l(dunder.o)
    0x08004c60   0x08004c60   0x00000014   Code   RO         3797    i.__mathlib_dbl_infnan  m_wm.l(dunder.o)
    0x08004c74   0x08004c74   0x00000014   Code   RO         3798    i.__mathlib_dbl_infnan2  m_wm.l(dunder.o)
    0x08004c88   0x08004c88   0x00000020   Code   RO         3799    i.__mathlib_dbl_invalid  m_wm.l(dunder.o)
    0x08004ca8   0x08004ca8   0x00000020   Code   RO         3800    i.__mathlib_dbl_overflow  m_wm.l(dunder.o)
    0x08004cc8   0x08004cc8   0x00000020   Code   RO         3802    i.__mathlib_dbl_underflow  m_wm.l(dunder.o)
    0x08004ce8   0x08004ce8   0x0000000e   Code   RO         3890    i.__scatterload_copy  mc_w.l(handlers.o)
    0x08004cf6   0x08004cf6   0x00000002   Code   RO         3891    i.__scatterload_null  mc_w.l(handlers.o)
    0x08004cf8   0x08004cf8   0x0000000e   Code   RO         3892    i.__scatterload_zeroinit  mc_w.l(handlers.o)
    0x08004d06   0x08004d06   0x00000002   PAD
    0x08004d08   0x08004d08   0x0000000c   Code   RO         3868    i.__set_errno       mc_w.l(errno.o)
    0x08004d14   0x08004d14   0x00000184   Code   RO         3750    i._fp_digits        mc_w.l(printfa.o)
    0x08004e98   0x08004e98   0x000006dc   Code   RO         3751    i._printf_core      mc_w.l(printfa.o)
    0x08005574   0x08005574   0x00000024   Code   RO         3752    i._printf_post_padding  mc_w.l(printfa.o)
    0x08005598   0x08005598   0x0000002e   Code   RO         3753    i._printf_pre_padding  mc_w.l(printfa.o)
    0x080055c6   0x080055c6   0x00000002   Code   RO           15    i.assert_failed     main.o
    0x080055c8   0x080055c8   0x0000004c   Code   RO          741    i.calculate_encoder_distance  encoder.o
    0x08005614   0x08005614   0x000001cc   Code   RO          742    i.calculate_robot_distance  encoder.o
    0x080057e0   0x080057e0   0x000000e4   Code   RO          794    i.calculate_robot_velocity  drive.o
    0x080058c4   0x080058c4   0x00000018   Code   RO         3812    i.fabs              m_wm.l(fabs.o)
    0x080058dc   0x080058dc   0x00000044   Code   RO          683    i.float_abs         wheel.o
    0x08005920   0x08005920   0x00000028   Code   RO           16    i.fputc             main.o
    0x08005948   0x08005948   0x000002cc   Code   RO          644    i.goto_distance     robot.o
    0x08005c14   0x08005c14   0x00000014   Code   RO          743    i.init_encoder      encoder.o
    0x08005c28   0x08005c28   0x000001dc   Code   RO           17    i.main              main.o
    0x08005e04   0x08005e04   0x000000f4   Code   RO          795    i.ramp              drive.o
    0x08005ef8   0x08005ef8   0x00000038   Code   RO          684    i.set_Direction     wheel.o
    0x08005f30   0x08005f30   0x0000000c   Code   RO          685    i.set_DutyCycle     wheel.o
    0x08005f3c   0x08005f3c   0x00000028   Code   RO          686    i.set_DutyCycle_Primary  wheel.o
    0x08005f64   0x08005f64   0x00000014   Code   RO          835    i.set_Gains_distance  pid.o
    0x08005f78   0x08005f78   0x0000000a   Code   RO          836    i.set_OutputLimit   pid.o
    0x08005f82   0x08005f82   0x00000002   PAD
    0x08005f84   0x08005f84   0x00000098   Code   RO          688    i.set_ocr           wheel.o
    0x0800601c   0x0800601c   0x0000006e   Code   RO         3834    i.sqrt              m_wm.l(sqrt.o)
    0x0800608a   0x0800608a   0x00000002   PAD
    0x0800608c   0x0800608c   0x00000038   Code   RO          689    i.time_period       wheel.o
    0x080060c4   0x080060c4   0x0000009c   Code   RO          613    i.wheel_init        robo_init.o
    0x08006160   0x08006160   0x00000030   Data   RO          797    .constdata          drive.o
    0x08006190   0x08006190   0x00000010   Data   RO         3434    .constdata          system_stm32f4xx_1.o
    0x080061a0   0x080061a0   0x00000008   Data   RO         3435    .constdata          system_stm32f4xx_1.o
    0x080061a8   0x080061a8   0x00000088   Data   RO         3482    .constdata          m_wm.l(pow.o)
    0x08006230   0x08006230   0x00000030   Data   RO         3794    .constdata          m_wm.l(cos_i.o)
    0x08006260   0x08006260   0x00000008   Data   RO         3820    .constdata          m_wm.l(qnan.o)
    0x08006268   0x08006268   0x000000c8   Data   RO         3823    .constdata          m_wm.l(rred.o)
    0x08006330   0x08006330   0x00000028   Data   RO         3827    .constdata          m_wm.l(sin_i.o)
    0x08006358   0x08006358   0x00000020   Data   RO         3888    Region$$Table       anon$$obj.o


    Execution Region RW_IRAM1 (Exec base: 0x20000000, Load base: 0x08006378, Size: 0x000016e0, Max: 0x00020000, ABSOLUTE, COMPRESSED[0x000007e8])

    Exec Addr    Load Addr    Size         Type   Attr      Idx    E Section Name        Object

    0x20000000   COMPRESSED   0x00000e60   Data   RW           18    .data               main.o
    0x20000e60   COMPRESSED   0x00000004   Data   RW           19    .data               main.o
    0x20000e64   COMPRESSED   0x00000004   PAD
    0x20000e68   COMPRESSED   0x00000038   Data   RW          646    .data               robot.o
    0x20000ea0   COMPRESSED   0x0000001c   Data   RW          747    .data               encoder.o
    0x20000ebc   COMPRESSED   0x00000030   Data   RW          838    .data               pid.o
    0x20000eec   COMPRESSED   0x0000000c   Data   RW         3286    .data               stm32f4xx_hal.o
    0x20000ef8   COMPRESSED   0x00000004   Data   RW         3436    .data               system_stm32f4xx_1.o
    0x20000efc   COMPRESSED   0x00000004   Data   RW         3869    .data               mc_w.l(errno.o)
    0x20000f00        -       0x00000048   Zero   RW          216    .bss                adc.o
    0x20000f48        -       0x00000078   Zero   RW          361    .bss                tim.o
    0x20000fc0        -       0x00000080   Zero   RW          428    .bss                usart.o
    0x20001040        -       0x000000c0   Zero   RW          614    .bss                robo_init.o
    0x20001100        -       0x00000020   Zero   RW          745    .bss                encoder.o
    0x20001120        -       0x0000000c   Zero   RW          796    .bss                drive.o
    0x2000112c   COMPRESSED   0x00000004   PAD
    0x20001130        -       0x000001b0   Zero   RW          837    .bss                pid.o
    0x200012e0        -       0x00000400   Zero   RW            1    STACK               startup_stm32f407xx.o


==============================================================================

Image component sizes


      Code (inc. data)   RO Data    RW Data    ZI Data      Debug   Object Name

       184         46          0          0         72     690313   adc.o
       472         70         48          0         12       2194   drive.o
       748         54          0         28         32       3550   encoder.o
       468         28          0          0          0       1283   gpio.o
       680        130          0       3684          0     697593   main.o
        30          6          0         48        432       2895   pid.o
       156         30          0          0        192       1133   robo_init.o
       716        116          0         56          0       1706   robot.o
        36          8        392          0       1024        856   startup_stm32f407xx.o
       180         28          0         12          0       4905   stm32f4xx_hal.o
      1380        214          0          0          0       3251   stm32f4xx_hal_adc.o
       566        256          0          0          0      32741   stm32f4xx_hal_cortex.o
      1000        262          0          0          0       4174   stm32f4xx_hal_gpio.o
       132          6          0          0          0       1022   stm32f4xx_hal_msp.o
      1874        194          0          0          0       6144   stm32f4xx_hal_rcc.o
      2632        770          0          0          0       9717   stm32f4xx_hal_tim.o
       628        160          0          0          0       2288   stm32f4xx_hal_tim_ex.o
      1164        158          0          0          0       2304   stm32f4xx_hal_uart.o
        64          0          0          0          0       6221   stm32f4xx_it.o
        84         18         24          4          0       1323   system_stm32f4xx_1.o
       352         46          0          0        120       2558   tim.o
       276         76          0          0        128       2555   usart.o
       384         60          0          0          0       4214   wheel.o

    ----------------------------------------------------------------------
     14218       2736        496       3836       2016    1484940   Object Totals
         0          0         32          0          0          0   (incl. Generated)
        12          0          0          4          4          0   (incl. Padding)

    ----------------------------------------------------------------------

      Code (inc. data)   RO Data    RW Data    ZI Data      Debug   Library Member Name

       200         20          0          0          0        164   cos.o
       368         46         48          0          0        200   cos_i.o
       184         44          0          0          0        744   dunder.o
        24          0          0          0          0        124   fabs.o
        48          0          0          0          0        124   fpclassify.o
       248          0          0          0          0        152   poly.o
      3152        296        136          0          0        352   pow.o
         0          0          8          0          0          0   qnan.o
      1080        142        200          0          0        188   rred.o
       200         20          0          0          0        164   sin.o
       304         24         40          0          0        208   sin_i.o
       110          0          0          0          0        148   sqrt.o
        94          0          0          0          0          0   __dclz77c.o
         0          0          0          0          0          0   entry.o
         0          0          0          0          0          0   entry10a.o
         0          0          0          0          0          0   entry11a.o
         8          4          0          0          0          0   entry2.o
         4          0          0          0          0          0   entry5.o
         0          0          0          0          0          0   entry7b.o
         0          0          0          0          0          0   entry8b.o
         8          4          0          0          0          0   entry9a.o
        12          6          0          4          0         68   errno.o
        30          0          0          0          0          0   handlers.o
        36          8          0          0          0         68   init.o
         0          0          0          0          0          0   iusefp.o
        30          0          0          0          0         68   llshl.o
        36          0          0          0          0         68   llsshr.o
        32          0          0          0          0         68   llushr.o
      2258         90          0          0          0        452   printfa.o
        44          0          0          0          0         80   uidiv.o
        98          0          0          0          0         92   uldiv.o
        48          0          0          0          0         68   cdcmple.o
        48          0          0          0          0         68   cdrcmple.o
        56          0          0          0          0         88   d2f.o
       334          0          0          0          0        148   dadd.o
       222          0          0          0          0        100   ddiv.o
       186          0          0          0          0        176   depilogue.o
        62          0          0          0          0         80   dfixi.o
        50          0          0          0          0         76   dfixui.o
        48          0          0          0          0         68   dfixul.o
        34          0          0          0          0         76   dflti.o
        26          0          0          0          0         76   dfltui.o
       228          0          0          0          0         96   dmul.o
        46          0          0          0          0         80   dscalb.o
       162          0          0          0          0        100   dsqrt.o
        38          0          0          0          0         68   f2d.o
       110          0          0          0          0        168   fepilogue.o

    ----------------------------------------------------------------------
     10318        704        432          4          0       5068   Library Totals
        12          0          0          0          0          0   (incl. Padding)

    ----------------------------------------------------------------------

      Code (inc. data)   RO Data    RW Data    ZI Data      Debug   Library Name

      5918        592        432          0          0       2568   m_wm.l
      2690        112          0          4          0        964   mc_w.l
      1698          0          0          0          0       1536   mf_w.l

    ----------------------------------------------------------------------
     10318        704        432          4          0       5068   Library Totals

    ----------------------------------------------------------------------

==============================================================================


      Code (inc. data)   RO Data    RW Data    ZI Data      Debug   

     24536       3440        928       3840       2016    1479992   Grand Totals
     24536       3440        928       2024       2016    1479992   ELF Image Totals (compressed)
     24536       3440        928       2024          0          0   ROM Totals

==============================================================================

    Total RO  Size (Code + RO Data)                25464 (  24.87kB)
    Total RW  Size (RW Data + ZI Data)              5856 (   5.72kB)
    Total ROM Size (Code + RO Data + RW Data)      27488 (  26.84kB)

==============================================================================

